Return-Path: <linux-kernel-owner@vger.kernel.org>
X-Original-To: lists+linux-kernel@lfdr.de
Delivered-To: lists+linux-kernel@lfdr.de
Received: from vger.kernel.org (vger.kernel.org [209.132.180.67])
	by mail.lfdr.de (Postfix) with ESMTP id ADC9117160F
	for <lists+linux-kernel@lfdr.de>; Thu, 27 Feb 2020 12:32:46 +0100 (CET)
Received: (majordomo@vger.kernel.org) by vger.kernel.org via listexpand
        id S1728989AbgB0LcO (ORCPT <rfc822;lists+linux-kernel@lfdr.de>);
        Thu, 27 Feb 2020 06:32:14 -0500
Received: from mail-wr1-f66.google.com ([209.85.221.66]:39524 "EHLO
        mail-wr1-f66.google.com" rhost-flags-OK-OK-OK-OK) by vger.kernel.org
        with ESMTP id S1728856AbgB0LcO (ORCPT
        <rfc822;linux-kernel@vger.kernel.org>);
        Thu, 27 Feb 2020 06:32:14 -0500
Received: by mail-wr1-f66.google.com with SMTP id y17so2870190wrn.6
        for <linux-kernel@vger.kernel.org>; Thu, 27 Feb 2020 03:32:03 -0800 (PST)
X-Google-DKIM-Signature: v=1; a=rsa-sha256; c=relaxed/relaxed;
        d=1e100.net; s=20161025;
        h=x-gm-message-state:date:from:to:cc:subject:message-id:references
         :mime-version:content-disposition:content-transfer-encoding
         :in-reply-to;
        bh=C4esCCEXzA9O/ZWJZ5LBenzR34LsnG7TIkAp2w+tRTM=;
        b=sK4C8W8nGWw8WmwKArw/oh8d5lDI4YVuIPEQcaRbJCSzVOkYztuuivz4F1O0XHYrty
         P/nk8m8GH8Uf5c4PkKWQ5iBpzLIq2JKad1ECnfJx8/CSl2FWmoVxXqxJezgfgRHD+RyW
         vMoVDGK5pljbZHaAZApapCcvWNbzgXpJ6/Hy49xfE0RCE8BSZ4/Ec9fKNK79TheW2RVD
         z5xJY3fPwwWxPaQ/UQBCdV5MnP38+d7fAFvO5y/2eonyTbMbaviPja7whbl/kCBQv6I2
         YDJi9Fauw74jjICLjp2YdapVgMaoCIb0ss/ARQeWxpVs97lGpQODNDSyZl1imkK3Q97z
         Fvbw==
X-Gm-Message-State: APjAAAVQfZdrPdT3u9pUGg3pK0wuDvQ1HbkFe8w4x/iPCP5WrlVUC+jE
        7ZdJQ65Odz9NYYd4gAHfJYk=
X-Google-Smtp-Source: APXvYqxYQsN1KKyRDZ2jPgkUFn3+5Dd9zj5m3oXsYgzv4NiBvZWTQ2RmCkjWlA7nmJAyFubcaEd91g==
X-Received: by 2002:a5d:4584:: with SMTP id p4mr4705494wrq.25.1582803120512;
        Thu, 27 Feb 2020 03:32:00 -0800 (PST)
Received: from localhost (prg-ext-pat.suse.com. [213.151.95.130])
        by smtp.gmail.com with ESMTPSA id y12sm1541133wrq.0.2020.02.27.03.31.58
        (version=TLS1_3 cipher=TLS_AES_256_GCM_SHA384 bits=256/256);
        Thu, 27 Feb 2020 03:31:58 -0800 (PST)
Date:   Thu, 27 Feb 2020 12:31:57 +0100
From:   Michal Hocko <mhocko@kernel.org>
To:     Paul Menzel <pmenzel@molgen.mpg.de>
Cc:     Andrew Morton <akpm@linux-foundation.org>, linux-mm@kvack.org,
        LKML <linux-kernel@vger.kernel.org>, it+linux-mm@molgen.mpg.de
Subject: Re: kernel BUG at mm/vmscan.c:1740! in `isolate_lru_pages()`
Message-ID: <20200227113157.GC3771@dhcp22.suse.cz>
References: <ac86ad84-f3ad-8cf4-916d-21cb2839df82@molgen.mpg.de>
MIME-Version: 1.0
Content-Type: text/plain; charset=utf-8
Content-Disposition: inline
Content-Transfer-Encoding: 8bit
In-Reply-To: <ac86ad84-f3ad-8cf4-916d-21cb2839df82@molgen.mpg.de>
Sender: linux-kernel-owner@vger.kernel.org
Precedence: bulk
List-ID: <linux-kernel.vger.kernel.org>
X-Mailing-List: linux-kernel@vger.kernel.org

On Thu 27-02-20 11:49:33, Paul Menzel wrote:
> Dear Andrew folks, dear Linux folks,
> 
> 
> On a four socket Dell PowerEdge R815 with AMD Opterons 6276, Linux 5.4.14
> hit the kernel bug below. We were *not* able to reproduce it yet.

Can you reproduce this problem? If yes, do you see the same with vanilla
5.4 kernel or 5.5 resp. current Linus' git tree?

For the record the BUG() is triggered because __isolate_lru_page has
returned an unexpected error. The RAX says it is EINVAL which suggests
that the given page is not PageLRU() and that shouldn't really happen
because the function is isolating pages on the LRU list or it is
unevictable. Both suggest an unexpected/corrupted LRU list state.
820729629730 ("mm: fix trying to reclaim unevictable lru page when
calling madvise_pageout") was dealing with a problem similar to the
later one but from a completely different path and it already is 5.4.
I believe that seeing the full page state might help.

Something like

diff --git a/mm/vmscan.c b/mm/vmscan.c
index c05eb9efec07..8db9e8103094 100644
--- a/mm/vmscan.c
+++ b/mm/vmscan.c
@@ -1688,6 +1688,7 @@ static unsigned long isolate_lru_pages(unsigned long nr_to_scan,
 			continue;
 
 		default:
+			dump_page(page, NULL);
 			BUG();
 		}
 	}
 
> [10834.604899] ------------[ cut here ]------------
> [10834.604906] kernel BUG at mm/vmscan.c:1740!
> [10834.604917] invalid opcode: 0000 [#1] SMP NOPTI
> [10834.609485] CPU: 46 PID: 409 Comm: kswapd3 Kdump: loaded Not tainted 5.4.14.mx64.317 #1
> [10834.617505] Hardware name: Dell Inc. PowerEdge R815/0THJFH, BIOS 3.2.2 09/15/2014
> [10834.625014] RIP: 0010:isolate_lru_pages+0x367/0x370
> [10834.629904] Code: e9 53 4d 89 f8 41 54 48 8b 4c 24 18 8b 54 24 28 8b 74 24 40 e8 4a 3b c4 00 49 8b 06 48 83 c4 18 48 85 c0 75 d0 e9 c4 fe ff ff <0f> 0b e8 42 c0 ea ff 66 90 0f 1f 44 00 00 41 57 41 56 41 55 41 54
> [10834.648716] RSP: 0018:ffffc9000d407ae0 EFLAGS: 00010082
> [10834.653955] RAX: 00000000ffffffea RBX: ffffea00e0800008 RCX: ffff88bfdc595420
> [10834.661103] RDX: 0000000000000000 RSI: 0000000000000000 RDI: ffffea00e0800000
> [10834.668253] RBP: ffffc9000d407de8 R08: ffffc9000d407de8 R09: 0000000000000020
> [10834.675401] R10: 00000000f0000000 R11: 0000000000000000 R12: ffff88bfdc595420
> [10834.682549] R13: 0000000000000001 R14: 0000000000000010 R15: 0000000000000010
> [10834.689698] FS:  0000000000000000(0000) GS:ffff88bfdfb80000(0000) knlGS:0000000000000000
> [10834.697802] CS:  0010 DS: 0000 ES: 0000 CR0: 0000000080050033
> [10834.703559] CR2: 000000000060d348 CR3: 0000004fd3876000 CR4: 00000000000406e0
> [10834.710709] Call Trace:
> [10834.713170]  shrink_inactive_list+0x113/0x3d0
> [10834.717543]  shrink_node_memcg+0x3c8/0x800
> [10834.721655]  ? shrink_slab+0x295/0x2c0
> [10834.725417]  ? shrink_slab+0x295/0x2c0
> [10834.729179]  ? shrink_node+0xb6/0x420
> [10834.732866]  shrink_node+0xb6/0x420
> [10834.736367]  balance_pgdat+0x250/0x550
> [10834.740130]  kswapd+0x15d/0x3f0
> [10834.743286]  ? wait_woken+0x80/0x80
> [10834.746785]  ? balance_pgdat+0x550/0x550
> [10834.750724]  kthread+0x117/0x130
> [10834.753968]  ? kthread_create_worker_on_cpu+0x70/0x70
> [10834.759039]  ret_from_fork+0x22/0x40
> [10834.762627] Modules linked in: nfsv4 nfs rpcsec_gss_krb5 ext4 mbcache jbd2 8021q garp stp mrp llc input_leds led_class mgag200 drm_vram_helper ttm kvm_amd drm_kms_helper kvm drm fb_sys_fops syscopyarea sysfillrect sysimgblt ixgbe irqbypass 3w_9xxx crc32c_intel acpi_cpufreq nfsd auth_rpcgss oid_registry nfs_acl lockd grace sunrpc ip_tables x_tables unix ipv6 nf_defrag_ipv6 autofs4
> [10834.796386] ---[ end trace 28611096f6473c90 ]---
> 
> More traces follow in the log. Please find the full log attached.
> 
> Here is the code in question from `mm/vmscan.c`:
> 
> 1699         while (scan < nr_to_scan && !list_empty(src)) {
> 1700                 struct page *page;
> 1701 
> 1702                 page = lru_to_page(src);
> 1703                 prefetchw_prev_lru_page(page, src, flags);
> 1704 
> 1705                 VM_BUG_ON_PAGE(!PageLRU(page), page);
> 1706 
> 1707                 nr_pages = compound_nr(page);
> 1708                 total_scan += nr_pages;
> 1709 
> 1710                 if (page_zonenum(page) > sc->reclaim_idx) {
> 1711                         list_move(&page->lru, &pages_skipped);
> 1712                         nr_skipped[page_zonenum(page)] += nr_pages;
> 1713                         continue;
> 1714                 }
> 1715 
> 1716                 /*
> 1717                  * Do not count skipped pages because that makes the function
> 1718                  * return with no isolated pages if the LRU mostly contains
> 1719                  * ineligible pages.  This causes the VM to not reclaim any
> 1720                  * pages, triggering a premature OOM.
> 1721                  *
> 1722                  * Account all tail pages of THP.  This would not cause
> 1723                  * premature OOM since __isolate_lru_page() returns -EBUSY
> 1724                  * only when the page is being freed somewhere else.
> 1725                  */
> 1726                 scan += nr_pages;
> 1727                 switch (__isolate_lru_page(page, mode)) {
> 1728                 case 0:
> 1729                         nr_taken += nr_pages;
> 1730                         nr_zone_taken[page_zonenum(page)] += nr_pages;
> 1731                         list_move(&page->lru, dst);
> 1732                         break;
> 1733 
> 1734                 case -EBUSY:
> 1735                         /* else it is being freed elsewhere */
> 1736                         list_move(&page->lru, src);
> 1737                         continue;
> 1738 
> 1739                 default:
> 1740                         BUG();
> 1741                 }
> 1742         }
> 
> We havenâ€™t seen this before with Linux versions up to 4.19.57, but
> also only started to use this system as a cluster node now. Before
> it was used interactively.
> 
> Could this be a regression from 4.19.x to 5.4?
> 
> 
> Kind regards,
> 
> Paul

> [    0.000000] Linux version 5.4.14.mx64.317 (root@thebiglebowserver.molgen.mpg.de) (gcc version 7.5.0 (GCC)) #1 SMP Thu Jan 23 14:24:25 CET 2020
> [    0.000000] Command line: BOOT_IMAGE=/boot/bzImage.x86_64 root=LABEL=root ro crashkernel=256M console=ttyS1,115200n8 console=tty0 init=/bin/systemd audit=0 random.trust_cpu=on
> [    0.000000] random: get_random_u32 called from bsp_init_amd+0x1be/0x2e0 with crng_init=0
> [    0.000000] x86/fpu: Supporting XSAVE feature 0x001: 'x87 floating point registers'
> [    0.000000] x86/fpu: Supporting XSAVE feature 0x002: 'SSE registers'
> [    0.000000] x86/fpu: Supporting XSAVE feature 0x004: 'AVX registers'
> [    0.000000] x86/fpu: xstate_offset[2]:  576, xstate_sizes[2]:  256
> [    0.000000] x86/fpu: Enabled xstate features 0x7, context size is 832 bytes, using 'standard' format.
> [    0.000000] BIOS-provided physical RAM map:
> [    0.000000] BIOS-e820: [mem 0x0000000000000000-0x000000000009dfff] usable
> [    0.000000] BIOS-e820: [mem 0x0000000000100000-0x00000000df678fff] usable
> [    0.000000] BIOS-e820: [mem 0x00000000df679000-0x00000000df68efff] reserved
> [    0.000000] BIOS-e820: [mem 0x00000000df68f000-0x00000000df6cdfff] ACPI data
> [    0.000000] BIOS-e820: [mem 0x00000000df6ce000-0x00000000dfffffff] reserved
> [    0.000000] BIOS-e820: [mem 0x00000000f0000000-0x00000000f3ffffff] reserved
> [    0.000000] BIOS-e820: [mem 0x00000000fe000000-0x00000000fec8ffff] reserved
> [    0.000000] BIOS-e820: [mem 0x00000000fec94000-0x00000000feccffff] reserved
> [    0.000000] BIOS-e820: [mem 0x00000000fecd4000-0x00000000ffffffff] reserved
> [    0.000000] BIOS-e820: [mem 0x0000000100000000-0x000000801effffff] usable
> [    0.000000] NX (Execute Disable) protection: active
> [    0.000000] SMBIOS 2.6 present.
> [    0.000000] DMI: Dell Inc. PowerEdge R815/0THJFH, BIOS 3.2.2 09/15/2014
> [    0.000000] tsc: Fast TSC calibration using PIT
> [    0.000000] tsc: Detected 2300.046 MHz processor
> [    0.009143] e820: update [mem 0x00000000-0x00000fff] usable ==> reserved
> [    0.009145] e820: remove [mem 0x000a0000-0x000fffff] usable
> [    0.017164] AGP: No AGP bridge found
> [    0.017314] last_pfn = 0x801f000 max_arch_pfn = 0x400000000
> [    0.017321] MTRR default type: uncachable
> [    0.017322] MTRR fixed ranges enabled:
> [    0.017323]   00000-9FFFF write-back
> [    0.017324]   A0000-BFFFF uncachable
> [    0.017325]   C0000-CBFFF write-protect
> [    0.017326]   CC000-EBFFF uncachable
> [    0.017327]   EC000-FFFFF write-protect
> [    0.017328] MTRR variable ranges enabled:
> [    0.017330]   0 base 000000000000 mask FF8000000000 write-back
> [    0.017332]   1 base 008000000000 mask FFFFF0000000 write-back
> [    0.017333]   2 base 008010000000 mask FFFFF8000000 write-back
> [    0.017334]   3 base 008018000000 mask FFFFFC000000 write-back
> [    0.017335]   4 base 0000E0000000 mask FFFFE0000000 uncachable
> [    0.017336]   5 disabled
> [    0.017337]   6 disabled
> [    0.017337]   7 disabled
> [    0.017339] TOM2: 000000801f000000 aka 524784M
> [    0.019624] x86/PAT: Configuration [0-7]: WB  WC  UC- UC  WB  WP  UC- WT  
> [    0.019777] e820: update [mem 0xe0000000-0xffffffff] usable ==> reserved
> [    0.019781] last_pfn = 0xdf679 max_arch_pfn = 0x400000000
> [    0.026307] found SMP MP-table at [mem 0x000fe710-0x000fe71f]
> [    0.026322] Using GB pages for direct mapping
> [    0.026325] BRK [0x02c01000, 0x02c01fff] PGTABLE
> [    0.026328] BRK [0x02c02000, 0x02c02fff] PGTABLE
> [    0.026329] BRK [0x02c03000, 0x02c03fff] PGTABLE
> [    0.026366] BRK [0x02c04000, 0x02c04fff] PGTABLE
> [    0.026367] BRK [0x02c05000, 0x02c05fff] PGTABLE
> [    0.026717] RAMDISK: [mem 0x375e7000-0x37aeafff]
> [    0.026722] ACPI: Early table checksum verification disabled
> [    0.026726] ACPI: RSDP 0x00000000000F11D0 000024 (v02 DELL  )
> [    0.026731] ACPI: XSDT 0x00000000000F1258 0000A4 (v01 DELL   PE_SC3   00000001 DELL 00000001)
> [    0.026737] ACPI: FACP 0x00000000DF6AC250 0000F4 (v03 DELL   PE_SC3   00000001 DELL 00000001)
> [    0.026743] ACPI BIOS Warning (bug): Invalid length for FADT/Pm2ControlBlock: 16, using default 8 (20190816/tbfadt-674)
> [    0.026748] ACPI: DSDT 0x00000000DF68F000 008D78 (v01 DELL   PE_SC3   00000001 INTL 20050624)
> [    0.026752] ACPI: FACS 0x00000000DF6AE000 000040
> [    0.026755] ACPI: FACS 0x00000000DF6AE000 000040
> [    0.026758] ACPI: APIC 0x00000000DF6AB478 000260 (v01 DELL   PE_SC3   00000001 DELL 00000001)
> [    0.026762] ACPI: SPCR 0x00000000DF6AB6DC 000050 (v01 DELL   PE_SC3   00000001 DELL 00000001)
> [    0.026766] ACPI: HPET 0x00000000DF6AB730 000038 (v01 DELL   PE_SC3   00000001 DELL 00000001)
> [    0.026769] ACPI: MCFG 0x00000000DF6AB76C 00003C (v01 DELL   PE_SC3   00000001 DELL 00000001)
> [    0.026772] ACPI: WD__ 0x00000000DF6AB7AC 000134 (v01 DELL   PE_SC3   00000001 DELL 00000001)
> [    0.026776] ACPI: SLIC 0x00000000DF6AB8E4 000024 (v01 DELL   PE_SC3   00000001 DELL 00000001)
> [    0.026780] ACPI: ERST 0x00000000DF697F18 000270 (v01 DELL   PE_SC3   00000001 DELL 00000001)
> [    0.026783] ACPI: HEST 0x00000000DF698188 000354 (v01 DELL   PE_SC3   00000001 DELL 00000001)
> [    0.026787] ACPI: BERT 0x00000000DF697D78 000030 (v01 DELL   PE_SC3   00000001 DELL 00000001)
> [    0.026790] ACPI: EINJ 0x00000000DF697DA8 000170 (v01 DELL   PE_SC3   00000001 DELL 00000001)
> [    0.026794] ACPI: IV__ 0x00000000DF6ABA68 000030 (v01 DELL   PE_SC3   00000001 DELL 00000001)
> [    0.026797] ACPI: SRAT 0x00000000DF6ABA9C 0005C0 (v02 AMD    AGESA    00000001 AMD  00000001)
> [    0.026801] ACPI: SLIT 0x00000000DF6AC178 00006C (v01 AMD    AGESA    00000001 AMD  00000001)
> [    0.026804] ACPI: SSDT 0x00000000DF6AF000 00B7A4 (v01 AMD    POWERNOW 00000001 AMD  00000001)
> [    0.026808] ACPI: TCPA 0x00000000DF6AC1E8 000064 (v02 DELL   PE_SC3   00000001 DELL 00000001)
> [    0.026817] ACPI: Local APIC address 0xfee00000
> [    0.026864] SRAT: PXM 0 -> APIC 0x00 -> Node 0
> [    0.026866] SRAT: PXM 0 -> APIC 0x01 -> Node 0
> [    0.026867] SRAT: PXM 0 -> APIC 0x02 -> Node 0
> [    0.026868] SRAT: PXM 0 -> APIC 0x03 -> Node 0
> [    0.026869] SRAT: PXM 0 -> APIC 0x04 -> Node 0
> [    0.026871] SRAT: PXM 0 -> APIC 0x05 -> Node 0
> [    0.026872] SRAT: PXM 0 -> APIC 0x06 -> Node 0
> [    0.026873] SRAT: PXM 0 -> APIC 0x07 -> Node 0
> [    0.026874] SRAT: PXM 1 -> APIC 0x08 -> Node 1
> [    0.026875] SRAT: PXM 1 -> APIC 0x09 -> Node 1
> [    0.026877] SRAT: PXM 1 -> APIC 0x0a -> Node 1
> [    0.026878] SRAT: PXM 1 -> APIC 0x0b -> Node 1
> [    0.026879] SRAT: PXM 1 -> APIC 0x0c -> Node 1
> [    0.026880] SRAT: PXM 1 -> APIC 0x0d -> Node 1
> [    0.026881] SRAT: PXM 1 -> APIC 0x0e -> Node 1
> [    0.026882] SRAT: PXM 1 -> APIC 0x0f -> Node 1
> [    0.026884] SRAT: PXM 2 -> APIC 0x20 -> Node 2
> [    0.026885] SRAT: PXM 2 -> APIC 0x21 -> Node 2
> [    0.026886] SRAT: PXM 2 -> APIC 0x22 -> Node 2
> [    0.026887] SRAT: PXM 2 -> APIC 0x23 -> Node 2
> [    0.026888] SRAT: PXM 2 -> APIC 0x24 -> Node 2
> [    0.026889] SRAT: PXM 2 -> APIC 0x25 -> Node 2
> [    0.026891] SRAT: PXM 2 -> APIC 0x26 -> Node 2
> [    0.026892] SRAT: PXM 2 -> APIC 0x27 -> Node 2
> [    0.026893] SRAT: PXM 3 -> APIC 0x28 -> Node 3
> [    0.026894] SRAT: PXM 3 -> APIC 0x29 -> Node 3
> [    0.026895] SRAT: PXM 3 -> APIC 0x2a -> Node 3
> [    0.026896] SRAT: PXM 3 -> APIC 0x2b -> Node 3
> [    0.026898] SRAT: PXM 3 -> APIC 0x2c -> Node 3
> [    0.026899] SRAT: PXM 3 -> APIC 0x2d -> Node 3
> [    0.026900] SRAT: PXM 3 -> APIC 0x2e -> Node 3
> [    0.026901] SRAT: PXM 3 -> APIC 0x2f -> Node 3
> [    0.026902] SRAT: PXM 4 -> APIC 0x40 -> Node 4
> [    0.026903] SRAT: PXM 4 -> APIC 0x41 -> Node 4
> [    0.026904] SRAT: PXM 4 -> APIC 0x42 -> Node 4
> [    0.026906] SRAT: PXM 4 -> APIC 0x43 -> Node 4
> [    0.026907] SRAT: PXM 4 -> APIC 0x44 -> Node 4
> [    0.026908] SRAT: PXM 4 -> APIC 0x45 -> Node 4
> [    0.026909] SRAT: PXM 4 -> APIC 0x46 -> Node 4
> [    0.026910] SRAT: PXM 4 -> APIC 0x47 -> Node 4
> [    0.026911] SRAT: PXM 5 -> APIC 0x48 -> Node 5
> [    0.026913] SRAT: PXM 5 -> APIC 0x49 -> Node 5
> [    0.026914] SRAT: PXM 5 -> APIC 0x4a -> Node 5
> [    0.026915] SRAT: PXM 5 -> APIC 0x4b -> Node 5
> [    0.026916] SRAT: PXM 5 -> APIC 0x4c -> Node 5
> [    0.026917] SRAT: PXM 5 -> APIC 0x4d -> Node 5
> [    0.026918] SRAT: PXM 5 -> APIC 0x4e -> Node 5
> [    0.026919] SRAT: PXM 5 -> APIC 0x4f -> Node 5
> [    0.026921] SRAT: PXM 6 -> APIC 0x60 -> Node 6
> [    0.026922] SRAT: PXM 6 -> APIC 0x61 -> Node 6
> [    0.026923] SRAT: PXM 6 -> APIC 0x62 -> Node 6
> [    0.026924] SRAT: PXM 6 -> APIC 0x63 -> Node 6
> [    0.026925] SRAT: PXM 6 -> APIC 0x64 -> Node 6
> [    0.026926] SRAT: PXM 6 -> APIC 0x65 -> Node 6
> [    0.026928] SRAT: PXM 6 -> APIC 0x66 -> Node 6
> [    0.026929] SRAT: PXM 6 -> APIC 0x67 -> Node 6
> [    0.026930] SRAT: PXM 7 -> APIC 0x68 -> Node 7
> [    0.026931] SRAT: PXM 7 -> APIC 0x69 -> Node 7
> [    0.026932] SRAT: PXM 7 -> APIC 0x6a -> Node 7
> [    0.026933] SRAT: PXM 7 -> APIC 0x6b -> Node 7
> [    0.026935] SRAT: PXM 7 -> APIC 0x6c -> Node 7
> [    0.026936] SRAT: PXM 7 -> APIC 0x6d -> Node 7
> [    0.026937] SRAT: PXM 7 -> APIC 0x6e -> Node 7
> [    0.026938] SRAT: PXM 7 -> APIC 0x6f -> Node 7
> [    0.026941] ACPI: SRAT: Node 0 PXM 0 [mem 0x00000000-0x0009ffff]
> [    0.026943] ACPI: SRAT: Node 0 PXM 0 [mem 0x00100000-0xdfffffff]
> [    0.026945] ACPI: SRAT: Node 0 PXM 0 [mem 0x100000000-0x101fffffff]
> [    0.026947] ACPI: SRAT: Node 1 PXM 1 [mem 0x1020000000-0x201fffffff]
> [    0.026948] ACPI: SRAT: Node 2 PXM 2 [mem 0x2020000000-0x301fffffff]
> [    0.026950] ACPI: SRAT: Node 3 PXM 3 [mem 0x3020000000-0x401fffffff]
> [    0.026951] ACPI: SRAT: Node 4 PXM 4 [mem 0x4020000000-0x501fffffff]
> [    0.026952] ACPI: SRAT: Node 5 PXM 5 [mem 0x5020000000-0x601fffffff]
> [    0.026954] ACPI: SRAT: Node 6 PXM 6 [mem 0x6020000000-0x701fffffff]
> [    0.026955] ACPI: SRAT: Node 7 PXM 7 [mem 0x7020000000-0x801effffff]
> [    0.026960] NUMA: Initialized distance table, cnt=8
> [    0.026964] NUMA: Node 0 [mem 0x00000000-0x0009ffff] + [mem 0x00100000-0xdfffffff] -> [mem 0x00000000-0xdfffffff]
> [    0.026966] NUMA: Node 0 [mem 0x00000000-0xdfffffff] + [mem 0x100000000-0x101fffffff] -> [mem 0x00000000-0x101fffffff]
> [    0.026974] NODE_DATA(0) allocated [mem 0x101fffc000-0x101fffffff]
> [    0.026979] NODE_DATA(1) allocated [mem 0x201fffc000-0x201fffffff]
> [    0.026984] NODE_DATA(2) allocated [mem 0x301fffc000-0x301fffffff]
> [    0.026990] NODE_DATA(3) allocated [mem 0x401fffc000-0x401fffffff]
> [    0.026996] NODE_DATA(4) allocated [mem 0x501fffc000-0x501fffffff]
> [    0.027003] NODE_DATA(5) allocated [mem 0x601fffc000-0x601fffffff]
> [    0.027009] NODE_DATA(6) allocated [mem 0x701fffc000-0x701fffffff]
> [    0.027016] NODE_DATA(7) allocated [mem 0x801eff9000-0x801effcfff]
> [    0.027033] Reserving 256MB of memory at 3312MB for crashkernel (System RAM: 524262MB)
> [    0.027701] Zone ranges:
> [    0.027702]   DMA      [mem 0x0000000000001000-0x0000000000ffffff]
> [    0.027704]   DMA32    [mem 0x0000000001000000-0x00000000ffffffff]
> [    0.027706]   Normal   [mem 0x0000000100000000-0x000000801effffff]
> [    0.027708] Movable zone start for each node
> [    0.027709] Early memory node ranges
> [    0.027711]   node   0: [mem 0x0000000000001000-0x000000000009dfff]
> [    0.027713]   node   0: [mem 0x0000000000100000-0x00000000df678fff]
> [    0.027715]   node   0: [mem 0x0000000100000000-0x000000101fffffff]
> [    0.027723]   node   1: [mem 0x0000001020000000-0x000000201fffffff]
> [    0.027731]   node   2: [mem 0x0000002020000000-0x000000301fffffff]
> [    0.027740]   node   3: [mem 0x0000003020000000-0x000000401fffffff]
> [    0.027749]   node   4: [mem 0x0000004020000000-0x000000501fffffff]
> [    0.027757]   node   5: [mem 0x0000005020000000-0x000000601fffffff]
> [    0.027766]   node   6: [mem 0x0000006020000000-0x000000701fffffff]
> [    0.027774]   node   7: [mem 0x0000007020000000-0x000000801effffff]
> [    0.027821] Zeroed struct page in unavailable ranges: 2538 pages
> [    0.027823] Initmem setup node 0 [mem 0x0000000000001000-0x000000101fffffff]
> [    0.027825] On node 0 totalpages: 16774678
> [    0.027826]   DMA zone: 64 pages used for memmap
> [    0.027827]   DMA zone: 21 pages reserved
> [    0.027828]   DMA zone: 3997 pages, LIFO batch:0
> [    0.027912]   DMA32 zone: 14234 pages used for memmap
> [    0.027913]   DMA32 zone: 910969 pages, LIFO batch:63
> [    0.046593]   Normal zone: 247808 pages used for memmap
> [    0.046595]   Normal zone: 15859712 pages, LIFO batch:63
> [    0.358727] Initmem setup node 1 [mem 0x0000001020000000-0x000000201fffffff]
> [    0.358730] On node 1 totalpages: 16777216
> [    0.358732]   Normal zone: 262144 pages used for memmap
> [    0.358733]   Normal zone: 16777216 pages, LIFO batch:63
> [    0.738971] Initmem setup node 2 [mem 0x0000002020000000-0x000000301fffffff]
> [    0.738974] On node 2 totalpages: 16777216
> [    0.738976]   Normal zone: 262144 pages used for memmap
> [    0.738977]   Normal zone: 16777216 pages, LIFO batch:63
> [    1.151301] Initmem setup node 3 [mem 0x0000003020000000-0x000000401fffffff]
> [    1.151304] On node 3 totalpages: 16777216
> [    1.151306]   Normal zone: 262144 pages used for memmap
> [    1.151307]   Normal zone: 16777216 pages, LIFO batch:63
> [    1.698906] Initmem setup node 4 [mem 0x0000004020000000-0x000000501fffffff]
> [    1.698910] On node 4 totalpages: 16777216
> [    1.698912]   Normal zone: 262144 pages used for memmap
> [    1.698913]   Normal zone: 16777216 pages, LIFO batch:63
> [    2.136888] Initmem setup node 5 [mem 0x0000005020000000-0x000000601fffffff]
> [    2.136892] On node 5 totalpages: 16777216
> [    2.136894]   Normal zone: 262144 pages used for memmap
> [    2.136895]   Normal zone: 16777216 pages, LIFO batch:63
> [    2.699839] Initmem setup node 6 [mem 0x0000006020000000-0x000000701fffffff]
> [    2.699844] On node 6 totalpages: 16777216
> [    2.699845]   Normal zone: 262144 pages used for memmap
> [    2.699846]   Normal zone: 16777216 pages, LIFO batch:63
> [    3.129131] Initmem setup node 7 [mem 0x0000007020000000-0x000000801effffff]
> [    3.129135] On node 7 totalpages: 16773120
> [    3.129138]   Normal zone: 262080 pages used for memmap
> [    3.129138]   Normal zone: 16773120 pages, LIFO batch:63
> [    3.716904] ACPI: PM-Timer IO Port: 0x808
> [    3.716909] ACPI: Local APIC address 0xfee00000
> [    3.716925] ACPI: LAPIC_NMI (acpi_id[0xff] high edge lint[0x1])
> [    3.716938] IOAPIC[0]: apic_id 0, version 33, address 0xfec00000, GSI 0-23
> [    3.716942] IOAPIC[1]: apic_id 1, version 33, address 0xfec80000, GSI 24-55
> [    3.716946] IOAPIC[2]: apic_id 2, version 33, address 0xfecc0000, GSI 56-87
> [    3.716949] ACPI: INT_SRC_OVR (bus 0 bus_irq 0 global_irq 2 dfl dfl)
> [    3.716951] ACPI: IRQ0 used by override.
> [    3.716952] ACPI: IRQ9 used by override.
> [    3.716954] Using ACPI (MADT) for SMP configuration information
> [    3.716956] ACPI: HPET id: 0x43538301 base: 0xfed00000
> [    3.716961] ACPI: SPCR: SPCR table version 1
> [    3.716962] ACPI: SPCR: Unexpected SPCR Access Width.  Defaulting to byte size
> [    3.716963] ACPI: SPCR: console: uart,mmio,0x0
> [    3.716966] smpboot: Allowing 64 CPUs, 0 hotplug CPUs
> [    3.716987] [mem 0xe0000000-0xefffffff] available for PCI devices
> [    3.716991] clocksource: refined-jiffies: mask: 0xffffffff max_cycles: 0xffffffff, max_idle_ns: 1910969940391419 ns
> [    3.885762] setup_percpu: NR_CPUS:256 nr_cpumask_bits:256 nr_cpu_ids:64 nr_node_ids:8
> [    3.895018] percpu: Embedded 51 pages/cpu s170968 r8192 d29736 u262144
> [    3.895033] pcpu-alloc: s170968 r8192 d29736 u262144 alloc=1*2097152
> [    3.895035] pcpu-alloc: [0] 00 01 02 03 04 05 06 07 [1] 08 09 10 11 12 13 14 15 
> [    3.895040] pcpu-alloc: [2] 16 17 18 19 20 21 22 23 [3] 24 25 26 27 28 29 30 31 
> [    3.895045] pcpu-alloc: [4] 32 33 34 35 36 37 38 39 [5] 40 41 42 43 44 45 46 47 
> [    3.895049] pcpu-alloc: [6] 48 49 50 51 52 53 54 55 [7] 56 57 58 59 60 61 62 63 
> [    3.895121] Built 8 zonelists, mobility grouping on.  Total pages: 132114023
> [    3.895123] Policy zone: Normal
> [    3.895125] Kernel command line: BOOT_IMAGE=/boot/bzImage.x86_64 root=LABEL=root ro crashkernel=256M console=ttyS1,115200n8 console=tty0 init=/bin/systemd audit=0 random.trust_cpu=on
> [    3.895252] audit: disabled (until reboot)
> [    3.895283] printk: log_buf_len individual max cpu contribution: 4096 bytes
> [    3.895284] printk: log_buf_len total cpu_extra contributions: 258048 bytes
> [    3.895285] printk: log_buf_len min size: 131072 bytes
> [    3.895584] printk: log_buf_len: 524288 bytes
> [    3.895585] printk: early log buf free: 114524(87%)
> [    3.895909] mem auto-init: stack:off, heap alloc:off, heap free:off
> [    3.909679] AGP: Checking aperture...
> [    3.917694] AGP: No AGP bridge found
> [    3.917698] AGP: Node 0: aperture [bus addr 0x3c96000000-0x3c97ffffff] (32MB)
> [    3.917699] Aperture beyond 4GB. Ignoring.
> [    3.917700] AGP: Your BIOS doesn't leave an aperture memory hole
> [    3.917701] AGP: Please enable the IOMMU option in the BIOS setup
> [    3.917702] AGP: This costs you 64MB of RAM
> [    3.917708] AGP: Mapping aperture over RAM [mem 0xc4000000-0xc7ffffff] (65536KB)
> [    7.808793] Memory: 528014216K/536844376K available (14340K kernel code, 1518K rwdata, 3648K rodata, 1620K init, 980K bss, 8830160K reserved, 0K cma-reserved)
> [    7.809639] ftrace: allocating 40890 entries in 160 pages
> [    7.837715] rcu: Hierarchical RCU implementation.
> [    7.837718] rcu: 	RCU event tracing is enabled.
> [    7.837719] rcu: 	RCU restricting CPUs from NR_CPUS=256 to nr_cpu_ids=64.
> [    7.837721] rcu: RCU calculated value of scheduler-enlistment delay is 100 jiffies.
> [    7.837722] rcu: Adjusting geometry for rcu_fanout_leaf=16, nr_cpu_ids=64
> [    7.842212] NR_IRQS: 16640, nr_irqs: 2024, preallocated irqs: 16
> [    7.842806] spurious 8259A interrupt: IRQ7.
> [    7.849319] Console: colour VGA+ 80x25
> [    7.883974] printk: console [tty0] enabled
> [    9.156943] printk: console [ttyS1] enabled
> [    9.161500] ACPI: Core revision 20190816
> [    9.165882] clocksource: hpet: mask: 0xffffffff max_cycles: 0xffffffff, max_idle_ns: 133484873504 ns
> [    9.175259] APIC: Switch to symmetric I/O mode setup
> [    9.180363] Switched APIC routing to physical flat.
> [    9.186098] ..TIMER: vector=0x30 apic1=0 pin1=2 apic2=-1 pin2=-1
> [    9.197258] clocksource: tsc-early: mask: 0xffffffffffffffff max_cycles: 0x2127609b296, max_idle_ns: 440795270637 ns
> [    9.208001] Calibrating delay loop (skipped), value calculated using timer frequency.. 4600.09 BogoMIPS (lpj=2300046)
> [    9.209002] pid_max: default: 65536 minimum: 512
> [    9.266902] Dentry cache hash table entries: 16777216 (order: 15, 134217728 bytes, vmalloc)
> [    9.295703] Inode-cache hash table entries: 8388608 (order: 14, 67108864 bytes, vmalloc)
> [    9.297035] Mount-cache hash table entries: 262144 (order: 9, 2097152 bytes, vmalloc)
> [    9.298883] Mountpoint-cache hash table entries: 262144 (order: 9, 2097152 bytes, vmalloc)
> [    9.300534] LVT offset 1 assigned for vector 0xf9
> [    9.301008] Last level iTLB entries: 4KB 512, 2MB 1024, 4MB 512
> [    9.302002] Last level dTLB entries: 4KB 1024, 2MB 1024, 4MB 512, 1GB 0
> [    9.303002] Spectre V1 : Mitigation: usercopy/swapgs barriers and __user pointer sanitization
> [    9.304002] Spectre V2 : Mitigation: Full AMD retpoline
> [    9.305001] Spectre V2 : Spectre v2 / SpectreRSB mitigation: Filling RSB on context switch
> [    9.306002] Speculative Store Bypass: Mitigation: Speculative Store Bypass disabled via prctl and seccomp
> [    9.307296] Freeing SMP alternatives memory: 44K
> [    9.411247] smpboot: CPU0: AMD Opteron(TM) Processor 6276 (family: 0x15, model: 0x1, stepping: 0x2)
> [    9.412263] Performance Events: Fam15h core perfctr, AMD PMU driver.
> [    9.413002] ... version:                0
> [    9.414002] ... bit width:              48
> [    9.415001] ... generic registers:      6
> [    9.416002] ... value mask:             0000ffffffffffff
> [    9.417002] ... max period:             00007fffffffffff
> [    9.418001] ... fixed-purpose events:   0
> [    9.419001] ... event mask:             000000000000003f
> [    9.420129] rcu: Hierarchical SRCU implementation.
> [    9.421740] MCE: In-kernel MCE decoding enabled.
> [    9.423716] smp: Bringing up secondary CPUs ...
> [    9.424260] x86: Booting SMP configuration:
> [    9.425002] .... node  #0, CPUs:        #1  #2  #3  #4  #5  #6  #7
> [    9.443004] .... node  #1, CPUs:    #8  #9 #10 #11 #12 #13 #14 #15
> [    9.465004] .... node  #6, CPUs:   #16
> [    1.357381] smpboot: CPU 16 Converting physical 3 to logical package 1
> [    1.357381] smpboot: CPU 16 Converting physical 0 to logical die 1
> [    9.543353]  #17 #18 #19 #20 #21 #22 #23
> [    9.563002] .... node  #7, CPUs:   #24 #25 #26 #27 #28 #29 #30 #31
> [    9.586003] .... node  #2, CPUs:   #32
> [    1.357381] smpboot: CPU 32 Converting physical 1 to logical package 2
> [    1.357381] smpboot: CPU 32 Converting physical 0 to logical die 2
> [    9.665336]  #33 #34 #35 #36 #37 #38 #39
> [    9.685004] .... node  #3, CPUs:   #40 #41 #42 #43 #44 #45 #46 #47
> [    9.709002] .... node  #4, CPUs:   #48
> [    1.357381] smpboot: CPU 48 Converting physical 2 to logical package 3
> [    1.357381] smpboot: CPU 48 Converting physical 0 to logical die 3
> [    9.788345]  #49 #50 #51 #52 #53 #54 #55
> [    9.809002] .... node  #5, CPUs:   #56 #57 #58 #59 #60 #61 #62 #63
> [    9.831254] smp: Brought up 8 nodes, 64 CPUs
> [    9.833002] smpboot: Max logical packages: 4
> [    9.834013] smpboot: Total of 64 processors activated (294387.58 BogoMIPS)
> [    9.883360] devtmpfs: initialized
> [    9.885429] clocksource: jiffies: mask: 0xffffffff max_cycles: 0xffffffff, max_idle_ns: 1911260446275000 ns
> [    9.886055] futex hash table entries: 16384 (order: 8, 1048576 bytes, vmalloc)
> [    9.888271] xor: automatically using best checksumming function   avx       
> [    9.889484] NET: Registered protocol family 16
> [    9.890345] cpuidle: using governor menu
> [    9.896132] ACPI FADT declares the system doesn't support PCIe ASPM, so disable it
> [    9.904004] ACPI: bus type PCI registered
> [    9.908065] PCI: MMCONFIG for domain 0000 [bus 00-3f] at [mem 0xf0000000-0xf3ffffff] (base 0xf0000000)
> [    9.917005] PCI: MMCONFIG at [mem 0xf0000000-0xf3ffffff] reserved in E820
> [    9.924012] pmd_set_huge: Cannot satisfy [mem 0xf0000000-0xf0200000] with a huge-page mapping due to MTRR override.
> [    9.935126] PCI: Using configuration type 1 for base access
> [    9.943040] mtrr: your CPUs had inconsistent fixed MTRR settings
> [    9.949002] mtrr: probably your BIOS does not setup all CPUs.
> [    9.955003] mtrr: corrected configuration.
> [    9.964040] HugeTLB registered 2.00 MiB page size, pre-allocated 0 pages
> [    9.990452] raid6: sse2x4   gen()  3308 MB/s
> [   10.011452] raid6: sse2x4   xor()  2111 MB/s
> [   10.032456] raid6: sse2x2   gen()  4878 MB/s
> [   10.053454] raid6: sse2x2   xor()  4972 MB/s
> [   10.074464] raid6: sse2x1   gen()  3199 MB/s
> [   10.095448] raid6: sse2x1   xor()  3365 MB/s
> [   10.100002] raid6: using algorithm sse2x2 gen() 4878 MB/s
> [   10.105004] raid6: .... xor() 4972 MB/s, rmw enabled
> [   10.111002] raid6: using ssse3x2 recovery algorithm
> [   10.116386] ACPI: Added _OSI(Module Device)
> [   10.120005] ACPI: Added _OSI(Processor Device)
> [   10.125007] ACPI: Added _OSI(3.0 _SCP Extensions)
> [   10.130012] ACPI: Added _OSI(Processor Aggregator Device)
> [   10.135011] ACPI: Added _OSI(Linux-Dell-Video)
> [   10.140006] ACPI: Added _OSI(Linux-Lenovo-NV-HDMI-Audio)
> [   10.145003] ACPI: Added _OSI(Linux-HPI-Hybrid-Graphics)
> [   10.165624] ACPI: 2 ACPI AML tables successfully acquired and loaded
> [   10.174428] ACPI: [Firmware Bug]: BIOS _OSI(Linux) query ignored
> [   10.183514] ACPI: Interpreter enabled
> [   10.187015] ACPI: (supports S0 S5)
> [   10.190004] ACPI: Using IOAPIC for interrupt routing
> [   10.196023] PCI: Using host bridge windows from ACPI; if necessary, use "pci=nocrs" and report a bug
> [   10.205500] ACPI: Enabled 2 GPEs in block 00 to 1F
> [   10.238151] ACPI: PCI Root Bridge [PCI0] (domain 0000 [bus 00-1e])
> [   10.244009] acpi PNP0A08:00: _OSC: OS supports [ExtendedConfig ASPM ClockPM Segments MSI HPX-Type3]
> [   10.254264] acpi PNP0A08:00: _OSC: OS now controls [PME AER PCIeCapability LTR]
> [   10.261003] acpi PNP0A08:00: FADT indicates ASPM is unsupported, using BIOS configuration
> [   10.271814] PCI host bridge to bus 0000:00
> [   10.276005] pci_bus 0000:00: root bus resource [io  0x0000-0x03af window]
> [   10.283003] pci_bus 0000:00: root bus resource [io  0x03e0-0x0cf7 window]
> [   10.289003] pci_bus 0000:00: root bus resource [io  0x03b0-0x03df window]
> [   10.296003] pci_bus 0000:00: root bus resource [io  0xd000-0xffff window]
> [   10.303003] pci_bus 0000:00: root bus resource [io  0x0d00-0x0fff window]
> [   10.310003] pci_bus 0000:00: root bus resource [mem 0x000a0000-0x000bffff window]
> [   10.318003] pci_bus 0000:00: root bus resource [mem 0xfec00000-0xfec7ffff window]
> [   10.326003] pci_bus 0000:00: root bus resource [mem 0xfec80000-0xfecbffff window]
> [   10.333005] pci_bus 0000:00: root bus resource [mem 0xe6000000-0xef4fffff window]
> [   10.341006] pci_bus 0000:00: root bus resource [mem 0xe2000000-0xe47fffff window]
> [   10.349003] pci_bus 0000:00: root bus resource [mem 0xfed40000-0xfed44fff window]
> [   10.357003] pci_bus 0000:00: root bus resource [bus 00-1e]
> [   10.362056] pci 0000:00:00.0: [1002:5a13] type 00 class 0x060000
> [   10.368146] pci 0000:00:02.0: [1002:5a16] type 01 class 0x060400
> [   10.375026] pci 0000:00:02.0: enabling Extended Tags
> [   10.380031] pci 0000:00:02.0: PME# supported from D0 D3hot D3cold
> [   10.386128] pci 0000:00:03.0: [1002:5a17] type 01 class 0x060400
> [   10.392023] pci 0000:00:03.0: enabling Extended Tags
> [   10.397030] pci 0000:00:03.0: PME# supported from D0 D3hot D3cold
> [   10.404124] pci 0000:00:04.0: [1002:5a18] type 01 class 0x060400
> [   10.410024] pci 0000:00:04.0: enabling Extended Tags
> [   10.415029] pci 0000:00:04.0: PME# supported from D0 D3hot D3cold
> [   10.422018] pci 0000:00:09.0: [1002:5a1c] type 01 class 0x060400
> [   10.428023] pci 0000:00:09.0: enabling Extended Tags
> [   10.433032] pci 0000:00:09.0: PME# supported from D0 D3hot D3cold
> [   10.439134] pci 0000:00:12.0: [1002:4397] type 00 class 0x0c0310
> [   10.445020] pci 0000:00:12.0: reg 0x10: [mem 0xef4fb000-0xef4fbfff]
> [   10.452150] pci 0000:00:12.1: [1002:4398] type 00 class 0x0c0310
> [   10.458020] pci 0000:00:12.1: reg 0x10: [mem 0xef4fc000-0xef4fcfff]
> [   10.465148] pci 0000:00:12.2: [1002:4396] type 00 class 0x0c0320
> [   10.471025] pci 0000:00:12.2: reg 0x10: [mem 0xef4ffe00-0xef4ffeff]
> [   10.477086] pci 0000:00:12.2: supports D1 D2
> [   10.482005] pci 0000:00:12.2: PME# supported from D0 D1 D2 D3hot
> [   10.488102] pci 0000:00:13.0: [1002:4397] type 00 class 0x0c0310
> [   10.494021] pci 0000:00:13.0: reg 0x10: [mem 0xef4fd000-0xef4fdfff]
> [   10.501140] pci 0000:00:13.1: [1002:4398] type 00 class 0x0c0310
> [   10.507020] pci 0000:00:13.1: reg 0x10: [mem 0xef4fe000-0xef4fefff]
> [   10.513143] pci 0000:00:13.2: [1002:4396] type 00 class 0x0c0320
> [   10.520023] pci 0000:00:13.2: reg 0x10: [mem 0xef4fff00-0xef4fffff]
> [   10.526088] pci 0000:00:13.2: supports D1 D2
> [   10.531003] pci 0000:00:13.2: PME# supported from D0 D1 D2 D3hot
> [   10.537102] pci 0000:00:14.0: [1002:4385] type 00 class 0x0c0500
> [   10.543178] pci 0000:00:14.3: [1002:439d] type 00 class 0x060100
> [   10.549180] pci 0000:00:14.4: [1002:4384] type 01 class 0x060401
> [   10.556154] pci 0000:00:18.0: [1022:1600] type 00 class 0x060000
> [   10.562101] pci 0000:00:18.1: [1022:1601] type 00 class 0x060000
> [   10.568115] pci 0000:00:18.2: [1022:1602] type 00 class 0x060000
> [   10.575010] pci 0000:00:18.3: [1022:1603] type 00 class 0x060000
> [   10.581093] pci 0000:00:18.4: [1022:1604] type 00 class 0x060000
> [   10.587097] pci 0000:00:18.5: [1022:1605] type 00 class 0x060000
> [   10.593103] pci 0000:00:19.0: [1022:1600] type 00 class 0x060000
> [   10.600015] pci 0000:00:19.1: [1022:1601] type 00 class 0x060000
> [   10.606093] pci 0000:00:19.2: [1022:1602] type 00 class 0x060000
> [   10.612091] pci 0000:00:19.3: [1022:1603] type 00 class 0x060000
> [   10.618098] pci 0000:00:19.4: [1022:1604] type 00 class 0x060000
> [   10.625007] pci 0000:00:19.5: [1022:1605] type 00 class 0x060000
> [   10.631098] pci 0000:00:1a.0: [1022:1600] type 00 class 0x060000
> [   10.637103] pci 0000:00:1a.1: [1022:1601] type 00 class 0x060000
> [   10.643096] pci 0000:00:1a.2: [1022:1602] type 00 class 0x060000
> [   10.650005] pci 0000:00:1a.3: [1022:1603] type 00 class 0x060000
> [   10.656099] pci 0000:00:1a.4: [1022:1604] type 00 class 0x060000
> [   10.662097] pci 0000:00:1a.5: [1022:1605] type 00 class 0x060000
> [   10.668094] pci 0000:00:1b.0: [1022:1600] type 00 class 0x060000
> [   10.675018] pci 0000:00:1b.1: [1022:1601] type 00 class 0x060000
> [   10.681093] pci 0000:00:1b.2: [1022:1602] type 00 class 0x060000
> [   10.687094] pci 0000:00:1b.3: [1022:1603] type 00 class 0x060000
> [   10.693099] pci 0000:00:1b.4: [1022:1604] type 00 class 0x060000
> [   10.700013] pci 0000:00:1b.5: [1022:1605] type 00 class 0x060000
> [   10.706096] pci 0000:00:1c.0: [1022:1600] type 00 class 0x060000
> [   10.712104] pci 0000:00:1c.1: [1022:1601] type 00 class 0x060000
> [   10.718093] pci 0000:00:1c.2: [1022:1602] type 00 class 0x060000
> [   10.725024] pci 0000:00:1c.3: [1022:1603] type 00 class 0x060000
> [   10.731102] pci 0000:00:1c.4: [1022:1604] type 00 class 0x060000
> [   10.737104] pci 0000:00:1c.5: [1022:1605] type 00 class 0x060000
> [   10.743097] pci 0000:00:1d.0: [1022:1600] type 00 class 0x060000
> [   10.750058] pci 0000:00:1d.1: [1022:1601] type 00 class 0x060000
> [   10.756097] pci 0000:00:1d.2: [1022:1602] type 00 class 0x060000
> [   10.762096] pci 0000:00:1d.3: [1022:1603] type 00 class 0x060000
> [   10.768098] pci 0000:00:1d.4: [1022:1604] type 00 class 0x060000
> [   10.775056] pci 0000:00:1d.5: [1022:1605] type 00 class 0x060000
> [   10.781100] pci 0000:00:1e.0: [1022:1600] type 00 class 0x060000
> [   10.787108] pci 0000:00:1e.1: [1022:1601] type 00 class 0x060000
> [   10.793097] pci 0000:00:1e.2: [1022:1602] type 00 class 0x060000
> [   10.800066] pci 0000:00:1e.3: [1022:1603] type 00 class 0x060000
> [   10.806099] pci 0000:00:1e.4: [1022:1604] type 00 class 0x060000
> [   10.812103] pci 0000:00:1e.5: [1022:1605] type 00 class 0x060000
> [   10.818097] pci 0000:00:1f.0: [1022:1600] type 00 class 0x060000
> [   10.825074] pci 0000:00:1f.1: [1022:1601] type 00 class 0x060000
> [   10.831095] pci 0000:00:1f.2: [1022:1602] type 00 class 0x060000
> [   10.837099] pci 0000:00:1f.3: [1022:1603] type 00 class 0x060000
> [   10.843103] pci 0000:00:1f.4: [1022:1604] type 00 class 0x060000
> [   10.850075] pci 0000:00:1f.5: [1022:1605] type 00 class 0x060000
> [   10.856145] pci 0000:01:00.0: [14e4:1639] type 00 class 0x020000
> [   10.862024] pci 0000:01:00.0: reg 0x10: [mem 0xe6000000-0xe7ffffff 64bit]
> [   10.869103] pci 0000:01:00.0: PME# supported from D0 D3hot D3cold
> [   10.875085] pci 0000:01:00.1: [14e4:1639] type 00 class 0x020000
> [   10.882025] pci 0000:01:00.1: reg 0x10: [mem 0xe8000000-0xe9ffffff 64bit]
> [   10.889096] pci 0000:01:00.1: PME# supported from D0 D3hot D3cold
> [   10.895093] pci 0000:00:02.0: PCI bridge to [bus 01]
> [   10.900007] pci 0000:00:02.0:   bridge window [mem 0xe6000000-0xe9ffffff]
> [   10.907051] pci 0000:02:00.0: [14e4:1639] type 00 class 0x020000
> [   10.913023] pci 0000:02:00.0: reg 0x10: [mem 0xea000000-0xebffffff 64bit]
> [   10.920096] pci 0000:02:00.0: PME# supported from D0 D3hot D3cold
> [   10.927014] pci 0000:02:00.0: 8.000 Gb/s available PCIe bandwidth, limited by 5 GT/s x2 link at 0000:00:03.0 (capable of 16.000 Gb/s with 5 GT/s x4 link)
> [   10.941058] pci 0000:02:00.1: [14e4:1639] type 00 class 0x020000
> [   10.947024] pci 0000:02:00.1: reg 0x10: [mem 0xec000000-0xedffffff 64bit]
> [   10.954095] pci 0000:02:00.1: PME# supported from D0 D3hot D3cold
> [   10.960173] pci 0000:00:03.0: PCI bridge to [bus 02]
> [   10.965007] pci 0000:00:03.0:   bridge window [mem 0xea000000-0xedffffff]
> [   10.972046] pci 0000:03:00.0: [10b5:8624] type 01 class 0x060400
> [   10.978021] pci 0000:03:00.0: reg 0x10: [mem 0xef3e0000-0xef3fffff]
> [   10.985090] pci 0000:03:00.0: PME# supported from D0 D3hot D3cold
> [   10.994018] pci 0000:00:04.0: PCI bridge to [bus 03-08]
> [   10.999006] pci 0000:00:04.0:   bridge window [io  0xe000-0xffff]
> [   11.005004] pci 0000:00:04.0:   bridge window [mem 0xef000000-0xef3fffff]
> [   11.012005] pci 0000:00:04.0:   bridge window [mem 0xe2000000-0xe3ffffff 64bit pref]
> [   11.020057] pci 0000:04:00.0: [10b5:8624] type 01 class 0x060400
> [   11.026101] pci 0000:04:00.0: PME# supported from D0 D3hot D3cold
> [   11.033078] pci 0000:04:01.0: [10b5:8624] type 01 class 0x060400
> [   11.039094] pci 0000:04:01.0: PME# supported from D0 D3hot D3cold
> [   11.045076] pci 0000:04:04.0: [10b5:8624] type 01 class 0x060400
> [   11.051094] pci 0000:04:04.0: PME# supported from D0 D3hot D3cold
> [   11.058077] pci 0000:04:05.0: [10b5:8624] type 01 class 0x060400
> [   11.064095] pci 0000:04:05.0: PME# supported from D0 D3hot D3cold
> [   11.070084] pci 0000:03:00.0: PCI bridge to [bus 04-08]
> [   11.077006] pci 0000:03:00.0:   bridge window [io  0xe000-0xffff]
> [   11.084005] pci 0000:03:00.0:   bridge window [mem 0xef000000-0xef2fffff]
> [   11.090006] pci 0000:03:00.0:   bridge window [mem 0xe2000000-0xe3ffffff 64bit pref]
> [   11.098050] pci 0000:05:00.0: [1000:0072] type 00 class 0x010700
> [   11.105021] pci 0000:05:00.0: reg 0x10: [io  0xfc00-0xfcff]
> [   11.110015] pci 0000:05:00.0: reg 0x14: [mem 0xef1f0000-0xef1fffff 64bit]
> [   11.117014] pci 0000:05:00.0: reg 0x1c: [mem 0xef180000-0xef1bffff 64bit]
> [   11.124019] pci 0000:05:00.0: reg 0x30: [mem 0xef000000-0xef0fffff pref]
> [   11.131013] pci 0000:05:00.0: enabling Extended Tags
> [   11.136059] pci 0000:05:00.0: supports D1 D2
> [   11.141029] pci 0000:05:00.0: 16.000 Gb/s available PCIe bandwidth, limited by 5 GT/s x4 link at 0000:04:00.0 (capable of 32.000 Gb/s with 5 GT/s x8 link)
> [   11.158020] pci 0000:04:00.0: PCI bridge to [bus 05]
> [   11.163007] pci 0000:04:00.0:   bridge window [io  0xf000-0xffff]
> [   11.169004] pci 0000:04:00.0:   bridge window [mem 0xef000000-0xef1fffff]
> [   11.176052] pci 0000:04:01.0: PCI bridge to [bus 06]
> [   11.181046] pci 0000:04:04.0: PCI bridge to [bus 07]
> [   11.186064] pci 0000:08:00.0: [13c1:1005] type 00 class 0x010400
> [   11.192025] pci 0000:08:00.0: reg 0x10: [mem 0xe2000000-0xe3ffffff 64bit pref]
> [   11.200015] pci 0000:08:00.0: reg 0x18: [mem 0xef2ff000-0xef2fffff 64bit]
> [   11.207010] pci 0000:08:00.0: reg 0x20: [io  0xec00-0xecff]
> [   11.213015] pci 0000:08:00.0: reg 0x30: [mem 0xef2c0000-0xef2dffff pref]
> [   11.219051] pci 0000:08:00.0: supports D1 D2
> [   11.227019] pci 0000:04:05.0: PCI bridge to [bus 08]
> [   11.232009] pci 0000:04:05.0:   bridge window [io  0xe000-0xefff]
> [   11.238004] pci 0000:04:05.0:   bridge window [mem 0xef200000-0xef2fffff]
> [   11.245008] pci 0000:04:05.0:   bridge window [mem 0xe2000000-0xe3ffffff 64bit pref]
> [   11.253057] pci 0000:00:09.0: PCI bridge to [bus 09]
> [   11.258019] pci_bus 0000:0a: extended config space not accessible
> [   11.264035] pci 0000:0a:03.0: [102b:0532] type 00 class 0x030000
> [   11.270023] pci 0000:0a:03.0: reg 0x10: [mem 0xe4000000-0xe47fffff pref]
> [   11.277018] pci 0000:0a:03.0: reg 0x14: [mem 0xeeffc000-0xeeffffff]
> [   11.284013] pci 0000:0a:03.0: reg 0x18: [mem 0xee000000-0xee7fffff]
> [   11.290051] pci 0000:0a:03.0: reg 0x30: [mem 0x00000000-0x0000ffff pref]
> [   11.297139] pci 0000:00:14.4: PCI bridge to [bus 0a] (subtractive decode)
> [   11.304010] pci 0000:00:14.4:   bridge window [mem 0xee000000-0xeeffffff]
> [   11.311006] pci 0000:00:14.4:   bridge window [mem 0xe4000000-0xe47fffff pref]
> [   11.319004] pci 0000:00:14.4:   bridge window [io  0x0000-0x03af window] (subtractive decode)
> [   11.327003] pci 0000:00:14.4:   bridge window [io  0x03e0-0x0cf7 window] (subtractive decode)
> [   11.336004] pci 0000:00:14.4:   bridge window [io  0x03b0-0x03df window] (subtractive decode)
> [   11.345003] pci 0000:00:14.4:   bridge window [io  0xd000-0xffff window] (subtractive decode)
> [   11.354005] pci 0000:00:14.4:   bridge window [io  0x0d00-0x0fff window] (subtractive decode)
> [   11.362003] pci 0000:00:14.4:   bridge window [mem 0x000a0000-0x000bffff window] (subtractive decode)
> [   11.372003] pci 0000:00:14.4:   bridge window [mem 0xfec00000-0xfec7ffff window] (subtractive decode)
> [   11.381004] pci 0000:00:14.4:   bridge window [mem 0xfec80000-0xfecbffff window] (subtractive decode)
> [   11.391005] pci 0000:00:14.4:   bridge window [mem 0xe6000000-0xef4fffff window] (subtractive decode)
> [   11.400003] pci 0000:00:14.4:   bridge window [mem 0xe2000000-0xe47fffff window] (subtractive decode)
> [   11.410005] pci 0000:00:14.4:   bridge window [mem 0xfed40000-0xfed44fff window] (subtractive decode)
> [   11.423551] ACPI: PCI Interrupt Link [LN24] (IRQs *24)
> [   11.430077] ACPI: PCI Interrupt Link [LN25] (IRQs *25)
> [   11.435077] ACPI: PCI Interrupt Link [LN26] (IRQs *26)
> [   11.440080] ACPI: PCI Interrupt Link [LN27] (IRQs *27)
> [   11.446074] ACPI: PCI Interrupt Link [LN28] (IRQs *28)
> [   11.451076] ACPI: PCI Interrupt Link [LN29] (IRQs *29)
> [   11.456077] ACPI: PCI Interrupt Link [LN30] (IRQs *30)
> [   11.462074] ACPI: PCI Interrupt Link [LN31] (IRQs *31)
> [   11.467076] ACPI: PCI Interrupt Link [LN32] (IRQs *32)
> [   11.473014] ACPI: PCI Interrupt Link [LN33] (IRQs *33)
> [   11.478072] ACPI: PCI Interrupt Link [LN34] (IRQs *34)
> [   11.483077] ACPI: PCI Interrupt Link [LN35] (IRQs *35)
> [   11.489074] ACPI: PCI Interrupt Link [LN36] (IRQs *36)
> [   11.494073] ACPI: PCI Interrupt Link [LN37] (IRQs *37)
> [   11.499078] ACPI: PCI Interrupt Link [LN38] (IRQs *38)
> [   11.505074] ACPI: PCI Interrupt Link [LN39] (IRQs *39)
> [   11.510073] ACPI: PCI Interrupt Link [LN40] (IRQs *40)
> [   11.515077] ACPI: PCI Interrupt Link [LN41] (IRQs *41)
> [   11.521075] ACPI: PCI Interrupt Link [LN42] (IRQs *42)
> [   11.526076] ACPI: PCI Interrupt Link [LN43] (IRQs *43)
> [   11.531074] ACPI: PCI Interrupt Link [LN44] (IRQs *44)
> [   11.537075] ACPI: PCI Interrupt Link [LN45] (IRQs *45)
> [   11.542072] ACPI: PCI Interrupt Link [LN46] (IRQs *46)
> [   11.548004] ACPI: PCI Interrupt Link [LN47] (IRQs *47)
> [   11.553073] ACPI: PCI Interrupt Link [LN48] (IRQs *48)
> [   11.558073] ACPI: PCI Interrupt Link [LN49] (IRQs *49)
> [   11.564070] ACPI: PCI Interrupt Link [LN50] (IRQs *50)
> [   11.569074] ACPI: PCI Interrupt Link [LN51] (IRQs *51)
> [   11.574072] ACPI: PCI Interrupt Link [LN52] (IRQs *52)
> [   11.580077] ACPI: PCI Interrupt Link [LN53] (IRQs *53)
> [   11.585079] ACPI: PCI Interrupt Link [LN54] (IRQs *54)
> [   11.590073] ACPI: PCI Interrupt Link [LN55] (IRQs *55)
> [   11.597699] ACPI: PCI Root Bridge [PCI1] (domain 0000 [bus 20-3e])
> [   11.604007] acpi PNP0A08:01: _OSC: OS supports [ExtendedConfig ASPM ClockPM Segments MSI HPX-Type3]
> [   11.613491] acpi PNP0A08:01: _OSC: OS now controls [PME AER PCIeCapability LTR]
> [   11.621003] acpi PNP0A08:01: FADT indicates ASPM is unsupported, using BIOS configuration
> [   11.629008] acpi PNP0A08:01: [Firmware Bug]: no _PXM; falling back to node 6 from hardware (may be inconsistent with ACPI node numbers)
> [   11.643765] PCI host bridge to bus 0000:20
> [   11.648004] pci_bus 0000:20: root bus resource [io  0xc000-0xcfff window]
> [   11.654003] pci_bus 0000:20: root bus resource [mem 0xfecc0000-0xfecfffff window]
> [   11.662003] pci_bus 0000:20: root bus resource [mem 0xe1e00000-0xe1ffffff window]
> [   11.670007] pci_bus 0000:20: root bus resource [bus 20-3e]
> [   11.676054] pci 0000:20:00.0: [1002:5a12] type 00 class 0x060000
> [   11.682128] pci 0000:20:02.0: [1002:5a16] type 01 class 0x060400
> [   11.688027] pci 0000:20:02.0: enabling Extended Tags
> [   11.693032] pci 0000:20:02.0: PME# supported from D0 D3hot D3cold
> [   11.700014] pci 0000:20:03.0: [1002:5a17] type 01 class 0x060400
> [   11.706026] pci 0000:20:03.0: enabling Extended Tags
> [   11.711032] pci 0000:20:03.0: PME# supported from D0 D3hot D3cold
> [   11.717121] pci 0000:20:0b.0: [1002:5a1f] type 01 class 0x060400
> [   11.723026] pci 0000:20:0b.0: enabling Extended Tags
> [   11.728032] pci 0000:20:0b.0: PME# supported from D0 D3hot D3cold
> [   11.735158] pci 0000:20:02.0: PCI bridge to [bus 21]
> [   11.740058] pci 0000:22:00.0: [8086:10fb] type 00 class 0x020000
> [   11.746023] pci 0000:22:00.0: reg 0x10: [mem 0xe1e00000-0xe1e7ffff 64bit]
> [   11.753008] pci 0000:22:00.0: reg 0x18: [io  0xccc0-0xccdf]
> [   11.759016] pci 0000:22:00.0: reg 0x20: [mem 0xe1ff8000-0xe1ffbfff 64bit]
> [   11.766008] pci 0000:22:00.0: reg 0x30: [mem 0xe1f00000-0xe1f7ffff pref]
> [   11.773053] pci 0000:22:00.0: PME# supported from D0 D3hot
> [   11.778026] pci 0000:22:00.0: reg 0x184: [mem 0x00000000-0x00003fff 64bit]
> [   11.785004] pci 0000:22:00.0: VF(n) BAR0 space: [mem 0x00000000-0x000fffff 64bit] (contains BAR0 for 64 VFs)
> [   11.796014] pci 0000:22:00.0: reg 0x190: [mem 0x00000000-0x00003fff 64bit]
> [   11.803003] pci 0000:22:00.0: VF(n) BAR3 space: [mem 0x00000000-0x000fffff 64bit] (contains BAR3 for 64 VFs)
> [   11.813181] pci 0000:22:00.1: [8086:10fb] type 00 class 0x020000
> [   11.819021] pci 0000:22:00.1: reg 0x10: [mem 0xe1e80000-0xe1efffff 64bit]
> [   11.826010] pci 0000:22:00.1: reg 0x18: [io  0xcce0-0xccff]
> [   11.832017] pci 0000:22:00.1: reg 0x20: [mem 0xe1ffc000-0xe1ffffff 64bit]
> [   11.839008] pci 0000:22:00.1: reg 0x30: [mem 0xe1f00000-0xe1f7ffff pref]
> [   11.845052] pci 0000:22:00.1: PME# supported from D0 D3hot
> [   11.851023] pci 0000:22:00.1: reg 0x184: [mem 0x00000000-0x00003fff 64bit]
> [   11.858009] pci 0000:22:00.1: VF(n) BAR0 space: [mem 0x00000000-0x000fffff 64bit] (contains BAR0 for 64 VFs)
> [   11.868014] pci 0000:22:00.1: reg 0x190: [mem 0x00000000-0x00003fff 64bit]
> [   11.875004] pci 0000:22:00.1: VF(n) BAR3 space: [mem 0x00000000-0x000fffff 64bit] (contains BAR3 for 64 VFs)
> [   11.885183] pci 0000:20:03.0: PCI bridge to [bus 22]
> [   11.891010] pci 0000:20:03.0:   bridge window [io  0xc000-0xcfff]
> [   11.897004] pci 0000:20:03.0:   bridge window [mem 0xe1e00000-0xe1ffffff]
> [   11.904036] pci 0000:20:0b.0: PCI bridge to [bus 23]
> [   11.909136] ACPI: PCI Interrupt Link [LN56] (IRQs *56)
> [   11.914078] ACPI: PCI Interrupt Link [LN57] (IRQs *57)
> [   11.920095] ACPI: PCI Interrupt Link [LN58] (IRQs *58)
> [   11.925076] ACPI: PCI Interrupt Link [LN59] (IRQs *59)
> [   11.930077] ACPI: PCI Interrupt Link [LN60] (IRQs *60)
> [   11.936076] ACPI: PCI Interrupt Link [LN61] (IRQs *61)
> [   11.941077] ACPI: PCI Interrupt Link [LN62] (IRQs *62)
> [   11.947067] ACPI: PCI Interrupt Link [LN63] (IRQs *63)
> [   11.952075] ACPI: PCI Interrupt Link [LN64] (IRQs *64)
> [   11.957073] ACPI: PCI Interrupt Link [LN65] (IRQs *65)
> [   11.963081] ACPI: PCI Interrupt Link [LN66] (IRQs *66)
> [   11.968084] ACPI: PCI Interrupt Link [LN67] (IRQs *67)
> [   11.973074] ACPI: PCI Interrupt Link [LN68] (IRQs *68)
> [   11.979074] ACPI: PCI Interrupt Link [LN69] (IRQs *69)
> [   11.984077] ACPI: PCI Interrupt Link [LN70] (IRQs *70)
> [   11.989073] ACPI: PCI Interrupt Link [LN71] (IRQs *71)
> [   11.995074] ACPI: PCI Interrupt Link [LN72] (IRQs *72)
> [   12.000073] ACPI: PCI Interrupt Link [LN73] (IRQs *73)
> [   12.005077] ACPI: PCI Interrupt Link [LN74] (IRQs *74)
> [   12.011074] ACPI: PCI Interrupt Link [LN75] (IRQs *75)
> [   12.016076] ACPI: PCI Interrupt Link [LN76] (IRQs *76)
> [   12.022063] ACPI: PCI Interrupt Link [LN77] (IRQs *77)
> [   12.027075] ACPI: PCI Interrupt Link [LN78] (IRQs *78)
> [   12.032074] ACPI: PCI Interrupt Link [LN79] (IRQs *79)
> [   12.038073] ACPI: PCI Interrupt Link [LN80] (IRQs *80)
> [   12.043072] ACPI: PCI Interrupt Link [LN81] (IRQs *81)
> [   12.048076] ACPI: PCI Interrupt Link [LN82] (IRQs *82)
> [   12.054072] ACPI: PCI Interrupt Link [LN83] (IRQs *83)
> [   12.059078] ACPI: PCI Interrupt Link [LN84] (IRQs *84)
> [   12.064077] ACPI: PCI Interrupt Link [LN85] (IRQs *85)
> [   12.071077] ACPI: PCI Interrupt Link [LN86] (IRQs *86)
> [   12.077074] ACPI: PCI Interrupt Link [LN87] (IRQs *87)
> [   12.082212] ACPI: PCI Interrupt Link [LK00] (IRQs 3 4 5 6 7 10 11 *14 15)
> [   12.089118] ACPI: PCI Interrupt Link [LK01] (IRQs 3 4 5 6 7 10 *11 14 15)
> [   12.096111] ACPI: PCI Interrupt Link [LK02] (IRQs 3 4 5 6 7 *10 11 14 15)
> [   12.103112] ACPI: PCI Interrupt Link [LK03] (IRQs 3 4 5 *6 7 10 11 14 15)
> [   12.110115] ACPI: PCI Interrupt Link [LK04] (IRQs 3 4 *5 6 7 10 11 14 15)
> [   12.117109] ACPI: PCI Interrupt Link [LK05] (IRQs 3 4 5 6 7 10 11 14 *15)
> [   12.124112] ACPI: PCI Interrupt Link [LK06] (IRQs 3 4 5 6 7 10 11 14 *15)
> [   12.131110] ACPI: PCI Interrupt Link [LK07] (IRQs 3 4 5 6 7 10 11 14 15) *0
> [   12.139355] iommu: Default domain type: Translated 
> [   12.144037] pci 0000:0a:03.0: vgaarb: setting as boot VGA device
> [   12.145000] pci 0000:0a:03.0: vgaarb: VGA device added: decodes=io+mem,owns=io+mem,locks=none
> [   12.159005] pci 0000:0a:03.0: vgaarb: bridge control possible
> [   12.165002] vgaarb: loaded
> [   12.168136] SCSI subsystem initialized
> [   12.172185] libata version 3.00 loaded.
> [   12.172185] ACPI: bus type USB registered
> [   12.176039] usbcore: registered new interface driver usbfs
> [   12.182014] usbcore: registered new interface driver hub
> [   12.188037] usbcore: registered new device driver usb
> [   12.193027] pps_core: LinuxPPS API ver. 1 registered
> [   12.198002] pps_core: Software ver. 5.3.6 - Copyright 2005-2007 Rodolfo Giometti <giometti@linux.it>
> [   12.207011] PTP clock support registered
> [   12.212161] EDAC MC: Ver: 3.0.0
> [   12.215160] PCI: Using ACPI for IRQ routing
> [   12.221261] PCI: pci_cache_line_size set to 64 bytes
> [   12.221373] Expanded resource Reserved due to conflict with PCI Bus 0000:00
> [   12.228002] Expanded resource Reserved due to conflict with Reserved
> [   12.235002] Expanded resource Reserved due to conflict with PCI Bus 0000:20
> [   12.242002] Expanded resource Reserved due to conflict with Reserved
> [   12.248002] e820: reserve RAM buffer [mem 0x0009e000-0x0009ffff]
> [   12.248004] e820: reserve RAM buffer [mem 0xdf679000-0xdfffffff]
> [   12.248006] e820: reserve RAM buffer [mem 0x801f000000-0x801fffffff]
> [   12.248185] hpet0: at MMIO 0xfed00000, IRQs 2, 8, 0, 0
> [   12.254004] hpet0: 4 comparators, 32-bit 14.318180 MHz counter
> [   12.262609] clocksource: Switched to clocksource tsc-early
> [   12.313191] VFS: Disk quotas dquot_6.6.0
> [   12.317329] VFS: Dquot-cache hash table entries: 512 (order 0, 4096 bytes)
> [   12.324486] FS-Cache: Loaded
> [   12.327661] CacheFiles: Loaded
> [   12.330875] pnp: PnP ACPI init
> [   12.334333] system 00:00: Plug and Play ACPI device, IDs PNP0c01 (active)
> [   12.334388] pnp 00:01: Plug and Play ACPI device, IDs PNP0b00 (active)
> [   12.334749] pnp 00:02: Plug and Play ACPI device, IDs PNP0501 (active)
> [   12.335069] pnp 00:03: Plug and Play ACPI device, IDs PNP0501 (active)
> [   12.339049] system 00:04: [io  0x0800-0x087f] has been reserved
> [   12.345105] system 00:04: [io  0x0900-0x093f] has been reserved
> [   12.351164] system 00:04: [io  0x0d00-0x0dfe] has been reserved
> [   12.357221] system 00:04: [io  0x0dff] has been reserved
> [   12.362670] system 00:04: [io  0x0e00-0x0efe] has been reserved
> [   12.368729] system 00:04: [io  0x0eff] has been reserved
> [   12.374175] system 00:04: [io  0x040b] has been reserved
> [   12.379622] system 00:04: [io  0x04d6] has been reserved
> [   12.385072] system 00:04: [io  0x04d0-0x04d1] has been reserved
> [   12.391130] system 00:04: [io  0x0c00-0x0c01] has been reserved
> [   12.397187] system 00:04: [io  0x0c14] has been reserved
> [   12.402635] system 00:04: [io  0x0c50-0x0c52] has been reserved
> [   12.408693] system 00:04: [io  0x0c6c] has been reserved
> [   12.414141] system 00:04: [io  0x0c6f] has been reserved
> [   12.419592] system 00:04: [io  0x0cd2-0x0cd3] has been reserved
> [   12.425648] system 00:04: [io  0x0cd8-0x0cdb] has been reserved
> [   12.431704] system 00:04: [io  0x0cdc-0x0cdf] has been reserved
> [   12.437762] system 00:04: [io  0x0cd0-0x0cd1] has been reserved
> [   12.443817] system 00:04: [io  0x0cd4-0x0cd5] has been reserved
> [   12.449875] system 00:04: [io  0x0cd6-0x0cd7] has been reserved
> [   12.455932] system 00:04: [io  0x0ca0-0x0ca7] has been reserved
> [   12.461990] system 00:04: [io  0x0ca9-0x0cab] has been reserved
> [   12.468050] system 00:04: [io  0x0cad-0x0caf] has been reserved
> [   12.474105] system 00:04: [io  0x0cb0-0x0cb7] has been reserved
> [   12.480162] system 00:04: [io  0x0950] has been reserved
> [   12.485614] system 00:04: Plug and Play ACPI device, IDs PNP0c01 (active)
> [   12.485684] pnp 00:05: [irq 0 disabled]
> [   12.485731] system 00:05: [io  0x0ca8] has been reserved
> [   12.491186] system 00:05: [io  0x0cac] has been reserved
> [   12.496640] system 00:05: Plug and Play ACPI device, IDs IPI0001 PNP0c01 (active)
> [   12.500499] pnp: PnP ACPI: found 6 devices
> [   12.507178] thermal_sys: Registered thermal governor 'step_wise'
> [   12.507179] thermal_sys: Registered thermal governor 'user_space'
> [   12.517863] clocksource: acpi_pm: mask: 0xffffff max_cycles: 0xffffff, max_idle_ns: 2085701024 ns
> [   12.533199] pci 0000:22:00.1: can't claim BAR 6 [mem 0xe1f00000-0xe1f7ffff pref]: address conflict with 0000:22:00.0 [mem 0xe1f00000-0xe1f7ffff pref]
> [   12.546824] pci 0000:00:02.0: PCI bridge to [bus 01]
> [   12.551927] pci 0000:00:02.0:   bridge window [mem 0xe6000000-0xe9ffffff]
> [   12.558857] pci 0000:00:03.0: PCI bridge to [bus 02]
> [   12.563959] pci 0000:00:03.0:   bridge window [mem 0xea000000-0xedffffff]
> [   12.570888] pci 0000:04:00.0: PCI bridge to [bus 05]
> [   12.575987] pci 0000:04:00.0:   bridge window [io  0xf000-0xffff]
> [   12.582219] pci 0000:04:00.0:   bridge window [mem 0xef000000-0xef1fffff]
> [   12.589148] pci 0000:04:01.0: PCI bridge to [bus 06]
> [   12.594255] pci 0000:04:04.0: PCI bridge to [bus 07]
> [   12.599364] pci 0000:04:05.0: PCI bridge to [bus 08]
> [   12.604465] pci 0000:04:05.0:   bridge window [io  0xe000-0xefff]
> [   12.610697] pci 0000:04:05.0:   bridge window [mem 0xef200000-0xef2fffff]
> [   12.617624] pci 0000:04:05.0:   bridge window [mem 0xe2000000-0xe3ffffff 64bit pref]
> [   12.625589] pci 0000:03:00.0: PCI bridge to [bus 04-08]
> [   12.630948] pci 0000:03:00.0:   bridge window [io  0xe000-0xffff]
> [   12.637180] pci 0000:03:00.0:   bridge window [mem 0xef000000-0xef2fffff]
> [   12.644109] pci 0000:03:00.0:   bridge window [mem 0xe2000000-0xe3ffffff 64bit pref]
> [   12.652072] pci 0000:00:04.0: PCI bridge to [bus 03-08]
> [   12.657434] pci 0000:00:04.0:   bridge window [io  0xe000-0xffff]
> [   12.663665] pci 0000:00:04.0:   bridge window [mem 0xef000000-0xef3fffff]
> [   12.670593] pci 0000:00:04.0:   bridge window [mem 0xe2000000-0xe3ffffff 64bit pref]
> [   12.678556] pci 0000:00:09.0: PCI bridge to [bus 09]
> [   12.683663] pci 0000:0a:03.0: BAR 6: assigned [mem 0xee800000-0xee80ffff pref]
> [   12.691103] pci 0000:00:14.4: PCI bridge to [bus 0a]
> [   12.696207] pci 0000:00:14.4:   bridge window [mem 0xee000000-0xeeffffff]
> [   12.703132] pci 0000:00:14.4:   bridge window [mem 0xe4000000-0xe47fffff pref]
> [   12.710582] pci_bus 0000:00: resource 4 [io  0x0000-0x03af window]
> [   12.716897] pci_bus 0000:00: resource 5 [io  0x03e0-0x0cf7 window]
> [   12.723215] pci_bus 0000:00: resource 6 [io  0x03b0-0x03df window]
> [   12.729533] pci_bus 0000:00: resource 7 [io  0xd000-0xffff window]
> [   12.735850] pci_bus 0000:00: resource 8 [io  0x0d00-0x0fff window]
> [   12.742167] pci_bus 0000:00: resource 9 [mem 0x000a0000-0x000bffff window]
> [   12.749181] pci_bus 0000:00: resource 10 [mem 0xfec00000-0xfec7ffff window]
> [   12.756281] pci_bus 0000:00: resource 11 [mem 0xfec80000-0xfecbffff window]
> [   12.763385] pci_bus 0000:00: resource 12 [mem 0xe6000000-0xef4fffff window]
> [   12.770485] pci_bus 0000:00: resource 13 [mem 0xe2000000-0xe47fffff window]
> [   12.777585] pci_bus 0000:00: resource 14 [mem 0xfed40000-0xfed44fff window]
> [   12.784686] pci_bus 0000:01: resource 1 [mem 0xe6000000-0xe9ffffff]
> [   12.791091] pci_bus 0000:02: resource 1 [mem 0xea000000-0xedffffff]
> [   12.797498] pci_bus 0000:03: resource 0 [io  0xe000-0xffff]
> [   12.803206] pci_bus 0000:03: resource 1 [mem 0xef000000-0xef3fffff]
> [   12.809608] pci_bus 0000:03: resource 2 [mem 0xe2000000-0xe3ffffff 64bit pref]
> [   12.817048] pci_bus 0000:04: resource 0 [io  0xe000-0xffff]
> [   12.822756] pci_bus 0000:04: resource 1 [mem 0xef000000-0xef2fffff]
> [   12.829160] pci_bus 0000:04: resource 2 [mem 0xe2000000-0xe3ffffff 64bit pref]
> [   12.836599] pci_bus 0000:05: resource 0 [io  0xf000-0xffff]
> [   12.842314] pci_bus 0000:05: resource 1 [mem 0xef000000-0xef1fffff]
> [   12.848718] pci_bus 0000:08: resource 0 [io  0xe000-0xefff]
> [   12.854425] pci_bus 0000:08: resource 1 [mem 0xef200000-0xef2fffff]
> [   12.860827] pci_bus 0000:08: resource 2 [mem 0xe2000000-0xe3ffffff 64bit pref]
> [   12.868273] pci_bus 0000:0a: resource 1 [mem 0xee000000-0xeeffffff]
> [   12.874674] pci_bus 0000:0a: resource 2 [mem 0xe4000000-0xe47fffff pref]
> [   12.881514] pci_bus 0000:0a: resource 4 [io  0x0000-0x03af window]
> [   12.887830] pci_bus 0000:0a: resource 5 [io  0x03e0-0x0cf7 window]
> [   12.894147] pci_bus 0000:0a: resource 6 [io  0x03b0-0x03df window]
> [   12.900464] pci_bus 0000:0a: resource 7 [io  0xd000-0xffff window]
> [   12.906780] pci_bus 0000:0a: resource 8 [io  0x0d00-0x0fff window]
> [   12.913098] pci_bus 0000:0a: resource 9 [mem 0x000a0000-0x000bffff window]
> [   12.920111] pci_bus 0000:0a: resource 10 [mem 0xfec00000-0xfec7ffff window]
> [   12.927212] pci_bus 0000:0a: resource 11 [mem 0xfec80000-0xfecbffff window]
> [   12.934317] pci_bus 0000:0a: resource 12 [mem 0xe6000000-0xef4fffff window]
> [   12.941417] pci_bus 0000:0a: resource 13 [mem 0xe2000000-0xe47fffff window]
> [   12.948519] pci_bus 0000:0a: resource 14 [mem 0xfed40000-0xfed44fff window]
> [   12.955680] pci 0000:20:02.0: PCI bridge to [bus 21]
> [   12.960789] pci 0000:22:00.1: BAR 6: no space for [mem size 0x00080000 pref]
> [   12.967977] pci 0000:22:00.1: BAR 6: failed to assign [mem size 0x00080000 pref]
> [   12.975588] pci 0000:22:00.0: BAR 7: no space for [mem size 0x00100000 64bit]
> [   12.982862] pci 0000:22:00.0: BAR 7: failed to assign [mem size 0x00100000 64bit]
> [   12.990562] pci 0000:22:00.0: BAR 10: no space for [mem size 0x00100000 64bit]
> [   12.998004] pci 0000:22:00.0: BAR 10: failed to assign [mem size 0x00100000 64bit]
> [   13.005791] pci 0000:22:00.1: BAR 7: no space for [mem size 0x00100000 64bit]
> [   13.013065] pci 0000:22:00.1: BAR 7: failed to assign [mem size 0x00100000 64bit]
> [   13.020766] pci 0000:22:00.1: BAR 10: no space for [mem size 0x00100000 64bit]
> [   13.028207] pci 0000:22:00.1: BAR 10: failed to assign [mem size 0x00100000 64bit]
> [   13.035994] pci 0000:20:03.0: PCI bridge to [bus 22]
> [   13.041096] pci 0000:20:03.0:   bridge window [io  0xc000-0xcfff]
> [   13.047328] pci 0000:20:03.0:   bridge window [mem 0xe1e00000-0xe1ffffff]
> [   13.054256] pci 0000:20:0b.0: PCI bridge to [bus 23]
> [   13.059357] pci_bus 0000:20: Some PCI device resources are unassigned, try booting with pci=realloc
> [   13.068620] pci_bus 0000:20: resource 4 [io  0xc000-0xcfff window]
> [   13.074938] pci_bus 0000:20: resource 5 [mem 0xfecc0000-0xfecfffff window]
> [   13.081957] pci_bus 0000:20: resource 6 [mem 0xe1e00000-0xe1ffffff window]
> [   13.088969] pci_bus 0000:22: resource 0 [io  0xc000-0xcfff]
> [   13.094677] pci_bus 0000:22: resource 1 [mem 0xe1e00000-0xe1ffffff]
> [   13.101287] NET: Registered protocol family 2
> [   13.106437] tcp_listen_portaddr_hash hash table entries: 65536 (order: 8, 1048576 bytes, vmalloc)
> [   13.116366] TCP established hash table entries: 524288 (order: 10, 4194304 bytes, vmalloc)
> [   13.127330] TCP bind hash table entries: 65536 (order: 8, 1048576 bytes, vmalloc)
> [   13.136904] TCP: Hash tables configured (established 524288 bind 65536)
> [   13.143916] UDP hash table entries: 65536 (order: 9, 2097152 bytes, vmalloc)
> [   13.152024] UDP-Lite hash table entries: 65536 (order: 9, 2097152 bytes, vmalloc)
> [   13.237183] pci 0000:00:12.0: quirk_usb_early_handoff+0x0/0x690 took 74542 usecs
> [   13.245965] pci 0000:0a:03.0: Video device with shadowed ROM at [mem 0x000c0000-0x000dffff]
> [   13.254559] PCI: CLS 64 bytes, default 64
> [   13.258771] Trying to unpack rootfs image as initramfs...
> [   13.373303] Freeing initrd memory: 5136K
> [   13.379129] PCI-DMA: Disabling AGP.
> [   13.383000] PCI-DMA: aperture base @ c4000000 size 65536 KB
> [   13.388713] PCI-DMA: using GART IOMMU.
> [   13.392632] PCI-DMA: Reserving 64MB of IOMMU area in the AGP aperture
> [   13.403134] amd_uncore: AMD NB counters detected
> [   13.410789] LVT offset 0 assigned for vector 0x400
> [   13.416985] perf: AMD IBS detected (0x000000ff)
> [   13.423782] workingset: timestamp_bits=40 max_order=27 bucket_order=0
> [   13.431861] SGI XFS with ACLs, security attributes, realtime, no debug enabled
> [   13.440726] Block layer SCSI generic (bsg) driver version 0.4 loaded (major 249)
> [   13.448808] io scheduler mq-deadline registered
> [   13.453475] io scheduler kyber registered
> [   13.459211] PCI Interrupt Link [LN52] enabled at IRQ 52
> [   13.464685] pcieport 0000:00:02.0: PME: Signaling with IRQ 25
> [   13.470695] pcieport 0000:00:02.0: AER: enabled with IRQ 25
> [   13.476604] pcieport 0000:00:03.0: PME: Signaling with IRQ 26
> [   13.482585] pcieport 0000:00:03.0: AER: enabled with IRQ 26
> [   13.488478] pcieport 0000:00:04.0: PME: Signaling with IRQ 27
> [   13.494483] pcieport 0000:00:04.0: AER: enabled with IRQ 27
> [   13.500367] PCI Interrupt Link [LN53] enabled at IRQ 53
> [   13.505797] pcieport 0000:00:09.0: PME: Signaling with IRQ 29
> [   13.511780] pcieport 0000:00:09.0: AER: enabled with IRQ 29
> [   13.517684] PCI Interrupt Link [LN44] enabled at IRQ 44
> [   13.523434] PCI Interrupt Link [LN45] enabled at IRQ 45
> [   13.529480] PCI Interrupt Link [LN84] enabled at IRQ 84
> [   13.535025] pcieport 0000:20:02.0: PME: Signaling with IRQ 38
> [   13.541037] pcieport 0000:20:02.0: AER: enabled with IRQ 38
> [   13.546959] pcieport 0000:20:03.0: PME: Signaling with IRQ 39
> [   13.552952] pcieport 0000:20:03.0: AER: enabled with IRQ 39
> [   13.558844] PCI Interrupt Link [LN86] enabled at IRQ 86
> [   13.564285] pcieport 0000:20:0b.0: PME: Signaling with IRQ 41
> [   13.570276] pcieport 0000:20:0b.0: AER: enabled with IRQ 41
> [   13.576106] IPMI message handler: version 39.2
> [   13.580700] ipmi device interface
> [   13.584190] ipmi_si: IPMI System Interface driver
> [   13.589036] ipmi_si dmi-ipmi-si.0: ipmi_platform: probing via SMBIOS
> [   13.595531] ipmi_si dmi-ipmi-si.0: IRQ index 0 not found
> [   13.600980] ipmi_platform: ipmi_si: SMBIOS: io 0xca8 regsize 1 spacing 4 irq 0
> [   13.608425] ipmi_si: Adding SMBIOS-specified kcs state machine
> [   13.614441] ipmi_si: Trying SMBIOS-specified kcs state machine at i/o address 0xca8, slave address 0x20, irq 0
> [   13.719025] ipmi_si dmi-ipmi-si.0: IPMI message handler: Found new BMC (man_id: 0x0002a2, prod_id: 0x0100, dev_id: 0x20)
> [   13.850173] ipmi_si dmi-ipmi-si.0: IPMI kcs interface initialized
> [   13.859889] IPMI Watchdog: driver initialized
> [   13.864384] IPMI poweroff: Copyright (C) 2004 MontaVista Software - IPMI Powerdown via sys_reboot
> [   13.881130] IPMI poweroff: ATCA Detect mfg 0x2A2 prod 0x100
> [   13.886841] IPMI poweroff: Found a chassis style poweroff function
> [   13.893324] input: Power Button as /devices/LNXSYSTM:00/LNXPWRBN:00/input/input0
> [   13.901038] ACPI: Power Button [PWRF]
> [   13.911139] Serial: 8250/16550 driver, 4 ports, IRQ sharing disabled
> [   13.938238] 00:02: ttyS0 at I/O 0x3f8 (irq = 4, base_baud = 115200) is a 16550A
> [   13.966495] 00:03: ttyS1 at I/O 0x2f8 (irq = 3, base_baud = 115200) is a 16550A
> [   13.974870] lp: driver loaded but no devices found
> [   13.980046] Linux agpgart interface v0.103
> [   13.999315] brd: module loaded
> [   14.012590] loop: module loaded
> [   14.037775] drbd: initialized. Version: 8.4.11 (api:1/proto:86-101)
> [   14.044183] drbd: built-in
> [   14.047021] drbd: registered as block device major 147
> [   14.052422] Uniform Multi-Platform E-IDE driver
> [   14.057400] ide_generic: please use "probe_mask=0x3f" module parameter for probing all legacy ISA IDE ports
> [   14.067373] legacy IDE will be removed in 2021, please switch to libata
> [   14.067373] Report any missing HW support to linux-ide@vger.kernel.org
> [   14.080734] Probing IDE interface ide0...
> [   14.478135] tsc: Refined TSC clocksource calibration: 2300.027 MHz
> [   14.484532] clocksource: tsc: mask: 0xffffffffffffffff max_cycles: 0x21274ea066d, max_idle_ns: 440795221700 ns
> [   14.495544] clocksource: Switched to clocksource tsc
> [   14.603225] ide0 at 0x1f0-0x1f7,0x3f6 on irq 14
> [   14.607930] legacy IDE will be removed in 2021, please switch to libata
> [   14.607930] Report any missing HW support to linux-ide@vger.kernel.org
> [   14.621288] Probing IDE interface ide1...
> [   15.144217] ide1 at 0x170-0x177,0x376 on irq 15
> [   15.148905] ide-gd driver 1.18
> [   15.152097] ide-cd driver 5.00
> [   15.155629] megaraid cmm: 2.20.2.7 (Release Date: Sun Jul 16 00:01:03 EST 2006)
> [   15.163311] megaraid: 2.20.5.1 (Release Date: Thu Nov 16 15:32:35 EST 2006)
> [   15.170436] megasas: 07.710.50.00-rc1
> [   15.174266] mpt3sas version 31.100.00.00 loaded
> [   15.179223] mpt3sas 0000:05:00.0: can't disable ASPM; OS doesn't have ASPM control
> [   15.187533] mpt2sas_cm0: 64 BIT PCI BUS DMA ADDRESSING SUPPORTED, total mem (528085316 kB)
> [   15.254376] mpt2sas_cm0: CurrentHostPageSize is 0: Setting default host page size to 4k
> [   15.262624] mpt2sas_cm0: MSI-X vectors supported: 1
> [   15.267643] 	 no of cores: 64, max_msix_vectors: -1
> [   15.272653] mpt2sas_cm0:  0 1
> [   15.275841] mpt2sas_cm0: High IOPs queues : disabled
> [   15.280939] mpt2sas0-msix0: PCI-MSI-X enabled: IRQ 42
> [   15.286124] mpt2sas_cm0: iomem(0x00000000ef1f0000), mapped(0x(____ptrval____)), size(65536)
> [   15.294693] mpt2sas_cm0: ioport(0x000000000000fc00), size(256)
> [   15.359374] mpt2sas_cm0: CurrentHostPageSize is 0: Setting default host page size to 4k
> [   15.367622] mpt2sas_cm0: sending diag reset !!
> [   16.696995] mpt2sas_cm0: diag reset: SUCCESS
> [   16.737401] mpt2sas_cm0: Allocated physical memory: size(1283 kB)
> [   16.743635] mpt2sas_cm0: Current Controller Queue Depth(2552),Max Controller Queue Depth(2607)
> [   16.752461] mpt2sas_cm0: Scatter Gather Elements per IO(128)
> [   16.806307] mpt2sas_cm0: log_info(0x30030100): originator(IOP), code(0x03), sub_code(0x0100)
> [   16.814008] mpt2sas_cm0: log_info(0x30030100): originator(IOP), code(0x03), sub_code(0x0100)
> [   16.815113] mpt2sas_cm0: LSISAS2008: FWVersion(07.15.08.00), ChipRevision(0x03), BiosVersion(07.11.10.00)
> [   16.833469] mpt2sas_cm0: Protocol=(Initiator,Target), Capabilities=(Raid,TLR,EEDP,Snapshot Buffer,Diag Trace Buffer,Task Set Full,NCQ)
> [   16.845960] scsi host0: Fusion MPT SAS Host
> [   16.851414] mpt2sas_cm0: sending port enable !!
> [   16.853069] tun: Universal TUN/TAP device driver, 1.6
> [   16.861555] bnx2: QLogic bnx2 Gigabit Ethernet Driver v2.2.6 (January 29, 2014)
> [   16.869250] PCI Interrupt Link [LN24] enabled at IRQ 24
> [   16.875094] bnx2 0000:01:00.0 eth0: Broadcom NetXtreme II BCM5709 1000Base-T (C0) PCI Express found at mem e6000000, IRQ 43, node addr d4:ae:52:e7:19:3e
> [   16.889219] PCI Interrupt Link [LN25] enabled at IRQ 25
> [   16.895071] bnx2 0000:01:00.1 eth1: Broadcom NetXtreme II BCM5709 1000Base-T (C0) PCI Express found at mem e8000000, IRQ 44, node addr d4:ae:52:e7:19:40
> [   16.909195] PCI Interrupt Link [LN28] enabled at IRQ 28
> [   16.915006] bnx2 0000:02:00.0 eth2: Broadcom NetXtreme II BCM5709 1000Base-T (C0) PCI Express found at mem ea000000, IRQ 45, node addr d4:ae:52:e7:19:42
> [   16.929083] PCI Interrupt Link [LN29] enabled at IRQ 29
> [   16.934889] bnx2 0000:02:00.1 eth3: Broadcom NetXtreme II BCM5709 1000Base-T (C0) PCI Express found at mem ec000000, IRQ 46, node addr d4:ae:52:e7:19:44
> [   16.948886] bnx2x: QLogic 5771x/578xx 10/20-Gigabit Ethernet Driver bnx2x 1.713.36-0 (2014/02/10)
> [   16.958532] e100: Intel(R) PRO/100 Network Driver, 3.5.24-k2-NAPI
> [   16.964764] e100: Copyright(c) 1999-2006 Intel Corporation
> [   16.970410] e1000: Intel(R) PRO/1000 Network Driver - version 7.3.21-k8-NAPI
> [   16.977593] e1000: Copyright (c) 1999-2006 Intel Corporation.
> [   16.983501] e1000e: Intel(R) PRO/1000 Network Driver - 3.2.6-k
> [   16.989467] e1000e: Copyright(c) 1999 - 2015 Intel Corporation.
> [   16.995553] igb: Intel(R) Gigabit Ethernet Network Driver - version 5.6.0-k
> [   17.002659] igb: Copyright (c) 2007-2014 Intel Corporation.
> [   17.008393] igbvf: Intel(R) Gigabit Virtual Function Network Driver - version 2.4.0-k
> [   17.016436] igbvf: Copyright (c) 2009 - 2012 Intel Corporation.
> [   17.022537] sky2: driver version 1.30
> [   17.026570] Fusion MPT base driver 3.04.20
> [   17.030799] Copyright (c) 1999-2008 LSI Corporation
> [   17.035816] Fusion MPT SPI Host driver 3.04.20
> [   17.040418] Fusion MPT FC Host driver 3.04.20
> [   17.044931] Fusion MPT SAS Host driver 3.04.20
> [   17.049533] Fusion MPT misc device (ioctl) driver 3.04.20
> [   17.055192] mptctl: Registered with Fusion MPT base driver
> [   17.060816] mptctl: /dev/mptctl @ (major,minor=10,220)
> [   17.066102] ehci_hcd: USB 2.0 'Enhanced' Host Controller (EHCI) Driver
> [   17.072776] ehci-pci: EHCI PCI platform driver
> [   17.077608] ehci-pci 0000:00:12.2: EHCI Host Controller
> [   17.082979] ehci-pci 0000:00:12.2: new USB bus registered, assigned bus number 1
> [   17.090590] ehci-pci 0000:00:12.2: applying AMD SB700/SB800/Hudson-2/3 EHCI dummy qh workaround
> [   17.099517] ehci-pci 0000:00:12.2: debug port 1
> [   17.104234] ehci-pci 0000:00:12.2: irq 17, io mem 0xef4ffe00
> [   17.117130] ehci-pci 0000:00:12.2: USB 2.0 started, EHCI 1.00
> [   17.123285] hub 1-0:1.0: USB hub found
> [   17.127177] hub 1-0:1.0: 6 ports detected
> [   17.131767] ehci-pci 0000:00:13.2: EHCI Host Controller
> [   17.138633] ehci-pci 0000:00:13.2: new USB bus registered, assigned bus number 2
> [   17.146247] ehci-pci 0000:00:13.2: applying AMD SB700/SB800/Hudson-2/3 EHCI dummy qh workaround
> [   17.155175] ehci-pci 0000:00:13.2: debug port 1
> [   17.159884] ehci-pci 0000:00:13.2: irq 19, io mem 0xef4fff00
> [   17.172132] ehci-pci 0000:00:13.2: USB 2.0 started, EHCI 1.00
> [   17.178276] hub 2-0:1.0: USB hub found
> [   17.182166] hub 2-0:1.0: 6 ports detected
> [   17.186658] ohci_hcd: USB 1.1 'Open' Host Controller (OHCI) Driver
> [   17.193004] ohci-pci: OHCI PCI platform driver
> [   17.197784] ohci-pci 0000:00:12.0: OHCI PCI host controller
> [   17.203502] ohci-pci 0000:00:12.0: new USB bus registered, assigned bus number 3
> [   17.211150] ohci-pci 0000:00:12.0: irq 16, io mem 0xef4fb000
> [   17.272383] hub 3-0:1.0: USB hub found
> [   17.276279] hub 3-0:1.0: 3 ports detected
> [   17.280764] ohci-pci 0000:00:12.1: OHCI PCI host controller
> [   17.286478] ohci-pci 0000:00:12.1: new USB bus registered, assigned bus number 4
> [   17.294115] ohci-pci 0000:00:12.1: irq 16, io mem 0xef4fc000
> [   17.355384] hub 4-0:1.0: USB hub found
> [   17.359279] hub 4-0:1.0: 3 ports detected
> [   17.363772] ohci-pci 0000:00:13.0: OHCI PCI host controller
> [   17.369485] ohci-pci 0000:00:13.0: new USB bus registered, assigned bus number 5
> [   17.377132] ohci-pci 0000:00:13.0: irq 18, io mem 0xef4fd000
> [   17.404317] ide0: unexpected interrupt, status=0xff, count=1
> [   17.438382] hub 5-0:1.0: USB hub found
> [   17.442275] hub 5-0:1.0: 3 ports detected
> [   17.446782] ohci-pci 0000:00:13.1: OHCI PCI host controller
> [   17.452496] ohci-pci 0000:00:13.1: new USB bus registered, assigned bus number 6
> [   17.460131] ohci-pci 0000:00:13.1: irq 18, io mem 0xef4fe000
> [   17.521166] usb 2-2: new high-speed USB device number 2 using ehci-pci
> [   17.528090] hub 6-0:1.0: USB hub found
> [   17.531990] hub 6-0:1.0: 3 ports detected
> [   17.536437] uhci_hcd: USB Universal Host Controller Interface driver
> [   17.543059] usbcore: registered new interface driver usb-storage
> [   17.544055] hub 2-2:1.0: USB hub found
> [   17.549236] usbcore: registered new interface driver ftdi_sio
> [   17.553522] hub 2-2:1.0: 4 ports detected
> [   17.559005] usbserial: USB Serial support registered for FTDI USB Serial Device
> [   17.570718] usbcore: registered new interface driver omninet
> [   17.576517] usbserial: USB Serial support registered for ZyXEL - omni.net lcd plus usb
> [   17.584690] i8042: PNP: No PS/2 controller found.
> [   17.589527] i8042: Probing ports directly.
> [   17.596704] serio: i8042 KBD port at 0x60,0x64 irq 1
> [   17.601812] serio: i8042 AUX port at 0x60,0x64 irq 12
> [   17.607346] rtc_cmos 00:01: RTC can wake from S4
> [   17.612278] rtc_cmos 00:01: registered as rtc0
> [   17.616875] rtc_cmos 00:01: alarms up to one day, y3k, 242 bytes nvram, hpet irqs
> [   17.624730] piix4_smbus 0000:00:14.0: SMBus Host Controller at 0x900, revision 0
> [   17.632381] piix4_smbus 0000:00:14.0: Auxiliary SMBus Host Controller at 0x920
> [   17.640091] iTCO_wdt: Intel TCO WatchDog Timer Driver v1.11
> [   17.645806] iTCO_vendor_support: vendor-support=0
> [   17.650674] nv_tco: NV TCO WatchDog Timer Driver v0.01
> [   17.656687] EDAC amd64: Node 0: DRAM ECC enabled.
> [   17.661966] EDAC amd64: F15h detected (node 0).
> [   17.666690] EDAC MC: DCT0 chip selects:
> [   17.666691] EDAC amd64: MC: 0:  8192MB 1:  8192MB
> [   17.671528] EDAC amd64: MC: 2:  8192MB 3:  8192MB
> [   17.676376] EDAC amd64: MC: 4:     0MB 5:     0MB
> [   17.681215] EDAC amd64: MC: 6:     0MB 7:     0MB
> [   17.686053] EDAC MC: DCT1 chip selects:
> [   17.686054] EDAC amd64: MC: 0:  8192MB 1:  8192MB
> [   17.690914] EDAC amd64: MC: 2:  8192MB 3:  8192MB
> [   17.695752] EDAC amd64: MC: 4:     0MB 5:     0MB
> [   17.700592] EDAC amd64: MC: 6:     0MB 7:     0MB
> [   17.705440] EDAC amd64: using x8 syndromes.
> [   17.709767] EDAC amd64: MCT channel count: 2
> [   17.710026] usb 4-1: new full-speed USB device number 2 using ohci-pci
> [   17.714572] EDAC MC0: Giving out device to module amd64_edac controller F15h: DEV 0000:00:18.3 (INTERRUPT)
> [   17.730872] EDAC amd64: Node 1: DRAM ECC enabled.
> [   17.735717] EDAC amd64: F15h detected (node 1).
> [   17.740443] EDAC MC: DCT0 chip selects:
> [   17.740444] EDAC amd64: MC: 0:  8192MB 1:  8192MB
> [   17.745285] EDAC amd64: MC: 2:  8192MB 3:  8192MB
> [   17.750130] EDAC amd64: MC: 4:     0MB 5:     0MB
> [   17.754969] EDAC amd64: MC: 6:     0MB 7:     0MB
> [   17.759812] EDAC MC: DCT1 chip selects:
> [   17.759813] EDAC amd64: MC: 0:  8192MB 1:  8192MB
> [   17.764656] EDAC amd64: MC: 2:  8192MB 3:  8192MB
> [   17.769494] EDAC amd64: MC: 4:     0MB 5:     0MB
> [   17.774336] EDAC amd64: MC: 6:     0MB 7:     0MB
> [   17.779179] EDAC amd64: using x8 syndromes.
> [   17.783495] EDAC amd64: MCT channel count: 2
> [   17.788046] EDAC MC1: Giving out device to module amd64_edac controller F15h: DEV 0000:00:19.3 (INTERRUPT)
> [   17.798020] EDAC amd64: Node 2: DRAM ECC enabled.
> [   17.802858] EDAC amd64: F15h detected (node 2).
> [   17.807579] EDAC MC: DCT0 chip selects:
> [   17.807580] EDAC amd64: MC: 0:  8192MB 1:  8192MB
> [   17.812417] EDAC amd64: MC: 2:  8192MB 3:  8192MB
> [   17.817255] EDAC amd64: MC: 4:     0MB 5:     0MB
> [   17.822094] EDAC amd64: MC: 6:     0MB 7:     0MB
> [   17.826930] EDAC MC: DCT1 chip selects:
> [   17.826931] EDAC amd64: MC: 0:  8192MB 1:  8192MB
> [   17.831771] EDAC amd64: MC: 2:  8192MB 3:  8192MB
> [   17.836608] EDAC amd64: MC: 4:     0MB 5:     0MB
> [   17.841453] EDAC amd64: MC: 6:     0MB 7:     0MB
> [   17.846292] EDAC amd64: using x8 syndromes.
> [   17.850609] EDAC amd64: MCT channel count: 2
> [   17.855162] EDAC MC2: Giving out device to module amd64_edac controller F15h: DEV 0000:00:1a.3 (INTERRUPT)
> [   17.865146] EDAC amd64: Node 3: DRAM ECC enabled.
> [   17.869986] EDAC amd64: F15h detected (node 3).
> [   17.874723] EDAC MC: DCT0 chip selects:
> [   17.874724] EDAC amd64: MC: 0:  8192MB 1:  8192MB
> [   17.879566] EDAC amd64: MC: 2:  8192MB 3:  8192MB
> [   17.884407] EDAC amd64: MC: 4:     0MB 5:     0MB
> [   17.889251] EDAC amd64: MC: 6:     0MB 7:     0MB
> [   17.894093] EDAC MC: DCT1 chip selects:
> [   17.894094] EDAC amd64: MC: 0:  8192MB 1:  8192MB
> [   17.898939] EDAC amd64: MC: 2:  8192MB 3:  8192MB
> [   17.903776] EDAC amd64: MC: 4:     0MB 5:     0MB
> [   17.908613] EDAC amd64: MC: 6:     0MB 7:     0MB
> [   17.913448] EDAC amd64: using x8 syndromes.
> [   17.917762] EDAC amd64: MCT channel count: 2
> [   17.922310] EDAC MC3: Giving out device to module amd64_edac controller F15h: DEV 0000:00:1b.3 (INTERRUPT)
> [   17.932288] EDAC amd64: Node 4: DRAM ECC enabled.
> [   17.937138] EDAC amd64: F15h detected (node 4).
> [   17.941861] EDAC MC: DCT0 chip selects:
> [   17.941862] EDAC amd64: MC: 0:  8192MB 1:  8192MB
> [   17.946697] EDAC amd64: MC: 2:  8192MB 3:  8192MB
> [   17.951536] EDAC amd64: MC: 4:     0MB 5:     0MB
> [   17.956373] EDAC amd64: MC: 6:     0MB 7:     0MB
> [   17.961209] EDAC MC: DCT1 chip selects:
> [   17.961210] EDAC amd64: MC: 0:  8192MB 1:  8192MB
> [   17.966046] EDAC amd64: MC: 2:  8192MB 3:  8192MB
> [   17.970885] EDAC amd64: MC: 4:     0MB 5:     0MB
> [   17.975722] EDAC amd64: MC: 6:     0MB 7:     0MB
> [   17.980559] EDAC amd64: using x8 syndromes.
> [   17.984875] EDAC amd64: MCT channel count: 2
> [   17.989426] EDAC MC4: Giving out device to module amd64_edac controller F15h: DEV 0000:00:1c.3 (INTERRUPT)
> [   17.999407] EDAC amd64: Node 5: DRAM ECC enabled.
> [   18.004252] EDAC amd64: F15h detected (node 5).
> [   18.008981] EDAC MC: DCT0 chip selects:
> [   18.008981] EDAC amd64: MC: 0:  8192MB 1:  8192MB
> [   18.013822] EDAC amd64: MC: 2:  8192MB 3:  8192MB
> [   18.018660] EDAC amd64: MC: 4:     0MB 5:     0MB
> [   18.023496] EDAC amd64: MC: 6:     0MB 7:     0MB
> [   18.028332] EDAC MC: DCT1 chip selects:
> [   18.028333] EDAC amd64: MC: 0:  8192MB 1:  8192MB
> [   18.033173] EDAC amd64: MC: 2:  8192MB 3:  8192MB
> [   18.038011] EDAC amd64: MC: 4:     0MB 5:     0MB
> [   18.042847] EDAC amd64: MC: 6:     0MB 7:     0MB
> [   18.047683] EDAC amd64: using x8 syndromes.
> [   18.052000] EDAC amd64: MCT channel count: 2
> [   18.056551] EDAC MC5: Giving out device to module amd64_edac controller F15h: DEV 0000:00:1d.3 (INTERRUPT)
> [   18.066525] EDAC amd64: Node 6: DRAM ECC enabled.
> [   18.071365] EDAC amd64: F15h detected (node 6).
> [   18.076090] EDAC MC: DCT0 chip selects:
> [   18.076091] EDAC amd64: MC: 0:  8192MB 1:  8192MB
> [   18.080930] EDAC amd64: MC: 2:  8192MB 3:  8192MB
> [   18.085767] EDAC amd64: MC: 4:     0MB 5:     0MB
> [   18.090607] EDAC amd64: MC: 6:     0MB 7:     0MB
> [   18.095447] EDAC MC: DCT1 chip selects:
> [   18.095448] EDAC amd64: MC: 0:  8192MB 1:  8192MB
> [   18.100287] EDAC amd64: MC: 2:  8192MB 3:  8192MB
> [   18.105124] EDAC amd64: MC: 4:     0MB 5:     0MB
> [   18.109959] EDAC amd64: MC: 6:     0MB 7:     0MB
> [   18.114796] EDAC amd64: using x8 syndromes.
> [   18.119111] EDAC amd64: MCT channel count: 2
> [   18.123674] EDAC MC6: Giving out device to module amd64_edac controller F15h: DEV 0000:00:1e.3 (INTERRUPT)
> [   18.133646] EDAC amd64: Node 7: DRAM ECC enabled.
> [   18.138490] EDAC amd64: F15h detected (node 7).
> [   18.143221] EDAC MC: DCT0 chip selects:
> [   18.143222] EDAC amd64: MC: 0:  8192MB 1:  8192MB
> [   18.148061] EDAC amd64: MC: 2:  8192MB 3:  8192MB
> [   18.152897] EDAC amd64: MC: 4:     0MB 5:     0MB
> [   18.157732] EDAC amd64: MC: 6:     0MB 7:     0MB
> [   18.162572] EDAC MC: DCT1 chip selects:
> [   18.162573] EDAC amd64: MC: 0:  8192MB 1:  8192MB
> [   18.167409] EDAC amd64: MC: 2:  8192MB 3:  8192MB
> [   18.172246] EDAC amd64: MC: 4:     0MB 5:     0MB
> [   18.177082] EDAC amd64: MC: 6:     0MB 7:     0MB
> [   18.181919] EDAC amd64: using x8 syndromes.
> [   18.186233] EDAC amd64: MCT channel count: 2
> [   18.190781] EDAC MC7: Giving out device to module amd64_edac controller F15h: DEV 0000:00:1f.3 (INTERRUPT)
> [   18.200663] EDAC PCI0: Giving out device to module amd64_edac controller EDAC PCI controller: DEV 0000:00:18.2 (POLLED)
> [   18.211666] AMD64 EDAC driver v3.5.0
> [   18.215388] hidraw: raw HID events driver (C) Jiri Kosina
> [   18.226839] input: Peppercon AG Multidevice as /devices/pci0000:00/0000:00:12.1/usb4/4-1/4-1:1.0/0003:14DD:0002.0001/input/input4
> [   18.292355] hid-generic 0003:14DD:0002.0001: input,hidraw0: USB HID v1.01 Keyboard [Peppercon AG Multidevice] on usb-0000:00:12.1-1/input0
> [   18.310747] input: Peppercon AG Multidevice as /devices/pci0000:00/0000:00:12.1/usb4/4-1/4-1:1.1/0003:14DD:0002.0002/input/input5
> [   18.322790] hid-generic 0003:14DD:0002.0002: input,hidraw1: USB HID v1.01 Mouse [Peppercon AG Multidevice] on usb-0000:00:12.1-1/input1
> [   18.335210] usbcore: registered new interface driver usbhid
> [   18.340916] usbhid: USB HID core driver
> [   18.344906] x86/pm: family 0x15 cpu detected, MSR saving is needed during suspending.
> [   18.353434] drop_monitor: Initializing network drop monitor service
> [   18.359932] Key type dns_resolver registered
> [   18.371495] microcode: CPU0: patch_level=0x0600063d
> [   18.376531] microcode: CPU1: patch_level=0x0600063d
> [   18.381633] microcode: CPU2: patch_level=0x0600063d
> [   18.386667] microcode: CPU3: patch_level=0x0600063d
> [   18.391684] microcode: CPU4: patch_level=0x0600063d
> [   18.396704] microcode: CPU5: patch_level=0x0600063d
> [   18.401803] microcode: CPU6: patch_level=0x0600063d
> [   18.406825] microcode: CPU7: patch_level=0x0600063d
> [   18.411925] microcode: CPU8: patch_level=0x0600063d
> [   18.416951] microcode: CPU9: patch_level=0x0600063d
> [   18.422053] microcode: CPU10: patch_level=0x0600063d
> [   18.427166] microcode: CPU11: patch_level=0x0600063d
> [   18.432354] microcode: CPU12: patch_level=0x0600063d
> [   18.437472] microcode: CPU13: patch_level=0x0600063d
> [   18.442659] microcode: CPU14: patch_level=0x0600063d
> [   18.447770] microcode: CPU15: patch_level=0x0600063d
> [   18.452953] microcode: CPU16: patch_level=0x0600063d
> [   18.458078] microcode: CPU17: patch_level=0x0600063d
> [   18.463266] microcode: CPU18: patch_level=0x0600063d
> [   18.468380] microcode: CPU19: patch_level=0x0600063d
> [   18.473565] microcode: CPU20: patch_level=0x0600063d
> [   18.477113] random: fast init done
> [   18.478676] microcode: CPU21: patch_level=0x0600063d
> [   18.482469] mpt2sas_cm0: host_add: handle(0x0001), sas_addr(0x5d4ae520b63a7d00), phys(8)
> [   18.487397] microcode: CPU22: patch_level=0x0600063d
> [   18.500759] microcode: CPU23: patch_level=0x0600063d
> [   18.505945] microcode: CPU24: patch_level=0x0600063d
> [   18.511070] microcode: CPU25: patch_level=0x0600063d
> [   18.516256] microcode: CPU26: patch_level=0x0600063d
> [   18.521377] microcode: CPU27: patch_level=0x0600063d
> [   18.526565] microcode: CPU28: patch_level=0x0600063d
> [   18.531680] microcode: CPU29: patch_level=0x0600063d
> [   18.536864] microcode: CPU30: patch_level=0x0600063d
> [   18.541978] microcode: CPU31: patch_level=0x0600063d
> [   18.547164] microcode: CPU32: patch_level=0x0600063d
> [   18.552286] microcode: CPU33: patch_level=0x0600063d
> [   18.557482] microcode: CPU34: patch_level=0x0600063d
> [   18.562596] microcode: CPU35: patch_level=0x0600063d
> [   18.567782] microcode: CPU36: patch_level=0x0600063d
> [   18.572893] microcode: CPU37: patch_level=0x0600063d
> [   18.578079] microcode: CPU38: patch_level=0x0600063d
> [   18.583192] microcode: CPU39: patch_level=0x0600063d
> [   18.588385] microcode: CPU40: patch_level=0x0600063d
> [   18.593514] microcode: CPU41: patch_level=0x0600063d
> [   18.598711] microcode: CPU42: patch_level=0x0600063d
> [   18.603832] microcode: CPU43: patch_level=0x0600063d
> [   18.609026] microcode: CPU44: patch_level=0x0600063d
> [   18.614144] microcode: CPU45: patch_level=0x0600063d
> [   18.619340] microcode: CPU46: patch_level=0x0600063d
> [   18.624455] microcode: CPU47: patch_level=0x0600063d
> [   18.629645] microcode: CPU48: patch_level=0x0600063d
> [   18.634767] microcode: CPU49: patch_level=0x0600063d
> [   18.639961] microcode: CPU50: patch_level=0x0600063d
> [   18.645073] microcode: CPU51: patch_level=0x0600063d
> [   18.650265] microcode: CPU52: patch_level=0x0600063d
> [   18.655378] microcode: CPU53: patch_level=0x0600063d
> [   18.660568] microcode: CPU54: patch_level=0x0600063d
> [   18.665681] microcode: CPU55: patch_level=0x0600063d
> [   18.670878] microcode: CPU56: patch_level=0x0600063d
> [   18.675993] microcode: CPU57: patch_level=0x0600063d
> [   18.681188] microcode: CPU58: patch_level=0x0600063d
> [   18.686301] microcode: CPU59: patch_level=0x0600063d
> [   18.691492] microcode: CPU60: patch_level=0x0600063d
> [   18.696606] microcode: CPU61: patch_level=0x0600063d
> [   18.701793] microcode: CPU62: patch_level=0x0600063d
> [   18.706910] microcode: CPU63: patch_level=0x0600063d
> [   18.712018] microcode: Microcode Update Driver: v2.2.
> [   18.712022] IPI shorthand broadcast: enabled
> [   18.721622] sched_clock: Marking stable (17365226192, 1356381533)->(19224558299, -502950574)
> [   18.730462] registered taskstats version 1
> [   18.735492] rtc_cmos 00:01: setting system clock to 2020-02-26T13:41:02 UTC (1582724462)
> [   24.610126] mpt2sas_cm0: port enable: SUCCESS
> [   24.616600] scsi 0:0:0:0: Direct-Access     ATA      ST9500620NS      AA08 PQ: 0 ANSI: 5
> [   24.624922] scsi 0:0:0:0: SATA: handle(0x000b), sas_addr(0x4433221107000000), phy(7), device_name(0xc500500013104e89)
> [   24.635748] scsi 0:0:0:0: enclosure logical id (0x5d4ae520b63a7d00), slot(0) 
> [   24.643205] scsi 0:0:0:0: atapi(n), ncq(y), asyn_notify(n), smart(y), fua(y), sw_preserve(y)
> [   24.736284] scsi 0:0:1:0: Direct-Access     ATA      ST1000LX015-1U71 SDM1 PQ: 0 ANSI: 5
> [   24.744620] scsi 0:0:1:0: SATA: handle(0x000a), sas_addr(0x4433221106000000), phy(6), device_name(0xc5005000a0cec450)
> [   24.755448] scsi 0:0:1:0: enclosure logical id (0x5d4ae520b63a7d00), slot(1) 
> [   24.762887] scsi 0:0:1:0: atapi(n), ncq(y), asyn_notify(n), smart(y), fua(y), sw_preserve(y)
> [   24.901740] scsi 0:0:0:0: Attached scsi generic sg0 type 0
> [   24.903798] sd 0:0:0:0: [sda] 976773168 512-byte logical blocks: (500 GB/466 GiB)
> [   24.907679] scsi 0:0:1:0: Attached scsi generic sg1 type 0
> [   24.945209] sd 0:0:1:0: [sdb] physical block alignment offset: 4096
> [   25.004345] sd 0:0:0:0: [sda] Write Protect is off
> [   25.009284] sd 0:0:0:0: [sda] Mode Sense: 7f 00 00 08
> [   25.010520] sd 0:0:0:0: [sda] Write cache: enabled, read cache: enabled, doesn't support DPO or FUA
> [   25.077163] sd 0:0:1:0: [sdb] 1953525168 512-byte logical blocks: (1.00 TB/932 GiB)
> [   25.085065] sd 0:0:1:0: [sdb] 4096-byte physical blocks
> [   25.114167]  sda: sda1 sda2 sda3
> [   25.214279] sd 0:0:0:0: [sda] Attached SCSI disk
> [   25.231754] sd 0:0:1:0: [sdb] Write Protect is off
> [   25.236694] sd 0:0:1:0: [sdb] Mode Sense: 7f 00 00 08
> [   25.319092] sd 0:0:1:0: [sdb] Write cache: enabled, read cache: enabled, doesn't support DPO or FUA
> [   26.407769] sd 0:0:1:0: [sdb] Attached SCSI disk
> [   26.415517] Freeing unused kernel image memory: 1620K
> [   26.420726] Write protecting the kernel read-only data: 20480k
> [   26.428057] Freeing unused kernel image memory: 2012K
> [   26.433809] Freeing unused kernel image memory: 448K
> [   26.438911] Run /init as init process
> [   26.736424] REISERFS (device sda1): found reiserfs format "3.6" with standard journal
> [   26.744541] REISERFS (device sda1): using ordered data mode
> [   26.750254] reiserfs: using flush barriers
> [   26.774588] REISERFS (device sda1): journal params: device sda1, size 8192, journal first block 18, max trans len 1024, max batch 900, max commit age 30, max trans age 30
> [   26.790467] REISERFS (device sda1): checking transaction log (sda1)
> [   26.837770] REISERFS (device sda1): Using r5 hash to sort names
> [   27.259924] random: crng init done
> [   28.180970] NET: Registered protocol family 10
> [   28.186621] Segment Routing with IPv6
> [   28.255949] NET: Registered protocol family 1
> [   30.276223] RPC: Registered named UNIX socket transport module.
> [   30.282288] RPC: Registered udp transport module.
> [   30.287130] RPC: Registered tcp transport module.
> [   30.291979] RPC: Registered tcp NFSv4.1 backchannel transport module.
> [   31.067402] Installing knfsd (copyright (C) 1996 okir@monad.swb.de).
> [   31.235841] reiserfs: enabling write barrier flush mode
> [   33.407424] acpi_cpufreq: overriding BIOS provided _PSD data
> [   33.537979] 3ware 9000 Storage Controller device driver for Linux v2.26.02.014.
> [   33.792779] ixgbe: Intel(R) 10 Gigabit PCI Express Network Driver - version 5.1.0-k
> [   33.800713] ixgbe: Copyright (c) 1999-2016 Intel Corporation.
> [   33.806021] 3w-9xxx: scsi1: AEN: INFO (0x04:0x0053): Battery capacity test is overdue:.
> [   33.807122] PCI Interrupt Link [LN60] enabled at IRQ 60
> [   33.918052] scsi host1: 3ware 9000 Storage Controller
> [   33.923468] 3w-9xxx: scsi1: Found a 3ware 9000 Storage Controller at 0xef2ff000, IRQ: 33.
> [   33.980609] ixgbe 0000:22:00.0: Multiqueue Enabled: Rx Queue count = 63, Tx Queue count = 63 XDP Queue count = 0
> [   33.991408] ixgbe 0000:22:00.0: 32.000 Gb/s available PCIe bandwidth (5 GT/s x8 link)
> [   33.999851] ixgbe 0000:22:00.0: MAC: 2, PHY: 20, SFP+: 5, PBA No: G18786-001
> [   34.007049] ixgbe 0000:22:00.0: 90:e2:ba:29:c5:64
> [   34.013851] ixgbe 0000:22:00.0: Intel(R) 10 Gigabit Network Connection
> [   34.020869] libphy: ixgbe-mdio: probed
> [   34.025106] PCI Interrupt Link [LN61] enabled at IRQ 61
> [   34.248118] 3w-9xxx: scsi1: Firmware FH9X 4.10.00.027, BIOS BE9X 4.08.00.004, Ports: 128.
> [   34.257279] scsi 1:0:0:0: Direct-Access     AMCC     9690SA-8E  DISK  4.10 PQ: 0 ANSI: 5
> [   34.277535] sd 1:0:0:0: Attached scsi generic sg2 type 0
> [   34.277930] sd 1:0:0:0: [sdc] 54687195136 512-byte logical blocks: (28.0 TB/25.5 TiB)
> [   34.291964] sd 1:0:0:0: [sdc] Write Protect is off
> [   34.296902] sd 1:0:0:0: [sdc] Mode Sense: 23 00 10 00
> [   34.298787] sd 1:0:0:0: [sdc] Write cache: enabled, read cache: enabled, supports DPO and FUA
> [   34.321474] sd 1:0:0:0: [sdc] Attached SCSI disk
> [   34.674220] kvm: Nested Virtualization enabled
> [   34.678845] kvm: Nested Paging enabled
> [   34.817754] mgag200 0000:0a:03.0: remove_conflicting_pci_framebuffers: bar 0: 0xe4000000 -> 0xe47fffff
> [   34.827341] mgag200 0000:0a:03.0: remove_conflicting_pci_framebuffers: bar 1: 0xeeffc000 -> 0xeeffffff
> [   34.836879] mgag200 0000:0a:03.0: remove_conflicting_pci_framebuffers: bar 2: 0xee000000 -> 0xee7fffff
> [   34.846416] mgag200 0000:0a:03.0: vgaarb: deactivate vga console
> [   34.854020] Console: switching to colour dummy device 80x25
> [   34.864389] [TTM] Zone  kernel: Available graphics memory: 264044698 KiB
> [   34.871091] [TTM] Zone   dma32: Available graphics memory: 2097152 KiB
> [   34.877625] [TTM] Initializing pool allocator
> [   34.881992] [TTM] Initializing DMA pool allocator
> [   34.921359] fbcon: mgag200drmfb (fb0) is primary device
> [   35.055137] Console: switching to colour frame buffer device 128x48
> [   35.068706] mgag200 0000:0a:03.0: fb0: mgag200drmfb frame buffer device
> [   35.166606] ixgbe 0000:22:00.1: Multiqueue Enabled: Rx Queue count = 63, Tx Queue count = 63 XDP Queue count = 0
> [   35.177511] ixgbe 0000:22:00.1: 32.000 Gb/s available PCIe bandwidth (5 GT/s x8 link)
> [   35.182160] [drm] Initialized mgag200 1.0.0 20110418 for 0000:0a:03.0 on minor 0
> [   35.190230] ixgbe 0000:22:00.1: MAC: 2, PHY: 1, PBA No: G18786-001
> [   35.203521] ixgbe 0000:22:00.1: 90:e2:ba:29:c5:65
> [   35.216639] ixgbe 0000:22:00.1: Intel(R) 10 Gigabit Network Connection
> [   35.224312] libphy: ixgbe-mdio: probed
> [   35.472259] ide0: unexpected interrupt, status=0xff, count=43
> [   36.139723] bnx2 0000:01:00.0 net00: renamed from eth0
> [   36.254989] bnx2 0000:01:00.1 net01: renamed from eth1
> [   36.356941] bnx2 0000:02:00.0 net02: renamed from eth2
> [   36.465943] bnx2 0000:02:00.1 net03: renamed from eth3
> [   36.571064] ixgbe 0000:22:00.0 net04: renamed from eth4
> [   36.675925] ixgbe 0000:22:00.1 net05: renamed from eth5
> [   37.965837] ixgbe 0000:22:00.0: registered PHC device on net04
> [   38.168759] ixgbe 0000:22:00.0 net04: detected SFP+: 5
> [   38.430243] ixgbe 0000:22:00.0 net04: NIC Link is Up 10 Gbps, Flow Control: RX/TX
> [   38.446742] 8021q: 802.1Q VLAN Support v1.8
> [   38.446759] 8021q: adding VLAN 0 to HW filter on device net04
> [   39.286874] REISERFS (device sda2): found reiserfs format "3.6" with standard journal
> [   39.286885] REISERFS (device sda2): using ordered data mode
> [   39.286886] reiserfs: using flush barriers
> [   39.302928] REISERFS (device sda2): journal params: device sda2, size 8192, journal first block 18, max trans len 1024, max batch 900, max commit age 30, max trans age 30
> [   39.303341] REISERFS (device sda2): checking transaction log (sda2)
> [   39.387036] REISERFS (device sda2): Using r5 hash to sort names
> [   39.461578] XFS (sdc): Mounting V4 Filesystem
> [   39.873345] XFS (sdc): Ending clean mount
> [   39.873426] xfs filesystem being mounted at /amd/enemenemuh/X/X2054 supports timestamps until 2038 (0x7fffffff)
> [   50.331767] NFSD: Using UMH upcall client tracking operations.
> [   50.331769] NFSD: starting 90-second grace period (net f0000098)
