Return-Path: <linux-kernel-owner@vger.kernel.org>
X-Original-To: lists+linux-kernel@lfdr.de
Delivered-To: lists+linux-kernel@lfdr.de
Received: from vger.kernel.org (vger.kernel.org [209.132.180.67])
	by mail.lfdr.de (Postfix) with ESMTP id F0E1B4C2AC
	for <lists+linux-kernel@lfdr.de>; Wed, 19 Jun 2019 23:03:44 +0200 (CEST)
Received: (majordomo@vger.kernel.org) by vger.kernel.org via listexpand
        id S1730329AbfFSVDc (ORCPT <rfc822;lists+linux-kernel@lfdr.de>);
        Wed, 19 Jun 2019 17:03:32 -0400
Received: from mx2.cyber.ee ([193.40.6.72]:41046 "EHLO mx2.cyber.ee"
        rhost-flags-OK-OK-OK-OK) by vger.kernel.org with ESMTP
        id S1726175AbfFSVDb (ORCPT <rfc822;linux-kernel@vger.kernel.org>);
        Wed, 19 Jun 2019 17:03:31 -0400
From:   Meelis Roos <mroos@linux.ee>
Subject: Bootup percpu allocation failures/crashes and idle crashes on Sun
 T5140
To:     "sparclinux@vger.kernel.org" <sparclinux@vger.kernel.org>,
        LKML <linux-kernel@vger.kernel.org>
Message-ID: <d203cd3e-94f1-d9a7-9b99-4979ebcf8bb4@linux.ee>
Date:   Thu, 20 Jun 2019 00:01:57 +0300
User-Agent: Mozilla/5.0 (X11; Linux x86_64; rv:60.0) Gecko/20100101
 Thunderbird/60.7.1
MIME-Version: 1.0
Content-Type: text/plain; charset=utf-8; format=flowed
Content-Language: et-EE
Content-Transfer-Encoding: 7bit
Sender: linux-kernel-owner@vger.kernel.org
Precedence: bulk
List-ID: <linux-kernel.vger.kernel.org>
X-Mailing-List: linux-kernel@vger.kernel.org

I tried 5.2-git kernels on my T5140 (where 5.1.0 worked fine). It does not boot but the symptoms vary:

* Sometimes there are just cascading allocation failkures and it gets nowhere.

* Sometimes it gets into idle and spews different crashes from there
(similar to the Sun V445 idle crash I just reported)

* Sometimes there is stream of different oopses.

Will try to bisect but mught not have much time.

Dmesg with percpu allocation failures + random oopses:

[    0.000022] PROMLIB: Sun IEEE Boot Prom 'OBP 4.33.6.h 2017/05/04 14:23'

[    0.000030] PROMLIB: Root node compatible: sun4v

[    0.000066] Linux version 5.2.0-rc5 (mroos@t5140) (gcc version 8.3.0 (Debian 8.3.0-7)) #220 SMP Mon Jun 17 16:53:23 EEST 2019

[    0.000147] printk: debug: ignoring loglevel setting.

[    0.004082] printk: bootconsole [earlyprom0] enabled

[    0.004437] ARCH: SUN4V

[    0.005042] Ethernet address: 00:21:28:05:3a:a4

[    0.005379] MM: PAGE_OFFSET is 0xffff800000000000 (max_phys_bits == 39)

[    0.006195] MM: VMALLOC [0x0000000100000000 --> 0x0000600000000000]

[    0.006634] MM: VMEMMAP [0x0000600000000000 --> 0x0000c00000000000]

[    0.098911] Kernel: Using 3 locked TLB entries for main kernel image.

[    0.099764] Remapping the kernel...

[    0.099787] done.

[    1.961451] OF stdout device is: /virtual-devices@100/console@1

[    1.962592] PROM: Built device tree with 188124 bytes of memory.

[    1.963014] MDESC: Size is 74544 bytes.

[    1.965188] PLATFORM: banner-name [T5140]

[    1.965682] PLATFORM: name [SUNW,T5140]

[    1.966334] PLATFORM: hostid [85053aa4]

[    1.966986] PLATFORM: serial# [00ab4130]

[    1.967642] PLATFORM: stick-frequency [457656f0]

[    1.968342] PLATFORM: mac-address [2128053aa4]

[    1.968824] PLATFORM: watchdog-resolution [1000 ms]

[    1.969443] PLATFORM: watchdog-max-timeout [31536000000 ms]

[    1.970350] PLATFORM: max-cpus [128]

[    2.043628] Allocated 16384 bytes for kernel page tables.

[    2.044797] Zone ranges:

[    2.044997]   Normal   [mem 0x000000000e400000-0x00000001ffb8dfff]

[    2.045444] Movable zone start for each node

[    2.045742] Early memory node ranges

[    2.046048]   node   0: [mem 0x000000000e400000-0x000000003fffffff]

[    2.046524]   node   1: [mem 0x0000000040000000-0x000000007fffffff]

[    2.047049]   node   0: [mem 0x0000000080000000-0x00000000bfffffff]

[    2.047525]   node   1: [mem 0x00000000c0000000-0x00000000ffffffff]

[    2.048037]   node   0: [mem 0x0000000100000000-0x000000013fffffff]

[    2.048562]   node   1: [mem 0x0000000140000000-0x000000017fffffff]

[    2.049074]   node   0: [mem 0x0000000180000000-0x00000001bfffffff]

[    2.049550]   node   1: [mem 0x00000001c0000000-0x00000001ffa81fff]

[    2.050024]   node   1: [mem 0x00000001ffa92000-0x00000001ffaa5fff]

[    2.050598]   node   1: [mem 0x00000001ffb80000-0x00000001ffb8dfff]

[    2.057977] Zeroed struct page in unavailable ranges: 29301 pages

[    2.057987] Initmem setup node 0 [mem 0x000000000e400000-0x00000001bfffffff]

[    2.060031] On node 0 totalpages: 495104

[    2.060360]   Normal zone: 4352 pages used for memmap

[    2.060758]   Normal zone: 0 pages reserved

[    2.061103]   Normal zone: 495104 pages, LIFO batch:31

[    2.260113] Initmem setup node 1 [mem 0x0000000040000000-0x00000001ffb8dfff]

[    2.261453] On node 1 totalpages: 523602

[    2.262973]   Normal zone: 4602 pages used for memmap

[    2.263702]   Normal zone: 0 pages reserved

[    2.264378]   Normal zone: 523602 pages, LIFO batch:31

[    2.481479] Booting Linux...

[    2.482137] CPU CAPS: [flush,stbar,swap,muldiv,v9,blkinit,n2,mul32]

[    2.484411] CPU CAPS: [div32,v8plus,popc,vis,vis2,ASIBlkInit]

[    3.093097] percpu: Embedded 11 pages/cpu s46168 r8192 d35752 u131072

[    3.100933] pcpu-alloc: s46168 r8192 d35752 u131072 alloc=1*4194304

[    3.101769] pcpu-alloc: [0] 000 001 002 003 004 005 006 007 008 009 010 011 012 013 014 015 016 017 018 019 020 021 022 023 024 025 026 027 028 029 030 031

[    3.103883] pcpu-alloc: [0] 032 033 034 035 036 037 038 039 040 041 042 043 044 045 046 047 048 049 050 051 052 053 054 055 056 057 058 059 060 061 062 063

[    3.105814] pcpu-alloc: [0] 072 073 074 075 076 077 078 079 104 105 106 107 108 109 110 111 112 113 114 115 116 117 118 119 120 121 122 123 124 125 126 127

[    3.106827] pcpu-alloc: [1] 064 065 066 067 068 069 070 071 080 081 082 083 084 085 086 087 088 089 090 091 092 093 094 095 096 097 098 099 100 101 102 103

[    3.125385] SUN4V: Mondo queue sizes [cpu(16384) dev(16384) r(8192) nr(256)]

[    3.131544] Built 2 zonelists, mobility grouping on.  Total pages: 1009752

[    3.132416] Policy zone: Normal

[    3.132648] Kernel command line: root=/dev/sda1 ro console=ttyS1 ignore_loglevel initcall_debug

[    3.134136] printk: log_buf_len individual max cpu contribution: 4096 bytes

[    3.134866] printk: log_buf_len total cpu_extra contributions: 520192 bytes

[    3.135348] printk: log_buf_len min size: 65536 bytes

[    3.138984] printk: log_buf_len: 1048576 bytes

[    3.139655] printk: early log buf free: 60880(92%)

[    3.140381] Sorting __ex_table...

[    3.351967] Memory: 8050376K/8149648K available (5795K kernel code, 319K rwdata, 1632K rodata, 264K init, 275K bss, 99272K reserved, 0K cma-reserved)

[    3.357582] SLUB: HWalign=32, Order=0-3, MinObjects=0, CPUs=128, Nodes=16

[    3.364283] rcu: Hierarchical RCU implementation.

[    3.364975] rcu: RCU calculated value of scheduler-enlistment delay is 10 jiffies.

[    3.366267] NR_IRQS: 2048, nr_irqs: 2048, preallocated irqs: 1

[    3.367017] SUN4V: Using IRQ API major 1, cookie only virqs disabled

[    3.378170] clocksource: stick: mask: 0xffffffffffffffff max_cycles: 0x10cc5eb20f1, max_idle_ns: 440795243037 ns

[    3.379259] clocksource: mult[dbab92] shift[24]

[    3.379932] clockevent: mult[952b4894] shift[31]

[    3.381632] Console: colour dummy device 80x25

[    3.530847] Calibrating delay using timer specific routine.. 2333.52 BogoMIPS (lpj=11667635)

[    3.533309] pid_max: default: 131072 minimum: 1024

[    3.536800] LSM: Security Framework initializing

[    3.538036] AppArmor: AppArmor initialized

[    3.548582] Dentry cache hash table entries: 1048576 (order: 10, 8388608 bytes)

[    3.555651] Inode-cache hash table entries: 524288 (order: 9, 4194304 bytes)

[    3.557092] Mount-cache hash table entries: 16384 (order: 4, 131072 bytes)

[    3.557727] Mountpoint-cache hash table entries: 16384 (order: 4, 131072 bytes)

[    3.566808] calling  cpu_type_probe+0x0/0x3a4 @ 1

[    3.567890] initcall cpu_type_probe+0x0/0x3a4 returned 0 after 0 usecs

[    3.568710] calling  spawn_ksoftirqd+0x0/0x54 @ 1

[    3.569188] initcall spawn_ksoftirqd+0x0/0x54 returned 0 after 0 usecs

[    3.569656] calling  migration_init+0x0/0x44 @ 1

[    3.570002] initcall migration_init+0x0/0x44 returned 0 after 0 usecs

[    3.570461] calling  srcu_bootup_announce+0x0/0x3c @ 1

[    3.570828] rcu: Hierarchical SRCU implementation.

[    3.571203] initcall srcu_bootup_announce+0x0/0x3c returned 0 after 9765 usecs

[    3.571724] calling  rcu_sysrq_init+0x0/0x30 @ 1

[    3.572067] initcall rcu_sysrq_init+0x0/0x30 returned 0 after 0 usecs

[    3.572525] calling  check_cpu_stall_init+0x0/0x20 @ 1

[    3.572903] initcall check_cpu_stall_init+0x0/0x20 returned 0 after 0 usecs

[    3.573407] calling  rcu_spawn_gp_kthread+0x0/0x12c @ 1

[    3.574189] initcall rcu_spawn_gp_kthread+0x0/0x12c returned 0 after 0 usecs

[    3.574686] calling  cpu_stop_init+0x0/0xcc @ 1

[    3.575175] initcall cpu_stop_init+0x0/0xcc returned 0 after 0 usecs

[    3.575995] calling  jump_label_init_module+0x0/0x14 @ 1

[    3.576381] initcall jump_label_init_module+0x0/0x14 returned 0 after 0 usecs

[    3.577580] calling  initialize_ptr_random+0x0/0x64 @ 1

[    3.578317] initcall initialize_ptr_random+0x0/0x64 returned 0 after 0 usecs

[    3.587289] smp: Bringing up secondary CPUs ...

[    3.659519] smp: Brought up 2 nodes, 64 CPUs

[    3.669972] devtmpfs: initialized

[    3.678293] calling  init_hw_perf_events+0x0/0x1d4 @ 1

[    3.679005] Performance events:

[    3.679120] Testing NMI watchdog ...

[    3.880256] OK.

[    3.881380] Supported PMU type is 'niagara2'

[    3.882291] initcall init_hw_perf_events+0x0/0x1d4 returned 0 after 9765 usecs

[    3.883522] calling  bpf_jit_charge_init+0x0/0x40 @ 1

[    3.884243] initcall bpf_jit_charge_init+0x0/0x40 returned 0 after 0 usecs

[    3.885092] calling  ipc_ns_init+0x0/0x40 @ 1

[    3.885781] random: get_random_u32 called from bucket_table_alloc.isra.27+0x58/0x160 with crng_init=0

[    3.891545] initcall ipc_ns_init+0x0/0x40 returned 0 after 9765 usecs

[    3.895239] calling  init_mmap_min_addr+0x0/0x18 @ 1

[    3.895957] initcall init_mmap_min_addr+0x0/0x18 returned 0 after 0 usecs

[    3.898856] calling  pci_realloc_setup_params+0x0/0x24 @ 1

[    3.900788] initcall pci_realloc_setup_params+0x0/0x24 returned 0 after 0 usecs

[    3.904996] calling  net_ns_init+0x0/0x138 @ 1

[    3.905965] initcall net_ns_init+0x0/0x138 returned 0 after 0 usecs

[    3.907447] calling  sparc_sysrq_init+0x0/0x38 @ 1

[    3.908237] initcall sparc_sysrq_init+0x0/0x38 returned 0 after 0 usecs

[    3.909421] calling  sstate_init+0x0/0x88 @ 1

[    3.909837] initcall sstate_init+0x0/0x88 returned 0 after 0 usecs

[    3.910969] calling  wq_sysfs_init+0x0/0x38 @ 1

[    3.911794] initcall wq_sysfs_init+0x0/0x38 returned 0 after 0 usecs

[    3.912411] kworker/u257:0 (334) used greatest stack depth: 9000 bytes left

[    3.912614] calling  ksysfs_init+0x0/0x94 @ 1

[    3.914136] initcall ksysfs_init+0x0/0x94 returned 0 after 0 usecs

[    3.915212] calling  pm_init+0x0/0x58 @ 1

[    3.916536] initcall pm_init+0x0/0x58 returned 0 after 0 usecs

[    3.917201] calling  rcu_set_runtime_mode+0x0/0x14 @ 1

[    3.917665] initcall rcu_set_runtime_mode+0x0/0x14 returned 0 after 0 usecs

[    3.918243] calling  init_jiffies_clocksource+0x0/0x1c @ 1

[    3.918723] clocksource: jiffies: mask: 0xffffffff max_cycles: 0xffffffff, max_idle_ns: 19112604462750000 ns

[    3.919485] initcall init_jiffies_clocksource+0x0/0x1c returned 0 after 0 usecs

[    3.920082] calling  futex_init+0x0/0xdc @ 1

[    3.920859] futex hash table entries: 32768 (order: 8, 2097152 bytes)

[    3.929312] initcall futex_init+0x0/0xdc returned 0 after 0 usecs

[    3.930115] calling  cgroup_wq_init+0x0/0x44 @ 1

[    3.931360] initcall cgroup_wq_init+0x0/0x44 returned 0 after 0 usecs

[    3.932289] calling  cgroup1_wq_init+0x0/0x40 @ 1

[    3.933229] initcall cgroup1_wq_init+0x0/0x40 returned 0 after 0 usecs

[    3.933744] calling  init_zero_pfn+0x0/0x44 @ 1

[    3.934081] initcall init_zero_pfn+0x0/0x44 returned 0 after 0 usecs

[    3.934533] calling  init_per_zone_wmark_min+0x0/0x98 @ 1

[    3.934975] initcall init_per_zone_wmark_min+0x0/0x98 returned 0 after 0 usecs

[    3.935496] calling  fsnotify_init+0x0/0x50 @ 1

[    3.936231] initcall fsnotify_init+0x0/0x50 returned 0 after 0 usecs

[    3.936687] calling  filelock_init+0x0/0xb4 @ 1

[    3.937215] initcall filelock_init+0x0/0xb4 returned 0 after 0 usecs

[    3.937669] calling  init_misc_binfmt+0x0/0x34 @ 1

[    3.938031] initcall init_misc_binfmt+0x0/0x34 returned 0 after 0 usecs

[    3.938512] calling  init_script_binfmt+0x0/0x20 @ 1

[    3.938927] initcall init_script_binfmt+0x0/0x20 returned 0 after 0 usecs

[    3.939407] calling  init_elf_binfmt+0x0/0x20 @ 1

[    3.939813] initcall init_elf_binfmt+0x0/0x20 returned 0 after 0 usecs

[    3.940278] calling  init_compat_elf_binfmt+0x0/0x20 @ 1

[    3.940691] initcall init_compat_elf_binfmt+0x0/0x20 returned 0 after 0 usecs

[    3.941262] calling  debugfs_init+0x0/0x64 @ 1

[    3.941633] initcall debugfs_init+0x0/0x64 returned 0 after 0 usecs

[    3.942130] calling  securityfs_init+0x0/0x7c @ 1

[    3.942872] initcall securityfs_init+0x0/0x7c returned 0 after 0 usecs

[    3.943393] calling  prandom_init+0x0/0xe8 @ 1

[    3.943837] initcall prandom_init+0x0/0xe8 returned 0 after 0 usecs

[    3.944349] calling  component_debug_init+0x0/0x28 @ 1

[    3.944956] initcall component_debug_init+0x0/0x28 returned 0 after 0 usecs

[    3.945500] calling  sock_init+0x0/0xb4 @ 1

[    3.946639] initcall sock_init+0x0/0xb4 returned 0 after 0 usecs

[    3.947073] calling  net_inuse_init+0x0/0x2c @ 1

[    3.947557] initcall net_inuse_init+0x0/0x2c returned 0 after 0 usecs

[    3.948017] calling  net_defaults_init+0x0/0x2c @ 1

[    3.948429] initcall net_defaults_init+0x0/0x2c returned 0 after 0 usecs

[    3.948916] calling  init_default_flow_dissectors+0x0/0x58 @ 1

[    3.949340] initcall init_default_flow_dissectors+0x0/0x58 returned 0 after 0 usecs

[    3.949938] calling  netpoll_init+0x0/0x1c @ 1

[    3.950258] initcall netpoll_init+0x0/0x1c returned 0 after 0 usecs

[    3.950776] calling  netlink_proto_init+0x0/0x15c @ 1

[    3.951270] NET: Registered protocol family 16

[    3.951672] initcall netlink_proto_init+0x0/0x15c returned 0 after 0 usecs

[    3.952278] calling  scan_of_devices+0x0/0x3c @ 1

[    3.980896] initcall scan_of_devices+0x0/0x3c returned 0 after 29296 usecs

[    3.981428] calling  irq_sysfs_init+0x0/0xb8 @ 1

[    3.983235] initcall irq_sysfs_init+0x0/0xb8 returned 0 after 0 usecs

[    3.983706] calling  audit_init+0x0/0x168 @ 1

[    3.984058] audit: initializing netlink subsys (disabled)

[    3.984714] initcall audit_init+0x0/0x168 returned 0 after 0 usecs

[    3.984721] audit: type=2000 audit(0.400:1): state=initialized audit_enabled=0 res=1

[    3.985752] calling  bdi_class_init+0x0/0x5c @ 1

[    3.986152] initcall bdi_class_init+0x0/0x5c returned 0 after 0 usecs

[    3.986617] calling  mm_sysfs_init+0x0/0x30 @ 1

[    3.987013] initcall mm_sysfs_init+0x0/0x30 returned 0 after 0 usecs

[    3.987467] calling  pcibus_class_init+0x0/0x1c @ 1

[    3.987908] initcall pcibus_class_init+0x0/0x1c returned 0 after 0 usecs

[    3.988392] calling  pci_driver_init+0x0/0x30 @ 1

[    3.988869] initcall pci_driver_init+0x0/0x30 returned 0 after 0 usecs

[    3.989396] calling  tty_class_init+0x0/0x4c @ 1

[    3.989771] initcall tty_class_init+0x0/0x4c returned 0 after 0 usecs

[    3.990282] calling  vtconsole_class_init+0x0/0xe8 @ 1

[    3.990801] initcall vtconsole_class_init+0x0/0xe8 returned 0 after 0 usecs

[    3.991349] calling  software_node_init+0x0/0x34 @ 1

[    3.991725] initcall software_node_init+0x0/0x34 returned 0 after 0 usecs

[    3.992242] calling  register_node_type+0x0/0x1c @ 1

[    3.992718] initcall register_node_type+0x0/0x1c returned 0 after 0 usecs

[    3.993200] calling  kobject_uevent_init+0x0/0x14 @ 1

[    3.993639] initcall kobject_uevent_init+0x0/0x14 returned 0 after 0 usecs

[    3.994227] calling  report_memory+0x0/0x174 @ 1

[    3.994625] initcall report_memory+0x0/0x174 returned 0 after 0 usecs

[    3.995082] calling  hugetlbpage_init+0x0/0x30 @ 1

[    3.995449] initcall hugetlbpage_init+0x0/0x30 returned 0 after 0 usecs

[    3.995915] calling  cryptomgr_init+0x0/0x14 @ 1

[    3.996258] initcall cryptomgr_init+0x0/0x14 returned 0 after 0 usecs

[    3.996841] calling  topology_init+0x0/0x110 @ 1

[    4.021654] initcall topology_init+0x0/0x110 returned 0 after 29296 usecs

[    4.022222] calling  sbus_init+0x0/0x43c @ 1

[    4.022653] initcall sbus_init+0x0/0x43c returned 0 after 0 usecs

[    4.023147] calling  pcibios_init+0x0/0x14 @ 1

[    4.023478] initcall pcibios_init+0x0/0x14 returned 0 after 0 usecs

[    4.023922] calling  psycho_init+0x0/0x18 @ 1

[    4.025052] initcall psycho_init+0x0/0x18 returned 0 after 0 usecs

[    4.025494] calling  sabre_init+0x0/0x18 @ 1

[    4.026361] initcall sabre_init+0x0/0x18 returned 0 after 0 usecs

[    4.026811] calling  schizo_init+0x0/0x18 @ 1

[    4.027819] initcall schizo_init+0x0/0x18 returned 0 after 0 usecs

[    4.028273] calling  pci_sun4v_init+0x0/0x18 @ 1

[    4.028947] pci_sun4v: Registered hvapi major[2] minor[0]

[    4.030614] pci@400: SUN4V PCI Bus Module

[    4.030919] pci@400: On NUMA node 0

[    4.031179] pci@400: PCI IO [io  0xc0f0000000-0xc0ffffffff] offset c0f0000000

[    4.031734] pci@400: PCI MEM [mem 0xc100000000-0xc17ffeffff] offset c100000000

[    4.032237] pci@400: PCI MEM64 [mem 0xc200000000-0xc5fffeffff] offset c200000000

[    4.032818] pci@400: Unable to request IOMMU resource.

[    4.083179] pci@400: Imported 3 TSB entries from OBP

[    4.088857] pci@400: MSI Queue first[0] num[36] count[128] devino[0x18]

[    4.089324] pci@400: MSI first[0] num[256] mask[0xff] width[32]

[    4.089744] pci@400: MSI addr32[0x7fff0000:0x10000] addr64[0x3ffff0000:0x10000]

[    4.090261] pci@400: MSI queues at RA [00000001fb500000]

[    4.090653] PCI: Scanning PBM /pci@400

[    4.091157] pci_sun4v f028cf80: PCI host bridge to bus 0000:02

[    4.091586] pci_bus 0000:02: root bus resource [io  0xc0f0000000-0xc0ffffffff] (bus address [0x0000-0xfffffff])

[    4.092290] pci_bus 0000:02: root bus resource [mem 0xc100000000-0xc17ffeffff] (bus address [0x00000000-0x7ffeffff])

[    4.093033] pci_bus 0000:02: root bus resource [mem 0xc200000000-0xc5fffeffff] (bus address [0x00000000-0x3fffeffff])

[    4.093768] pci_bus 0000:02: root bus resource [bus 02-09]

[    4.094352] pci 0000:02:00.0: [10b5:8548] type 01 class 0x060400

[    4.094787] pci 0000:02:00.0: reg 0x10: [mem 0xc100100000-0xc10011ffff]

[    4.095495] pci 0000:02:00.0: PME# supported from D0 D3hot D3cold

[    4.096650] pci 0000:03:01.0: [10b5:8548] type 01 class 0x060400

[    4.097500] pci 0000:03:01.0: PME# supported from D0 D3hot D3cold

[    4.098632] pci 0000:04:00.0: [10b5:8112] type 01 class 0x060400

[    4.099193] pci 0000:04:00.0: enabling Extended Tags

[    4.099829] pci 0000:04:00.0: supports D1

[    4.100207] pci 0000:04:00.0: PME# supported from D0 D1 D3hot

[    4.101069] pci_bus 0000:05: extended config space not accessible

[    4.101810] pci 0000:05:00.0: [1033:0035] type 00 class 0x0c0310

[    4.102368] pci 0000:05:00.0: reg 0x10: [mem 0xc100200000-0xc100201fff]

[    4.102976] pci 0000:05:00.0: supports D1 D2

[    4.103382] pci 0000:05:00.0: PME# supported from D0 D1 D2 D3hot

[    4.104216] pci 0000:05:00.1: [1033:0035] type 00 class 0x0c0310

[    4.104651] pci 0000:05:00.1: reg 0x10: [mem 0xc100202000-0xc100203fff]

[    4.105284] pci 0000:05:00.1: supports D1 D2

[    4.105605] pci 0000:05:00.1: PME# supported from D0 D1 D2 D3hot

[    4.106393] pci 0000:05:00.2: [1033:00e0] type 00 class 0x0c0320

[    4.106875] pci 0000:05:00.2: reg 0x10: [mem 0xc100204000-0xc100205fff]

[    4.107446] pci 0000:05:00.2: supports D1 D2

[    4.107767] pci 0000:05:00.2: PME# supported from D0 D1 D2 D3hot

[    4.108605] pci 0000:03:08.0: [10b5:8548] type 01 class 0x060400

[    4.109309] pci 0000:03:08.0: PME# supported from D0 D3hot D3cold

[    4.110407] pci 0000:06:00.0: [1000:0058] type 00 class 0x010000

[    4.110899] pci 0000:06:00.0: reg 0x10: [io  0xc0f0000000-0xc0f00000ff]

[    4.111379] pci 0000:06:00.0: reg 0x14: [mem 0xc100300000-0xc10030ffff]

[    4.111898] pci 0000:06:00.0: reg 0x1c: [mem 0xc100310000-0xc10031ffff]

[    4.112366] pci 0000:06:00.0: reg 0x30: [mem 0xc100400000-0xc1007fffff]

[    4.112860] pci 0000:06:00.0: enabling Extended Tags

[    4.113443] pci 0000:06:00.0: supports D1 D2

[    4.114209] pci 0000:03:09.0: [10b5:8548] type 01 class 0x060400

[    4.114926] pci 0000:03:09.0: PME# supported from D0 D3hot D3cold

[    4.116036] pci 0000:07:00.0: [8086:10b9] type 00 class 0x020000

[    4.116520] pci 0000:07:00.0: reg 0x10: [mem 0xc100800000-0xc10081ffff]

[    4.117000] pci 0000:07:00.0: reg 0x14: [mem 0xc100820000-0xc10083ffff]

[    4.117518] pci 0000:07:00.0: reg 0x18: [io  0xc0f0001000-0xc0f000101f]

[    4.117986] pci 0000:07:00.0: reg 0x30: [mem 0xc100840000-0xc10085ffff]

[    4.118679] pci 0000:07:00.0: PME# supported from D0 D3hot D3cold

[    4.119662] pci 0000:03:0c.0: [10b5:8548] type 01 class 0x060400

[    4.120394] pci 0000:03:0c.0: PME# supported from D0 D3hot D3cold

[    4.121516] pci 0000:03:0d.0: [10b5:8548] type 01 class 0x060400

[    4.122183] pci 0000:03:0d.0: PME# supported from D0 D3hot D3cold

[    4.123346] probe of f028cf80 returned 1 after 100000 usecs

[    4.123902] pci@500: SUN4V PCI Bus Module

[    4.124251] pci@500: On NUMA node 1

[    4.124521] pci@500: PCI IO [io  0xc4f0000000-0xc4ffffffff] offset c4f0000000

[    4.125054] pci@500: PCI MEM [mem 0xc500000000-0xc57ffeffff] offset c500000000

[    4.125555] pci@500: PCI MEM64 [mem 0xc600000000-0xc9fffeffff] offset c600000000

[    4.126095] pci@500: Unable to request IOMMU resource.

[    4.181852] pci@500: MSI Queue first[0] num[36] count[128] devino[0x18]

[    4.182389] pci@500: MSI first[0] num[256] mask[0xff] width[32]

[    4.182821] pci@500: MSI addr32[0x7fff0000:0x10000] addr64[0x3ffff0000:0x10000]

[    4.183326] pci@500: MSI queues at RA [00000001b6580000]

[    4.183710] PCI: Scanning PBM /pci@500

[    4.184219] pci_sun4v f0296b40: PCI host bridge to bus 0001:02

[    4.184648] pci_bus 0001:02: root bus resource [io  0xc4f0000000-0xc4ffffffff] (bus address [0x0000-0xfffffff])

[    4.185353] pci_bus 0001:02: root bus resource [mem 0xc500000000-0xc57ffeffff] (bus address [0x00000000-0x7ffeffff])

[    4.186134] pci_bus 0001:02: root bus resource [mem 0xc600000000-0xc9fffeffff] (bus address [0x00000000-0x3fffeffff])

[    4.186881] pci_bus 0001:02: root bus resource [bus 02-07]

[    4.187454] pci 0001:02:00.0: [10b5:8548] type 01 class 0x060400

[    4.187938] pci 0001:02:00.0: reg 0x10: [mem 0xc500100000-0xc50011ffff]

[    4.188691] pci 0001:02:00.0: PME# supported from D0 D3hot D3cold

[    4.189938] pci 0001:03:08.0: [10b5:8548] type 01 class 0x060400

[    4.190714] pci 0001:03:08.0: PME# supported from D0 D3hot D3cold

[    4.191894] pci 0001:04:00.0: [108e:abcd] type 00 class 0x020000

[    4.192329] pci 0001:04:00.0: reg 0x10: [mem 0xc501000000-0xc501ffffff]

[    4.192810] pci 0001:04:00.0: reg 0x18: [mem 0xc500200000-0xc500207fff]

[    4.193333] pci 0001:04:00.0: reg 0x20: [mem 0xc500208000-0xc50020ffff]

[    4.193802] pci 0001:04:00.0: reg 0x30: [mem 0xc500300000-0xc5003fffff]

[    4.195104] pci 0001:04:00.1: [108e:abcd] type 00 class 0x020000

[    4.195540] pci 0001:04:00.1: reg 0x10: [mem 0xc502000000-0xc502ffffff]

[    4.196056] pci 0001:04:00.1: reg 0x18: [mem 0xc500210000-0xc500217fff]

[    4.196536] pci 0001:04:00.1: reg 0x20: [mem 0xc500218000-0xc50021ffff]

[    4.197040] pci 0001:04:00.1: reg 0x30: [mem 0xc500400000-0xc5004fffff]

[    4.198228] pci 0001:04:00.2: [108e:abcd] type 00 class 0x020000

[    4.198725] pci 0001:04:00.2: reg 0x10: [mem 0xc503000000-0xc503ffffff]

[    4.199193] pci 0001:04:00.2: reg 0x18: [mem 0xc500220000-0xc500227fff]

[    4.199699] pci 0001:04:00.2: reg 0x20: [mem 0xc500228000-0xc50022ffff]

[    4.200179] pci 0001:04:00.2: reg 0x30: [mem 0xc500500000-0xc5005fffff]

[    4.201390] pci 0001:04:00.3: [108e:abcd] type 00 class 0x020000

[    4.201825] pci 0001:04:00.3: reg 0x10: [mem 0xc504000000-0xc504ffffff]

[    4.202358] pci 0001:04:00.3: reg 0x18: [mem 0xc500230000-0xc500237fff]

[    4.202826] pci 0001:04:00.3: reg 0x20: [mem 0xc500238000-0xc50023ffff]

[    4.203295] pci 0001:04:00.3: reg 0x30: [mem 0xc500600000-0xc5006fffff]

[    4.204547] pci 0001:03:09.0: [10b5:8548] type 01 class 0x060400

[    4.205314] pci 0001:03:09.0: PME# supported from D0 D3hot D3cold

[    4.206491] pci 0001:03:0c.0: [10b5:8548] type 01 class 0x060400

[    4.207209] pci 0001:03:0c.0: PME# supported from D0 D3hot D3cold

[    4.208392] pci 0001:03:0d.0: [10b5:8548] type 01 class 0x060400

[    4.209117] pci 0001:03:0d.0: PME# supported from D0 D3hot D3cold

[    4.210324] probe of f0296b40 returned 1 after 80000 usecs

[    4.210852] initcall pci_sun4v_init+0x0/0x18 returned 0 after 175781 usecs

[    4.211409] calling  fire_init+0x0/0x18 @ 1

[    4.212383] initcall fire_init+0x0/0x18 returned 0 after 0 usecs

[    4.212852] calling  init_vdso+0x0/0x48 @ 1

[    4.213227] initcall init_vdso+0x0/0x48 returned 0 after 0 usecs

[    4.213659] calling  uid_cache_init+0x0/0x8c @ 1

[    4.214232] initcall uid_cache_init+0x0/0x8c returned 0 after 0 usecs

[    4.214741] calling  param_sysfs_init+0x0/0x1f4 @ 1

[    4.222252] initcall param_sysfs_init+0x0/0x1f4 returned 0 after 9765 usecs

[    4.222789] calling  user_namespace_sysctl_init+0x0/0x50 @ 1

[    4.223245] initcall user_namespace_sysctl_init+0x0/0x50 returned 0 after 0 usecs

[    4.223830] calling  pm_sysrq_init+0x0/0x20 @ 1

[    4.224830] initcall pm_sysrq_init+0x0/0x20 returned 0 after 0 usecs

[    4.225293] calling  crash_save_vmcoreinfo_init+0x0/0x514 @ 1

[    4.225950] initcall crash_save_vmcoreinfo_init+0x0/0x514 returned 0 after 0 usecs

[    4.226482] calling  cgroup_sysfs_init+0x0/0x1c @ 1

[    4.226859] initcall cgroup_sysfs_init+0x0/0x1c returned 0 after 0 usecs

[    4.227398] calling  cgroup_namespaces_init+0x0/0x8 @ 1

[    4.227782] initcall cgroup_namespaces_init+0x0/0x8 returned 0 after 0 usecs

[    4.228275] calling  user_namespaces_init+0x0/0x30 @ 1

[    4.228854] initcall user_namespaces_init+0x0/0x30 returned 0 after 0 usecs

[    4.229413] calling  hung_task_init+0x0/0x58 @ 1

[    4.229909] initcall hung_task_init+0x0/0x58 returned 0 after 0 usecs

[    4.230418] calling  dev_map_init+0x0/0x1c @ 1

[    4.230773] initcall dev_map_init+0x0/0x1c returned 0 after 0 usecs

[    4.231222] calling  stack_map_init+0x0/0x74 @ 1

[    4.231585] initcall stack_map_init+0x0/0x74 returned 0 after 0 usecs

[    4.232089] calling  oom_init+0x0/0x3c @ 1

[    4.232556] initcall oom_init+0x0/0x3c returned 0 after 0 usecs

[    4.233030] calling  cgwb_init+0x0/0x30 @ 1

[    4.233987] initcall cgwb_init+0x0/0x30 returned 0 after 0 usecs

[    4.234418] calling  default_bdi_init+0x0/0x84 @ 1

[    4.235544] initcall default_bdi_init+0x0/0x84 returned 0 after 0 usecs

[    4.236076] calling  percpu_enable_async+0x0/0x14 @ 1

[    4.236445] initcall percpu_enable_async+0x0/0x14 returned 0 after 0 usecs

[    4.236930] calling  init_reserve_notifier+0x0/0x8 @ 1

[    4.237303] initcall init_reserve_notifier+0x0/0x8 returned 0 after 0 usecs

[    4.237864] calling  init_admin_reserve+0x0/0x40 @ 1

[    4.238230] initcall init_admin_reserve+0x0/0x40 returned 0 after 0 usecs

[    4.238759] calling  init_user_reserve+0x0/0x40 @ 1

[    4.239119] initcall init_user_reserve+0x0/0x40 returned 0 after 0 usecs

[    4.239595] calling  swap_init_sysfs+0x0/0x6c @ 1

[    4.239957] initcall swap_init_sysfs+0x0/0x6c returned 0 after 0 usecs

[    4.240481] calling  swapfile_init+0x0/0xb0 @ 1

[    4.240849] initcall swapfile_init+0x0/0xb0 returned 0 after 0 usecs

[    4.241360] calling  hugetlb_init+0x0/0x570 @ 1

[    4.241700] HugeTLB registered 64.0 KiB page size, pre-allocated 0 pages

[    4.242169] HugeTLB registered 8.00 MiB page size, pre-allocated 0 pages

[    4.242686] HugeTLB registered 256 MiB page size, pre-allocated 0 pages

[    4.243162] HugeTLB registered 2.00 GiB page size, pre-allocated 0 pages

[    4.244118] initcall hugetlb_init+0x0/0x570 returned 0 after 0 usecs

[    4.244586] calling  mem_cgroup_swap_init+0x0/0x90 @ 1

[    4.244967] initcall mem_cgroup_swap_init+0x0/0x90 returned 0 after 0 usecs

[    4.245457] calling  mem_cgroup_init+0x0/0x1b4 @ 1

[    4.246489] initcall mem_cgroup_init+0x0/0x1b4 returned 0 after 0 usecs

[    4.247027] calling  crypto_wq_init+0x0/0x30 @ 1

[    4.248071] initcall crypto_wq_init+0x0/0x30 returned 0 after 0 usecs

[    4.248589] calling  seqiv_module_init+0x0/0x14 @ 1

[    4.248950] initcall seqiv_module_init+0x0/0x14 returned 0 after 0 usecs

[    4.249421] calling  hmac_module_init+0x0/0x14 @ 1

[    4.249773] initcall hmac_module_init+0x0/0x14 returned 0 after 0 usecs

[    4.250300] calling  crypto_null_mod_init+0x0/0x7c @ 1

[    4.252549] initcall crypto_null_mod_init+0x0/0x7c returned 0 after 9765 usecs

[    4.253057] calling  md5_mod_init+0x0/0x14 @ 1

[    4.253764] initcall md5_mod_init+0x0/0x14 returned 0 after 0 usecs

[    4.254230] calling  sha1_generic_mod_init+0x0/0x14 @ 1

[    4.254999] initcall sha1_generic_mod_init+0x0/0x14 returned 0 after 0 usecs

[    4.255560] calling  sha256_generic_mod_init+0x0/0x18 @ 1

[    4.256817] initcall sha256_generic_mod_init+0x0/0x18 returned 0 after 0 usecs

[    4.257380] calling  crypto_ecb_module_init+0x0/0x14 @ 1

[    4.257766] initcall crypto_ecb_module_init+0x0/0x14 returned 0 after 0 usecs

[    4.258277] calling  crypto_cbc_module_init+0x0/0x14 @ 1

[    4.258699] initcall crypto_cbc_module_init+0x0/0x14 returned 0 after 0 usecs

[    4.259212] calling  crypto_cts_module_init+0x0/0x14 @ 1

[    4.259610] initcall crypto_cts_module_init+0x0/0x14 returned 0 after 0 usecs

[    4.260108] calling  crypto_module_init+0x0/0x14 @ 1

[    4.260471] initcall crypto_module_init+0x0/0x14 returned 0 after 0 usecs

[    4.261022] calling  crypto_ctr_module_init+0x0/0x18 @ 1

[    4.261426] initcall crypto_ctr_module_init+0x0/0x18 returned 0 after 0 usecs

[    4.261925] calling  aes_init+0x0/0x14 @ 1

[    4.262766] initcall aes_init+0x0/0x14 returned 0 after 0 usecs

[    4.263192] calling  crc32c_mod_init+0x0/0x14 @ 1

[    4.263899] initcall crc32c_mod_init+0x0/0x14 returned 0 after 0 usecs

[    4.264418] calling  drbg_init+0x0/0xc4 @ 1

[    4.267784] initcall drbg_init+0x0/0xc4 returned 0 after 0 usecs

[    4.268267] calling  init_bio+0x0/0xbc @ 1

[    4.269117] initcall init_bio+0x0/0xbc returned 0 after 0 usecs

[    4.269592] calling  blk_settings_init+0x0/0x30 @ 1

[    4.269953] initcall blk_settings_init+0x0/0x30 returned 0 after 0 usecs

[    4.270424] calling  blk_ioc_init+0x0/0x30 @ 1

[    4.270874] initcall blk_ioc_init+0x0/0x30 returned 0 after 0 usecs

[    4.271340] calling  blk_softirq_init+0x0/0xa4 @ 1

[    4.271775] initcall blk_softirq_init+0x0/0xa4 returned 0 after 0 usecs

[    4.272242] calling  blk_mq_init+0x0/0x30 @ 1

[    4.272566] initcall blk_mq_init+0x0/0x30 returned 0 after 0 usecs

[    4.273072] calling  genhd_device_init+0x0/0x80 @ 1

[    4.274522] initcall genhd_device_init+0x0/0x80 returned 0 after 0 usecs

[    4.275008] calling  pci_slot_init+0x0/0x60 @ 1

[    4.275360] initcall pci_slot_init+0x0/0x60 returned 0 after 0 usecs

[    4.275869] calling  misc_init+0x0/0xd0 @ 1

[    4.276252] initcall misc_init+0x0/0xd0 returned 0 after 0 usecs

[    4.276691] calling  vga_arb_device_init+0x0/0x1a0 @ 1

[    4.277333] vgaarb: loaded

[    4.277562] initcall vga_arb_device_init+0x0/0x1a0 returned 0 after 0 usecs

[    4.278053] calling  init_scsi+0x0/0xc8 @ 1

[    4.278828] SCSI subsystem initialized

[    4.279120] initcall init_scsi+0x0/0xc8 returned 0 after 0 usecs

[    4.279550] calling  input_init+0x0/0x108 @ 1

[    4.279928] initcall input_init+0x0/0x108 returned 0 after 0 usecs

[    4.296589] calling  rtc_init+0x0/0x54 @ 1

[    4.298956] initcall rtc_init+0x0/0x54 returned 0 after 0 usecs

[    4.300398] calling  power_supply_class_init+0x0/0x54 @ 1

[    4.301843] initcall power_supply_class_init+0x0/0x54 returned 0 after 0 usecs

[    4.304385] calling  ras_init+0x0/0x14 @ 1

[    4.305727] initcall ras_init+0x0/0x14 returned 0 after 0 usecs

[    4.307173] calling  nvmem_init+0x0/0x14 @ 1

[    4.308567] initcall nvmem_init+0x0/0x14 returned 0 after 0 usecs

[    4.310017] calling  proto_init+0x0/0x14 @ 1

[    4.311411] initcall proto_init+0x0/0x14 returned 0 after 0 usecs

[    4.312855] calling  net_dev_init+0x0/0x25c @ 1

[    4.316170] initcall net_dev_init+0x0/0x25c returned 0 after 0 usecs

[    4.317661] calling  neigh_init+0x0/0xa0 @ 1

[    4.317979] initcall neigh_init+0x0/0xa0 returned 0 after 0 usecs

[    4.321507] calling  fib_notifier_init+0x0/0x14 @ 1

[    4.321869] initcall fib_notifier_init+0x0/0x14 returned 0 after 0 usecs

[    4.323350] calling  fib_rules_init+0x0/0xc4 @ 1

[    4.324709] initcall fib_rules_init+0x0/0xc4 returned 0 after 0 usecs

[    4.326178] calling  bpf_lwt_init+0x0/0x18 @ 1

[    4.327518] initcall bpf_lwt_init+0x0/0x18 returned 0 after 0 usecs

[    4.328984] calling  pktsched_init+0x0/0x124 @ 1

[    4.330355] initcall pktsched_init+0x0/0x124 returned 0 after 0 usecs

[    4.331884] calling  tc_filter_init+0x0/0x138 @ 1

[    4.333302] initcall tc_filter_init+0x0/0x138 returned 0 after 0 usecs

[    4.334776] calling  tc_action_init+0x0/0x60 @ 1

[    4.337140] initcall tc_action_init+0x0/0x60 returned 0 after 0 usecs

[    4.338605] calling  genl_init+0x0/0x48 @ 1

[    4.339965] initcall genl_init+0x0/0x48 returned 0 after 0 usecs

[    4.341410] calling  watchdog_init+0x0/0xa4 @ 1

[    4.343972] initcall watchdog_init+0x0/0xa4 returned 0 after 0 usecs

[    4.346541] calling  clock_init+0x0/0x78 @ 1

[    4.347970] initcall clock_init+0x0/0x78 returned 0 after 0 usecs

[    4.350448] calling  sunfire_init+0x0/0x30 @ 1

[    4.352424] initcall sunfire_init+0x0/0x30 returned 0 after 0 usecs

[    4.353880] calling  auxio_init+0x0/0x18 @ 1

[    4.355425] initcall auxio_init+0x0/0x18 returned 0 after 0 usecs

[    4.356880] calling  clocksource_done_booting+0x0/0x48 @ 1

[    4.358847] clocksource: Switched to clocksource stick

[    4.360238] initcall clocksource_done_booting+0x0/0x48 returned 0 after 1488 usecs

[    4.363863] calling  bpf_init+0x0/0x50 @ 1

[    4.364250] initcall bpf_init+0x0/0x50 returned 0 after 15 usecs

[    4.366756] calling  init_pipe_fs+0x0/0x4c @ 1

[    4.367338] initcall init_pipe_fs+0x0/0x4c returned 0 after 240 usecs

[    4.368841] calling  cgroup_writeback_init+0x0/0x30 @ 1

[    4.370827] initcall cgroup_writeback_init+0x0/0x30 returned 0 after 569 usecs

[    4.372357] calling  inotify_user_setup+0x0/0x50 @ 1

[    4.373750] initcall inotify_user_setup+0x0/0x50 returned 0 after 17 usecs

[    4.374298] calling  eventpoll_init+0x0/0x94 @ 1

[    4.376834] initcall eventpoll_init+0x0/0x94 returned 0 after 146 usecs

[    4.378314] calling  anon_inode_init+0x0/0x60 @ 1

[    4.380903] initcall anon_inode_init+0x0/0x60 returned 0 after 199 usecs

[    4.383410] calling  proc_locks_init+0x0/0x30 @ 1

[    4.384773] initcall proc_locks_init+0x0/0x30 returned 0 after 5 usecs

[    4.387251] calling  proc_cmdline_init+0x0/0x30 @ 1

[    4.388624] initcall proc_cmdline_init+0x0/0x30 returned 0 after 5 usecs

[    4.391141] calling  proc_consoles_init+0x0/0x30 @ 1

[    4.392527] initcall proc_consoles_init+0x0/0x30 returned 0 after 5 usecs

[    4.396041] calling  proc_cpuinfo_init+0x0/0x28 @ 1

[    4.397415] initcall proc_cpuinfo_init+0x0/0x28 returned 0 after 5 usecs

[    4.398920] calling  proc_devices_init+0x0/0x30 @ 1

[    4.401308] initcall proc_devices_init+0x0/0x30 returned 0 after 5 usecs

[    4.403868] calling  proc_interrupts_init+0x0/0x30 @ 1

[    4.406265] initcall proc_interrupts_init+0x0/0x30 returned 0 after 5 usecs

[    4.407802] calling  proc_loadavg_init+0x0/0x30 @ 1

[    4.408169] initcall proc_loadavg_init+0x0/0x30 returned 0 after 5 usecs

[    4.409672] calling  proc_meminfo_init+0x0/0x30 @ 1

[    4.411053] initcall proc_meminfo_init+0x0/0x30 returned 0 after 5 usecs

[    4.413557] calling  proc_stat_init+0x0/0x28 @ 1

[    4.414913] initcall proc_stat_init+0x0/0x28 returned 0 after 5 usecs

[    4.417386] calling  proc_uptime_init+0x0/0x30 @ 1

[    4.419779] initcall proc_uptime_init+0x0/0x30 returned 0 after 4 usecs

[    4.421266] calling  proc_version_init+0x0/0x30 @ 1

[    4.422641] initcall proc_version_init+0x0/0x30 returned 0 after 5 usecs

[    4.426149] calling  proc_softirqs_init+0x0/0x30 @ 1

[    4.427527] initcall proc_softirqs_init+0x0/0x30 returned 0 after 4 usecs

[    4.430043] calling  proc_kcore_init+0x0/0xc8 @ 1

[    4.431428] initcall proc_kcore_init+0x0/0xc8 returned 0 after 18 usecs

[    4.434931] calling  proc_kmsg_init+0x0/0x28 @ 1

[    4.435269] initcall proc_kmsg_init+0x0/0x28 returned 0 after 5 usecs

[    4.437754] calling  proc_page_init+0x0/0x64 @ 1

[    4.440145] initcall proc_page_init+0x0/0x64 returned 0 after 10 usecs

[    4.441631] calling  init_ramfs_fs+0x0/0x34 @ 1

[    4.443985] initcall init_ramfs_fs+0x0/0x34 returned 0 after 0 usecs

[    4.445445] calling  init_hugetlbfs_fs+0x0/0x130 @ 1

[    4.448824] initcall init_hugetlbfs_fs+0x0/0x130 returned 0 after 973 usecs

[    4.451347] calling  aa_create_aafs+0x0/0x370 @ 1

[    4.453573] AppArmor: AppArmor Filesystem Enabled

[    4.454931] initcall aa_create_aafs+0x0/0x370 returned 0 after 2175 usecs

[    4.456416] calling  blk_scsi_ioctl_init+0x0/0xd4 @ 1

[    4.458822] initcall blk_scsi_ioctl_init+0x0/0xd4 returned 0 after 1 usecs

[    4.462347] calling  chr_dev_init+0x0/0xd4 @ 1

[    4.475540] initcall chr_dev_init+0x0/0xd4 returned 0 after 12562 usecs

[    4.476088] calling  firmware_class_init+0x0/0x48 @ 1

[    4.476504] initcall firmware_class_init+0x0/0x48 returned 0 after 42 usecs

[    4.477006] calling  sysctl_core_init+0x0/0x2c @ 1

[    4.477427] initcall sysctl_core_init+0x0/0x2c returned 0 after 61 usecs

[    4.477972] calling  eth_offload_init+0x0/0x1c @ 1

[    4.478328] initcall eth_offload_init+0x0/0x1c returned 0 after 1 usecs

[    4.478834] calling  inet_init+0x0/0x308 @ 1

[    4.480853] NET: Registered protocol family 2

[    4.485160] tcp_listen_portaddr_hash hash table entries: 4096 (order: 3, 65536 bytes)

[    4.486282] TCP established hash table entries: 65536 (order: 6, 524288 bytes)

[    4.490268] TCP bind hash table entries: 65536 (order: 7, 1048576 bytes)

[    4.495098] TCP: Hash tables configured (established 65536 bind 65536)

[    4.497067] UDP hash table entries: 4096 (order: 4, 131072 bytes)

[    4.498212] UDP-Lite hash table entries: 4096 (order: 4, 131072 bytes)

[    4.501494] initcall inet_init+0x0/0x308 returned 0 after 20807 usecs

[    4.501960] calling  ipv4_offload_init+0x0/0x90 @ 1

[    4.502325] initcall ipv4_offload_init+0x0/0x90 returned 0 after 1 usecs

[    4.503818] calling  af_unix_init+0x0/0x5c @ 1

[    4.505267] NET: Registered protocol family 1

[    4.507629] initcall af_unix_init+0x0/0x5c returned 0 after 2414 usecs

[    4.510128] calling  ipv6_offload_init+0x0/0x98 @ 1

[    4.511506] initcall ipv6_offload_init+0x0/0x98 returned 0 after 2 usecs

[    4.512989] calling  vlan_offload_init+0x0/0x28 @ 1

[    4.514356] initcall vlan_offload_init+0x0/0x28 returned 0 after 1 usecs

[    4.517862] calling  xsk_init+0x0/0x6c @ 1

[    4.520199] NET: Registered protocol family 44

[    4.520530] initcall xsk_init+0x0/0x6c returned 0 after 318 usecs

[    4.524002] calling  pci_apply_final_quirks+0x0/0x160 @ 1

[    4.525497] pci 0000:05:00.0: calling  quirk_usb_early_handoff+0x0/0x7c0 @ 1

[    4.528139] pci 0000:05:00.0: quirk_usb_early_handoff+0x0/0x7c0 took 120 usecs

[    4.530725] pci 0000:05:00.1: calling  quirk_usb_early_handoff+0x0/0x7c0 @ 1

[    4.532296] pci 0000:05:00.1: quirk_usb_early_handoff+0x0/0x7c0 took 49 usecs

[    4.536868] pci 0000:05:00.2: calling  quirk_usb_early_handoff+0x0/0x7c0 @ 1

[    4.539414] pci 0000:05:00.2: enabling device (0000 -> 0002)

[    4.540994] pci 0000:05:00.2: quirk_usb_early_handoff+0x0/0x7c0 took 1552 usecs

[    4.544584] pci 0000:06:00.0: CLS mismatch (64 != 512), using 64 bytes

[    4.557193] pci 0000:07:00.0: calling  quirk_e100_interrupt+0x0/0x200 @ 1

[    4.558700] pci 0000:07:00.0: quirk_e100_interrupt+0x0/0x200 took 0 usecs

[    4.561371] initcall pci_apply_final_quirks+0x0/0x160 returned 0 after 35109 usecs

[    4.563923] calling  default_rootfs+0x0/0x88 @ 1

[    4.565434] initcall default_rootfs+0x0/0x88 returned 0 after 156 usecs

[    4.568022] calling  power_driver_init+0x0/0x18 @ 1

[    4.570860] initcall power_driver_init+0x0/0x18 returned 0 after 433 usecs

[    4.571405] calling  mdesc_misc_init+0x0/0x14 @ 1

[    4.573936] initcall mdesc_misc_init+0x0/0x14 returned 0 after 162 usecs

[    4.575432] calling  of_pci_slot_init+0x0/0x150 @ 1

[    4.577111] initcall of_pci_slot_init+0x0/0x150 returned 0 after 301 usecs

[    4.580670] calling  audit_classes_init+0x0/0xb0 @ 1

[    4.581112] initcall audit_classes_init+0x0/0xb0 returned 0 after 14 usecs

[    4.583615] calling  proc_execdomains_init+0x0/0x30 @ 1

[    4.585013] initcall proc_execdomains_init+0x0/0x30 returned 0 after 7 usecs

[    4.588544] calling  register_warn_debugfs+0x0/0x30 @ 1

[    4.589976] initcall register_warn_debugfs+0x0/0x30 returned 0 after 18 usecs

[    4.591496] calling  ioresources_init+0x0/0x5c @ 1

[    4.593876] initcall ioresources_init+0x0/0x5c returned 0 after 9 usecs

[    4.597383] calling  timekeeping_init_ops+0x0/0x1c @ 1

[    4.598770] initcall timekeeping_init_ops+0x0/0x1c returned 0 after 1 usecs

[    4.601305] calling  init_clocksource_sysfs+0x0/0x34 @ 1

[    4.602930] initcall init_clocksource_sysfs+0x0/0x34 returned 0 after 212 usecs

[    4.605485] calling  init_timer_list_procfs+0x0/0x38 @ 1

[    4.606930] initcall init_timer_list_procfs+0x0/0x38 returned 0 after 6 usecs

[    4.608455] calling  alarmtimer_init+0x0/0xf4 @ 1

[    4.611150] probe of alarmtimer returned 1 after 49 usecs

[    4.612567] initcall alarmtimer_init+0x0/0xf4 returned 0 after 1685 usecs

[    4.615078] calling  init_posix_timers+0x0/0x30 @ 1

[    4.617600] initcall init_posix_timers+0x0/0x30 returned 0 after 140 usecs

[    4.619122] calling  clockevents_init_sysfs+0x0/0xd8 @ 1

[    4.633859] initcall clockevents_init_sysfs+0x0/0xd8 returned 0 after 12020 usecs

[    4.634478] calling  proc_modules_init+0x0/0x28 @ 1

[    4.634853] initcall proc_modules_init+0x0/0x28 returned 0 after 10 usecs

[    4.635337] calling  modules_wq_init+0x0/0x40 @ 1

[    4.635740] initcall modules_wq_init+0x0/0x40 returned 0 after 0 usecs

[    4.636219] calling  kallsyms_init+0x0/0x28 @ 1

[    4.636552] initcall kallsyms_init+0x0/0x28 returned 0 after 5 usecs

[    4.637015] calling  pid_namespaces_init+0x0/0x30 @ 1

[    4.638449] initcall pid_namespaces_init+0x0/0x30 returned 0 after 54 usecs

[    4.639968] calling  audit_watch_init+0x0/0x3c @ 1

[    4.641338] initcall audit_watch_init+0x0/0x3c returned 0 after 2 usecs

[    4.644839] calling  audit_fsnotify_init+0x0/0x3c @ 1

[    4.646217] initcall audit_fsnotify_init+0x0/0x3c returned 0 after 1 usecs

[    4.648715] calling  audit_tree_init+0x0/0x7c @ 1

[    4.650114] initcall audit_tree_init+0x0/0x7c returned 0 after 19 usecs

[    4.651599] calling  seccomp_sysctl_init+0x0/0x30 @ 1

[    4.653000] initcall seccomp_sysctl_init+0x0/0x30 returned 0 after 22 usecs

[    4.656524] calling  utsname_sysctl_init+0x0/0x1c @ 1

[    4.658949] initcall utsname_sysctl_init+0x0/0x1c returned 0 after 19 usecs

[    4.660455] calling  perf_event_sysfs_init+0x0/0xc4 @ 1

[    4.663099] initcall perf_event_sysfs_init+0x0/0xc4 returned 0 after 238 usecs

[    4.665642] calling  kswapd_init+0x0/0xac @ 1

[    4.667265] initcall kswapd_init+0x0/0xac returned 0 after 281 usecs

[    4.669772] calling  mm_compute_batch_init+0x0/0x5c @ 1

[    4.671171] initcall mm_compute_batch_init+0x0/0x5c returned 0 after 0 usecs

[    4.674702] calling  slab_proc_init+0x0/0x28 @ 1

[    4.675039] initcall slab_proc_init+0x0/0x28 returned 0 after 6 usecs

[    4.678528] calling  workingset_init+0x0/0xb8 @ 1

[    4.680937] workingset: timestamp_bits=42 max_order=20 bucket_order=0

[    4.682433] initcall workingset_init+0x0/0xb8 returned 0 after 1455 usecs

[    4.683922] calling  proc_vmalloc_init+0x0/0x3c @ 1

[    4.686301] initcall proc_vmalloc_init+0x0/0x3c returned 0 after 6 usecs

[    4.689832] calling  procswaps_init+0x0/0x28 @ 1

[    4.691198] initcall procswaps_init+0x0/0x28 returned 0 after 5 usecs

[    4.693673] calling  slab_sysfs_init+0x0/0x120 @ 1

[    4.710572] initcall slab_sysfs_init+0x0/0x120 returned 0 after 15151 usecs

[    4.711160] calling  fcntl_init+0x0/0x30 @ 1

[    4.711493] initcall fcntl_init+0x0/0x30 returned 0 after 20 usecs

[    4.711950] calling  proc_filesystems_init+0x0/0x30 @ 1

[    4.712345] initcall proc_filesystems_init+0x0/0x30 returned 0 after 10 usecs

[    4.712902] calling  start_dirtytime_writeback+0x0/0x48 @ 1

[    4.713311] initcall start_dirtytime_writeback+0x0/0x48 returned 0 after 3 usecs

[    4.713844] calling  blkdev_init+0x0/0x20 @ 1

[    4.714261] initcall blkdev_init+0x0/0x20 returned 0 after 49 usecs

[    4.714712] calling  dio_init+0x0/0x30 @ 1

[    4.717389] initcall dio_init+0x0/0x30 returned 0 after 340 usecs

[    4.718865] calling  dnotify_init+0x0/0x7c @ 1

[    4.721530] initcall dnotify_init+0x0/0x7c returned 0 after 298 usecs

[    4.722055] calling  fanotify_user_setup+0x0/0x58 @ 1

[    4.724710] initcall fanotify_user_setup+0x0/0x58 returned 0 after 259 usecs

[    4.727298] calling  userfaultfd_init+0x0/0x38 @ 1

[    4.729958] initcall userfaultfd_init+0x0/0x38 returned 0 after 260 usecs

[    4.731462] calling  aio_setup+0x0/0x80 @ 1

[    4.733116] initcall aio_setup+0x0/0x80 returned 0 after 318 usecs

[    4.734570] calling  io_uring_init+0x0/0x30 @ 1

[    4.736947] initcall io_uring_init+0x0/0x30 returned 0 after 21 usecs

[    4.740475] calling  fscrypt_init+0x0/0xac @ 1

[    4.743148] initcall fscrypt_init+0x0/0xac returned 0 after 1286 usecs

[    4.743653] calling  init_sys32_ioctl+0x0/0x30 @ 1

[    4.746262] initcall init_sys32_ioctl+0x0/0x30 returned 0 after 233 usecs

[    4.747750] calling  mbcache_init+0x0/0x38 @ 1

[    4.750377] initcall mbcache_init+0x0/0x38 returned 0 after 248 usecs

[    4.751855] calling  init_devpts_fs+0x0/0x30 @ 1

[    4.754263] initcall init_devpts_fs+0x0/0x30 returned 0 after 46 usecs

[    4.756757] calling  ext4_init_fs+0x0/0x210 @ 1

[    4.760597] initcall ext4_init_fs+0x0/0x210 returned 0 after 1428 usecs

[    4.761078] calling  journal_init+0x0/0x164 @ 1

[    4.763264] initcall journal_init+0x0/0x164 returned 0 after 815 usecs

[    4.764746] calling  init_autofs_fs+0x0/0x34 @ 1

[    4.766388] initcall init_autofs_fs+0x0/0x34 returned 0 after 280 usecs

[    4.769927] calling  fuse_init+0x0/0x1e0 @ 1

[    4.770240] fuse: init (API version 7.31)

[    4.773232] initcall fuse_init+0x0/0x1e0 returned 0 after 2909 usecs

[    4.775721] calling  cuse_init+0x0/0xb8 @ 1

[    4.776221] initcall cuse_init+0x0/0xb8 returned 0 after 186 usecs

[    4.779726] calling  ipc_init+0x0/0x38 @ 1

[    4.781093] initcall ipc_init+0x0/0x38 returned 0 after 35 usecs

[    4.783541] calling  ipc_sysctl_init+0x0/0x1c @ 1

[    4.784927] initcall ipc_sysctl_init+0x0/0x1c returned 0 after 26 usecs

[    4.787412] calling  init_mqueue_fs+0x0/0xdc @ 1

[    4.789419] initcall init_mqueue_fs+0x0/0xdc returned 0 after 636 usecs

[    4.790894] calling  key_proc_init+0x0/0x74 @ 1

[    4.793251] initcall key_proc_init+0x0/0x74 returned 0 after 9 usecs

[    4.796734] calling  crypto_algapi_init+0x0/0x14 @ 1

[    4.799138] initcall crypto_algapi_init+0x0/0x14 returned 0 after 5 usecs

[    4.800634] calling  jent_mod_init+0x0/0x3c @ 1

[    4.805962] initcall jent_mod_init+0x0/0x3c returned 0 after 2907 usecs

[    4.806487] calling  proc_genhd_init+0x0/0x58 @ 1

[    4.806842] initcall proc_genhd_init+0x0/0x58 returned 0 after 8 usecs

[    4.810360] calling  bsg_init+0x0/0x114 @ 1

[    4.811729] Block layer SCSI generic (bsg) driver version 0.4 loaded (major 252)

[    4.814269] initcall bsg_init+0x0/0x114 returned 0 after 2514 usecs

[    4.815764] calling  iolatency_init+0x0/0x14 @ 1

[    4.818134] initcall iolatency_init+0x0/0x14 returned 0 after 14 usecs

[    4.821647] calling  btree_module_init+0x0/0x30 @ 1

[    4.823048] initcall btree_module_init+0x0/0x30 returned 0 after 23 usecs

[    4.825541] calling  percpu_counter_startup+0x0/0x88 @ 1

[    4.830226] initcall percpu_counter_startup+0x0/0x88 returned 0 after 2229 usecs

[    4.830805] calling  sg_pool_init+0x0/0xe0 @ 1

[    4.833579] initcall sg_pool_init+0x0/0xe0 returned 0 after 419 usecs

[    4.835045] calling  pci_proc_init+0x0/0x88 @ 1

[    4.911129] initcall pci_proc_init+0x0/0x88 returned 0 after 206 usecs

[    4.912607] calling  pcie_portdrv_init+0x0/0x4c @ 1

[    4.915716] probe of 0000:02:00.0 returned 0 after 516 usecs

[    4.916452] probe of 0000:03:01.0 returned 0 after 323 usecs

[    4.917933] probe of 0000:04:00.0 returned 0 after 62 usecs

[    4.921769] probe of 0000:03:08.0 returned 0 after 368 usecs

[    4.922573] probe of 0000:03:09.0 returned 0 after 340 usecs

[    4.924337] probe of 0000:03:0c.0 returned 0 after 342 usecs

[    4.926099] probe of 0000:03:0d.0 returned 0 after 342 usecs

[    4.929132] probe of 0001:02:00.0 returned 0 after 606 usecs

[    4.929929] probe of 0001:03:08.0 returned 0 after 384 usecs

[    4.932734] probe of 0001:03:09.0 returned 0 after 361 usecs

[    4.934515] probe of 0001:03:0c.0 returned 0 after 361 usecs

[    4.936297] probe of 0001:03:0d.0 returned 0 after 362 usecs

[    4.938782] initcall pcie_portdrv_init+0x0/0x4c returned 0 after 23234 usecs

[    4.940315] calling  n_null_init+0x0/0x38 @ 1

[    4.941650] initcall n_null_init+0x0/0x38 returned 0 after 1 usecs

[    4.945122] calling  pty_init+0x0/0x210 @ 1

[    4.945595] initcall pty_init+0x0/0x210 returned 0 after 167 usecs

[    4.948067] calling  sysrq_init+0x0/0x68 @ 1

[    4.949454] initcall sysrq_init+0x0/0x68 returned 0 after 15 usecs

[    4.951918] calling  suncore_init+0x0/0x8 @ 1

[    4.953251] initcall suncore_init+0x0/0x8 returned 0 after 0 usecs

[    4.955703] calling  sunhv_init+0x0/0x30 @ 1

[    4.957323] f0286ce8: ttyS0 at I/O 0x0 (irq = 33, base_baud = 115200) is a SUN4V HCONS

[    4.960251] probe of f0286ce8 returned 1 after 2994 usecs

[    4.963462] initcall sunhv_init+0x0/0x30 returned 0 after 6277 usecs

[    4.963921] calling  sunsu_init+0x0/0x1d4 @ 1

[    4.966756] f02a1874: ttyS1 at MMIO 0xfff0ca0000 (irq = 46, base_baud = 115387) is a 16550A

[    4.968367] Console: ttyS2 (SU)

[    4.968844] probe of f02a1874 returned 1 after 2486 usecs

[    4.970331] initcall sunsu_init+0x0/0x1d4 returned 0 after 4952 usecs

[    4.972825] calling  sunsab_init+0x0/0x114 @ 1

[    4.975694] initcall sunsab_init+0x0/0x114 returned 0 after 506 usecs

[    4.976220] calling  topology_sysfs_init+0x0/0x40 @ 1

[    4.980335] initcall topology_sysfs_init+0x0/0x40 returned 0 after 1684 usecs

[    4.980840] calling  cacheinfo_sysfs_init+0x0/0x30 @ 1

[    4.982257] initcall cacheinfo_sysfs_init+0x0/0x30 returned -2 after 30 usecs

[    4.985796] calling  loop_init+0x0/0x144 @ 1

[    5.011788] loop: module loaded

[    5.012047] initcall loop_init+0x0/0x144 returned 0 after 24324 usecs

[    5.012554] calling  sas_transport_init+0x0/0xd0 @ 1

[    5.013238] initcall sas_transport_init+0x0/0xd0 returned 0 after 308 usecs

[    5.013736] calling  init_sd+0x0/0x1d4 @ 1

[    5.014287] initcall init_sd+0x0/0x1d4 returned 0 after 184 usecs

[    5.014725] calling  net_olddevs_init+0x0/0x80 @ 1

[    5.015095] initcall net_olddevs_init+0x0/0x80 returned 0 after 17 usecs

[    5.015580] calling  niu_init+0x0/0x88 @ 1

[    5.016531] niu: niu.c:v1.1 (Apr 22, 2010)

[    5.024176] niu: niu0: Found PHY 002063b0 type MII at phy_port 26

[    5.025019] niu: niu0: Found PHY 002063b0 type MII at phy_port 27

[    5.025795] niu: niu0: Found PHY 002063b0 type MII at phy_port 28

[    5.026570] niu: niu0: Found PHY 002063b0 type MII at phy_port 29

[    5.027768] niu: niu0: Port 0 [4 RX chans] [6 TX chans]

[    5.028144] niu: niu0: Port 1 [4 RX chans] [6 TX chans]

[    5.028569] niu: niu0: Port 2 [4 RX chans] [6 TX chans]

[    5.028968] niu: niu0: Port 3 [4 RX chans] [6 TX chans]

[    5.029346] niu: niu0: Port 0 RDC tbl(0) [ 0 1 2 3 0 1 2 3 0 1 2 3 0 1 2 3 ]

[    5.029859] niu: niu0: Port 0 RDC tbl(1) [ 0 1 2 3 0 1 2 3 0 1 2 3 0 1 2 3 ]

[    5.030417] niu: niu0: Port 1 RDC tbl(2) [ 4 5 6 7 4 5 6 7 4 5 6 7 4 5 6 7 ]

[    5.030940] niu: niu0: Port 1 RDC tbl(3) [ 4 5 6 7 4 5 6 7 4 5 6 7 4 5 6 7 ]

[    5.031450] niu: niu0: Port 2 RDC tbl(4) [ 8 9 10 11 8 9 10 11 8 9 10 11 8 9 10 11 ]

[    5.034085] niu: niu0: Port 2 RDC tbl(5) [ 8 9 10 11 8 9 10 11 8 9 10 11 8 9 10 11 ]

[    5.037675] niu: niu0: Port 3 RDC tbl(6) [ 12 13 14 15 12 13 14 15 12 13 14 15 12 13 14 15 ]

[    5.039303] niu: niu0: Port 3 RDC tbl(7) [ 12 13 14 15 12 13 14 15 12 13 14 15 12 13 14 15 ]

[    5.282243] kworker/u258:0 (1306) used greatest stack depth: 8808 bytes left

[    5.284523] niu: eth0: NIU Ethernet 00:21:28:05:3a:a4

[    5.284907] niu: eth0: Port type[XMAC] mode[1G:COPPER] XCVR[MII] phy[mif]

[    5.285487] probe of 0001:04:00.0 returned 1 after 268921 usecs

[    5.504398] niu: eth1: NIU Ethernet 00:21:28:05:3a:a5

[    5.505119] niu: eth1: Port type[XMAC] mode[1G:COPPER] XCVR[MII] phy[mif]

[    5.506051] probe of 0001:04:00.1 returned 1 after 220050 usecs

[    5.734463] niu: eth2: NIU Ethernet 00:21:28:05:3a:a6

[    5.735182] niu: eth2: Port type[BMAC] mode[1G:COPPER] XCVR[MII] phy[mif]

[    5.736153] probe of 0001:04:00.2 returned 1 after 229585 usecs

[    5.964499] niu: eth3: NIU Ethernet 00:21:28:05:3a:a7

[    5.965218] niu: eth3: Port type[BMAC] mode[1G:COPPER] XCVR[MII] phy[mif]

[    5.967367] probe of 0001:04:00.3 returned 1 after 230342 usecs

[    5.968557] initcall niu_init+0x0/0x88 returned 0 after 930012 usecs

[    5.971021] calling  fusion_init+0x0/0x114 @ 1

[    5.972004] Fusion MPT base driver 3.04.20

[    5.973224] Copyright (c) 1999-2008 LSI Corporation

[    5.973952] initcall fusion_init+0x0/0x114 returned 0 after 1893 usecs

[    5.975122] calling  mptsas_init+0x0/0x130 @ 1

[    5.975798] Fusion MPT SAS Host driver 3.04.20

[    5.978111] mptbase: ioc0: Initiating bringup

[    8.220145] ioc0: LSISAS1068E B2: Capabilities={Initiator}

[   27.820878] scsi host0: ioc0: LSISAS1068E B2, FwRev=01170400h, Ports=1, MaxQ=286, IRQ=36

[   27.866097] mptsas: ioc0: attaching ssp device: fw_channel 0, fw_id 0, phy 0, sas_addr 0x5000cca00076eb05

[   27.874531] scsi 0:0:0:0: Direct-Access     HITACHI  H101414SCSUN146G SA25 PQ: 0 ANSI: 5

[   27.880442] probe of 0:0:0:0 returned 1 after 391 usecs

[   27.883283] mptsas: ioc0: attaching ssp device: fw_channel 0, fw_id 1, phy 1, sas_addr 0x5000cca00076ebf9

[   27.886788] sd 0:0:0:0: [sda] 286739329 512-byte logical blocks: (147 GB/137 GiB)

[   27.890954] sd 0:0:0:0: [sda] Write Protect is off

[   27.891659] sd 0:0:0:0: [sda] Mode Sense: eb 00 10 08

[   27.893784] sd 0:0:0:0: [sda] Write cache: enabled, read cache: enabled, supports DPO and FUA

[   27.895374] scsi 0:0:1:0: Direct-Access     HITACHI  H101414SCSUN146G SA25 PQ: 0 ANSI: 5

[   27.902537] probe of 0:0:1:0 returned 1 after 452 usecs

[   27.905680] mptsas: ioc0: attaching ssp device: fw_channel 0, fw_id 2, phy 2, sas_addr 0x5000cca0009006c5

[   27.905709]  sda: sda1 sda2 sda3

[   27.906695] sd 0:0:1:0: [sdb] 286739329 512-byte logical blocks: (147 GB/137 GiB)

[   27.908958] sd 0:0:1:0: [sdb] Write Protect is off

[   27.909343] sd 0:0:1:0: [sdb] Mode Sense: eb 00 10 08

[   27.911175] sd 0:0:1:0: [sdb] Write cache: enabled, read cache: enabled, supports DPO and FUA

[   27.914330] sd 0:0:0:0: [sda] Attached SCSI disk

[   27.914626] scsi 0:0:2:0: Direct-Access     HITACHI  H101414SCSUN146G SA25 PQ: 0 ANSI: 5

[   27.919511] probe of 0:0:2:0 returned 1 after 502 usecs

[   27.922090] mptsas: ioc0: attaching ssp device: fw_channel 0, fw_id 3, phy 3, sas_addr 0x5000cca000936c6d

[   27.922106] sd 0:0:2:0: [sdc] 286739329 512-byte logical blocks: (147 GB/137 GiB)

[   27.924792] sd 0:0:2:0: [sdc] Write Protect is off

[   27.925465] sd 0:0:2:0: [sdc] Mode Sense: eb 00 10 08

[   27.926162] sd 0:0:1:0: [sdb] Attached SCSI disk

[   27.927566] sd 0:0:2:0: [sdc] Write cache: enabled, read cache: enabled, supports DPO and FUA

[   27.931961] scsi 0:0:3:0: Direct-Access     HITACHI  H101414SCSUN146G SA25 PQ: 0 ANSI: 5

[   27.937468] probe of 0:0:3:0 returned 1 after 444 usecs

[   27.940973] probe of 0000:06:00.0 returned 1 after 21956745 usecs

[   27.941216] sd 0:0:3:0: [sdd] 286739329 512-byte logical blocks: (147 GB/137 GiB)

[   27.942250] initcall mptsas_init+0x0/0x130 returned 0 after 21443803 usecs

[   27.943708] sd 0:0:2:0: [sdc] Attached SCSI disk

[   27.943846] calling  bq4802_driver_init+0x0/0x18 @ 1

[   27.944465] sd 0:0:3:0: [sdd] Write Protect is off

[   27.944807] initcall bq4802_driver_init+0x0/0x18 returned 0 after 267 usecs

[   27.945208] sd 0:0:3:0: [sdd] Mode Sense: eb 00 10 08

[   27.946037] calling  cmos_init+0x0/0x4c @ 1

[   27.948157] sd 0:0:3:0: [sdd] Write cache: disabled, read cache: enabled, supports DPO and FUA

[   27.948185] initcall cmos_init+0x0/0x4c returned -19 after 738 usecs

[   27.950288] calling  m48t59_rtc_driver_init+0x0/0x18 @ 1

[   27.951170] initcall m48t59_rtc_driver_init+0x0/0x18 returned 0 after 133 usecs

[   27.952407] calling  starfire_rtc_driver_init+0x0/0x20 @ 1

[   27.953331] initcall starfire_rtc_driver_init+0x0/0x20 returned -19 after 168 usecs

[   27.953883] calling  sun4v_rtc_driver_init+0x0/0x20 @ 1

[   27.954638] rtc-sun4v rtc-sun4v: registered as rtc0

[   27.955048] probe of rtc-sun4v returned 1 after 682 usecs

[   27.955514] initcall sun4v_rtc_driver_init+0x0/0x20 returned 0 after 1211 usecs

[   27.956047] calling  hid_init+0x0/0x84 @ 1

[   27.956470] hidraw: raw HID events driver (C) Jiri Kosina

[   27.956980] initcall hid_init+0x0/0x84 returned 0 after 592 usecs

[   27.957472] calling  sock_diag_init+0x0/0x44 @ 1

[   27.958647] initcall sock_diag_init+0x0/0x44 returned 0 after 799 usecs

[   27.959144] calling  blackhole_init+0x0/0x14 @ 1

[   27.959481] initcall blackhole_init+0x0/0x14 returned 0 after 3 usecs

[   27.959954] calling  gre_offload_init+0x0/0x4c @ 1

[   27.960311] initcall gre_offload_init+0x0/0x4c returned 0 after 1 usecs

[   27.960790] calling  bpfilter_sockopt_init+0x0/0x4c @ 1

[   27.961175] initcall bpfilter_sockopt_init+0x0/0x4c returned 0 after 0 usecs

[   27.961693] calling  sysctl_ipv4_init+0x0/0x58 @ 1

[   27.961951] sd 0:0:3:0: [sdd] Attached SCSI disk

[   27.962266] initcall sysctl_ipv4_init+0x0/0x58 returned 0 after 206 usecs

[   27.962857] calling  inet_diag_init+0x0/0x8c @ 1

[   27.963207] initcall inet_diag_init+0x0/0x8c returned 0 after 4 usecs

[   27.963665] calling  tcp_diag_init+0x0/0x14 @ 1

[   27.964005] initcall tcp_diag_init+0x0/0x14 returned 0 after 1 usecs

[   27.964457] calling  cubictcp_register+0x0/0x8c @ 1

[   27.964822] initcall cubictcp_register+0x0/0x8c returned 0 after 3 usecs

[   27.965306] calling  inet6_init+0x0/0x450 @ 1

[   27.967789] NET: Registered protocol family 10

[   27.978217] Segment Routing with IPv6

[   27.978573] initcall inet6_init+0x0/0x450 returned 0 after 12634 usecs

[   27.979049] calling  packet_init+0x0/0x8c @ 1

[   27.979369] NET: Registered protocol family 17

[   27.979708] initcall packet_init+0x0/0x8c returned 0 after 327 usecs

[   27.980158] calling  xsk_diag_init+0x0/0x14 @ 1

[   27.980493] initcall xsk_diag_init+0x0/0x14 returned 0 after 0 usecs

[   27.981037] calling  sstate_running+0x0/0x2c @ 1

[   27.981444] initcall sstate_running+0x0/0x2c returned 0 after 63 usecs

[   27.981914] calling  init_oops_id+0x0/0x40 @ 1

[   27.982251] initcall init_oops_id+0x0/0x40 returned 0 after 5 usecs

[   27.982714] calling  pm_qos_power_init+0x0/0xb0 @ 1

[   27.983839] initcall pm_qos_power_init+0x0/0xb0 returned 0 after 744 usecs

[   27.984336] calling  printk_late_init+0x0/0x1d4 @ 1

[   27.984702] initcall printk_late_init+0x0/0x1d4 returned 0 after 4 usecs

[   27.985450] calling  tk_debug_sleep_time_init+0x0/0x30 @ 1

[   27.986133] initcall tk_debug_sleep_time_init+0x0/0x30 returned 0 after 11 usecs

[   27.986664] calling  taskstats_init+0x0/0x40 @ 1

[   27.987311] registered taskstats version 1

[   27.987634] initcall taskstats_init+0x0/0x40 returned 0 after 350 usecs

[   27.988382] calling  fault_around_debugfs+0x0/0x30 @ 1

[   27.988771] initcall fault_around_debugfs+0x0/0x30 returned 0 after 13 usecs

[   27.989552] calling  set_hardened_usercopy+0x0/0x28 @ 1

[   27.990204] initcall set_hardened_usercopy+0x0/0x28 returned 1 after 0 usecs

[   27.990966] calling  init_root_keyring+0x0/0xc @ 1

[   27.991366] initcall init_root_keyring+0x0/0xc returned 0 after 47 usecs

[   27.992118] calling  init_profile_hash+0x0/0xa4 @ 1

[   27.992781] AppArmor: AppArmor sha1 policy hashing enabled

[   27.993530] initcall init_profile_hash+0x0/0xa4 returned 0 after 729 usecs

[   27.994365] calling  prandom_reseed+0x0/0x34 @ 1

[   27.995531] initcall prandom_reseed+0x0/0x34 returned 0 after 461 usecs

[   27.996703] calling  pci_resource_alignment_sysfs_init+0x0/0x1c @ 1

[   27.997529] initcall pci_resource_alignment_sysfs_init+0x0/0x1c returned 0 after 9 usecs

[   27.998822] calling  pci_sysfs_init+0x0/0x60 @ 1

[   28.000352] initcall pci_sysfs_init+0x0/0x60 returned 0 after 458 usecs

[   28.002011] calling  deferred_probe_initcall+0x0/0xc0 @ 1

[   28.003412] initcall deferred_probe_initcall+0x0/0xc0 returned 0 after 83 usecs

[   28.004332] calling  init_netconsole+0x0/0x270 @ 1

[   28.005047] printk: console [netcon0] enabled

[   28.005354] netconsole: network logging started

[   28.006043] initcall init_netconsole+0x0/0x270 returned 0 after 985 usecs

[   28.007213] calling  rtc_hctosys+0x0/0xb8 @ 1

[   28.007733] rtc-sun4v rtc-sun4v: setting system clock to 2019-06-19T20:53:35 UTC (1560977615)

[   28.008990] initcall rtc_hctosys+0x0/0xb8 returned 0 after 1383 usecs

[   28.009797] calling  tcp_congestion_default+0x0/0x1c @ 1

[   28.010536] initcall tcp_congestion_default+0x0/0x1c returned 0 after 2 usecs

[   28.011866] Warning: unable to open an initial console.

[   28.030519] random: fast init done

[   28.049869] EXT4-fs (sda1): mounted filesystem with ordered data mode. Opts: (null)

[   28.050911] VFS: Mounted root (ext4 filesystem) readonly on device 8:1.

[   28.062872] devtmpfs: mounted

[   28.063775] This architecture does not have kernel memory protection.

[   28.064584] Run /sbin/init as init process

[   29.048788] calling  xt_init+0x0/0x120 [x_tables] @ 1

[   29.049954] initcall xt_init+0x0/0x120 [x_tables] returned 0 after 23 usecs

[   29.057501] calling  ip_tables_init+0x0/0xa8 [ip_tables] @ 1

[   29.058685] initcall ip_tables_init+0x0/0xa8 [ip_tables] returned 0 after 22 usecs

[   29.130252] systemd[1]: systemd 240 running in system mode. (+PAM +AUDIT +SELINUX +IMA +APPARMOR +SMACK +SYSVINIT +UTMP +LIBCRYPTSETUP +GCRYPT +GNUTLS +ACL +XZ +LZ4 -SECCOMP +BLKID +ELFUTILS +KMOD -IDN2 +IDN -PCRE2 default-hierarchy=hybrid)

[   29.134624] systemd[1]: Detected architecture sparc64.

[   29.177623] systemd[1]: Set hostname to <t5140>.

[   29.186212] systemd[1]: Failed to bump fs.file-max, ignoring: Invalid argument

[   29.502836] systemd-rc-loca (1604) used greatest stack depth: 7960 bytes left

[   29.504099] systemd-fstab-g (1600) used greatest stack depth: 6856 bytes left

[   29.691416] systemd-sysv-ge (1607) used greatest stack depth: 6536 bytes left

[   30.402047] random: systemd: uninitialized urandom read (16 bytes read)

[   30.432795] random: systemd: uninitialized urandom read (16 bytes read)

[   30.434317] systemd[1]: Listening on initctl Compatibility Named Pipe.

[   30.435247] random: systemd: uninitialized urandom read (16 bytes read)

[   30.436513] systemd[1]: Listening on Journal Socket (/dev/log).

[   30.458163] systemd[1]: Created slice system-getty.slice.

[   30.459489] systemd[1]: Started Dispatch Password Requests to Console Directory Watch.

[   30.462867] systemd[1]: Listening on Journal Audit Socket.

[   30.464786] systemd[1]: Listening on Journal Socket.

[   30.652756] percpu: allocation failed, size=240 align=8 atomic=0, failed to allocate new chunk

[   30.653765] CPU: 8 PID: 1 Comm: systemd Not tainted 5.2.0-rc5 #220

[   30.654237] Call Trace:

[   30.654496]  [000000000055f804] pcpu_alloc+0x684/0x6c0

[   30.654914]  [00000000009a6f00] mem_cgroup_css_alloc+0x100/0x540

[   30.655388]  [00000000004e0090] cgroup_apply_control_enable+0x190/0x3c0

[   30.655945]  [00000000004e2574] cgroup_mkdir+0x234/0x420

[   30.656410]  [0000000000639228] kernfs_iop_mkdir+0x68/0xc0

[   30.656846]  [00000000005c22b4] vfs_mkdir+0xf4/0x180

[   30.657248]  [00000000005c62f0] do_mkdirat+0xb0/0x120

[   30.657710]  [0000000000406254] linux_sparc_syscall+0x34/0x44

[   30.694033] percpu: allocation failed, size=696 align=8 atomic=0, failed to allocate new chunk

[   30.695030] CPU: 9 PID: 1 Comm: systemd Not tainted 5.2.0-rc5 #220

[   30.695499] Call Trace:

[   30.695756]  [000000000055f804] pcpu_alloc+0x684/0x6c0

[   30.696173]  [00000000009a6e58] mem_cgroup_css_alloc+0x58/0x540

[   30.696675]  [00000000004e0090] cgroup_apply_control_enable+0x190/0x3c0

[   30.697230]  [00000000004e2574] cgroup_mkdir+0x234/0x420

[   30.697657]  [0000000000639228] kernfs_iop_mkdir+0x68/0xc0

[   30.698055]  [00000000005c22b4] vfs_mkdir+0xf4/0x180

[   30.698463]  [00000000005c62f0] do_mkdirat+0xb0/0x120

[   30.698914]  [0000000000406254] linux_sparc_syscall+0x34/0x44

[   30.705909] percpu: allocation failed, size=696 align=8 atomic=0, failed to allocate new chunk

[   30.706904] CPU: 9 PID: 1 Comm: systemd Not tainted 5.2.0-rc5 #220

[   30.707373] Call Trace:

[   30.707618]  [000000000055f804] pcpu_alloc+0x684/0x6c0

[   30.708030]  [00000000009a6e58] mem_cgroup_css_alloc+0x58/0x540

[   30.708501]  [00000000004e0090] cgroup_apply_control_enable+0x190/0x3c0

[   30.709057]  [00000000004e2574] cgroup_mkdir+0x234/0x420

[   30.709529]  [0000000000639228] kernfs_iop_mkdir+0x68/0xc0

[   30.709961]  [00000000005c22b4] vfs_mkdir+0xf4/0x180

[   30.710361]  [00000000005c62f0] do_mkdirat+0xb0/0x120

[   30.710817]  [0000000000406254] linux_sparc_syscall+0x34/0x44

[   31.069056] percpu: allocation failed, size=696 align=8 atomic=0, failed to allocate new chunk

[   31.070413] CPU: 10 PID: 1 Comm: systemd Not tainted 5.2.0-rc5 #220

[   31.071400] Call Trace:

[   31.071768]  [000000000055f804] pcpu_alloc+0x684/0x6c0

[   31.072500]  [00000000009a6e58] mem_cgroup_css_alloc+0x58/0x540

[   31.073286]  [00000000004e0090] cgroup_apply_control_enable+0x190/0x3c0

[   31.074476]  [00000000004e2574] cgroup_mkdir+0x234/0x420

[   31.074904]  [0000000000639228] kernfs_iop_mkdir+0x68/0xc0

[   31.075657]  [00000000005c22b4] vfs_mkdir+0xf4/0x180

[   31.076382]  [00000000005c62f0] do_mkdirat+0xb0/0x120

[   31.077113]  [0000000000406254] linux_sparc_syscall+0x34/0x44

[   31.444779] percpu: allocation failed, size=696 align=8 atomic=0, failed to allocate new chunk

[   31.446138] CPU: 10 PID: 1 Comm: systemd Not tainted 5.2.0-rc5 #220

[   31.446926] Call Trace:

[   31.447495]  [000000000055f804] pcpu_alloc+0x684/0x6c0

[   31.448229]  [00000000009a6e58] mem_cgroup_css_alloc+0x58/0x540

[   31.449020]  [00000000004e0090] cgroup_apply_control_enable+0x190/0x3c0

[   31.449845]  [00000000004e2574] cgroup_mkdir+0x234/0x420

[   31.450596]  [0000000000639228] kernfs_iop_mkdir+0x68/0xc0

[   31.451433]  [00000000005c22b4] vfs_mkdir+0xf4/0x180

[   31.452044]  [00000000005c62f0] do_mkdirat+0xb0/0x120

[   31.452774]  [0000000000406254] linux_sparc_syscall+0x34/0x44

[   31.683767] EXT4-fs (sda1): re-mounted. Opts: errors=remount-ro

[   31.695813] percpu: allocation failed, size=696 align=8 atomic=0, failed to allocate new chunk

[   31.697647] CPU: 10 PID: 1 Comm: systemd Not tainted 5.2.0-rc5 #220

[   31.700358] Call Trace:

[   31.700989]  [000000000055f804] pcpu_alloc+0x684/0x6c0

[   31.703072]  [00000000009a6e58] mem_cgroup_css_alloc+0x58/0x540

[   31.705124]  [00000000004e0090] cgroup_apply_control_enable+0x190/0x3c0

[   31.708553]  [00000000004e2574] cgroup_mkdir+0x234/0x420

[   31.712028]  [0000000000639228] kernfs_iop_mkdir+0x68/0xc0

[   31.714699]  [00000000005c22b4] vfs_mkdir+0xf4/0x180

[   31.715064]  [00000000005c62f0] do_mkdirat+0xb0/0x120

[   31.715784]  [0000000000406254] linux_sparc_syscall+0x34/0x44

[   31.746195] percpu: allocation failed, size=696 align=8 atomic=0, failed to allocate new chunk

[   31.751844] CPU: 10 PID: 1 Comm: systemd Not tainted 5.2.0-rc5 #220

[   31.754821] Call Trace:

[   31.755387]  [000000000055f804] pcpu_alloc+0x684/0x6c0

[   31.756117]  [00000000009a6e58] mem_cgroup_css_alloc+0x58/0x540

[   31.758966]  [00000000004e0090] cgroup_apply_control_enable+0x190/0x3c0

[   31.759438]  [00000000004e2574] cgroup_mkdir+0x234/0x420

[   31.759875]  [0000000000639228] kernfs_iop_mkdir+0x68/0xc0

[   31.760271]  [00000000005c22b4] vfs_mkdir+0xf4/0x180

[   31.760636]  [00000000005c62f0] do_mkdirat+0xb0/0x120

[   31.761058]  [0000000000406254] linux_sparc_syscall+0x34/0x44

[   31.770959] percpu: allocation failed, size=696 align=8 atomic=0, failed to allocate new chunk

[   31.771649] CPU: 10 PID: 1 Comm: systemd Not tainted 5.2.0-rc5 #220

[   31.772152] Call Trace:

[   31.772355]  [000000000055f804] pcpu_alloc+0x684/0x6c0

[   31.772735]  [00000000009a6e58] mem_cgroup_css_alloc+0x58/0x540

[   31.773163]  [00000000004e0090] cgroup_apply_control_enable+0x190/0x3c0

[   31.773696]  [00000000004e2574] cgroup_mkdir+0x234/0x420

[   31.774086]  [0000000000639228] kernfs_iop_mkdir+0x68/0xc0

[   31.774483]  [00000000005c22b4] vfs_mkdir+0xf4/0x180

[   31.774848]  [00000000005c62f0] do_mkdirat+0xb0/0x120

[   31.775224]  [0000000000406254] linux_sparc_syscall+0x34/0x44

[   31.797961] systemd-journald[1616]: Received request to flush runtime journal from PID 1

[   31.934979] percpu: allocation failed, size=696 align=8 atomic=0, failed to allocate new chunk

[   31.936697] CPU: 8 PID: 1 Comm: systemd Not tainted 5.2.0-rc5 #220

[   31.937852] Call Trace:

[   31.938060]  [000000000055f804] pcpu_alloc+0x684/0x6c0

[   31.939134]  [00000000009a6e58] mem_cgroup_css_alloc+0x58/0x540

[   31.940285]  [00000000004e0090] cgroup_apply_control_enable+0x190/0x3c0

[   31.941429]  [00000000004e2574] cgroup_mkdir+0x234/0x420

[   31.942540]  [0000000000639228] kernfs_iop_mkdir+0x68/0xc0

[   31.943657]  [00000000005c22b4] vfs_mkdir+0xf4/0x180

[   31.944377]  [00000000005c62f0] do_mkdirat+0xb0/0x120

[   31.945105]  [0000000000406254] linux_sparc_syscall+0x34/0x44

[   32.044448] percpu: allocation failed, size=696 align=8 atomic=0, failed to allocate new chunk

[   32.045447] CPU: 8 PID: 1 Comm: systemd Not tainted 5.2.0-rc5 #220

[   32.045882] Call Trace:

[   32.046102]  [000000000055f804] pcpu_alloc+0x684/0x6c0

[   32.046482]  [00000000009a6e58] mem_cgroup_css_alloc+0x58/0x540

[   32.046912]  [00000000004e0090] cgroup_apply_control_enable+0x190/0x3c0

[   32.047685]  [00000000004e2574] cgroup_mkdir+0x234/0x420

[   32.048413]  [0000000000639228] kernfs_iop_mkdir+0x68/0xc0

[   32.050069]  [00000000005c22b4] vfs_mkdir+0xf4/0x180

[   32.050435]  [00000000005c62f0] do_mkdirat+0xb0/0x120

[   32.050812]  [0000000000406254] linux_sparc_syscall+0x34/0x44

[   32.051264] percpu: limit reached, disable warning

[   33.011073] calling  des_generic_mod_init+0x0/0x18 [des_generic] @ 2328

[   33.024305] initcall des_generic_mod_init+0x0/0x18 [des_generic] returned 0 after 11697 usecs

[   33.075774] calling  flash_driver_init+0x0/0x1c [flash] @ 2368

[   33.076949] probe of f0284a88 returned 0 after 31 usecs

[   33.080835] initcall flash_driver_init+0x0/0x1c [flash] returned 0 after 3910 usecs

[   33.188656] calling  n2_init+0x0/0x20 [n2_crypto] @ 2340

[   33.190034] n2_crypto: n2_crypto.c:v0.2 (July 28, 2011)

[   33.191666] n2_crypto: Found N2CP at /virtual-devices@100/n2cp@7

[   33.195176] n2_crypto: Registered NCS HVAPI version 2.0

[   33.197337] n2_crypto: md5 alg registration failed

[   33.198058] n2cp f028674c: /virtual-devices@100/n2cp@7: Unable to register algorithms.

[   33.213097] audit: type=1400 audit(1560977620.690:2): apparmor="STATUS" operation="profile_load" profile="unconfined" name="/usr/sbin/haveged" pid=2330 comm="apparmor_parser"

[   33.229874] Kernel unaligned access at TPC[6ddaf4] aa_dfa_unpack+0x34/0x640

[   33.230740] Kernel unaligned access at TPC[6ddb04] aa_dfa_unpack+0x44/0x640

[   33.231276] Kernel unaligned access at TPC[6ddba4] aa_dfa_unpack+0xe4/0x640

[   33.231899] Kernel unaligned access at TPC[6ddc5c] aa_dfa_unpack+0x19c/0x640

[   33.232439] Kernel unaligned access at TPC[6ddc70] aa_dfa_unpack+0x1b0/0x640

[   33.257249] audit: type=1400 audit(1560977620.730:3): apparmor="STATUS" operation="profile_load" profile="unconfined" name="/usr/bin/man" pid=2331 comm="apparmor_parser"

[   33.264409] audit: type=1400 audit(1560977620.730:4): apparmor="STATUS" operation="profile_load" profile="unconfined" name="man_filter" pid=2331 comm="apparmor_parser"

[   33.269393] audit: type=1400 audit(1560977620.730:5): apparmor="STATUS" operation="profile_load" profile="unconfined" name="man_groff" pid=2331 comm="apparmor_parser"

[   33.299704] niu 0001:04:00.0 enP1p4s0f0: renamed from eth0

[   33.323959] calling  init_sg+0x0/0xe4 [sg] @ 2379

[   33.325545] sd 0:0:0:0: Attached scsi generic sg0 type 0

[   33.326959] sd 0:0:1:0: Attached scsi generic sg1 type 0

[   33.328165] sd 0:0:2:0: Attached scsi generic sg2 type 0

[   33.329463] sd 0:0:3:0: Attached scsi generic sg3 type 0

[   33.330061] initcall init_sg+0x0/0xe4 [sg] returned 0 after 5202 usecs

[   33.398879] calling  e1000_init_module+0x0/0x40 [e1000e] @ 2385

[   33.400294] e1000e: Intel(R) PRO/1000 Network Driver - 3.2.6-k

[   33.401248] e1000e: Copyright(c) 1999 - 2015 Intel Corporation.

[   33.403193] e1000e 0000:07:00.0: Interrupt Throttling Rate (ints/sec) set to dynamic conservative mode

[   33.450519] niu 0001:04:00.1 enP1p4s0f1: renamed from eth1

[   33.484960] calling  usb_init+0x0/0x16c [usbcore] @ 2341

[   33.486000] usbcore: registered new interface driver usbfs

[   33.486917] usbcore: registered new interface driver hub

[   33.490725] usbcore: deregistering interface driver hub

[   33.491897] usbcore: can't allocate workqueue for usb hub

[   33.493032] usbcore: deregistering interface driver usbfs

[   33.494436] initcall usb_init+0x0/0x16c [usbcore] returned -1 after 8357 usecs

[   33.510337] niu 0001:04:00.3 enP1p4s0f3: renamed from eth3

[   33.615965] niu 0001:04:00.2 enP1p4s0f2: renamed from eth2

[   33.633770] e1000e: probe of 0000:07:00.0 failed with error -12

[   33.634948] probe of 0000:07:00.0 returned 0 after 232362 usecs

[   33.636076] initcall e1000_init_module+0x0/0x40 [e1000e] returned 0 after 146590 usecs

[   33.823975] calling  usb_init+0x0/0x16c [usbcore] @ 2368

[   33.825351] usbcore: registered new interface driver usbfs

[   33.826160] usbcore: registered new interface driver hub

[   33.827346] usbcore: deregistering interface driver hub

[   33.830838] usbcore: can't allocate workqueue for usb hub

[   33.833587] usbcore: deregistering interface driver usbfs

[   33.835148] initcall usb_init+0x0/0x16c [usbcore] returned -1 after 9586 usecs

[   33.999666] n2cp: probe of f028674c failed with error -22

[   34.000499] probe of f028674c returned 0 after 810184 usecs

[   34.002740] n2_crypto: Found NCP at /virtual-devices@100/ncp@6

[   34.004230] n2_crypto: Registered NCS HVAPI version 2.0

[   34.005890] probe of f028686c returned 1 after 3170 usecs

[   34.007122] initcall n2_init+0x0/0x20 [n2_crypto] returned 0 after 177625 usecs

[   34.713660] random: crng init done

[   34.714339] random: 7 urandom warning(s) missed due to ratelimiting

[   34.757422] Adding 7863808k swap on /dev/sda2.  Priority:-2 extents:1 across:7863808k

[   36.030375] ip (2622) used greatest stack depth: 5552 bytes left

[   37.594549] Kernel panic - not syncing: Cannot create slab shmem_inode_cache(24:system-getty.slice) size=704 realsize=704 order=2 offset=696 flags=4040000

[   37.596613] CPU: 0 PID: 13 Comm: kworker/0:1 Not tainted 5.2.0-rc5 #220

[   37.597151] Workqueue: memcg_kmem_cache memcg_kmem_cache_create_func

[   37.597636] Call Trace:

[   37.597887]  [0000000000462a64] panic+0x104/0x344

[   37.598222]  [000000000059e984] kmem_cache_open+0x4c4/0x4e0

[   37.598746]  [000000000059f368] __kmem_cache_create+0x8/0x160

[   37.599195]  [00000000005611bc] create_cache+0x7c/0x1c0

[   37.599610]  [00000000005617c4] memcg_create_kmem_cache+0xc4/0x100

[   37.600140]  [00000000005a6114] memcg_kmem_cache_create_func+0x14/0xa0

[   37.600650]  [000000000047a450] process_one_work+0x190/0x3c0

[   37.601201]  [000000000047a7bc] worker_thread+0x13c/0x500

[   37.601635]  [00000000004810dc] kthread+0xfc/0x120

[   37.602079]  [00000000004060a4] ret_from_fork+0x1c/0x2c

[   37.602493]  [0000000000000000] 0x0

[   37.602910] OOPS: Bogus kernel PC [0000000000001680] in fault handler

[   37.623792] OOPS: Bogus kernel PC [00000000000031c0] in fault handler

[   37.623830] OOPS: RPC [000000000042c7e4]

[   37.644982] OOPS: RPC [000000000042c7e4]

[   37.644988] OOPS: Bogus kernel PC [0000000000000280] in fault handler

[   37.645015] OOPS: RPC [000000000042c7e4]

[   37.645045] OOPS: RPC <arch_cpu_idle+0x64/0xa0>

[   37.645056] OOPS: Fault was to vaddr[280]

[   37.645072] CPU: 3 PID: 0 Comm: swapper/3 Not tainted 5.2.0-rc5 #220

[   37.645077] Call Trace:

[   37.645091]  [000000000044fc10] do_sparc64_fault+0x310/0x820

[   37.645110]  [00000000004076f4] sparc64_realfault_common+0x10/0x20

[   37.645119]  [0000000000000280] 0x280

[   37.645130]  [000000000048de38] do_idle+0x118/0x1a0

[   37.645141]  [000000000048e0dc] cpu_startup_entry+0x1c/0x40

[   37.645159]  [0000000000b5f6a4] after_lock_tlb+0x1a8/0x1bc

[   37.645167]  [0000000000000000] 0x0

[   37.645178] Unable to handle kernel NULL pointer dereference

[   37.645189] tsk->{mm,active_mm}->context = 0000000000000298

[   37.645199] tsk->{mm,active_mm}->pgd = ffff8001ad878000

[   37.645210]               \|/ ____ \|/

[   37.645210]               "@'/ .. \`@"

[   37.645210]               /_| \__/ |_\

[   37.645210]                  \__U_/

[   37.645221] swapper/3(0): Oops [#1]

[   37.645236] CPU: 3 PID: 0 Comm: swapper/3 Not tainted 5.2.0-rc5 #220

[   37.645251] TSTATE: 0000004480001603 TPC: 0000000000000280 TNPC: 0000000000000284 Y: 00000000    Not tainted

[   37.645261] TPC: <0x280>

[   37.645274] g0: 0000002400000043 g1: 0000000000000016 g2: 00000000f0200000 g3: 00000000fff78000

[   37.645288] g4: 0000000000005a20 g5: ffff8001be48e000 g6: ffff8001b8c80000 g7: 0000000000000003

[   37.645299] o0: 0000000000000280 o1: 0000000000000000 o2: 0000000000000000 o3: 0000000000000000

[   37.645312] o4: 0000000000000000 o5: 0000000000000000 sp: ffff8001b8c83531 ret_pc: 000000000042c7e4

[   37.645328] RPC: <arch_cpu_idle+0x64/0xa0>

[   37.645342] l0: ffff8001bf060040 l1: 00000007e8c51080 l2: 000000000007a11f l3: 0000000000b53fe8

[   37.645355] l4: 0000000000000000 l5: ffff8001bf06a380 l6: 00000000009b2400 l7: 00000000ffff97ca

[   37.645367] i0: 0000000000001948 i1: ffff8001bf06aff8 i2: 0000000000000001 i3: 0000000000000280

[   37.645381] i4: 00000000fee94ff8 i5: 00000000fee93800 i6: ffff8001b8c835e1 i7: 000000000048de38

[   37.645393] I7: <do_idle+0x118/0x1a0>

[   37.645402] Call Trace:

[   37.645416]  [000000000048de38] do_idle+0x118/0x1a0

[   37.645430]  [000000000048e0dc] cpu_startup_entry+0x1c/0x40

[   37.645450]  [0000000000b5f6a4] after_lock_tlb+0x1a8/0x1bc

[   37.645462]  [0000000000000000] 0x0

[   37.645475] Disabling lock debugging due to kernel taint

[   37.645493] Caller[000000000048de38]: do_idle+0x118/0x1a0

[   37.645512] Caller[000000000048e0dc]: cpu_startup_entry+0x1c/0x40

[   37.645528] Caller[0000000000b5f6a4]: after_lock_tlb+0x1a8/0x1bc

[   37.645543] Caller[0000000000000000]: 0x0

[   37.645555] Instruction DUMP:

[   37.645570] Unable to handle kernel NULL pointer dereference

[   37.645582] tsk->{mm,active_mm}->context = 0000000000000298

[   37.645595] tsk->{mm,active_mm}->pgd = ffff8001ad878000

[   37.645608]               \|/ ____ \|/

[   37.645608]               "@'/ .. \`@"

[   37.645608]               /_| \__/ |_\

[   37.645608]                  \__U_/

[   37.645623] swapper/3(0): Oops [#2]

[   37.645642] CPU: 3 PID: 0 Comm: swapper/3 Tainted: G      D           5.2.0-rc5 #220

[   37.645659] TSTATE: 0000008880001607 TPC: 000000000042b0ac TNPC: 000000000042b0b0 Y: 00000000    Tainted: G      D

[   37.645679] TPC: <die_if_kernel+0x114/0x24c>

[   37.645698] g0: 0000000000000001 g1: fffffffffffffff4 g2: 0000000000000000 g3: 0000000000000000

[   37.645715] g4: ffff8001b8c47f80 g5: ffff8001be48e000 g6: ffff8001b8c80000 g7: 000000000000000e

[   37.645727] o0: 0000000000000011 o1: 000000000000003c o2: 0000000000000000 o3: 0000000000000020

[   37.645744] o4: 0000000000003f60 o5: ffff8001b8c80000 sp: ffff8001b8c83191 ret_pc: 000000000042b04c

[   37.645760] RPC: <die_if_kernel+0xb4/0x24c>

[   37.645775] l0: 0000000000001000 l1: 0000004480001606 l2: 00000000009806c8 l3: 0000000000000400

[   37.645788] l4: 0000000000000000 l5: 0000000000000002 l6: 0000000000000000 l7: 0000000000000008

[   37.645801] i0: 0000000000ab21e0 i1: ffff8001b8c83c90 i2: ffff8001b8c80000 i3: 0000000000000280

[   37.645814] i4: 0000000000aaf888 i5: fffffffffffffffd i6: ffff8001b8c83271 i7: 00000000004501a4

[   37.645828] I7: <unhandled_fault+0x84/0xa0>

[   37.645837] Call Trace:

[   37.645851]  [00000000004501a4] unhandled_fault+0x84/0xa0

[   37.645866]  [000000000044fc20] do_sparc64_fault+0x320/0x820

[   37.645886]  [00000000004076f4] sparc64_realfault_common+0x10/0x20

[   37.645897]  [0000000000000280] 0x280

[   37.645910]  [000000000048de38] do_idle+0x118/0x1a0

[   37.645923]  [000000000048e0dc] cpu_startup_entry+0x1c/0x40

[   37.645940]  [0000000000b5f6a4] after_lock_tlb+0x1a8/0x1bc

[   37.645951]  [0000000000000000] 0x0

[   37.645967] Caller[00000000004501a4]: unhandled_fault+0x84/0xa0

[   37.645982] Caller[000000000044fc20]: do_sparc64_fault+0x320/0x820

[   37.646002] Caller[00000000004076f4]: sparc64_realfault_common+0x10/0x20

[   37.646021] Caller[000000000042c7e4]: arch_cpu_idle+0x64/0xa0

[   37.646035] Caller[000000000048de38]: do_idle+0x118/0x1a0

[   37.646049] Caller[000000000048e0dc]: cpu_startup_entry+0x1c/0x40

[   37.646065] Caller[0000000000b5f6a4]: after_lock_tlb+0x1a8/0x1bc

[   37.646077] Caller[0000000000000000]: 0x0

[   37.646084] Instruction DUMP:

[   37.646088]  832f7002

[   37.646098]  9210203c

[   37.646107]  96102020

[   37.646117] <d406c001>

[   37.646126]  93666020

[   37.646135]  9010001c

[   37.646144]  ba076001

[   37.646154]  40020421

[   37.646163]  9764603e

[   37.646172]

[   37.665667] OOPS: RPC <arch_cpu_idle+0x64/0xa0>

[   37.665671] OOPS: Bogus kernel PC [0000000000000f00] in fault handler

[   37.665678] OOPS: RPC [000000000042c7e4]

[   37.665751] OOPS: Fault was to vaddr[31c0]

[   37.665771] CPU: 2 PID: 0 Comm: swapper/2 Tainted: G      D           5.2.0-rc5 #220

[   37.665775] Call Trace:

[   37.665789]  [000000000044fc10] do_sparc64_fault+0x310/0x820

[   37.665807]  [00000000004076f4] sparc64_realfault_common+0x10/0x20

[   37.665814]  [00000000000031c0] 0x31c0

[   37.665825]  [000000000048de38] do_idle+0x118/0x1a0

[   37.665836]  [000000000048e0d4] cpu_startup_entry+0x14/0x40

[   37.665849]  [0000000000b5f6a4] after_lock_tlb+0x1a8/0x1bc

[   37.665857]  [0000000000000000] 0x0

[   37.665869] Unable to handle kernel paging request at virtual address 00000000000031c0

[   37.665880] tsk->{mm,active_mm}->context = 000000000000013d

[   37.665890] tsk->{mm,active_mm}->pgd = ffff8001b5bfc000

[   37.665899]               \|/ ____ \|/

[   37.665899]               "@'/ .. \`@"

[   37.665899]               /_| \__/ |_\

[   37.665899]                  \__U_/

[   37.665910] swapper/2(0): Oops [#3]

[   37.665924] CPU: 2 PID: 0 Comm: swapper/2 Tainted: G      D           5.2.0-rc5 #220

[   37.665939] TSTATE: 0000004480001603 TPC: 00000000000031c0 TNPC: 00000000000031c4 Y: 00000000    Tainted: G      D

[   37.665950] TPC: <0x31c0>

[   37.665963] g0: ffffffe6ffffffed g1: 0000000000000016 g2: 00000000f0200000 g3: 00000000fff78000

[   37.665976] g4: 0000000000005a20 g5: ffff8001be46e000 g6: ffff8001b8c7c000 g7: 0000000000000002

[   37.665988] o0: 00000000000031c0 o1: 0000000000000000 o2: 0000000000000000 o3: 0000000000000000

[   37.666001] o4: 0000000000000000 o5: 0000000000000000 sp: ffff8001b8c7f531 ret_pc: 000000000042c7e4

[   37.666018] RPC: <arch_cpu_idle+0x64/0xa0>

[   37.666031] l0: ffff8001bf040040 l1: 00000007ebc00100 l2: 0000000000000000 l3: 0000000000000000

[   37.666044] l4: 0000000000000000 l5: 0000000000000000 l6: 0000000000000000 l7: 000001000019fa60

[   37.666057] i0: 0000000000001604 i1: ffff8001bf04aff8 i2: 0000000000000001 i3: 00000000000031c0

[   37.666069] i4: 00000000fee8eff8 i5: 00000000fee8d800 i6: ffff8001b8c7f5e1 i7: 000000000048de38

[   37.666082] I7: <do_idle+0x118/0x1a0>

[   37.666090] Call Trace:

[   37.666104]  [000000000048de38] do_idle+0x118/0x1a0

[   37.666118]  [000000000048e0d4] cpu_startup_entry+0x14/0x40

[   37.666134]  [0000000000b5f6a4] after_lock_tlb+0x1a8/0x1bc

[   37.666145]  [0000000000000000] 0x0

[   37.666160] Caller[000000000048de38]: do_idle+0x118/0x1a0

[   37.666174] Caller[000000000048e0d4]: cpu_startup_entry+0x14/0x40

[   37.666195] Caller[0000000000b5f6a4]: after_lock_tlb+0x1a8/0x1bc

[   37.666206] Caller[0000000000000000]: 0x0

[   37.666218] Instruction DUMP:

[   37.666229] Unable to handle kernel paging request at virtual address 0000000000002000

[   37.666242] tsk->{mm,active_mm}->context = 000000000000013d

[   37.666257] tsk->{mm,active_mm}->pgd = ffff8001b5bfc000

[   37.666267]               \|/ ____ \|/

[   37.666267]               "@'/ .. \`@"

[   37.666267]               /_| \__/ |_\

[   37.666267]                  \__U_/

[   37.666282] swapper/2(0): Oops [#4]

[   37.666302] CPU: 2 PID: 0 Comm: swapper/2 Tainted: G      D           5.2.0-rc5 #220

[   37.666320] TSTATE: 0000008880001607 TPC: 000000000042b0ac TNPC: 000000000042b0b0 Y: 0000185e    Tainted: G      D

[   37.666338] TPC: <die_if_kernel+0x114/0x24c>

[   37.666355] g0: 0000000000000001 g1: fffffffffffffff4 g2: 0000000000000000 g3: 0000000000000000

[   37.666370] g4: ffff8001b8c47700 g5: ffff8001be46e000 g6: ffff8001b8c7c000 g7: 000000000000000e

[   37.666387] o0: 0000000000000011 o1: 000000000000003c o2: 0000000000000000 o3: 0000000000000020

[   37.666403] o4: 0000000000003f60 o5: ffff8001b8c7c000 sp: ffff8001b8c7f191 ret_pc: 000000000042b04c

[   37.666421] RPC: <die_if_kernel+0xb4/0x24c>

[   37.666440] l0: 0000000000001000 l1: 0000004480001606 l2: 00000000009806c8 l3: 0000000000000400

[   37.666456] l4: 0000000000000000 l5: 0000000000000002 l6: 0000000000000000 l7: 0000000000000008

[   37.666469] i0: 0000000000ab21e0 i1: ffff8001b8c7fc90 i2: ffff8001b8c7c000 i3: 00000000000031c0

[   37.666487] i4: 0000000000aaf888 i5: fffffffffffffffd i6: ffff8001b8c7f271 i7: 00000000004501a4

[   37.666506] I7: <unhandled_fault+0x84/0xa0>

[   37.666517] Call Trace:

[   37.666534]  [00000000004501a4] unhandled_fault+0x84/0xa0

[   37.666551]  [000000000044fc20] do_sparc64_fault+0x320/0x820

[   37.666572]  [00000000004076f4] sparc64_realfault_common+0x10/0x20

[   37.666585]  [00000000000031c0] 0x31c0

[   37.666600]  [000000000048de38] do_idle+0x118/0x1a0

[   37.666613]  [000000000048e0d4] cpu_startup_entry+0x14/0x40

[   37.666629]  [0000000000b5f6a4] after_lock_tlb+0x1a8/0x1bc

[   37.666641]  [0000000000000000] 0x0

[   37.666657] Caller[00000000004501a4]: unhandled_fault+0x84/0xa0

[   37.666672] Caller[000000000044fc20]: do_sparc64_fault+0x320/0x820

[   37.666692] Caller[00000000004076f4]: sparc64_realfault_common+0x10/0x20

[   37.666710] Caller[000000000042c7e4]: arch_cpu_idle+0x64/0xa0

[   37.666724] Caller[000000000048de38]: do_idle+0x118/0x1a0

[   37.666738] Caller[000000000048e0d4]: cpu_startup_entry+0x14/0x40

[   37.666755] Caller[0000000000b5f6a4]: after_lock_tlb+0x1a8/0x1bc

[   37.666766] Caller[0000000000000000]: 0x0

[   37.666774] Instruction DUMP:

[   37.666777]  832f7002

[   37.666786]  9210203c

[   37.666796]  96102020

[   37.666805] <d406c001>

[   37.666815]  93666020

[   37.666824]  9010001c

[   37.666833]  ba076001

[   37.666843]  40020421

[   37.666852]  9764603e

[   37.666860]

[   37.686338] OOPS: Bogus kernel PC [0000000000000500] in fault handler

[   37.686351] OOPS: RPC <arch_cpu_idle+0x64/0xa0>

[   37.686365] OOPS: RPC [000000000042c7e4]

[   37.686368] OOPS: Fault was to vaddr[1680]

[   37.686380] CPU: 1 PID: 0 Comm: swapper/1 Tainted: G      D           5.2.0-rc5 #220

[   37.686385] Call Trace:

[   37.686398]  [000000000044fc10] do_sparc64_fault+0x310/0x820

[   37.686416]  [00000000004076f4] sparc64_realfault_common+0x10/0x20

[   37.686424]  [0000000000001680] 0x1680

[   37.686435]  [000000000048de38] do_idle+0x118/0x1a0

[   37.686445]  [000000000048e0dc] cpu_startup_entry+0x1c/0x40

[   37.686459]  [0000000000b5f6a4] after_lock_tlb+0x1a8/0x1bc

[   37.686466]  [0000000000000000] 0x0

[   37.686472] Unable to handle kernel NULL pointer dereference

[   37.686479] tsk->{mm,active_mm}->context = 000000000000002a

[   37.686485] tsk->{mm,active_mm}->pgd = ffff8001b7588000

[   37.686492]               \|/ ____ \|/

[   37.686492]               "@'/ .. \`@"

[   37.686492]               /_| \__/ |_\

[   37.686492]                  \__U_/

[   37.686500] swapper/1(0): Oops [#5]

[   37.686511] CPU: 1 PID: 0 Comm: swapper/1 Tainted: G      D           5.2.0-rc5 #220

[   37.686524] TSTATE: 0000004480001603 TPC: 0000000000001680 TNPC: 0000000000001684 Y: 00000000    Tainted: G      D

[   37.686532] TPC: <0x1680>

[   37.686542] g0: 0000000000000000 g1: 0000000000000016 g2: 00000000f0200000 g3: 00000000fff78000

[   37.686552] g4: 0000000000005a20 g5: ffff8001be44e000 g6: ffff8001b8c78000 g7: 0000000000000001

[   37.686561] o0: 0000000000001680 o1: 0000000000000000 o2: 0000000000000000 o3: 0000000000000000

[   37.686571] o4: 0000000000000000 o5: 0000000000000000 sp: ffff8001b8c7b531 ret_pc: 000000000042c7e4

[   37.686586] RPC: <arch_cpu_idle+0x64/0xa0>

[   37.686596] l0: ffff8001b665aa00 l1: 0000000000000000 l2: 0000000000422db4 l3: 0000000000000000

[   37.686606] l4: 000000000000030c l5: 0000000000000008 l6: ffff8001b46b4000 l7: 00000000006023c0

[   37.686616] i0: 0000000000001a60 i1: ffff8001bf02aff8 i2: 0000000000000001 i3: 0000000000001680

[   37.686626] i4: 00000000fee88ff8 i5: 00000000fee87800 i6: ffff8001b8c7b5e1 i7: 000000000048de38

[   37.686636] I7: <do_idle+0x118/0x1a0>

[   37.686642] Call Trace:

[   37.686653]  [000000000048de38] do_idle+0x118/0x1a0

[   37.686663]  [000000000048e0dc] cpu_startup_entry+0x1c/0x40

[   37.686675]  [0000000000b5f6a4] after_lock_tlb+0x1a8/0x1bc

[   37.686683]  [0000000000000000] 0x0

[   37.686694] Caller[000000000048de38]: do_idle+0x118/0x1a0

[   37.686705] Caller[000000000048e0dc]: cpu_startup_entry+0x1c/0x40

[   37.686716] Caller[0000000000b5f6a4]: after_lock_tlb+0x1a8/0x1bc

[   37.686724] Caller[0000000000000000]: 0x0

[   37.686729] Instruction DUMP:

[   37.686736] Unable to handle kernel NULL pointer dereference

[   37.686743] tsk->{mm,active_mm}->context = 000000000000002a

[   37.686749] tsk->{mm,active_mm}->pgd = ffff8001b7588000

[   37.686756]               \|/ ____ \|/

[   37.686756]               "@'/ .. \`@"

[   37.686756]               /_| \__/ |_\

[   37.686756]                  \__U_/

[   37.686764] swapper/1(0): Oops [#6]

[   37.686775] CPU: 1 PID: 0 Comm: swapper/1 Tainted: G      D           5.2.0-rc5 #220

[   37.686788] TSTATE: 0000008880001607 TPC: 000000000042b0ac TNPC: 000000000042b0b0 Y: 00001931    Tainted: G      D

[   37.686800] TPC: <die_if_kernel+0x114/0x24c>

[   37.686810] g0: 0000000000000001 g1: fffffffffffffff4 g2: 0000000000000000 g3: 0000000000000000

[   37.686821] g4: ffff8001b8c46e80 g5: ffff8001be44e000 g6: ffff8001b8c78000 g7: 000000000000000e

[   37.686830] o0: 0000000000000011 o1: 000000000000003c o2: 0000000000000000 o3: 0000000000000020

[   37.686841] o4: 0000000000003f60 o5: ffff8001b8c78000 sp: ffff8001b8c7b191 ret_pc: 000000000042b04c

[   37.686852] RPC: <die_if_kernel+0xb4/0x24c>

[   37.686862] l0: 0000000000000009 l1: ffff8001b8c7bf60 l2: 0000000057ac6c00 l3: 0000000000c07c00

[   37.686872] l4: 0000000000000001 l5: 0000000000000000 l6: 0000000000b95800 l7: 0000000000000001

[   37.686882] i0: 0000000000ab21e0 i1: ffff8001b8c7bc90 i2: ffff8001b8c78000 i3: 0000000000001680

[   37.686893] i4: 0000000000aaf888 i5: fffffffffffffffd i6: ffff8001b8c7b271 i7: 00000000004501a4

[   37.686905] I7: <unhandled_fault+0x84/0xa0>

[   37.686910] Call Trace:

[   37.686922]  [00000000004501a4] unhandled_fault+0x84/0xa0

[   37.686933]  [000000000044fc20] do_sparc64_fault+0x320/0x820

[   37.686949]  [00000000004076f4] sparc64_realfault_common+0x10/0x20

[   37.686957]  [0000000000001680] 0x1680

[   37.686967]  [000000000048de38] do_idle+0x118/0x1a0

[   37.686978]  [000000000048e0dc] cpu_startup_entry+0x1c/0x40

[   37.686991]  [0000000000b5f6a4] after_lock_tlb+0x1a8/0x1bc

[   37.686999]  [0000000000000000] 0x0

[   37.687011] Caller[00000000004501a4]: unhandled_fault+0x84/0xa0

[   37.687022] Caller[000000000044fc20]: do_sparc64_fault+0x320/0x820

[   37.687037] Caller[00000000004076f4]: sparc64_realfault_common+0x10/0x20

[   37.687051] Caller[000000000042c7e4]: arch_cpu_idle+0x64/0xa0

[   37.687062] Caller[000000000048de38]: do_idle+0x118/0x1a0

[   37.687073] Caller[000000000048e0dc]: cpu_startup_entry+0x1c/0x40

[   37.687086] Caller[0000000000b5f6a4]: after_lock_tlb+0x1a8/0x1bc

[   37.687094] Caller[0000000000000000]: 0x0

[   37.687099] Instruction DUMP:

[   37.687106]  832f7002

[   37.687112]  9210203c

[   37.687117]  96102020

[   37.687123] <d406c001>

[   37.687129]  93666020

[   37.687135]  9010001c

[   37.687140]  ba076001

[   37.687146]  40020421

[   37.687152]  9764603e

[   37.687157]

[   37.707219] OOPS: Bogus kernel PC [0000000000001cc0] in fault handler

[   37.707251] OOPS: RPC <arch_cpu_idle+0x64/0xa0>

[   37.707255] OOPS: Fault was to vaddr[f00]

[   37.707266] CPU: 4 PID: 0 Comm: swapper/4 Tainted: G      D           5.2.0-rc5 #220

[   37.707269] Call Trace:

[   37.707279]  [000000000044fc10] do_sparc64_fault+0x310/0x820

[   37.707294]  [00000000004076f4] sparc64_realfault_common+0x10/0x20

[   37.707300]  [0000000000000f00] 0xf00

[   37.707308]  [000000000048de38] do_idle+0x118/0x1a0

[   37.707317]  [000000000048e0dc] cpu_startup_entry+0x1c/0x40

[   37.707328]  [0000000000b5f6a4] after_lock_tlb+0x1a8/0x1bc

[   37.707334]  [0000000000000000] 0x0

[   37.707338] Unable to handle kernel NULL pointer dereference

[   37.707343] tsk->{mm,active_mm}->context = 00000000000002af

[   37.707347] tsk->{mm,active_mm}->pgd = ffff8001ad610000

[   37.707352]               \|/ ____ \|/

[   37.707352]               "@'/ .. \`@"

[   37.707352]               /_| \__/ |_\

[   37.707352]                  \__U_/

[   37.707357] swapper/4(0): Oops [#7]

[   37.707367] CPU: 4 PID: 0 Comm: swapper/4 Tainted: G      D           5.2.0-rc5 #220

[   37.707381] TSTATE: 0000004480001603 TPC: 0000000000000f00 TNPC: 0000000000000f04 Y: 00000000    Tainted: G      D

[   37.707386] TPC: <0xf00>

[   37.707394] g0: 000000040000000c g1: 0000000000000016 g2: 00000000f0200000 g3: 00000000fff78000

[   37.707401] g4: 0000000000005a20 g5: ffff8001be4ae000 g6: ffff8001b8c84000 g7: 0000000000000004

[   37.707408] o0: 0000000000000f00 o1: 0000000000000000 o2: 0000000000000000 o3: 0000000000000000

[   37.707415] o4: 0000000000000000 o5: 0000000000000000 sp: ffff8001b8c87531 ret_pc: 000000000042c7e4

[   37.707426] RPC: <arch_cpu_idle+0x64/0xa0>

[   37.707434] l0: ffff8001b6bcbb00 l1: 0000000000ab8e40 l2: 0000000000b95800 l3: 0000000000b95800

[   37.707442] l4: ffff8001bf089c80 l5: ffff8001bf089cf0 l6: 0000000000000000 l7: 003e008100000000

[   37.707449] i0: 000000000000153c i1: ffff8001bf08aff8 i2: 0000000000000001 i3: 0000000000000f00

[   37.707456] i4: 00000000fee9aff8 i5: 00000000fee99800 i6: ffff8001b8c875e1 i7: 000000000048de38

[   37.707464] I7: <do_idle+0x118/0x1a0>

[   37.707467] Call Trace:

[   37.707475]  [000000000048de38] do_idle+0x118/0x1a0

[   37.707483]  [000000000048e0dc] cpu_startup_entry+0x1c/0x40

[   37.707493]  [0000000000b5f6a4] after_lock_tlb+0x1a8/0x1bc

[   37.707499]  [0000000000000000] 0x0

[   37.707507] Caller[000000000048de38]: do_idle+0x118/0x1a0

[   37.707516] Caller[000000000048e0dc]: cpu_startup_entry+0x1c/0x40

[   37.707525] Caller[0000000000b5f6a4]: after_lock_tlb+0x1a8/0x1bc

[   37.707531] Caller[0000000000000000]: 0x0

[   37.707534] Instruction DUMP:

[   37.707540] Unable to handle kernel NULL pointer dereference

[   37.707545] tsk->{mm,active_mm}->context = 00000000000002af

[   37.707549] tsk->{mm,active_mm}->pgd = ffff8001ad610000

[   37.707554]               \|/ ____ \|/

[   37.707554]               "@'/ .. \`@"

[   37.707554]               /_| \__/ |_\

[   37.707554]                  \__U_/

[   37.707559] swapper/4(0): Oops [#8]

[   37.707569] CPU: 4 PID: 0 Comm: swapper/4 Tainted: G      D           5.2.0-rc5 #220

[   37.707579] TSTATE: 0000008880001607 TPC: 000000000042b0ac TNPC: 000000000042b0b0 Y: 00001931    Tainted: G      D

[   37.707588] TPC: <die_if_kernel+0x114/0x24c>

[   37.707596] g0: 0000000000000001 g1: fffffffffffffff4 g2: 0000000000000000 g3: 0000000000000000

[   37.707603] g4: ffff8001b8c48800 g5: ffff8001be4ae000 g6: ffff8001b8c84000 g7: 000000000000000e

[   37.707610] o0: 0000000000000011 o1: 000000000000003c o2: 0000000000000000 o3: 0000000000000020

[   37.707617] o4: 0000000000003f60 o5: ffff8001b8c84000 sp: ffff8001b8c87191 ret_pc: 000000000042b04c

[   37.707625] RPC: <die_if_kernel+0xb4/0x24c>

[   37.707633] l0: 0000000000000009 l1: ffff8001b8c87f60 l2: 0000000057ac6c00 l3: 0000000000c07c00

[   37.707640] l4: 0000000000000001 l5: 0000000000000000 l6: 0000000000b95800 l7: 0000000000000001

[   37.707654] i0: 0000000000ab21e0 i1: ffff8001b8c87c90 i2: ffff8001b8c84000 i3: 0000000000000f00

[   37.707662] i4: 0000000000aaf888 i5: fffffffffffffffd i6: ffff8001b8c87271 i7: 00000000004501a4

[   37.707670] I7: <unhandled_fault+0x84/0xa0>

[   37.707674] Call Trace:

[   37.707691]  [000000000044fc20] do_sparc64_fault+0x320/0x8[   37.707691]  [000000000044fc20] do_sparc64_fault+0x320/0x820

[   37.707705]  [00000000004076f4] sparc64_realfault_common+0x10/0x20

[   37.707711]  [0000000000000f00] 0xf00

[   37.707718]  [000000000048de38] do_idle+0x118/0x1a0

