Return-Path: <linux-kernel-owner@vger.kernel.org>
X-Original-To: lists+linux-kernel@lfdr.de
Delivered-To: lists+linux-kernel@lfdr.de
Received: from vger.kernel.org (vger.kernel.org [209.132.180.67])
	by mail.lfdr.de (Postfix) with ESMTP id 64AE1190DE9
	for <lists+linux-kernel@lfdr.de>; Tue, 24 Mar 2020 13:47:07 +0100 (CET)
Received: (majordomo@vger.kernel.org) by vger.kernel.org via listexpand
        id S1727492AbgCXMrD (ORCPT <rfc822;lists+linux-kernel@lfdr.de>);
        Tue, 24 Mar 2020 08:47:03 -0400
Received: from ec2-3-21-30-127.us-east-2.compute.amazonaws.com ([3.21.30.127]:42912
        "EHLO www.teo-en-ming.com" rhost-flags-OK-OK-OK-OK) by vger.kernel.org
        with ESMTP id S1725767AbgCXMrC (ORCPT
        <rfc822;linux-kernel@vger.kernel.org>);
        Tue, 24 Mar 2020 08:47:02 -0400
Received: from localhost (localhost [IPv6:::1])
        by www.teo-en-ming.com (Postfix) with ESMTPA id ADDD0412ECC;
        Tue, 24 Mar 2020 20:47:01 +0800 (+08)
MIME-Version: 1.0
Date:   Tue, 24 Mar 2020 20:47:01 +0800
From:   Turritopsis Dohrnii Teo En Ming <ceo@teo-en-ming.com>
To:     linux-kernel@vger.kernel.org
Cc:     ceo@teo-en-ming.com
Subject: Asus RT-AC1200G+ Wireless Router and All Commercial Wireless Routers
 in the World Are Based on Linux
Message-ID: <042fc473f2a108f0f23c19489dbe8be4@teo-en-ming.com>
X-Sender: ceo@teo-en-ming.com
User-Agent: Roundcube Webmail/1.2.3
Content-Type: text/plain; charset=US-ASCII;
 format=flowed
Content-Transfer-Encoding: 7bit
Sender: linux-kernel-owner@vger.kernel.org
Precedence: bulk
List-ID: <linux-kernel.vger.kernel.org>
X-Mailing-List: linux-kernel@vger.kernel.org

Subject: Asus RT-AC1200G+ Wireless Router and All Commercial Wireless 
Routers in the World Are Based on Linux

System Log - General Log of my Asus RT-AC1200G+ wireless router:

Mar 24 20:21:09 rc_service: httpd 390:notify_rc reboot
Mar 24 20:21:10 kernel: Attempt to kill tasklet from interrupt
Mar 24 20:21:11 iTunes: daemon is stoped
Mar 24 20:21:11 FTP Server: daemon is stoped
Mar 24 20:21:12 Samba Server: smb daemon is stoped
Mar 24 20:21:12 kernel: gro disabled
Aug  1 08:00:10 syslogd started: BusyBox v1.17.4
Aug  1 08:00:10 kernel: klogd started: BusyBox v1.17.4 (2016-07-15 
14:35:33 CST)
Aug  1 08:00:10 kernel: Linux version 2.6.36.4brcmarm (root@asus) (gcc 
version 4.5.3 (Buildroot 2012.02) ) #1 PREEMPT Fri Jul 15 14:44:31 CST 
2016
Aug  1 08:00:10 kernel: CPU: ARMv7 Processor [410fc075] revision 5 
(ARMv7), cr=10c53c7f
Aug  1 08:00:10 kernel: CPU: VIPT nonaliasing data cache, VIPT 
nonaliasing instruction cache
Aug  1 08:00:10 kernel: Machine: Northstar Prototype
Aug  1 08:00:10 kernel: Ignoring unrecognised tag 0x00000000
Aug  1 08:00:10 kernel: Memory policy: ECC disabled, Data cache 
writealloc
Aug  1 08:00:10 kernel: Built 1 zonelists in Zone order, mobility 
grouping on.  Total pages: 32512
Aug  1 08:00:10 kernel: Kernel command line: root=/dev/mtdblock2 
console=ttyS0,115200 init=/sbin/preinit earlyprintk debug
Aug  1 08:00:10 kernel: Memory: 125488k/125488k available, 5584k 
reserved, 0K highmem
Aug  1 08:00:10 kernel: Virtual kernel memory layout:
Aug  1 08:00:10 kernel:     vector  : 0xffff0000 - 0xffff1000   (   4 
kB)
Aug  1 08:00:10 kernel:     fixmap  : 0xfff00000 - 0xfffe0000   ( 896 
kB)
Aug  1 08:00:10 kernel:     DMA     : 0xf7e00000 - 0xffe00000   ( 128 
MB)
Aug  1 08:00:10 kernel:     vmalloc : 0x88800000 - 0xf0000000   (1656 
MB)
Aug  1 08:00:10 kernel:     lowmem  : 0x80000000 - 0x88000000   ( 128 
MB)
Aug  1 08:00:10 kernel:     modules : 0x7f000000 - 0x80000000   (  16 
MB)
Aug  1 08:00:10 kernel:       .init : 0x80008000 - 0x80038000   ( 192 
kB)
Aug  1 08:00:10 kernel:       .text : 0x80038000 - 0x803e3000   (3756 
kB)
Aug  1 08:00:10 kernel:       .data : 0x803fc000 - 0x8041ef40   ( 140 
kB)
Aug  1 08:00:10 kernel: Mount-cache hash table entries: 512
Aug  1 08:00:10 kernel: Found ST compatible serial flash with 256 64KB 
blocks; total size 16MB
Aug  1 08:00:10 kernel: ACP (Accelerator Coherence Port) enabled
Aug  1 08:00:10 kernel: bio: create slab <bio-0> at 0
Aug  1 08:00:10 kernel: PCI: no core
Aug  1 08:00:10 kernel: PCI: no core
Aug  1 08:00:10 kernel: PCI: Fixing up bus 0
Aug  1 08:00:10 kernel: PCI: Fixing up bus 1
Aug  1 08:00:10 kernel: PCI: scanning bus 0 !!!
Aug  1 08:00:11 kernel: PCI: Fixing up bus 0
Aug  1 08:00:11 kernel: VFS: Disk quotas dquot_6.5.2
Aug  1 08:00:11 kernel: Dquot-cache hash table entries: 1024 (order 0, 
4096 bytes)
Aug  1 08:00:11 kernel: pflash: found no supported devices
Aug  1 08:00:11 kernel: bcmsflash: squash filesystem found at block 30
Aug  1 08:00:11 kernel: Creating 5 MTD partitions on "bcmsflash":
Aug  1 08:00:11 kernel: 0x000000000000-0x000000040000 : "boot"
Aug  1 08:00:11 kernel: 0x000000040000-0x000000ff0000 : "linux"
Aug  1 08:00:11 kernel: 0x0000001ef1ec-0x000000d30000 : "rootfs"
Aug  1 08:00:11 kernel: 0x000000d30000-0x000000ff0000 : "jffs2"
Aug  1 08:00:11 kernel: 0x000000ff0000-0x000001000000 : "nvram"
Aug  1 08:00:11 kernel: === PPTP init ===
Aug  1 08:00:11 kernel: Registering the dns_resolver key type
Aug  1 08:00:11 kernel: VFS: Mounted root (squashfs filesystem) readonly 
on device 31:2.
Aug  1 08:00:11 kernel: ctf: module license 'Proprietary' taints kernel.
Aug  1 08:00:11 kernel: Disabling lock debugging due to kernel taint
Aug  1 08:00:11 kernel: et_module_init: passivemode set to 0x0
Aug  1 08:00:11 kernel: et_module_init: txworkq set to 0x1
Aug  1 08:00:11 kernel: et_module_init: et_txq_thresh set to 0xce4
Aug  1 08:00:11 kernel: et_module_init: et_rxlazy_timeout set to 0x3e8
Aug  1 08:00:11 kernel: et_module_init: et_rxlazy_framecnt set to 0x20
Aug  1 08:00:11 kernel: bcm_robo_enable_switch: EEE is disabled
Aug  1 08:00:11 kernel: eth0: Broadcom BCM47XX 10/100/1000 Mbps Ethernet 
Controller 9.10.178.27 (r584393)
Aug  1 08:00:11 kernel: wl_module_init: passivemode set to 0x0
Aug  1 08:00:11 kernel: wl_module_init: txworkq set to 0x1
Aug  1 08:00:11 kernel: PCI: Enabling device 0001:01:00.0 (0140 -> 0142)
Aug  1 08:00:11 kernel: eth1: Broadcom BCM43227 802.11 Wireless 
Controller 9.10.178.27 (r584393)
Aug  1 08:00:11 kernel: External imprecise Data abort at 
addr=0x2ae2f004, fsr=0x1c06, pc=0x2ab647a8 lr=0x2acf716c ignored.
Aug  1 08:00:11 kernel: eth2: Broadcom BCM43c8 802.11 Wireless 
Controller 9.10.178.27 (r584393)
Aug  1 08:00:12 stop_nat_rules: apply the redirect_rules!
Aug  1 08:00:12 WAN Connection: ISP's DHCP did not function properly.
Aug  1 08:00:17 RT-AC1200G+: start httpd
Aug  1 08:00:18 syslog: Generating SSL certificate...
Aug  1 08:00:18 jffs2: valid logs(1)
Aug  1 08:00:18 disk monitor: be idle
Aug  1 08:00:18 hour monitor: daemon is starting
Aug  1 08:00:18 hour monitor: daemon terminates
Aug  1 08:00:19 miniupnpd[427]: version 1.9 started
Aug  1 08:00:19 miniupnpd[427]: HTTP listening on port 55652
Aug  1 08:00:19 miniupnpd[427]: Listening for NAT-PMP/PCP traffic on 
port 5351
Aug  1 08:00:19 syslog: module ledtrig-usbdev not found in modules.dep
Aug  1 08:00:19 rc_service: udhcpc 434:notify_rc start_firewall
Aug  1 08:00:19 syslog: module leds-usb not found in modules.dep
Aug  1 08:00:20 wan: finish adding multi routes
Aug  1 08:00:20 rc_service: udhcpc 434:notify_rc stop_upnp
Aug  1 08:00:20 rc_service: waitting "start_firewall" via udhcpc ...
Aug  1 08:00:20 kernel: SCSI subsystem initialized
Aug  1 08:00:22 WAN Connection: WAN was restored.
Aug  1 08:00:24 start_nat_rules: apply the 
nat_rules(/tmp/nat_rules_eth0_eth0)!
Aug  1 08:00:26 kernel: nf_conntrack_rtsp v0.6.21 loading
Aug  1 08:00:26 kernel: nf_nat_rtsp v0.6.21 loading
Aug  1 08:00:27 rc_service: udhcpc 434:notify_rc start_upnp
Aug  1 08:00:27 rc_service: waitting "stop_upnp" via udhcpc ...
Aug  1 08:00:27 miniupnpd[427]: shutting down MiniUPnPd
Aug  1 08:00:28 dhcp client: bound xxx.xxx.xxx.xxx via xxx.xxx.xxx.xxx 
during 3600 seconds.
Aug  1 08:00:29 miniupnpd[594]: version 1.9 started
Aug  1 08:00:29 miniupnpd[594]: HTTP listening on port 36463
Aug  1 08:00:29 miniupnpd[594]: Listening for NAT-PMP/PCP traffic on 
port 5351
Aug  1 08:00:31 ntp: start NTP update
Mar 24 20:22:54 rc_service: ntp 592:notify_rc restart_upnp
Mar 24 20:22:54 miniupnpd[594]: shutting down MiniUPnPd
Mar 24 20:22:54 miniupnpd[608]: version 1.9 started
Mar 24 20:22:54 miniupnpd[608]: HTTP listening on port 54320
Mar 24 20:22:54 miniupnpd[608]: Listening for NAT-PMP/PCP traffic on 
port 5351
Mar 24 20:22:55 rc_service: ntp 592:notify_rc restart_diskmon
Mar 24 20:22:55 disk_monitor: Finish
Mar 24 20:22:56 disk monitor: be idle









-----BEGIN EMAIL SIGNATURE-----

The Gospel for all Targeted Individuals (TIs):

[The New York Times] Microwave Weapons Are Prime Suspect in Ills of
U.S. Embassy Workers

Link: 
https://www.nytimes.com/2018/09/01/science/sonic-attack-cuba-microwave.html

********************************************************************************************

Singaporean Mr. Turritopsis Dohrnii Teo En Ming's Academic
Qualifications as at 14 Feb 2019 and refugee seeking attempts at the 
United Nations Refugee Agency Bangkok (21 Mar 2017), in Taiwan (5 Aug 
2019) and Australia (25 Dec 2019 to 9 Jan 2020):

[1] https://tdtemcerts.wordpress.com/

[2] https://tdtemcerts.blogspot.sg/

[3] https://www.scribd.com/user/270125049/Teo-En-Ming

-----END EMAIL SIGNATURE-----
