Return-Path: <linux-kernel-owner@vger.kernel.org>
X-Original-To: lists+linux-kernel@lfdr.de
Delivered-To: lists+linux-kernel@lfdr.de
Received: from vger.kernel.org (vger.kernel.org [209.132.180.67])
	by mail.lfdr.de (Postfix) with ESMTP id 80F4E1F777
	for <lists+linux-kernel@lfdr.de>; Wed, 15 May 2019 17:30:00 +0200 (CEST)
Received: (majordomo@vger.kernel.org) by vger.kernel.org via listexpand
        id S1727639AbfEOP3r convert rfc822-to-8bit (ORCPT
        <rfc822;lists+linux-kernel@lfdr.de>); Wed, 15 May 2019 11:29:47 -0400
Received: from mx0b-001b2d01.pphosted.com ([148.163.158.5]:39124 "EHLO
        mx0a-001b2d01.pphosted.com" rhost-flags-OK-OK-OK-FAIL)
        by vger.kernel.org with ESMTP id S1726335AbfEOP3r (ORCPT
        <rfc822;linux-kernel@vger.kernel.org>);
        Wed, 15 May 2019 11:29:47 -0400
Received: from pps.filterd (m0098421.ppops.net [127.0.0.1])
        by mx0a-001b2d01.pphosted.com (8.16.0.27/8.16.0.27) with SMTP id x4FFSDPQ132539
        for <linux-kernel@vger.kernel.org>; Wed, 15 May 2019 11:29:06 -0400
Received: from e17.ny.us.ibm.com (e17.ny.us.ibm.com [129.33.205.207])
        by mx0a-001b2d01.pphosted.com with ESMTP id 2sgm6xmjcv-1
        (version=TLSv1.2 cipher=AES256-GCM-SHA384 bits=256 verify=NOT)
        for <linux-kernel@vger.kernel.org>; Wed, 15 May 2019 11:29:03 -0400
Received: from localhost
        by e17.ny.us.ibm.com with IBM ESMTP SMTP Gateway: Authorized Use Only! Violators will be prosecuted
        for <linux-kernel@vger.kernel.org> from <paulmck@linux.vnet.ibm.com>;
        Wed, 15 May 2019 16:29:02 +0100
Received: from b01cxnp22035.gho.pok.ibm.com (9.57.198.25)
        by e17.ny.us.ibm.com (146.89.104.204) with IBM ESMTP SMTP Gateway: Authorized Use Only! Violators will be prosecuted;
        (version=TLSv1/SSLv3 cipher=AES256-GCM-SHA384 bits=256/256)
        Wed, 15 May 2019 16:28:59 +0100
Received: from b01ledav003.gho.pok.ibm.com (b01ledav003.gho.pok.ibm.com [9.57.199.108])
        by b01cxnp22035.gho.pok.ibm.com (8.14.9/8.14.9/NCO v10.0) with ESMTP id x4FFSwDO30081278
        (version=TLSv1/SSLv3 cipher=DHE-RSA-AES256-GCM-SHA384 bits=256 verify=OK);
        Wed, 15 May 2019 15:28:59 GMT
Received: from b01ledav003.gho.pok.ibm.com (unknown [127.0.0.1])
        by IMSVA (Postfix) with ESMTP id D2D47B2065;
        Wed, 15 May 2019 15:28:58 +0000 (GMT)
Received: from b01ledav003.gho.pok.ibm.com (unknown [127.0.0.1])
        by IMSVA (Postfix) with ESMTP id 6B485B2067;
        Wed, 15 May 2019 15:28:58 +0000 (GMT)
Received: from paulmck-ThinkPad-W541 (unknown [9.70.82.216])
        by b01ledav003.gho.pok.ibm.com (Postfix) with ESMTP;
        Wed, 15 May 2019 15:28:58 +0000 (GMT)
Received: by paulmck-ThinkPad-W541 (Postfix, from userid 1000)
        id DE47216C6B88; Wed, 15 May 2019 08:28:58 -0700 (PDT)
Date:   Wed, 15 May 2019 08:28:58 -0700
From:   "Paul E. McKenney" <paulmck@linux.ibm.com>
To:     Paul Menzel <pmenzel@molgen.mpg.de>
Cc:     Josh Triplett <josh@joshtriplett.org>,
        "x86@kernel.org" <x86@kernel.org>, linux-kernel@vger.kernel.org
Subject: Re: `rcu: INFO: rcu_sched detected stalls on CPUs/tasks` on AMD EPYC
 server
Reply-To: paulmck@linux.ibm.com
References: <8e3041f5-4e57-acd0-027b-f1ef59c37bb0@molgen.mpg.de>
MIME-Version: 1.0
Content-Type: text/plain; charset=utf-8
Content-Disposition: inline
Content-Transfer-Encoding: 8BIT
In-Reply-To: <8e3041f5-4e57-acd0-027b-f1ef59c37bb0@molgen.mpg.de>
User-Agent: Mutt/1.5.21 (2010-09-15)
X-TM-AS-GCONF: 00
x-cbid: 19051515-0040-0000-0000-000004F00EED
X-IBM-SpamModules-Scores: 
X-IBM-SpamModules-Versions: BY=3.00011102; HX=3.00000242; KW=3.00000007;
 PH=3.00000004; SC=3.00000285; SDB=6.01203720; UDB=6.00631857; IPR=6.00984646;
 MB=3.00026906; MTD=3.00000008; XFM=3.00000015; UTC=2019-05-15 15:29:01
X-IBM-AV-DETECTION: SAVI=unused REMOTE=unused XFE=unused
x-cbparentid: 19051515-0041-0000-0000-000008FC1DD7
Message-Id: <20190515152858.GA28207@linux.ibm.com>
X-Proofpoint-Virus-Version: vendor=fsecure engine=2.50.10434:,, definitions=2019-05-15_10:,,
 signatures=0
X-Proofpoint-Spam-Details: rule=outbound_notspam policy=outbound score=0 priorityscore=1501
 malwarescore=0 suspectscore=2 phishscore=0 bulkscore=0 spamscore=0
 clxscore=1015 lowpriorityscore=0 mlxscore=0 impostorscore=0
 mlxlogscore=999 adultscore=0 classifier=spam adjust=0 reason=mlx
 scancount=1 engine=8.0.1-1810050000 definitions=main-1905150095
Sender: linux-kernel-owner@vger.kernel.org
Precedence: bulk
List-ID: <linux-kernel.vger.kernel.org>
X-Mailing-List: linux-kernel@vger.kernel.org

On Wed, May 15, 2019 at 01:22:06PM +0200, Paul Menzel wrote:
> Dear Linux folks,
> 
> 
> Building a Linux kernel (like 5.1.2) on a 128 thread AMD EPYC server with 126, 127,
> or 128 threads *sometimes* the server becomes unusable and logging in over network
> is not possible anymore. Only logging in over tty1 works, and the server needs to
> be rebooted.
> 
> ```
> [    0.000000] Linux version 4.19.19.mx64.244 (root@theinternet.molgen.mpg.de) (gcc version 7.3.0 (GCC)) #1 SMP Tue Feb 5 13:01:13 CET 2019
> […]
> [2418051.367223] rcu: INFO: rcu_sched detected stalls on CPUs/tasks:
> [2418051.367231] rcu: 	30-...0: (1 GPs behind) idle=4c2/1/0x4000000000000000 softirq=187416321/187416325 fqs=14323 
> [2418051.367235] rcu: 	94-...0: (1 GPs behind) idle=bba/1/0x4000000000000000 softirq=187177539/187177544 fqs=14323 
> [2418051.367236] rcu: 	(detected by 2, t=60002 jiffies, g=298982765, q=7633949)
> [2418051.367254] Sending NMI from CPU 2 to CPUs 30:
> [2418061.370201] Sending NMI from CPU 2 to CPUs 94:

Huh.  Neither CPU 30 nor CPU 94 responded to the NMI.  This usually means
that either NMIs aren't working or that the target CPUs are so deeply
in trouble that they cannot respond to NMIs.  One historic reason that
the CPUs could be so deeply in trouble would be if the stack pointer
started referencing unmapped memory, but I have no idea whether that
applies to your particular CPUs.

For whatever it is worth, the most extreme case of a CPU being in trouble
was once long ago when the CPU simply failstopped, so that it was no
longer executing instructions at all.

On trick that might (or might not) get you more information is to force
RCU to dump the stack remotely instead of sending NMIs.  Here is an
(untested) patch that should do the trick:

diff --git a/kernel/rcu/tree.c b/kernel/rcu/tree.c
index acd6ccf56faf..a4225c2f24f4 100644
--- a/kernel/rcu/tree.c
+++ b/kernel/rcu/tree.c
@@ -1220,8 +1220,7 @@ static void rcu_dump_cpu_stacks(void)
 		raw_spin_lock_irqsave_rcu_node(rnp, flags);
 		for_each_leaf_node_possible_cpu(rnp, cpu)
 			if (rnp->qsmask & leaf_node_cpu_bit(rnp, cpu))
-				if (!trigger_single_cpu_backtrace(cpu))
-					dump_cpu_task(cpu);
+				dump_cpu_task(cpu);
 		raw_spin_unlock_irqrestore_rcu_node(rnp, flags);
 	}
 }

Please let me know how it goes!

							Thanx, Paul

> [2418071.372935] rcu: rcu_sched kthread starved for 20004 jiffies! g298982765 f0x2 RCU_GP_DOING_FQS(6) ->state=0x0 ->cpu=106
> [2418071.372936] rcu: RCU grace-period kthread stack dump:
> [2418071.372938] rcu_sched       R  running task        0    11      2 0x80000000
> [2418071.372940] Call Trace:
> [2418071.372947]  ? _raw_spin_unlock_irqrestore+0xa/0x10
> [2418071.372950]  ? force_qs_rnp+0x11e/0x140
> [2418071.372952]  ? rcu_gp_kthread+0x62b/0xdf0
> [2418071.372953]  ? __schedule+0x1f8/0x7b0
> [2418071.372955]  ? rcu_gp_slow.isra.40.part.41+0x30/0x30
> [2418071.372957]  ? kthread+0x113/0x130
> [2418071.372958]  ? kthread_park+0x90/0x90
> [2418071.372960]  ? ret_from_fork+0x22/0x40
> [2418231.372935] rcu: INFO: rcu_sched detected stalls on CPUs/tasks:
> [2418231.372943] rcu: 	30-...0: (1 GPs behind) idle=4c2/1/0x4000000000000000 softirq=187416321/187416325 fqs=52808 
> [2418231.372946] rcu: 	94-...0: (1 GPs behind) idle=bba/1/0x4000000000000000 softirq=187177539/187177544 fqs=52808 
> [2418231.372947] rcu: 	(detected by 5, t=240007 jiffies, g=298982765, q=8914782)
> [2418231.372959] Sending NMI from CPU 5 to CPUs 30:
> [2418241.375808] Sending NMI from CPU 5 to CPUs 94:
> [2418251.378374] rcu: rcu_sched kthread starved for 20002 jiffies! g298982765 f0x2 RCU_GP_DOING_FQS(6) ->state=0x0 ->cpu=60
> [2418251.378376] rcu: RCU grace-period kthread stack dump:
> [2418251.378378] rcu_sched       R  running task        0    11      2 0x80000000
> [2418251.378381] Call Trace:
> [2418251.378388]  ? _raw_spin_unlock_irqrestore+0xa/0x10
> [2418251.378392]  ? force_qs_rnp+0x11e/0x140
> [2418251.378393]  ? rcu_gp_kthread+0x62b/0xdf0
> [2418251.378395]  ? __schedule+0x1f8/0x7b0
> [2418251.378397]  ? rcu_gp_slow.isra.40.part.41+0x30/0x30
> [2418251.378399]  ? kthread+0x113/0x130
> [2418251.378400]  ? kthread_park+0x90/0x90
> [2418251.378402]  ? ret_from_fork+0x22/0x40
> [2418411.378841] rcu: INFO: rcu_sched detected stalls on CPUs/tasks:
> [2418411.378849] rcu: 	30-...0: (1 GPs behind) idle=4c2/1/0x4000000000000000 softirq=187416321/187416325 fqs=91376 
> [2418411.378852] rcu: 	94-...0: (1 GPs behind) idle=bba/1/0x4000000000000000 softirq=187177539/187177544 fqs=91376 
> [2418411.378853] rcu: 	(detected by 3, t=420012 jiffies, g=298982765, q=10176682)
> [2418411.378866] Sending NMI from CPU 3 to CPUs 30:
> [2418421.381889] Sending NMI from CPU 3 to CPUs 94:
> [2418431.384518] rcu: rcu_sched kthread starved for 20004 jiffies! g298982765 f0x2 RCU_GP_DOING_FQS(6) ->state=0x0 ->cpu=107
> [2418431.384520] rcu: RCU grace-period kthread stack dump:
> [2418431.384521] rcu_sched       R  running task        0    11      2 0x80000000
> [2418431.384523] Call Trace:
> [2418431.384530]  ? _raw_spin_unlock_irqrestore+0xa/0x10
> [2418431.384533]  ? force_qs_rnp+0x11e/0x140
> [2418431.384535]  ? rcu_gp_kthread+0x62b/0xdf0
> [2418431.384537]  ? __schedule+0x1f8/0x7b0
> [2418431.384538]  ? rcu_gp_slow.isra.40.part.41+0x30/0x30
> [2418431.384540]  ? kthread+0x113/0x130
> [2418431.384541]  ? kthread_park+0x90/0x90
> [2418431.384543]  ? ret_from_fork+0x22/0x40
> […]
> ```
> 
> Do you see anything in the attached logs, which could cause this?
> 
> 
> Kind regards,
> 
> Paul

> [    0.000000] Linux version 4.19.19.mx64.244 (root@theinternet.molgen.mpg.de) (gcc version 7.3.0 (GCC)) #1 SMP Tue Feb 5 13:01:13 CET 2019
> [    0.000000] Command line: BOOT_IMAGE=/boot/bzImage-4.19.19.mx64.244 crashkernel=256M root=LABEL=root ro console=ttyS1,115200n8 console=tty0 init=/bin/systemd audit=0
> [    0.000000] x86/fpu: Supporting XSAVE feature 0x001: 'x87 floating point registers'
> [    0.000000] x86/fpu: Supporting XSAVE feature 0x002: 'SSE registers'
> [    0.000000] x86/fpu: Supporting XSAVE feature 0x004: 'AVX registers'
> [    0.000000] x86/fpu: xstate_offset[2]:  576, xstate_sizes[2]:  256
> [    0.000000] x86/fpu: Enabled xstate features 0x7, context size is 832 bytes, using 'compacted' format.
> [    0.000000] BIOS-provided physical RAM map:
> [    0.000000] BIOS-e820: [mem 0x0000000000000000-0x00000000000997ff] usable
> [    0.000000] BIOS-e820: [mem 0x0000000000099800-0x000000000009ffff] reserved
> [    0.000000] BIOS-e820: [mem 0x00000000000e0000-0x00000000000fffff] reserved
> [    0.000000] BIOS-e820: [mem 0x0000000000100000-0x0000000076daffff] usable
> [    0.000000] BIOS-e820: [mem 0x0000000076db0000-0x0000000076ffffff] reserved
> [    0.000000] BIOS-e820: [mem 0x0000000077000000-0x00000000c9d5efff] usable
> [    0.000000] BIOS-e820: [mem 0x00000000c9d5f000-0x00000000c9dd1fff] reserved
> [    0.000000] BIOS-e820: [mem 0x00000000c9dd2000-0x00000000c9e84fff] usable
> [    0.000000] BIOS-e820: [mem 0x00000000c9e85000-0x00000000ca210fff] ACPI NVS
> [    0.000000] BIOS-e820: [mem 0x00000000ca211000-0x00000000cacc8fff] reserved
> [    0.000000] BIOS-e820: [mem 0x00000000cacc9000-0x00000000cbffffff] usable
> [    0.000000] BIOS-e820: [mem 0x00000000cc000000-0x00000000cfffffff] reserved
> [    0.000000] BIOS-e820: [mem 0x00000000ddc00000-0x00000000ddc7ffff] reserved
> [    0.000000] BIOS-e820: [mem 0x00000000ddd00000-0x00000000ddd7ffff] reserved
> [    0.000000] BIOS-e820: [mem 0x00000000dddf0000-0x00000000dddf0fff] reserved
> [    0.000000] BIOS-e820: [mem 0x00000000e0000000-0x00000000e007ffff] reserved
> [    0.000000] BIOS-e820: [mem 0x00000000e0100000-0x00000000e017ffff] reserved
> [    0.000000] BIOS-e820: [mem 0x00000000e01f0000-0x00000000e01f0fff] reserved
> [    0.000000] BIOS-e820: [mem 0x00000000e2700000-0x00000000e277ffff] reserved
> [    0.000000] BIOS-e820: [mem 0x00000000e2800000-0x00000000e287ffff] reserved
> [    0.000000] BIOS-e820: [mem 0x00000000e28f0000-0x00000000e28f0fff] reserved
> [    0.000000] BIOS-e820: [mem 0x00000000e4b00000-0x00000000e4b7ffff] reserved
> [    0.000000] BIOS-e820: [mem 0x00000000e4c00000-0x00000000e4c7ffff] reserved
> [    0.000000] BIOS-e820: [mem 0x00000000e4cf0000-0x00000000e4cf0fff] reserved
> [    0.000000] BIOS-e820: [mem 0x00000000e6f00000-0x00000000e6f7ffff] reserved
> [    0.000000] BIOS-e820: [mem 0x00000000e7000000-0x00000000e707ffff] reserved
> [    0.000000] BIOS-e820: [mem 0x00000000e70f0000-0x00000000e70f0fff] reserved
> [    0.000000] BIOS-e820: [mem 0x00000000e9300000-0x00000000e937ffff] reserved
> [    0.000000] BIOS-e820: [mem 0x00000000e9400000-0x00000000e947ffff] reserved
> [    0.000000] BIOS-e820: [mem 0x00000000e94f0000-0x00000000e94f0fff] reserved
> [    0.000000] BIOS-e820: [mem 0x00000000eb700000-0x00000000eb77ffff] reserved
> [    0.000000] BIOS-e820: [mem 0x00000000eb800000-0x00000000eb87ffff] reserved
> [    0.000000] BIOS-e820: [mem 0x00000000eb8f0000-0x00000000eb8f0fff] reserved
> [    0.000000] BIOS-e820: [mem 0x00000000eff00000-0x00000000eff7ffff] reserved
> [    0.000000] BIOS-e820: [mem 0x00000000efff0000-0x00000000efff0fff] reserved
> [    0.000000] BIOS-e820: [mem 0x00000000fea00000-0x00000000feafffff] reserved
> [    0.000000] BIOS-e820: [mem 0x00000000fec00000-0x00000000fec00fff] reserved
> [    0.000000] BIOS-e820: [mem 0x00000000fec10000-0x00000000fec10fff] reserved
> [    0.000000] BIOS-e820: [mem 0x00000000fed00000-0x00000000fed00fff] reserved
> [    0.000000] BIOS-e820: [mem 0x00000000fed40000-0x00000000fed44fff] reserved
> [    0.000000] BIOS-e820: [mem 0x00000000fed80000-0x00000000fed8ffff] reserved
> [    0.000000] BIOS-e820: [mem 0x00000000fedc0000-0x00000000fedc0fff] reserved
> [    0.000000] BIOS-e820: [mem 0x00000000fedc2000-0x00000000fedc5fff] reserved
> [    0.000000] BIOS-e820: [mem 0x00000000fedc7000-0x00000000fedc7fff] reserved
> [    0.000000] BIOS-e820: [mem 0x00000000fedc9000-0x00000000fedcafff] reserved
> [    0.000000] BIOS-e820: [mem 0x00000000fee00000-0x00000000feefffff] reserved
> [    0.000000] BIOS-e820: [mem 0x00000000ff000000-0x00000000ffffffff] reserved
> [    0.000000] BIOS-e820: [mem 0x0000000100000000-0x000000202f37ffff] usable
> [    0.000000] BIOS-e820: [mem 0x000000202f380000-0x000000202fffffff] reserved
> [    0.000000] BIOS-e820: [mem 0x0000002030000000-0x000000402ff7ffff] usable
> [    0.000000] BIOS-e820: [mem 0x000000402ff80000-0x000000402fffffff] reserved
> [    0.000000] BIOS-e820: [mem 0x0000004030000000-0x000000602ff7ffff] usable
> [    0.000000] BIOS-e820: [mem 0x000000602ff80000-0x000000602fffffff] reserved
> [    0.000000] BIOS-e820: [mem 0x0000006030000000-0x000000802ff7ffff] usable
> [    0.000000] BIOS-e820: [mem 0x000000802ff80000-0x000000802fffffff] reserved
> [    0.000000] BIOS-e820: [mem 0x0000008030000000-0x000000a02ff7ffff] usable
> [    0.000000] BIOS-e820: [mem 0x000000a02ff80000-0x000000a02fffffff] reserved
> [    0.000000] BIOS-e820: [mem 0x000000a030000000-0x000000c02ff7ffff] usable
> [    0.000000] BIOS-e820: [mem 0x000000c02ff80000-0x000000c02fffffff] reserved
> [    0.000000] BIOS-e820: [mem 0x000000c030000000-0x000000e02ff7ffff] usable
> [    0.000000] BIOS-e820: [mem 0x000000e02ff80000-0x000000e02fffffff] reserved
> [    0.000000] BIOS-e820: [mem 0x000000e030000000-0x000001002ff7ffff] usable
> [    0.000000] BIOS-e820: [mem 0x000001002ff80000-0x000001002fffffff] reserved
> [    0.000000] NX (Execute Disable) protection: active
> [    0.000000] SMBIOS 3.1.1 present.
> [    0.000000] DMI: Supermicro AS -2023US-TR4/H11DSU-iN, BIOS 1.1 02/07/2018
> [    0.000000] tsc: Fast TSC calibration failed
> [    0.000000] e820: update [mem 0x00000000-0x00000fff] usable ==> reserved
> [    0.000000] e820: remove [mem 0x000a0000-0x000fffff] usable
> [    0.000000] last_pfn = 0x1002ff80 max_arch_pfn = 0x400000000
> [    0.000000] MTRR default type: uncachable
> [    0.000000] MTRR fixed ranges enabled:
> [    0.000000]   00000-9FFFF write-back
> [    0.000000]   A0000-BFFFF write-through
> [    0.000000]   C0000-FFFFF write-protect
> [    0.000000] MTRR variable ranges enabled:
> [    0.000000]   0 base 000000000000 mask FFFF80000000 write-back
> [    0.000000]   1 base 000080000000 mask FFFFC0000000 write-back
> [    0.000000]   2 base 0000C0000000 mask FFFFF0000000 write-back
> [    0.000000]   3 base 0000CC000000 mask FFFFFC000000 uncachable
> [    0.000000]   4 disabled
> [    0.000000]   5 disabled
> [    0.000000]   6 disabled
> [    0.000000]   7 disabled
> [    0.000000] TOM2: 0000010030000000 aka 1049344M
> [    0.000000] x86/PAT: Configuration [0-7]: WB  WC  UC- UC  WB  WP  UC- WT  
> [    0.000000] e820: update [mem 0xcc000000-0xffffffff] usable ==> reserved
> [    0.000000] last_pfn = 0xcc000 max_arch_pfn = 0x400000000
> [    0.000000] found SMP MP-table at [mem 0x000fd660-0x000fd66f] mapped at [(____ptrval____)]
> [    0.000000] Base memory trampoline at [(____ptrval____)] 93000 size 24576
> [    0.000000] Using GB pages for direct mapping
> [    0.000000] BRK [0x02c02000, 0x02c02fff] PGTABLE
> [    0.000000] BRK [0x02c03000, 0x02c03fff] PGTABLE
> [    0.000000] BRK [0x02c04000, 0x02c04fff] PGTABLE
> [    0.000000] BRK [0x02c05000, 0x02c05fff] PGTABLE
> [    0.000000] BRK [0x02c06000, 0x02c06fff] PGTABLE
> [    0.000000] BRK [0x02c07000, 0x02c07fff] PGTABLE
> [    0.000000] RAMDISK: [mem 0x375e7000-0x37aeafff]
> [    0.000000] ACPI: Early table checksum verification disabled
> [    0.000000] ACPI: RSDP 0x00000000000F05B0 000024 (v02 SUPERM)
> [    0.000000] ACPI: XSDT 0x00000000C9E850A8 0000D4 (v01 SUPERM SUPERM   03242016 AMI  00010013)
> [    0.000000] ACPI: FACP 0x00000000C9E916E8 000114 (v06                 03242016 AMI  00010013)
> [    0.000000] ACPI: DSDT 0x00000000C9E85218 00C4CB (v02 SUPERM SMCI     03242016 INTL 20120913)
> [    0.000000] ACPI: FACS 0x00000000CA210E80 000040
> [    0.000000] ACPI: APIC 0x00000000C9E91800 0004B2 (v04                 03242016 AMI  00010013)
> [    0.000000] ACPI: FPDT 0x00000000C9E91CB8 000044 (v01                 03242016 AMI  00010013)
> [    0.000000] ACPI: FIDT 0x00000000C9E91D00 00009C (v01 SUPERM SMCI     03242016 AMI  00010013)
> [    0.000000] ACPI: SSDT 0x00000000C9E91DA0 0000D2 (v02 SUPERM AMD ALIB 00000002 MSFT 04000000)
> [    0.000000] ACPI: SPMI 0x00000000C9E91E78 000041 (v05 SUPERM SMCI     00000000 AMI. 00000000)
> [    0.000000] ACPI: SSDT 0x00000000C9E91EC0 0006AC (v02 SUPERM CPUSSDT  03242016 AMI  03242016)
> [    0.000000] ACPI: MCFG 0x00000000C9E92570 00003C (v01 SUPERM SMCI     03242016 MSFT 00010013)
> [    0.000000] ACPI: SSDT 0x00000000C9E925B0 0117A4 (v01 SUPERM AMD CPU  00000001 AMD  00000001)
> [    0.000000] ACPI: SRAT 0x00000000C9EA3D58 0009C0 (v03 SUPERM AMD SRAT 00000001 AMD  00000001)
> [    0.000000] ACPI: MSCT 0x00000000C9EA4718 00004E (v01 SUPERM AMD MSCT 00000000 AMD  00000001)
> [    0.000000] ACPI: SLIT 0x00000000C9EA4768 00006C (v01 SUPERM AMD SLIT 00000001 AMD  00000001)
> [    0.000000] ACPI: CRAT 0x00000000C9EA47D8 007700 (v01 SUPERM AMD CRAT 00000001 AMD  00000001)
> [    0.000000] ACPI: CDIT 0x00000000C9EABED8 000068 (v01 SUPERM AMD CDIT 00000001 AMD  00000001)
> [    0.000000] ACPI: BERT 0x00000000C9EABF40 000030 (v01 AMD    AMD BERT 00000001 AMD  00000001)
> [    0.000000] ACPI: EINJ 0x00000000C9EABF70 000150 (v01 AMD    AMD EINJ 00000001 AMD  00000001)
> [    0.000000] ACPI: HEST 0x00000000C9EAC0C0 000608 (v01 AMD    AMD HEST 00000001 AMD  00000001)
> [    0.000000] ACPI: HPET 0x00000000C9EAC6C8 000038 (v01 SUPERM SMCI     03242016 AMI  00000005)
> [    0.000000] ACPI: SSDT 0x00000000C9EAC700 000024 (v01 AMDFCH FCHZP    00001000 INTL 20120913)
> [    0.000000] ACPI: UEFI 0x00000000C9EAC728 000042 (v01                 00000000      00000000)
> [    0.000000] ACPI: SSDT 0x00000000C9EAC770 001630 (v01 AMD    CPMCMN   00000001 INTL 20120913)
> [    0.000000] ACPI: WSMT 0x00000000C9EADDA0 000028 (v01 \xfe\xca              03242016 AMI  00010013)
> [    0.000000] ACPI: Local APIC address 0xfee00000
> [    0.000000] SRAT: PXM 0 -> APIC 0x00 -> Node 0
> [    0.000000] SRAT: PXM 0 -> APIC 0x01 -> Node 0
> [    0.000000] SRAT: PXM 0 -> APIC 0x02 -> Node 0
> [    0.000000] SRAT: PXM 0 -> APIC 0x03 -> Node 0
> [    0.000000] SRAT: PXM 0 -> APIC 0x04 -> Node 0
> [    0.000000] SRAT: PXM 0 -> APIC 0x05 -> Node 0
> [    0.000000] SRAT: PXM 0 -> APIC 0x06 -> Node 0
> [    0.000000] SRAT: PXM 0 -> APIC 0x07 -> Node 0
> [    0.000000] SRAT: PXM 0 -> APIC 0x08 -> Node 0
> [    0.000000] SRAT: PXM 0 -> APIC 0x09 -> Node 0
> [    0.000000] SRAT: PXM 0 -> APIC 0x0a -> Node 0
> [    0.000000] SRAT: PXM 0 -> APIC 0x0b -> Node 0
> [    0.000000] SRAT: PXM 0 -> APIC 0x0c -> Node 0
> [    0.000000] SRAT: PXM 0 -> APIC 0x0d -> Node 0
> [    0.000000] SRAT: PXM 0 -> APIC 0x0e -> Node 0
> [    0.000000] SRAT: PXM 0 -> APIC 0x0f -> Node 0
> [    0.000000] SRAT: PXM 1 -> APIC 0x10 -> Node 1
> [    0.000000] SRAT: PXM 1 -> APIC 0x11 -> Node 1
> [    0.000000] SRAT: PXM 1 -> APIC 0x12 -> Node 1
> [    0.000000] SRAT: PXM 1 -> APIC 0x13 -> Node 1
> [    0.000000] SRAT: PXM 1 -> APIC 0x14 -> Node 1
> [    0.000000] SRAT: PXM 1 -> APIC 0x15 -> Node 1
> [    0.000000] SRAT: PXM 1 -> APIC 0x16 -> Node 1
> [    0.000000] SRAT: PXM 1 -> APIC 0x17 -> Node 1
> [    0.000000] SRAT: PXM 1 -> APIC 0x18 -> Node 1
> [    0.000000] SRAT: PXM 1 -> APIC 0x19 -> Node 1
> [    0.000000] SRAT: PXM 1 -> APIC 0x1a -> Node 1
> [    0.000000] SRAT: PXM 1 -> APIC 0x1b -> Node 1
> [    0.000000] SRAT: PXM 1 -> APIC 0x1c -> Node 1
> [    0.000000] SRAT: PXM 1 -> APIC 0x1d -> Node 1
> [    0.000000] SRAT: PXM 1 -> APIC 0x1e -> Node 1
> [    0.000000] SRAT: PXM 1 -> APIC 0x1f -> Node 1
> [    0.000000] SRAT: PXM 2 -> APIC 0x20 -> Node 2
> [    0.000000] SRAT: PXM 2 -> APIC 0x21 -> Node 2
> [    0.000000] SRAT: PXM 2 -> APIC 0x22 -> Node 2
> [    0.000000] SRAT: PXM 2 -> APIC 0x23 -> Node 2
> [    0.000000] SRAT: PXM 2 -> APIC 0x24 -> Node 2
> [    0.000000] SRAT: PXM 2 -> APIC 0x25 -> Node 2
> [    0.000000] SRAT: PXM 2 -> APIC 0x26 -> Node 2
> [    0.000000] SRAT: PXM 2 -> APIC 0x27 -> Node 2
> [    0.000000] SRAT: PXM 2 -> APIC 0x28 -> Node 2
> [    0.000000] SRAT: PXM 2 -> APIC 0x29 -> Node 2
> [    0.000000] SRAT: PXM 2 -> APIC 0x2a -> Node 2
> [    0.000000] SRAT: PXM 2 -> APIC 0x2b -> Node 2
> [    0.000000] SRAT: PXM 2 -> APIC 0x2c -> Node 2
> [    0.000000] SRAT: PXM 2 -> APIC 0x2d -> Node 2
> [    0.000000] SRAT: PXM 2 -> APIC 0x2e -> Node 2
> [    0.000000] SRAT: PXM 2 -> APIC 0x2f -> Node 2
> [    0.000000] SRAT: PXM 3 -> APIC 0x30 -> Node 3
> [    0.000000] SRAT: PXM 3 -> APIC 0x31 -> Node 3
> [    0.000000] SRAT: PXM 3 -> APIC 0x32 -> Node 3
> [    0.000000] SRAT: PXM 3 -> APIC 0x33 -> Node 3
> [    0.000000] SRAT: PXM 3 -> APIC 0x34 -> Node 3
> [    0.000000] SRAT: PXM 3 -> APIC 0x35 -> Node 3
> [    0.000000] SRAT: PXM 3 -> APIC 0x36 -> Node 3
> [    0.000000] SRAT: PXM 3 -> APIC 0x37 -> Node 3
> [    0.000000] SRAT: PXM 3 -> APIC 0x38 -> Node 3
> [    0.000000] SRAT: PXM 3 -> APIC 0x39 -> Node 3
> [    0.000000] SRAT: PXM 3 -> APIC 0x3a -> Node 3
> [    0.000000] SRAT: PXM 3 -> APIC 0x3b -> Node 3
> [    0.000000] SRAT: PXM 3 -> APIC 0x3c -> Node 3
> [    0.000000] SRAT: PXM 3 -> APIC 0x3d -> Node 3
> [    0.000000] SRAT: PXM 3 -> APIC 0x3e -> Node 3
> [    0.000000] SRAT: PXM 3 -> APIC 0x3f -> Node 3
> [    0.000000] SRAT: PXM 4 -> APIC 0x40 -> Node 4
> [    0.000000] SRAT: PXM 4 -> APIC 0x41 -> Node 4
> [    0.000000] SRAT: PXM 4 -> APIC 0x42 -> Node 4
> [    0.000000] SRAT: PXM 4 -> APIC 0x43 -> Node 4
> [    0.000000] SRAT: PXM 4 -> APIC 0x44 -> Node 4
> [    0.000000] SRAT: PXM 4 -> APIC 0x45 -> Node 4
> [    0.000000] SRAT: PXM 4 -> APIC 0x46 -> Node 4
> [    0.000000] SRAT: PXM 4 -> APIC 0x47 -> Node 4
> [    0.000000] SRAT: PXM 4 -> APIC 0x48 -> Node 4
> [    0.000000] SRAT: PXM 4 -> APIC 0x49 -> Node 4
> [    0.000000] SRAT: PXM 4 -> APIC 0x4a -> Node 4
> [    0.000000] SRAT: PXM 4 -> APIC 0x4b -> Node 4
> [    0.000000] SRAT: PXM 4 -> APIC 0x4c -> Node 4
> [    0.000000] SRAT: PXM 4 -> APIC 0x4d -> Node 4
> [    0.000000] SRAT: PXM 4 -> APIC 0x4e -> Node 4
> [    0.000000] SRAT: PXM 4 -> APIC 0x4f -> Node 4
> [    0.000000] SRAT: PXM 5 -> APIC 0x50 -> Node 5
> [    0.000000] SRAT: PXM 5 -> APIC 0x51 -> Node 5
> [    0.000000] SRAT: PXM 5 -> APIC 0x52 -> Node 5
> [    0.000000] SRAT: PXM 5 -> APIC 0x53 -> Node 5
> [    0.000000] SRAT: PXM 5 -> APIC 0x54 -> Node 5
> [    0.000000] SRAT: PXM 5 -> APIC 0x55 -> Node 5
> [    0.000000] SRAT: PXM 5 -> APIC 0x56 -> Node 5
> [    0.000000] SRAT: PXM 5 -> APIC 0x57 -> Node 5
> [    0.000000] SRAT: PXM 5 -> APIC 0x58 -> Node 5
> [    0.000000] SRAT: PXM 5 -> APIC 0x59 -> Node 5
> [    0.000000] SRAT: PXM 5 -> APIC 0x5a -> Node 5
> [    0.000000] SRAT: PXM 5 -> APIC 0x5b -> Node 5
> [    0.000000] SRAT: PXM 5 -> APIC 0x5c -> Node 5
> [    0.000000] SRAT: PXM 5 -> APIC 0x5d -> Node 5
> [    0.000000] SRAT: PXM 5 -> APIC 0x5e -> Node 5
> [    0.000000] SRAT: PXM 5 -> APIC 0x5f -> Node 5
> [    0.000000] SRAT: PXM 6 -> APIC 0x60 -> Node 6
> [    0.000000] SRAT: PXM 6 -> APIC 0x61 -> Node 6
> [    0.000000] SRAT: PXM 6 -> APIC 0x62 -> Node 6
> [    0.000000] SRAT: PXM 6 -> APIC 0x63 -> Node 6
> [    0.000000] SRAT: PXM 6 -> APIC 0x64 -> Node 6
> [    0.000000] SRAT: PXM 6 -> APIC 0x65 -> Node 6
> [    0.000000] SRAT: PXM 6 -> APIC 0x66 -> Node 6
> [    0.000000] SRAT: PXM 6 -> APIC 0x67 -> Node 6
> [    0.000000] SRAT: PXM 6 -> APIC 0x68 -> Node 6
> [    0.000000] SRAT: PXM 6 -> APIC 0x69 -> Node 6
> [    0.000000] SRAT: PXM 6 -> APIC 0x6a -> Node 6
> [    0.000000] SRAT: PXM 6 -> APIC 0x6b -> Node 6
> [    0.000000] SRAT: PXM 6 -> APIC 0x6c -> Node 6
> [    0.000000] SRAT: PXM 6 -> APIC 0x6d -> Node 6
> [    0.000000] SRAT: PXM 6 -> APIC 0x6e -> Node 6
> [    0.000000] SRAT: PXM 6 -> APIC 0x6f -> Node 6
> [    0.000000] SRAT: PXM 7 -> APIC 0x70 -> Node 7
> [    0.000000] SRAT: PXM 7 -> APIC 0x71 -> Node 7
> [    0.000000] SRAT: PXM 7 -> APIC 0x72 -> Node 7
> [    0.000000] SRAT: PXM 7 -> APIC 0x73 -> Node 7
> [    0.000000] SRAT: PXM 7 -> APIC 0x74 -> Node 7
> [    0.000000] SRAT: PXM 7 -> APIC 0x75 -> Node 7
> [    0.000000] SRAT: PXM 7 -> APIC 0x76 -> Node 7
> [    0.000000] SRAT: PXM 7 -> APIC 0x77 -> Node 7
> [    0.000000] SRAT: PXM 7 -> APIC 0x78 -> Node 7
> [    0.000000] SRAT: PXM 7 -> APIC 0x79 -> Node 7
> [    0.000000] SRAT: PXM 7 -> APIC 0x7a -> Node 7
> [    0.000000] SRAT: PXM 7 -> APIC 0x7b -> Node 7
> [    0.000000] SRAT: PXM 7 -> APIC 0x7c -> Node 7
> [    0.000000] SRAT: PXM 7 -> APIC 0x7d -> Node 7
> [    0.000000] SRAT: PXM 7 -> APIC 0x7e -> Node 7
> [    0.000000] SRAT: PXM 7 -> APIC 0x7f -> Node 7
> [    0.000000] ACPI: SRAT: Node 0 PXM 0 [mem 0x00000000-0x0009ffff]
> [    0.000000] ACPI: SRAT: Node 0 PXM 0 [mem 0x00100000-0xcfffffff]
> [    0.000000] ACPI: SRAT: Node 0 PXM 0 [mem 0x100000000-0x202fffffff]
> [    0.000000] ACPI: SRAT: Node 1 PXM 1 [mem 0x2030000000-0x402fffffff]
> [    0.000000] ACPI: SRAT: Node 2 PXM 2 [mem 0x4030000000-0x602fffffff]
> [    0.000000] ACPI: SRAT: Node 3 PXM 3 [mem 0x6030000000-0x802fffffff]
> [    0.000000] ACPI: SRAT: Node 4 PXM 4 [mem 0x8030000000-0xa02fffffff]
> [    0.000000] ACPI: SRAT: Node 5 PXM 5 [mem 0xa030000000-0xc02fffffff]
> [    0.000000] ACPI: SRAT: Node 6 PXM 6 [mem 0xc030000000-0xe02fffffff]
> [    0.000000] ACPI: SRAT: Node 7 PXM 7 [mem 0xe030000000-0x1002fffffff]
> [    0.000000] NUMA: Initialized distance table, cnt=8
> [    0.000000] NUMA: Node 0 [mem 0x00000000-0x0009ffff] + [mem 0x00100000-0xcfffffff] -> [mem 0x00000000-0xcfffffff]
> [    0.000000] NUMA: Node 0 [mem 0x00000000-0xcfffffff] + [mem 0x100000000-0x202fffffff] -> [mem 0x00000000-0x202fffffff]
> [    0.000000] NODE_DATA(0) allocated [mem 0x202f37c000-0x202f37ffff]
> [    0.000000] NODE_DATA(1) allocated [mem 0x402ff7c000-0x402ff7ffff]
> [    0.000000] NODE_DATA(2) allocated [mem 0x602ff7c000-0x602ff7ffff]
> [    0.000000] NODE_DATA(3) allocated [mem 0x802ff7c000-0x802ff7ffff]
> [    0.000000] NODE_DATA(4) allocated [mem 0xa02ff7c000-0xa02ff7ffff]
> [    0.000000] NODE_DATA(5) allocated [mem 0xc02ff7c000-0xc02ff7ffff]
> [    0.000000] NODE_DATA(6) allocated [mem 0xe02ff7c000-0xe02ff7ffff]
> [    0.000000] NODE_DATA(7) allocated [mem 0x1002ff7b000-0x1002ff7efff]
> [    0.000000] Reserving 256MB of memory at 624MB for crashkernel (System RAM: 1048478MB)
> [    0.000000] Zone ranges:
> [    0.000000]   DMA      [mem 0x0000000000001000-0x0000000000ffffff]
> [    0.000000]   DMA32    [mem 0x0000000001000000-0x00000000ffffffff]
> [    0.000000]   Normal   [mem 0x0000000100000000-0x000001002ff7ffff]
> [    0.000000] Movable zone start for each node
> [    0.000000] Early memory node ranges
> [    0.000000]   node   0: [mem 0x0000000000001000-0x0000000000098fff]
> [    0.000000]   node   0: [mem 0x0000000000100000-0x0000000076daffff]
> [    0.000000]   node   0: [mem 0x0000000077000000-0x00000000c9d5efff]
> [    0.000000]   node   0: [mem 0x00000000c9dd2000-0x00000000c9e84fff]
> [    0.000000]   node   0: [mem 0x00000000cacc9000-0x00000000cbffffff]
> [    0.000000]   node   0: [mem 0x0000000100000000-0x000000202f37ffff]
> [    0.000000]   node   1: [mem 0x0000002030000000-0x000000402ff7ffff]
> [    0.000000]   node   2: [mem 0x0000004030000000-0x000000602ff7ffff]
> [    0.000000]   node   3: [mem 0x0000006030000000-0x000000802ff7ffff]
> [    0.000000]   node   4: [mem 0x0000008030000000-0x000000a02ff7ffff]
> [    0.000000]   node   5: [mem 0x000000a030000000-0x000000c02ff7ffff]
> [    0.000000]   node   6: [mem 0x000000c030000000-0x000000e02ff7ffff]
> [    0.000000]   node   7: [mem 0x000000e030000000-0x000001002ff7ffff]
> [    0.000000] Reserved but unavailable: 104 pages
> [    0.000000] Initmem setup node 0 [mem 0x0000000000001000-0x000000202f37ffff]
> [    0.000000] On node 0 totalpages: 33530385
> [    0.000000]   DMA zone: 64 pages used for memmap
> [    0.000000]   DMA zone: 21 pages reserved
> [    0.000000]   DMA zone: 3992 pages, LIFO batch:0
> [    0.000000]   DMA32 zone: 12924 pages used for memmap
> [    0.000000]   DMA32 zone: 827129 pages, LIFO batch:63
> [    0.000000]   Normal zone: 510926 pages used for memmap
> [    0.000000]   Normal zone: 32699264 pages, LIFO batch:63
> [    0.000000] Initmem setup node 1 [mem 0x0000002030000000-0x000000402ff7ffff]
> [    0.000000] On node 1 totalpages: 33554304
> [    0.000000]   Normal zone: 524286 pages used for memmap
> [    0.000000]   Normal zone: 33554304 pages, LIFO batch:63
> [    0.000000] Initmem setup node 2 [mem 0x0000004030000000-0x000000602ff7ffff]
> [    0.000000] On node 2 totalpages: 33554304
> [    0.000000]   Normal zone: 524286 pages used for memmap
> [    0.000000]   Normal zone: 33554304 pages, LIFO batch:63
> [    0.000000] Initmem setup node 3 [mem 0x0000006030000000-0x000000802ff7ffff]
> [    0.000000] On node 3 totalpages: 33554304
> [    0.000000]   Normal zone: 524286 pages used for memmap
> [    0.000000]   Normal zone: 33554304 pages, LIFO batch:63
> [    0.000000] Initmem setup node 4 [mem 0x0000008030000000-0x000000a02ff7ffff]
> [    0.000000] On node 4 totalpages: 33554304
> [    0.000000]   Normal zone: 524286 pages used for memmap
> [    0.000000]   Normal zone: 33554304 pages, LIFO batch:63
> [    0.000000] Initmem setup node 5 [mem 0x000000a030000000-0x000000c02ff7ffff]
> [    0.000000] On node 5 totalpages: 33554304
> [    0.000000]   Normal zone: 524286 pages used for memmap
> [    0.000000]   Normal zone: 33554304 pages, LIFO batch:63
> [    0.000000] Initmem setup node 6 [mem 0x000000c030000000-0x000000e02ff7ffff]
> [    0.000000] On node 6 totalpages: 33554304
> [    0.000000]   Normal zone: 524286 pages used for memmap
> [    0.000000]   Normal zone: 33554304 pages, LIFO batch:63
> [    0.000000] Initmem setup node 7 [mem 0x000000e030000000-0x000001002ff7ffff]
> [    0.000000] On node 7 totalpages: 33554304
> [    0.000000]   Normal zone: 524286 pages used for memmap
> [    0.000000]   Normal zone: 33554304 pages, LIFO batch:63
> [    0.000000] ACPI: PM-Timer IO Port: 0x808
> [    0.000000] ACPI: Local APIC address 0xfee00000
> [    0.000000] ACPI: LAPIC_NMI (acpi_id[0xff] high edge lint[0x1])
> [    0.000000] IOAPIC[0]: apic_id 128, version 33, address 0xfec00000, GSI 0-23
> [    0.000000] IOAPIC[1]: apic_id 129, version 33, address 0xefff0000, GSI 24-55
> [    0.000000] IOAPIC[2]: apic_id 130, version 33, address 0xeb8f0000, GSI 56-87
> [    0.000000] IOAPIC[3]: apic_id 131, version 33, address 0xe94f0000, GSI 88-119
> [    0.000000] IOAPIC[4]: apic_id 132, version 33, address 0xe70f0000, GSI 120-151
> [    0.000000] IOAPIC[5]: apic_id 133, version 33, address 0xe4cf0000, GSI 152-183
> [    0.000000] IOAPIC[6]: apic_id 134, version 33, address 0xe28f0000, GSI 184-215
> [    0.000000] IOAPIC[7]: apic_id 135, version 33, address 0xe01f0000, GSI 216-247
> [    0.000000] IOAPIC[8]: apic_id 136, version 33, address 0xdddf0000, GSI 248-279
> [    0.000000] ACPI: INT_SRC_OVR (bus 0 bus_irq 0 global_irq 2 dfl dfl)
> [    0.000000] ACPI: INT_SRC_OVR (bus 0 bus_irq 9 global_irq 9 low level)
> [    0.000000] ACPI: IRQ0 used by override.
> [    0.000000] ACPI: IRQ9 used by override.
> [    0.000000] Using ACPI (MADT) for SMP configuration information
> [    0.000000] ACPI: HPET id: 0x10228201 base: 0xfed00000
> [    0.000000] smpboot: Allowing 128 CPUs, 0 hotplug CPUs
> [    0.000000] [mem 0xefff1000-0xfe9fffff] available for PCI devices
> [    0.000000] clocksource: refined-jiffies: mask: 0xffffffff max_cycles: 0xffffffff, max_idle_ns: 1910969940391419 ns
> [    0.000000] random: get_random_bytes called from start_kernel+0x90/0x4a7 with crng_init=0
> [    0.000000] setup_percpu: NR_CPUS:256 nr_cpumask_bits:256 nr_cpu_ids:128 nr_node_ids:8
> [    0.000000] percpu: Embedded 42 pages/cpu @(____ptrval____) s134104 r8192 d29736 u262144
> [    0.000000] pcpu-alloc: s134104 r8192 d29736 u262144 alloc=1*2097152
> [    0.000000] pcpu-alloc: [0] 000 001 002 003 004 005 006 007 
> [    0.000000] pcpu-alloc: [0] 064 065 066 067 068 069 070 071 
> [    0.000000] pcpu-alloc: [1] 008 009 010 011 012 013 014 015 
> [    0.000000] pcpu-alloc: [1] 072 073 074 075 076 077 078 079 
> [    0.000000] pcpu-alloc: [2] 016 017 018 019 020 021 022 023 
> [    0.000000] pcpu-alloc: [2] 080 081 082 083 084 085 086 087 
> [    0.000000] pcpu-alloc: [3] 024 025 026 027 028 029 030 031 
> [    0.000000] pcpu-alloc: [3] 088 089 090 091 092 093 094 095 
> [    0.000000] pcpu-alloc: [4] 032 033 034 035 036 037 038 039 
> [    0.000000] pcpu-alloc: [4] 096 097 098 099 100 101 102 103 
> [    0.000000] pcpu-alloc: [5] 040 041 042 043 044 045 046 047 
> [    0.000000] pcpu-alloc: [5] 104 105 106 107 108 109 110 111 
> [    0.000000] pcpu-alloc: [6] 048 049 050 051 052 053 054 055 
> [    0.000000] pcpu-alloc: [6] 112 113 114 115 116 117 118 119 
> [    0.000000] pcpu-alloc: [7] 056 057 058 059 060 061 062 063 
> [    0.000000] pcpu-alloc: [7] 120 121 122 123 124 125 126 127 
> [    0.000000] Built 8 zonelists, mobility grouping on.  Total pages: 264216576
> [    0.000000] Policy zone: Normal
> [    0.000000] Kernel command line: BOOT_IMAGE=/boot/bzImage-4.19.19.mx64.244 crashkernel=256M root=LABEL=root ro console=ttyS1,115200n8 console=tty0 init=/bin/systemd audit=0
> [    0.000000] audit: disabled (until reboot)
> [    0.000000] log_buf_len individual max cpu contribution: 4096 bytes
> [    0.000000] log_buf_len total cpu_extra contributions: 520192 bytes
> [    0.000000] log_buf_len min size: 131072 bytes
> [    0.000000] log_buf_len: 1048576 bytes
> [    0.000000] early log buf free: 105316(80%)
> [    0.000000] Memory: 1056475592K/1073642052K available (14348K kernel code, 1379K rwdata, 3520K rodata, 1564K init, 1200K bss, 17166460K reserved, 0K cma-reserved)
> [    0.000000] ftrace: allocating 41809 entries in 164 pages
> [    0.000000] rcu: Hierarchical RCU implementation.
> [    0.000000] rcu: 	RCU event tracing is enabled.
> [    0.000000] rcu: 	RCU restricting CPUs from NR_CPUS=256 to nr_cpu_ids=128.
> [    0.000000] rcu: Adjusting geometry for rcu_fanout_leaf=16, nr_cpu_ids=128
> [    0.000000] NR_IRQS: 16640, nr_irqs: 5800, preallocated irqs: 16
> [    0.000000] spurious 8259A interrupt: IRQ7.
> [    0.000000] Console: colour VGA+ 80x25
> [    0.000000] console [tty0] enabled
> [    0.000000] console [ttyS1] enabled
> [    0.000000] ACPI: Core revision 20180810
> [    0.000000] clocksource: hpet: mask: 0xffffffff max_cycles: 0xffffffff, max_idle_ns: 133484873504 ns
> [    0.000000] hpet clockevent registered
> [    0.000000] APIC: Switch to symmetric I/O mode setup
> [    0.001000] Switched APIC routing to physical flat.
> [    0.004000] ..TIMER: vector=0x30 apic1=0 pin1=2 apic2=-1 pin2=-1
> [    0.011000] tsc: PIT calibration matches HPET. 2 loops
> [    0.012000] tsc: Detected 2199.727 MHz processor
> [    0.000011] clocksource: tsc-early: mask: 0xffffffffffffffff max_cycles: 0x1fb530ff3a9, max_idle_ns: 440795312110 ns
> [    0.011738] Calibrating delay loop (skipped), value calculated using timer frequency.. 4399.45 BogoMIPS (lpj=2199727)
> [    0.012738] pid_max: default: 131072 minimum: 1024
> [    0.076267] Dentry cache hash table entries: 33554432 (order: 16, 268435456 bytes)
> [    0.107119] Inode-cache hash table entries: 16777216 (order: 15, 134217728 bytes)
> [    0.108806] Mount-cache hash table entries: 524288 (order: 10, 4194304 bytes)
> [    0.110856] Mountpoint-cache hash table entries: 524288 (order: 10, 4194304 bytes)
> [    0.113471] mce: CPU supports 23 MCE banks
> [    0.114749] LVT offset 2 assigned for vector 0xf4
> [    0.115746] Last level iTLB entries: 4KB 1024, 2MB 1024, 4MB 512
> [    0.116737] Last level dTLB entries: 4KB 1536, 2MB 1536, 4MB 768, 1GB 0
> [    0.117738] Spectre V2 : Mitigation: Full AMD retpoline
> [    0.118737] Spectre V2 : Spectre v2 / SpectreRSB mitigation: Filling RSB on context switch
> [    0.119737] Spectre V2 : mitigation: Enabling conditional Indirect Branch Prediction Barrier
> [    0.120737] Spectre V2 : User space: Vulnerable
> [    0.121738] Speculative Store Bypass: Mitigation: Speculative Store Bypass disabled via prctl and seccomp
> [    0.122980] Freeing SMP alternatives memory: 44K
> [    0.126736] smpboot: CPU0: AMD EPYC 7601 32-Core Processor (family: 0x17, model: 0x1, stepping: 0x2)
> [    0.126912] Performance Events: Fam17h core perfctr, AMD PMU driver.
> [    0.127739] ... version:                0
> [    0.128737] ... bit width:              48
> [    0.129737] ... generic registers:      6
> [    0.130737] ... value mask:             0000ffffffffffff
> [    0.131737] ... max period:             00007fffffffffff
> [    0.132737] ... fixed-purpose events:   0
> [    0.133737] ... event mask:             000000000000003f
> [    0.134866] rcu: Hierarchical SRCU implementation.
> [    0.135888] MCE: In-kernel MCE decoding enabled.
> [    0.138834] smp: Bringing up secondary CPUs ...
> [    0.139856] x86: Booting SMP configuration:
> [    0.140738] .... node  #0, CPUs:          #1   #2   #3   #4   #5   #6   #7
> [    0.151739] .... node  #1, CPUs:     #8   #9  #10  #11  #12  #13  #14  #15
> [    0.163739] .... node  #2, CPUs:    #16  #17  #18  #19  #20  #21  #22  #23
> [    0.175739] .... node  #3, CPUs:    #24  #25  #26  #27  #28  #29  #30  #31
> [    0.188738] .... node  #4, CPUs:    #32  #33  #34  #35  #36  #37  #38  #39
> [    0.211739] .... node  #5, CPUs:    #40  #41  #42  #43  #44  #45  #46  #47
> [    0.224740] .... node  #6, CPUs:    #48  #49  #50  #51  #52  #53  #54  #55
> [    0.238740] .... node  #7, CPUs:    #56  #57  #58  #59  #60  #61  #62  #63
> [    0.252739] .... node  #0, CPUs:    #64  #65  #66  #67  #68  #69  #70  #71
> [    0.266739] .... node  #1, CPUs:    #72  #73  #74  #75  #76  #77  #78  #79
> [    0.280739] .... node  #2, CPUs:    #80  #81  #82  #83  #84  #85  #86  #87
> [    0.293739] .... node  #3, CPUs:    #88  #89  #90  #91  #92  #93  #94  #95
> [    0.307738] .... node  #4, CPUs:    #96  #97  #98  #99 #100 #101 #102 #103
> [    0.322740] .... node  #5, CPUs:   #104 #105 #106 #107 #108 #109 #110 #111
> [    0.336739] .... node  #6, CPUs:   #112 #113 #114 #115 #116 #117 #118 #119
> [    0.351739] .... node  #7, CPUs:   #120 #121 #122 #123 #124 #125 #126 #127
> [    0.366090] smp: Brought up 8 nodes, 128 CPUs
> [    0.367738] smpboot: Max logical packages: 2
> [    0.368749] smpboot: Total of 128 processors activated (561534.84 BogoMIPS)
> [    0.424551] devtmpfs: initialized
> [    0.425119] PM: Registering ACPI NVS region [mem 0xc9e85000-0xca210fff] (3719168 bytes)
> [    0.427247] clocksource: jiffies: mask: 0xffffffff max_cycles: 0xffffffff, max_idle_ns: 1911260446275000 ns
> [    0.427862] futex hash table entries: 32768 (order: 9, 2097152 bytes)
> [    0.430174] xor: automatically using best checksumming function   avx       
> [    0.433072] NET: Registered protocol family 16
> [    0.435219] cpuidle: using governor ladder
> [    0.441227] ACPI: bus type PCI registered
> [    0.444795] PCI: MMCONFIG for domain 0000 [bus 00-7f] at [mem 0xf0000000-0xf7ffffff] (base 0xf0000000)
> [    0.454741] PCI: not using MMCONFIG
> [    0.458738] PCI: Using configuration type 1 for base access
> [    0.463737] PCI: Using configuration type 1 for extended access
> [    0.479529] HugeTLB registered 2.00 MiB page size, pre-allocated 0 pages
> [    0.504586] raid6: sse2x1   gen()  6148 MB/s
> [    0.525584] raid6: sse2x1   xor()  5927 MB/s
> [    0.546584] raid6: sse2x2   gen() 12933 MB/s
> [    0.567585] raid6: sse2x2   xor()  8167 MB/s
> [    0.588585] raid6: sse2x4   gen() 13082 MB/s
> [    0.609584] raid6: sse2x4   xor()  7277 MB/s
> [    0.630584] raid6: avx2x1   gen() 15167 MB/s
> [    0.651585] raid6: avx2x1   xor() 10974 MB/s
> [    0.672584] raid6: avx2x2   gen() 20281 MB/s
> [    0.693585] raid6: avx2x2   xor() 11878 MB/s
> [    0.714585] raid6: avx2x4   gen() 20710 MB/s
> [    0.735584] raid6: avx2x4   xor()  9943 MB/s
> [    0.739737] raid6: using algorithm avx2x4 gen() 20710 MB/s
> [    0.745737] raid6: .... xor() 9943 MB/s, rmw enabled
> [    0.750737] raid6: using avx2x2 recovery algorithm
> [    0.756274] ACPI: Added _OSI(Module Device)
> [    0.760738] ACPI: Added _OSI(Processor Device)
> [    0.764737] ACPI: Added _OSI(3.0 _SCP Extensions)
> [    0.769737] ACPI: Added _OSI(Processor Aggregator Device)
> [    0.774737] ACPI: Added _OSI(Linux-Dell-Video)
> [    0.779737] ACPI: Added _OSI(Linux-Lenovo-NV-HDMI-Audio)
> [    0.805434] ACPI: 6 ACPI AML tables successfully acquired and loaded
> [    0.819689] ACPI: Interpreter enabled
> [    0.822753] ACPI: (supports S0 S5)
> [    0.826737] ACPI: Using IOAPIC for interrupt routing
> [    0.832029] PCI: MMCONFIG for domain 0000 [bus 00-7f] at [mem 0xf0000000-0xf7ffffff] (base 0xf0000000)
> [    0.841789] PCI: MMCONFIG at [mem 0xf0000000-0xf7ffffff] reserved in ACPI motherboard resources
> [    0.850751] PCI: Using host bridge windows from ACPI; if necessary, use "pci=nocrs" and report a bug
> [    0.860183] ACPI: Enabled 2 GPEs in block 00 to 1F
> [    0.868793] ACPI: Power Resource [P0SA] (off)
> [    0.872766] ACPI: Power Resource [P3SA] (off)
> [    0.881879] ACPI: Power Resource [P0SA] (off)
> [    0.885767] ACPI: Power Resource [P3SA] (off)
> [    0.892098] ACPI: Power Resource [P0SA] (off)
> [    0.896762] ACPI: Power Resource [P3SA] (off)
> [    0.902635] ACPI: Power Resource [P0SA] (off)
> [    0.906764] ACPI: Power Resource [P3SA] (off)
> [    0.912765] ACPI: Power Resource [P0SA] (off)
> [    0.916765] ACPI: Power Resource [P3SA] (off)
> [    0.922990] ACPI: Power Resource [P0SA] (off)
> [    0.926765] ACPI: Power Resource [P3SA] (off)
> [    0.933219] ACPI: Power Resource [P0SA] (off)
> [    0.937763] ACPI: Power Resource [P3SA] (off)
> [    0.943381] ACPI: Power Resource [P0SA] (off)
> [    0.947764] ACPI: Power Resource [P3SA] (off)
> [    0.955885] ACPI: PCI Root Bridge [PCI0] (domain 0000 [bus 00-0f])
> [    0.961741] acpi PNP0A08:00: _OSC: OS supports [ExtendedConfig ASPM ClockPM Segments MSI]
> [    0.970770] acpi PNP0A08:00: _OSC: platform does not support [AER LTR]
> [    0.976904] acpi PNP0A08:00: _OSC: OS now controls [PME PCIeCapability]
> [    0.983939] PCI host bridge to bus 0000:00
> [    0.988741] pci_bus 0000:00: root bus resource [io  0x0000-0x02ff window]
> [    0.995738] pci_bus 0000:00: root bus resource [io  0x0300-0x03af window]
> [    1.002738] pci_bus 0000:00: root bus resource [io  0x03e0-0x0cf7 window]
> [    1.008738] pci_bus 0000:00: root bus resource [io  0x03b0-0x03df window]
> [    1.015739] pci_bus 0000:00: root bus resource [io  0x0d00-0x1fff window]
> [    1.022738] pci_bus 0000:00: root bus resource [mem 0x000a0000-0x000bffff window]
> [    1.030738] pci_bus 0000:00: root bus resource [mem 0x000c0000-0x000dffff window]
> [    1.038738] pci_bus 0000:00: root bus resource [mem 0xec000000-0xefffffff window]
> [    1.045738] pci_bus 0000:00: root bus resource [mem 0x1e006000000-0x1ffffffffff window]
> [    1.054738] pci_bus 0000:00: root bus resource [bus 00-0f]
> [    1.059745] pci 0000:00:00.0: [1022:1450] type 00 class 0x060000
> [    1.059837] pci 0000:00:01.0: [1022:1452] type 00 class 0x060000
> [    1.059910] pci 0000:00:01.3: [1022:1453] type 01 class 0x060400
> [    1.060033] pci 0000:00:01.3: PME# supported from D0 D3hot D3cold
> [    1.060122] pci 0000:00:01.4: [1022:1453] type 01 class 0x060400
> [    1.060822] pci 0000:00:01.4: PME# supported from D0 D3hot D3cold
> [    1.060911] pci 0000:00:01.6: [1022:1453] type 01 class 0x060400
> [    1.061798] pci 0000:00:01.6: PME# supported from D0 D3hot D3cold
> [    1.061885] pci 0000:00:02.0: [1022:1452] type 00 class 0x060000
> [    1.061965] pci 0000:00:03.0: [1022:1452] type 00 class 0x060000
> [    1.062740] pci 0000:00:04.0: [1022:1452] type 00 class 0x060000
> [    1.062823] pci 0000:00:07.0: [1022:1452] type 00 class 0x060000
> [    1.062887] pci 0000:00:07.1: [1022:1454] type 01 class 0x060400
> [    1.063445] pci 0000:00:07.1: enabling Extended Tags
> [    1.067819] pci 0000:00:07.1: PME# supported from D0 D3hot D3cold
> [    1.067918] pci 0000:00:08.0: [1022:1452] type 00 class 0x060000
> [    1.068794] pci 0000:00:08.1: [1022:1454] type 01 class 0x060400
> [    1.069434] pci 0000:00:08.1: enabling Extended Tags
> [    1.073820] pci 0000:00:08.1: PME# supported from D0 D3hot D3cold
> [    1.074745] pci 0000:00:14.0: [1022:790b] type 00 class 0x0c0500
> [    1.074958] pci 0000:00:14.3: [1022:790e] type 00 class 0x060100
> [    1.075184] pci 0000:00:18.0: [1022:1460] type 00 class 0x060000
> [    1.075234] pci 0000:00:18.1: [1022:1461] type 00 class 0x060000
> [    1.075287] pci 0000:00:18.2: [1022:1462] type 00 class 0x060000
> [    1.075339] pci 0000:00:18.3: [1022:1463] type 00 class 0x060000
> [    1.075389] pci 0000:00:18.4: [1022:1464] type 00 class 0x060000
> [    1.075438] pci 0000:00:18.5: [1022:1465] type 00 class 0x060000
> [    1.075489] pci 0000:00:18.6: [1022:1466] type 00 class 0x060000
> [    1.075541] pci 0000:00:18.7: [1022:1467] type 00 class 0x060000
> [    1.075591] pci 0000:00:19.0: [1022:1460] type 00 class 0x060000
> [    1.075656] pci 0000:00:19.1: [1022:1461] type 00 class 0x060000
> [    1.075712] pci 0000:00:19.2: [1022:1462] type 00 class 0x060000
> [    1.075770] pci 0000:00:19.3: [1022:1463] type 00 class 0x060000
> [    1.075825] pci 0000:00:19.4: [1022:1464] type 00 class 0x060000
> [    1.075878] pci 0000:00:19.5: [1022:1465] type 00 class 0x060000
> [    1.075934] pci 0000:00:19.6: [1022:1466] type 00 class 0x060000
> [    1.075989] pci 0000:00:19.7: [1022:1467] type 00 class 0x060000
> [    1.076044] pci 0000:00:1a.0: [1022:1460] type 00 class 0x060000
> [    1.076102] pci 0000:00:1a.1: [1022:1461] type 00 class 0x060000
> [    1.076156] pci 0000:00:1a.2: [1022:1462] type 00 class 0x060000
> [    1.076210] pci 0000:00:1a.3: [1022:1463] type 00 class 0x060000
> [    1.076263] pci 0000:00:1a.4: [1022:1464] type 00 class 0x060000
> [    1.076317] pci 0000:00:1a.5: [1022:1465] type 00 class 0x060000
> [    1.076375] pci 0000:00:1a.6: [1022:1466] type 00 class 0x060000
> [    1.076436] pci 0000:00:1a.7: [1022:1467] type 00 class 0x060000
> [    1.076489] pci 0000:00:1b.0: [1022:1460] type 00 class 0x060000
> [    1.076552] pci 0000:00:1b.1: [1022:1461] type 00 class 0x060000
> [    1.076606] pci 0000:00:1b.2: [1022:1462] type 00 class 0x060000
> [    1.076660] pci 0000:00:1b.3: [1022:1463] type 00 class 0x060000
> [    1.076715] pci 0000:00:1b.4: [1022:1464] type 00 class 0x060000
> [    1.076773] pci 0000:00:1b.5: [1022:1465] type 00 class 0x060000
> [    1.076830] pci 0000:00:1b.6: [1022:1466] type 00 class 0x060000
> [    1.076885] pci 0000:00:1b.7: [1022:1467] type 00 class 0x060000
> [    1.076939] pci 0000:00:1c.0: [1022:1460] type 00 class 0x060000
> [    1.077001] pci 0000:00:1c.1: [1022:1461] type 00 class 0x060000
> [    1.077064] pci 0000:00:1c.2: [1022:1462] type 00 class 0x060000
> [    1.077128] pci 0000:00:1c.3: [1022:1463] type 00 class 0x060000
> [    1.077190] pci 0000:00:1c.4: [1022:1464] type 00 class 0x060000
> [    1.077252] pci 0000:00:1c.5: [1022:1465] type 00 class 0x060000
> [    1.077317] pci 0000:00:1c.6: [1022:1466] type 00 class 0x060000
> [    1.077385] pci 0000:00:1c.7: [1022:1467] type 00 class 0x060000
> [    1.077449] pci 0000:00:1d.0: [1022:1460] type 00 class 0x060000
> [    1.077513] pci 0000:00:1d.1: [1022:1461] type 00 class 0x060000
> [    1.077576] pci 0000:00:1d.2: [1022:1462] type 00 class 0x060000
> [    1.077638] pci 0000:00:1d.3: [1022:1463] type 00 class 0x060000
> [    1.077700] pci 0000:00:1d.4: [1022:1464] type 00 class 0x060000
> [    1.077765] pci 0000:00:1d.5: [1022:1465] type 00 class 0x060000
> [    1.077829] pci 0000:00:1d.6: [1022:1466] type 00 class 0x060000
> [    1.077893] pci 0000:00:1d.7: [1022:1467] type 00 class 0x060000
> [    1.077956] pci 0000:00:1e.0: [1022:1460] type 00 class 0x060000
> [    1.078019] pci 0000:00:1e.1: [1022:1461] type 00 class 0x060000
> [    1.078078] pci 0000:00:1e.2: [1022:1462] type 00 class 0x060000
> [    1.078139] pci 0000:00:1e.3: [1022:1463] type 00 class 0x060000
> [    1.078197] pci 0000:00:1e.4: [1022:1464] type 00 class 0x060000
> [    1.078255] pci 0000:00:1e.5: [1022:1465] type 00 class 0x060000
> [    1.078315] pci 0000:00:1e.6: [1022:1466] type 00 class 0x060000
> [    1.078372] pci 0000:00:1e.7: [1022:1467] type 00 class 0x060000
> [    1.078431] pci 0000:00:1f.0: [1022:1460] type 00 class 0x060000
> [    1.078494] pci 0000:00:1f.1: [1022:1461] type 00 class 0x060000
> [    1.078557] pci 0000:00:1f.2: [1022:1462] type 00 class 0x060000
> [    1.078622] pci 0000:00:1f.3: [1022:1463] type 00 class 0x060000
> [    1.078683] pci 0000:00:1f.4: [1022:1464] type 00 class 0x060000
> [    1.078749] pci 0000:00:1f.5: [1022:1465] type 00 class 0x060000
> [    1.078812] pci 0000:00:1f.6: [1022:1466] type 00 class 0x060000
> [    1.078875] pci 0000:00:1f.7: [1022:1467] type 00 class 0x060000
> [    1.079488] pci 0000:01:00.0: [1b21:1142] type 00 class 0x0c0330
> [    1.079519] pci 0000:01:00.0: reg 0x10: [mem 0xef800000-0xef807fff 64bit]
> [    1.079636] pci 0000:01:00.0: PME# supported from D3cold
> [    1.079724] pci 0000:00:01.3: PCI bridge to [bus 01]
> [    1.084741] pci 0000:00:01.3:   bridge window [mem 0xef800000-0xef8fffff]
> [    1.085439] pci 0000:02:00.0: [1b21:1142] type 00 class 0x0c0330
> [    1.085469] pci 0000:02:00.0: reg 0x10: [mem 0xef700000-0xef707fff 64bit]
> [    1.085584] pci 0000:02:00.0: PME# supported from D3cold
> [    1.085766] pci 0000:00:01.4: PCI bridge to [bus 02]
> [    1.090741] pci 0000:00:01.4:   bridge window [mem 0xef700000-0xef7fffff]
> [    1.091317] pci 0000:03:00.0: [1a03:1150] type 01 class 0x060400
> [    1.091419] pci 0000:03:00.0: supports D1 D2
> [    1.091420] pci 0000:03:00.0: PME# supported from D0 D1 D2 D3hot D3cold
> [    1.094756] pci 0000:00:01.6: PCI bridge to [bus 03-04]
> [    1.099742] pci 0000:00:01.6:   bridge window [io  0x1000-0x1fff]
> [    1.099745] pci 0000:00:01.6:   bridge window [mem 0xee000000-0xef0fffff]
> [    1.099784] pci_bus 0000:04: extended config space not accessible
> [    1.105764] pci 0000:04:00.0: [1a03:2000] type 00 class 0x030000
> [    1.105785] pci 0000:04:00.0: reg 0x10: [mem 0xee000000-0xeeffffff]
> [    1.105797] pci 0000:04:00.0: reg 0x14: [mem 0xef000000-0xef01ffff]
> [    1.105808] pci 0000:04:00.0: reg 0x18: [io  0x1000-0x107f]
> [    1.105897] pci 0000:04:00.0: supports D1 D2
> [    1.105898] pci 0000:04:00.0: PME# supported from D0 D1 D2 D3hot D3cold
> [    1.105984] pci 0000:03:00.0: PCI bridge to [bus 04]
> [    1.111743] pci 0000:03:00.0:   bridge window [io  0x1000-0x1fff]
> [    1.111746] pci 0000:03:00.0:   bridge window [mem 0xee000000-0xef0fffff]
> [    1.112459] pci 0000:05:00.0: [1022:145a] type 00 class 0x130000
> [    1.112497] pci 0000:05:00.0: enabling Extended Tags
> [    1.117817] pci 0000:05:00.2: [1022:1456] type 00 class 0x108000
> [    1.117837] pci 0000:05:00.2: reg 0x18: [mem 0xef300000-0xef3fffff]
> [    1.117849] pci 0000:05:00.2: reg 0x24: [mem 0xef400000-0xef401fff]
> [    1.117857] pci 0000:05:00.2: enabling Extended Tags
> [    1.122818] pci 0000:05:00.3: [1022:145f] type 00 class 0x0c0330
> [    1.122833] pci 0000:05:00.3: reg 0x10: [mem 0xef200000-0xef2fffff 64bit]
> [    1.122856] pci 0000:05:00.3: enabling Extended Tags
> [    1.127769] pci 0000:05:00.3: PME# supported from D0 D3hot D3cold
> [    1.127842] pci 0000:00:07.1: PCI bridge to [bus 05]
> [    1.132741] pci 0000:00:07.1:   bridge window [mem 0xef200000-0xef4fffff]
> [    1.132972] pci 0000:06:00.0: [1022:1455] type 00 class 0x130000
> [    1.133013] pci 0000:06:00.0: enabling Extended Tags
> [    1.138823] pci 0000:06:00.1: [1022:1468] type 00 class 0x108000
> [    1.138844] pci 0000:06:00.1: reg 0x18: [mem 0xef500000-0xef5fffff]
> [    1.138844] pci 0000:06:00.1: reg 0x24: [mem 0xef600000-0xef601fff]
> [    1.138844] pci 0000:06:00.1: enabling Extended Tags
> [    1.143841] pci 0000:00:08.1: PCI bridge to [bus 06]
> [    1.148741] pci 0000:00:08.1:   bridge window [mem 0xef500000-0xef6fffff]
> [    1.148768] pci_bus 0000:00: on NUMA node 0
> [    1.150201] ACPI: PCI Root Bridge [S0D1] (domain 0000 [bus 10-1f])
> [    1.155740] acpi PNP0A08:01: _OSC: OS supports [ExtendedConfig ASPM ClockPM Segments MSI]
> [    1.164913] acpi PNP0A08:01: _OSC: platform does not support [AER LTR]
> [    1.171900] acpi PNP0A08:01: _OSC: OS now controls [PME PCIeCapability]
> [    1.178800] PCI host bridge to bus 0000:10
> [    1.182738] pci_bus 0000:10: root bus resource [io  0x2000-0x3fff window]
> [    1.189738] pci_bus 0000:10: root bus resource [mem 0xe9900000-0xebffffff window]
> [    1.197738] pci_bus 0000:10: root bus resource [mem 0x1c00c000000-0x1e005ffffff window]
> [    1.205738] pci_bus 0000:10: root bus resource [bus 10-1f]
> [    1.210742] pci 0000:10:00.0: [1022:1450] type 00 class 0x060000
> [    1.210828] pci 0000:10:01.0: [1022:1452] type 00 class 0x060000
> [    1.210895] pci 0000:10:01.1: [1022:1453] type 01 class 0x060400
> [    1.211830] pci 0000:10:01.1: PME# supported from D0 D3hot D3cold
> [    1.211931] pci 0000:10:02.0: [1022:1452] type 00 class 0x060000
> [    1.212013] pci 0000:10:03.0: [1022:1452] type 00 class 0x060000
> [    1.212092] pci 0000:10:04.0: [1022:1452] type 00 class 0x060000
> [    1.212174] pci 0000:10:07.0: [1022:1452] type 00 class 0x060000
> [    1.212237] pci 0000:10:07.1: [1022:1454] type 01 class 0x060400
> [    1.212740] pci 0000:10:07.1: enabling Extended Tags
> [    1.217822] pci 0000:10:07.1: PME# supported from D0 D3hot D3cold
> [    1.217917] pci 0000:10:08.0: [1022:1452] type 00 class 0x060000
> [    1.217979] pci 0000:10:08.1: [1022:1454] type 01 class 0x060400
> [    1.218015] pci 0000:10:08.1: enabling Extended Tags
> [    1.223796] pci 0000:10:08.1: PME# supported from D0 D3hot D3cold
> [    1.224423] pci 0000:11:00.0: [8086:1521] type 00 class 0x020000
> [    1.225554] pci 0000:11:00.0: reg 0x10: [mem 0xeba80000-0xebafffff]
> [    1.226122] pci 0000:11:00.0: reg 0x18: [io  0x3060-0x307f]
> [    1.226395] pci 0000:11:00.0: reg 0x1c: [mem 0xebb0c000-0xebb0ffff]
> [    1.229704] pci 0000:11:00.0: PME# supported from D0 D3hot D3cold
> [    1.230892] pci 0000:11:00.0: reg 0x184: [mem 0x00000000-0x00003fff 64bit pref]
> [    1.230894] pci 0000:11:00.0: VF(n) BAR0 space: [mem 0x00000000-0x0001ffff 64bit pref] (contains BAR0 for 8 VFs)
> [    1.243289] pci 0000:11:00.0: reg 0x190: [mem 0x00000000-0x00003fff 64bit pref]
> [    1.243291] pci 0000:11:00.0: VF(n) BAR3 space: [mem 0x00000000-0x0001ffff 64bit pref] (contains BAR3 for 8 VFs)
> [    1.256332] pci 0000:11:00.1: [8086:1521] type 00 class 0x020000
> [    1.257164] pci 0000:11:00.1: reg 0x10: [mem 0xeba00000-0xeba7ffff]
> [    1.257707] pci 0000:11:00.1: reg 0x18: [io  0x3040-0x305f]
> [    1.257969] pci 0000:11:00.1: reg 0x1c: [mem 0xebb08000-0xebb0bfff]
> [    1.261161] pci 0000:11:00.1: PME# supported from D0 D3hot D3cold
> [    1.262195] pci 0000:11:00.1: reg 0x184: [mem 0x00000000-0x00003fff 64bit pref]
> [    1.262197] pci 0000:11:00.1: VF(n) BAR0 space: [mem 0x00000000-0x0001ffff 64bit pref] (contains BAR0 for 8 VFs)
> [    1.273274] pci 0000:11:00.1: reg 0x190: [mem 0x00000000-0x00003fff 64bit pref]
> [    1.273276] pci 0000:11:00.1: VF(n) BAR3 space: [mem 0x00000000-0x0001ffff 64bit pref] (contains BAR3 for 8 VFs)
> [    1.286121] pci 0000:11:00.2: [8086:1521] type 00 class 0x020000
> [    1.286970] pci 0000:11:00.2: reg 0x10: [mem 0xeb980000-0xeb9fffff]
> [    1.287511] pci 0000:11:00.2: reg 0x18: [io  0x3020-0x303f]
> [    1.287775] pci 0000:11:00.2: reg 0x1c: [mem 0xebb04000-0xebb07fff]
> [    1.290969] pci 0000:11:00.2: PME# supported from D0 D3hot D3cold
> [    1.292056] pci 0000:11:00.2: reg 0x184: [mem 0x00000000-0x00003fff 64bit pref]
> [    1.292059] pci 0000:11:00.2: VF(n) BAR0 space: [mem 0x00000000-0x0001ffff 64bit pref] (contains BAR0 for 8 VFs)
> [    1.303095] pci 0000:11:00.2: reg 0x190: [mem 0x00000000-0x00003fff 64bit pref]
> [    1.303097] pci 0000:11:00.2: VF(n) BAR3 space: [mem 0x00000000-0x0001ffff 64bit pref] (contains BAR3 for 8 VFs)
> [    1.315931] pci 0000:11:00.3: [8086:1521] type 00 class 0x020000
> [    1.316775] pci 0000:11:00.3: reg 0x10: [mem 0xeb900000-0xeb97ffff]
> [    1.317318] pci 0000:11:00.3: reg 0x18: [io  0x3000-0x301f]
> [    1.317590] pci 0000:11:00.3: reg 0x1c: [mem 0xebb00000-0xebb03fff]
> [    1.320776] pci 0000:11:00.3: PME# supported from D0 D3hot D3cold
> [    1.321893] pci 0000:11:00.3: reg 0x184: [mem 0x00000000-0x00003fff 64bit pref]
> [    1.321894] pci 0000:11:00.3: VF(n) BAR0 space: [mem 0x00000000-0x0001ffff 64bit pref] (contains BAR0 for 8 VFs)
> [    1.332969] pci 0000:11:00.3: reg 0x190: [mem 0x00000000-0x00003fff 64bit pref]
> [    1.332971] pci 0000:11:00.3: VF(n) BAR3 space: [mem 0x00000000-0x0001ffff 64bit pref] (contains BAR3 for 8 VFs)
> [    1.346596] pci 0000:10:01.1: PCI bridge to [bus 11]
> [    1.351741] pci 0000:10:01.1:   bridge window [io  0x3000-0x3fff]
> [    1.351744] pci 0000:10:01.1:   bridge window [mem 0xeb900000-0xebbfffff]
> [    1.352051] pci 0000:12:00.0: [1022:145a] type 00 class 0x130000
> [    1.352094] pci 0000:12:00.0: enabling Extended Tags
> [    1.356823] pci 0000:12:00.2: [1022:1456] type 00 class 0x108000
> [    1.356845] pci 0000:12:00.2: reg 0x18: [mem 0xebe00000-0xebefffff]
> [    1.356860] pci 0000:12:00.2: reg 0x24: [mem 0xebf00000-0xebf01fff]
> [    1.356869] pci 0000:12:00.2: enabling Extended Tags
> [    1.361843] pci 0000:10:07.1: PCI bridge to [bus 12]
> [    1.367742] pci 0000:10:07.1:   bridge window [mem 0xebe00000-0xebffffff]
> [    1.367783] pci 0000:13:00.0: [1022:1455] type 00 class 0x130000
> [    1.367828] pci 0000:13:00.0: enabling Extended Tags
> [    1.372825] pci 0000:13:00.1: [1022:1468] type 00 class 0x108000
> [    1.372849] pci 0000:13:00.1: reg 0x18: [mem 0xebc00000-0xebcfffff]
> [    1.372864] pci 0000:13:00.1: reg 0x24: [mem 0xebd00000-0xebd01fff]
> [    1.372873] pci 0000:13:00.1: enabling Extended Tags
> [    1.377833] pci 0000:13:00.2: [1022:7901] type 00 class 0x010601
> [    1.377870] pci 0000:13:00.2: reg 0x24: [mem 0xebd02000-0xebd02fff]
> [    1.377879] pci 0000:13:00.2: enabling Extended Tags
> [    1.383774] pci 0000:13:00.2: PME# supported from D3hot D3cold
> [    1.383798] pci 0000:10:08.1: PCI bridge to [bus 13]
> [    1.388741] pci 0000:10:08.1:   bridge window [mem 0xebc00000-0xebdfffff]
> [    1.388759] pci_bus 0000:10: on NUMA node 1
> [    1.389094] ACPI: PCI Root Bridge [S0D2] (domain 0000 [bus 20-2f])
> [    1.394740] acpi PNP0A08:02: _OSC: OS supports [ExtendedConfig ASPM ClockPM Segments MSI]
> [    1.403907] acpi PNP0A08:02: _OSC: platform does not support [AER LTR]
> [    1.410897] acpi PNP0A08:02: _OSC: OS now controls [PME PCIeCapability]
> [    1.417852] PCI host bridge to bus 0000:20
> [    1.421738] pci_bus 0000:20: root bus resource [io  0x4000-0x5fff window]
> [    1.428739] pci_bus 0000:20: root bus resource [mem 0xe7500000-0xe98fffff window]
> [    1.436738] pci_bus 0000:20: root bus resource [mem 0x1a012000000-0x1c00bffffff window]
> [    1.444738] pci_bus 0000:20: root bus resource [bus 20-2f]
> [    1.449743] pci 0000:20:00.0: [1022:1450] type 00 class 0x060000
> [    1.449827] pci 0000:20:01.0: [1022:1452] type 00 class 0x060000
> [    1.449905] pci 0000:20:02.0: [1022:1452] type 00 class 0x060000
> [    1.450773] pci 0000:20:03.0: [1022:1452] type 00 class 0x060000
> [    1.450851] pci 0000:20:04.0: [1022:1452] type 00 class 0x060000
> [    1.450931] pci 0000:20:07.0: [1022:1452] type 00 class 0x060000
> [    1.450993] pci 0000:20:07.1: [1022:1454] type 01 class 0x060400
> [    1.451103] pci 0000:20:07.1: enabling Extended Tags
> [    1.455824] pci 0000:20:07.1: PME# supported from D0 D3hot D3cold
> [    1.455923] pci 0000:20:08.0: [1022:1452] type 00 class 0x060000
> [    1.455990] pci 0000:20:08.1: [1022:1454] type 01 class 0x060400
> [    1.456025] pci 0000:20:08.1: enabling Extended Tags
> [    1.461803] pci 0000:20:08.1: PME# supported from D0 D3hot D3cold
> [    1.462011] pci 0000:21:00.0: [1022:145a] type 00 class 0x130000
> [    1.462054] pci 0000:21:00.0: enabling Extended Tags
> [    1.466817] pci 0000:21:00.2: [1022:1456] type 00 class 0x108000
> [    1.466839] pci 0000:21:00.2: reg 0x18: [mem 0xe9700000-0xe97fffff]
> [    1.466853] pci 0000:21:00.2: reg 0x24: [mem 0xe9800000-0xe9801fff]
> [    1.466862] pci 0000:21:00.2: enabling Extended Tags
> [    1.472838] pci 0000:20:07.1: PCI bridge to [bus 21]
> [    1.477741] pci 0000:20:07.1:   bridge window [mem 0xe9700000-0xe98fffff]
> [    1.477936] pci 0000:22:00.0: [1022:1455] type 00 class 0x130000
> [    1.477981] pci 0000:22:00.0: enabling Extended Tags
> [    1.482827] pci 0000:22:00.1: [1022:1468] type 00 class 0x108000
> [    1.482851] pci 0000:22:00.1: reg 0x18: [mem 0xe9500000-0xe95fffff]
> [    1.482865] pci 0000:22:00.1: reg 0x24: [mem 0xe9600000-0xe9601fff]
> [    1.482875] pci 0000:22:00.1: enabling Extended Tags
> [    1.487855] pci 0000:20:08.1: PCI bridge to [bus 22]
> [    1.493742] pci 0000:20:08.1:   bridge window [mem 0xe9500000-0xe96fffff]
> [    1.493748] pci_bus 0000:20: on NUMA node 2
> [    1.494059] ACPI: PCI Root Bridge [S0D3] (domain 0000 [bus 30-3f])
> [    1.499740] acpi PNP0A08:03: _OSC: OS supports [ExtendedConfig ASPM ClockPM Segments MSI]
> [    1.508903] acpi PNP0A08:03: _OSC: platform does not support [AER LTR]
> [    1.515745] acpi PNP0A08:03: _OSC: OS now controls [PME PCIeCapability]
> [    1.521885] PCI host bridge to bus 0000:30
> [    1.526740] pci_bus 0000:30: root bus resource [io  0x6000-0x7fff window]
> [    1.533738] pci_bus 0000:30: root bus resource [mem 0xe5100000-0xe74fffff window]
> [    1.540738] pci_bus 0000:30: root bus resource [mem 0x18018000000-0x1a011ffffff window]
> [    1.549738] pci_bus 0000:30: root bus resource [bus 30-3f]
> [    1.554743] pci 0000:30:00.0: [1022:1450] type 00 class 0x060000
> [    1.554827] pci 0000:30:01.0: [1022:1452] type 00 class 0x060000
> [    1.554905] pci 0000:30:02.0: [1022:1452] type 00 class 0x060000
> [    1.554982] pci 0000:30:03.0: [1022:1452] type 00 class 0x060000
> [    1.555057] pci 0000:30:04.0: [1022:1452] type 00 class 0x060000
> [    1.555138] pci 0000:30:07.0: [1022:1452] type 00 class 0x060000
> [    1.555784] pci 0000:30:07.1: [1022:1454] type 01 class 0x060400
> [    1.556247] pci 0000:30:07.1: enabling Extended Tags
> [    1.560822] pci 0000:30:07.1: PME# supported from D0 D3hot D3cold
> [    1.560915] pci 0000:30:08.0: [1022:1452] type 00 class 0x060000
> [    1.560979] pci 0000:30:08.1: [1022:1454] type 01 class 0x060400
> [    1.561014] pci 0000:30:08.1: enabling Extended Tags
> [    1.566804] pci 0000:30:08.1: PME# supported from D0 D3hot D3cold
> [    1.567020] pci 0000:31:00.0: [1022:145a] type 00 class 0x130000
> [    1.567062] pci 0000:31:00.0: enabling Extended Tags
> [    1.572818] pci 0000:31:00.2: [1022:1456] type 00 class 0x108000
> [    1.572818] pci 0000:31:00.2: reg 0x18: [mem 0xe7300000-0xe73fffff]
> [    1.572818] pci 0000:31:00.2: reg 0x24: [mem 0xe7400000-0xe7401fff]
> [    1.572818] pci 0000:31:00.2: enabling Extended Tags
> [    1.577839] pci 0000:30:07.1: PCI bridge to [bus 31]
> [    1.582742] pci 0000:30:07.1:   bridge window [mem 0xe7300000-0xe74fffff]
> [    1.582932] pci 0000:32:00.0: [1022:1455] type 00 class 0x130000
> [    1.582977] pci 0000:32:00.0: enabling Extended Tags
> [    1.587825] pci 0000:32:00.1: [1022:1468] type 00 class 0x108000
> [    1.587849] pci 0000:32:00.1: reg 0x18: [mem 0xe7100000-0xe71fffff]
> [    1.587864] pci 0000:32:00.1: reg 0x24: [mem 0xe7200000-0xe7201fff]
> [    1.587874] pci 0000:32:00.1: enabling Extended Tags
> [    1.593767] pci 0000:30:08.1: PCI bridge to [bus 32]
> [    1.598741] pci 0000:30:08.1:   bridge window [mem 0xe7100000-0xe72fffff]
> [    1.598754] pci_bus 0000:30: on NUMA node 3
> [    1.599073] ACPI: PCI Root Bridge [S1D0] (domain 0000 [bus 40-4f])
> [    1.604741] acpi PNP0A08:04: _OSC: OS supports [ExtendedConfig ASPM ClockPM Segments MSI]
> [    1.613905] acpi PNP0A08:04: _OSC: platform does not support [AER LTR]
> [    1.620891] acpi PNP0A08:04: _OSC: OS now controls [PME PCIeCapability]
> [    1.627793] PCI host bridge to bus 0000:40
> [    1.631738] pci_bus 0000:40: root bus resource [io  0x8000-0x9fff window]
> [    1.638738] pci_bus 0000:40: root bus resource [mem 0xe2d00000-0xe50fffff window]
> [    1.646738] pci_bus 0000:40: root bus resource [mem 0x1601e000000-0x18017ffffff window]
> [    1.654740] pci_bus 0000:40: root bus resource [bus 40-4f]
> [    1.659743] pci 0000:40:00.0: [1022:1450] type 00 class 0x060000
> [    1.659835] pci 0000:40:01.0: [1022:1452] type 00 class 0x060000
> [    1.659922] pci 0000:40:02.0: [1022:1452] type 00 class 0x060000
> [    1.660739] pci 0000:40:03.0: [1022:1452] type 00 class 0x060000
> [    1.660825] pci 0000:40:04.0: [1022:1452] type 00 class 0x060000
> [    1.660916] pci 0000:40:07.0: [1022:1452] type 00 class 0x060000
> [    1.660987] pci 0000:40:07.1: [1022:1454] type 01 class 0x060400
> [    1.661361] pci 0000:40:07.1: enabling Extended Tags
> [    1.665832] pci 0000:40:07.1: PME# supported from D0 D3hot D3cold
> [    1.665931] pci 0000:40:08.0: [1022:1452] type 00 class 0x060000
> [    1.666008] pci 0000:40:08.1: [1022:1454] type 01 class 0x060400
> [    1.667369] pci 0000:40:08.1: enabling Extended Tags
> [    1.671832] pci 0000:40:08.1: PME# supported from D0 D3hot D3cold
> [    1.672783] pci 0000:41:00.0: [1022:145a] type 00 class 0x130000
> [    1.672836] pci 0000:41:00.0: enabling Extended Tags
> [    1.677836] pci 0000:41:00.2: [1022:1456] type 00 class 0x108000
> [    1.677863] pci 0000:41:00.2: reg 0x18: [mem 0xe4f00000-0xe4ffffff]
> [    1.677880] pci 0000:41:00.2: reg 0x24: [mem 0xe5000000-0xe5001fff]
> [    1.677891] pci 0000:41:00.2: enabling Extended Tags
> [    1.683860] pci 0000:40:07.1: PCI bridge to [bus 41]
> [    1.688742] pci 0000:40:07.1:   bridge window [mem 0xe4f00000-0xe50fffff]
> [    1.689108] pci 0000:42:00.0: [1022:1455] type 00 class 0x130000
> [    1.689163] pci 0000:42:00.0: enabling Extended Tags
> [    1.693841] pci 0000:42:00.1: [1022:1468] type 00 class 0x108000
> [    1.693869] pci 0000:42:00.1: reg 0x18: [mem 0xe4d00000-0xe4dfffff]
> [    1.693887] pci 0000:42:00.1: reg 0x24: [mem 0xe4e00000-0xe4e01fff]
> [    1.693898] pci 0000:42:00.1: enabling Extended Tags
> [    1.699845] pci 0000:42:00.2: [1022:7901] type 00 class 0x010601
> [    1.699890] pci 0000:42:00.2: reg 0x24: [mem 0xe4e02000-0xe4e02fff]
> [    1.699901] pci 0000:42:00.2: enabling Extended Tags
> [    1.704782] pci 0000:42:00.2: PME# supported from D3hot D3cold
> [    1.704876] pci 0000:40:08.1: PCI bridge to [bus 42]
> [    1.709742] pci 0000:40:08.1:   bridge window [mem 0xe4d00000-0xe4efffff]
> [    1.709758] pci_bus 0000:40: on NUMA node 4
> [    1.710072] ACPI: PCI Root Bridge [S1D1] (domain 0000 [bus 50-5f])
> [    1.716740] acpi PNP0A08:05: _OSC: OS supports [ExtendedConfig ASPM ClockPM Segments MSI]
> [    1.724906] acpi PNP0A08:05: _OSC: platform does not support [AER LTR]
> [    1.731896] acpi PNP0A08:05: _OSC: OS now controls [PME PCIeCapability]
> [    1.738885] PCI host bridge to bus 0000:50
> [    1.742739] pci_bus 0000:50: root bus resource [io  0xa000-0xbfff window]
> [    1.749739] pci_bus 0000:50: root bus resource [mem 0xe0900000-0xe2cfffff window]
> [    1.758011] pci_bus 0000:50: root bus resource [mem 0x14024000000-0x1601dffffff window]
> [    1.765739] pci_bus 0000:50: root bus resource [bus 50-5f]
> [    1.771743] pci 0000:50:00.0: [1022:1450] type 00 class 0x060000
> [    1.771838] pci 0000:50:01.0: [1022:1452] type 00 class 0x060000
> [    1.771927] pci 0000:50:02.0: [1022:1452] type 00 class 0x060000
> [    1.772013] pci 0000:50:03.0: [1022:1452] type 00 class 0x060000
> [    1.772096] pci 0000:50:04.0: [1022:1452] type 00 class 0x060000
> [    1.772189] pci 0000:50:07.0: [1022:1452] type 00 class 0x060000
> [    1.772261] pci 0000:50:07.1: [1022:1454] type 01 class 0x060400
> [    1.772308] pci 0000:50:07.1: enabling Extended Tags
> [    1.777840] pci 0000:50:07.1: PME# supported from D0 D3hot D3cold
> [    1.777840] pci 0000:50:08.0: [1022:1452] type 00 class 0x060000
> [    1.777886] pci 0000:50:08.1: [1022:1454] type 01 class 0x060400
> [    1.778296] pci 0000:50:08.1: enabling Extended Tags
> [    1.782835] pci 0000:50:08.1: PME# supported from D0 D3hot D3cold
> [    1.783055] pci 0000:51:00.0: [1022:145a] type 00 class 0x130000
> [    1.783767] pci 0000:51:00.0: enabling Extended Tags
> [    1.788833] pci 0000:51:00.2: [1022:1456] type 00 class 0x108000
> [    1.788860] pci 0000:51:00.2: reg 0x18: [mem 0xe2b00000-0xe2bfffff]
> [    1.788877] pci 0000:51:00.2: reg 0x24: [mem 0xe2c00000-0xe2c01fff]
> [    1.788888] pci 0000:51:00.2: enabling Extended Tags
> [    1.793861] pci 0000:50:07.1: PCI bridge to [bus 51]
> [    1.798742] pci 0000:50:07.1:   bridge window [mem 0xe2b00000-0xe2cfffff]
> [    1.798818] pci 0000:52:00.0: [1022:1455] type 00 class 0x130000
> [    1.798873] pci 0000:52:00.0: enabling Extended Tags
> [    1.803840] pci 0000:52:00.1: [1022:1468] type 00 class 0x108000
> [    1.803869] pci 0000:52:00.1: reg 0x18: [mem 0xe2900000-0xe29fffff]
> [    1.803887] pci 0000:52:00.1: reg 0x24: [mem 0xe2a00000-0xe2a01fff]
> [    1.804738] pci 0000:52:00.1: enabling Extended Tags
> [    1.809871] pci 0000:50:08.1: PCI bridge to [bus 52]
> [    1.814742] pci 0000:50:08.1:   bridge window [mem 0xe2900000-0xe2afffff]
> [    1.814759] pci_bus 0000:50: on NUMA node 5
> [    1.815056] ACPI: PCI Root Bridge [S1D2] (domain 0000 [bus 60-6f])
> [    1.821740] acpi PNP0A08:06: _OSC: OS supports [ExtendedConfig ASPM ClockPM Segments MSI]
> [    1.829906] acpi PNP0A08:06: _OSC: platform does not support [AER LTR]
> [    1.836896] acpi PNP0A08:06: _OSC: OS now controls [PME PCIeCapability]
> [    1.843881] PCI host bridge to bus 0000:60
> [    1.847738] pci_bus 0000:60: root bus resource [io  0xc000-0xdfff window]
> [    1.854738] pci_bus 0000:60: root bus resource [mem 0xde200000-0xe08fffff window]
> [    1.862739] pci_bus 0000:60: root bus resource [mem 0x1202a000000-0x14023ffffff window]
> [    1.870740] pci_bus 0000:60: root bus resource [bus 60-6f]
> [    1.876744] pci 0000:60:00.0: [1022:1450] type 00 class 0x060000
> [    1.876744] pci 0000:60:01.0: [1022:1452] type 00 class 0x060000
> [    1.876826] pci 0000:60:02.0: [1022:1452] type 00 class 0x060000
> [    1.876908] pci 0000:60:03.0: [1022:1452] type 00 class 0x060000
> [    1.876977] pci 0000:60:03.1: [1022:1453] type 01 class 0x060400
> [    1.877175] pci 0000:60:03.1: PME# supported from D0 D3hot D3cold
> [    1.877275] pci 0000:60:04.0: [1022:1452] type 00 class 0x060000
> [    1.877364] pci 0000:60:07.0: [1022:1452] type 00 class 0x060000
> [    1.877431] pci 0000:60:07.1: [1022:1454] type 01 class 0x060400
> [    1.877468] pci 0000:60:07.1: enabling Extended Tags
> [    1.882808] pci 0000:60:07.1: PME# supported from D0 D3hot D3cold
> [    1.882908] pci 0000:60:08.0: [1022:1452] type 00 class 0x060000
> [    1.882978] pci 0000:60:08.1: [1022:1454] type 01 class 0x060400
> [    1.883017] pci 0000:60:08.1: enabling Extended Tags
> [    1.887830] pci 0000:60:08.1: PME# supported from D0 D3hot D3cold
> [    1.888953] pci 0000:61:00.0: [8086:10fb] type 00 class 0x020000
> [    1.888979] pci 0000:61:00.0: reg 0x10: [mem 0xe0380000-0xe03fffff 64bit]
> [    1.888988] pci 0000:61:00.0: reg 0x18: [io  0xd020-0xd03f]
> [    1.889007] pci 0000:61:00.0: reg 0x20: [mem 0xe0404000-0xe0407fff 64bit]
> [    1.889016] pci 0000:61:00.0: reg 0x30: [mem 0xe0300000-0xe037ffff pref]
> [    1.889075] pci 0000:61:00.0: PME# supported from D0 D3hot
> [    1.889109] pci 0000:61:00.0: reg 0x184: [mem 0x00000000-0x00003fff 64bit]
> [    1.889111] pci 0000:61:00.0: VF(n) BAR0 space: [mem 0x00000000-0x000fffff 64bit] (contains BAR0 for 64 VFs)
> [    1.898755] pci 0000:61:00.0: reg 0x190: [mem 0x00000000-0x00003fff 64bit]
> [    1.898756] pci 0000:61:00.0: VF(n) BAR3 space: [mem 0x00000000-0x000fffff 64bit] (contains BAR3 for 64 VFs)
> [    1.909796] pci 0000:61:00.1: [8086:10fb] type 00 class 0x020000
> [    1.909821] pci 0000:61:00.1: reg 0x10: [mem 0xe0280000-0xe02fffff 64bit]
> [    1.909830] pci 0000:61:00.1: reg 0x18: [io  0xd000-0xd01f]
> [    1.909849] pci 0000:61:00.1: reg 0x20: [mem 0xe0400000-0xe0403fff 64bit]
> [    1.909857] pci 0000:61:00.1: reg 0x30: [mem 0xe0200000-0xe027ffff pref]
> [    1.909917] pci 0000:61:00.1: PME# supported from D0 D3hot
> [    1.909945] pci 0000:61:00.1: reg 0x184: [mem 0x00000000-0x00003fff 64bit]
> [    1.909947] pci 0000:61:00.1: VF(n) BAR0 space: [mem 0x00000000-0x000fffff 64bit] (contains BAR0 for 64 VFs)
> [    1.919755] pci 0000:61:00.1: reg 0x190: [mem 0x00000000-0x00003fff 64bit]
> [    1.919757] pci 0000:61:00.1: VF(n) BAR3 space: [mem 0x00000000-0x000fffff 64bit] (contains BAR3 for 64 VFs)
> [    1.929980] pci 0000:60:03.1: PCI bridge to [bus 61]
> [    1.934741] pci 0000:60:03.1:   bridge window [io  0xd000-0xdfff]
> [    1.934743] pci 0000:60:03.1:   bridge window [mem 0xe0200000-0xe04fffff]
> [    1.934815] pci 0000:62:00.0: [1022:145a] type 00 class 0x130000
> [    1.934863] pci 0000:62:00.0: enabling Extended Tags
> [    1.940827] pci 0000:62:00.2: [1022:1456] type 00 class 0x108000
> [    1.940852] pci 0000:62:00.2: reg 0x18: [mem 0xe0700000-0xe07fffff]
> [    1.940867] pci 0000:62:00.2: reg 0x24: [mem 0xe0800000-0xe0801fff]
> [    1.940867] pci 0000:62:00.2: enabling Extended Tags
> [    1.945852] pci 0000:60:07.1: PCI bridge to [bus 62]
> [    1.950742] pci 0000:60:07.1:   bridge window [mem 0xe0700000-0xe08fffff]
> [    1.950819] pci 0000:63:00.0: [1022:1455] type 00 class 0x130000
> [    1.950869] pci 0000:63:00.0: enabling Extended Tags
> [    1.955831] pci 0000:63:00.1: [1022:1468] type 00 class 0x108000
> [    1.955857] pci 0000:63:00.1: reg 0x18: [mem 0xe0500000-0xe05fffff]
> [    1.955874] pci 0000:63:00.1: reg 0x24: [mem 0xe0600000-0xe0601fff]
> [    1.955884] pci 0000:63:00.1: enabling Extended Tags
> [    1.960864] pci 0000:60:08.1: PCI bridge to [bus 63]
> [    1.966742] pci 0000:60:08.1:   bridge window [mem 0xe0500000-0xe06fffff]
> [    1.966761] pci_bus 0000:60: on NUMA node 6
> [    1.967059] ACPI: PCI Root Bridge [S1D3] (domain 0000 [bus 70-ff])
> [    1.972740] acpi PNP0A08:07: _OSC: OS supports [ExtendedConfig ASPM ClockPM Segments MSI]
> [    1.981906] acpi PNP0A08:07: _OSC: platform does not support [AER LTR]
> [    1.988777] acpi PNP0A08:07: _OSC: OS now controls [PME PCIeCapability]
> [    1.994751] acpi PNP0A08:07: [Firmware Info]: MMCONFIG for domain 0000 [bus 00-7f] only partially covers this bridge
> [    2.005874] PCI host bridge to bus 0000:70
> [    2.010738] pci_bus 0000:70: root bus resource [io  0xe000-0xffff window]
> [    2.016739] pci_bus 0000:70: root bus resource [mem 0xdbe00000-0xde1fffff window]
> [    2.024738] pci_bus 0000:70: root bus resource [mem 0x10030000000-0x12029ffffff window]
> [    2.032738] pci_bus 0000:70: root bus resource [bus 70-ff]
> [    2.038742] pci 0000:70:00.0: [1022:1450] type 00 class 0x060000
> [    2.038834] pci 0000:70:01.0: [1022:1452] type 00 class 0x060000
> [    2.038918] pci 0000:70:02.0: [1022:1452] type 00 class 0x060000
> [    2.039004] pci 0000:70:03.0: [1022:1452] type 00 class 0x060000
> [    2.039089] pci 0000:70:04.0: [1022:1452] type 00 class 0x060000
> [    2.039181] pci 0000:70:07.0: [1022:1452] type 00 class 0x060000
> [    2.039252] pci 0000:70:07.1: [1022:1454] type 01 class 0x060400
> [    2.039741] pci 0000:70:07.1: enabling Extended Tags
> [    2.044844] pci 0000:70:07.1: PME# supported from D0 D3hot D3cold
> [    2.044942] pci 0000:70:08.0: [1022:1452] type 00 class 0x060000
> [    2.045013] pci 0000:70:08.1: [1022:1454] type 01 class 0x060400
> [    2.045054] pci 0000:70:08.1: enabling Extended Tags
> [    2.050811] pci 0000:70:08.1: PME# supported from D0 D3hot D3cold
> [    2.051030] pci 0000:71:00.0: [1022:145a] type 00 class 0x130000
> [    2.051081] pci 0000:71:00.0: enabling Extended Tags
> [    2.055836] pci 0000:71:00.2: [1022:1456] type 00 class 0x108000
> [    2.055863] pci 0000:71:00.2: reg 0x18: [mem 0xde000000-0xde0fffff]
> [    2.055879] pci 0000:71:00.2: reg 0x24: [mem 0xde100000-0xde101fff]
> [    2.055890] pci 0000:71:00.2: enabling Extended Tags
> [    2.061859] pci 0000:70:07.1: PCI bridge to [bus 71]
> [    2.066742] pci 0000:70:07.1:   bridge window [mem 0xde000000-0xde1fffff]
> [    2.066865] pci 0000:72:00.0: [1022:1455] type 00 class 0x130000
> [    2.066918] pci 0000:72:00.0: enabling Extended Tags
> [    2.071839] pci 0000:72:00.1: [1022:1468] type 00 class 0x108000
> [    2.071867] pci 0000:72:00.1: reg 0x18: [mem 0xdde00000-0xddefffff]
> [    2.071884] pci 0000:72:00.1: reg 0x24: [mem 0xddf00000-0xddf01fff]
> [    2.071895] pci 0000:72:00.1: enabling Extended Tags
> [    2.076866] pci 0000:70:08.1: PCI bridge to [bus 72]
> [    2.082743] pci 0000:70:08.1:   bridge window [mem 0xdde00000-0xddffffff]
> [    2.082758] pci_bus 0000:70: on NUMA node 7
> [    2.083042] ACPI: PCI Interrupt Link [LNKA] (IRQs 4 5 7 10 *11 14 15)
> [    2.089800] ACPI: PCI Interrupt Link [LNKB] (IRQs 4 *5 7 10 11 14 15)
> [    2.095791] ACPI: PCI Interrupt Link [LNKC] (IRQs 4 5 7 *10 11 14 15)
> [    2.102804] ACPI: PCI Interrupt Link [LNKD] (IRQs 4 *5 7 10 11 14 15)
> [    2.108797] ACPI: PCI Interrupt Link [LNKE] (IRQs 4 5 7 10 *11 14 15)
> [    2.115786] ACPI: PCI Interrupt Link [LNKF] (IRQs 4 5 7 *10 11 14 15)
> [    2.122787] ACPI: PCI Interrupt Link [LNKG] (IRQs 4 5 7 10 *11 14 15)
> [    2.128788] ACPI: PCI Interrupt Link [LNKH] (IRQs 4 5 7 *10 11 14 15)
> [    2.136293] pci 0000:04:00.0: vgaarb: setting as boot VGA device
> [    2.136736] pci 0000:04:00.0: vgaarb: VGA device added: decodes=io+mem,owns=io+mem,locks=none
> [    2.150754] pci 0000:04:00.0: vgaarb: bridge control possible
> [    2.156737] vgaarb: loaded
> [    2.159816] SCSI subsystem initialized
> [    2.164270] libata version 3.00 loaded.
> [    2.164270] ACPI: bus type USB registered
> [    2.168740] usbcore: registered new interface driver usbfs
> [    2.173746] usbcore: registered new interface driver hub
> [    2.180395] usbcore: registered new device driver usb
> [    2.184755] pps_core: LinuxPPS API ver. 1 registered
> [    2.190737] pps_core: Software ver. 5.3.6 - Copyright 2005-2007 Rodolfo Giometti <giometti@linux.it>
> [    2.199741] PTP clock support registered
> [    2.204736] EDAC MC: Ver: 3.0.0
> [    2.208528] Advanced Linux Sound Architecture Driver Initialized.
> [    2.214750] PCI: Using ACPI for IRQ routing
> [    2.227378] PCI: pci_cache_line_size set to 64 bytes
> [    2.227921] e820: reserve RAM buffer [mem 0x00099800-0x0009ffff]
> [    2.227923] e820: reserve RAM buffer [mem 0x76db0000-0x77ffffff]
> [    2.227924] e820: reserve RAM buffer [mem 0xc9d5f000-0xcbffffff]
> [    2.227925] e820: reserve RAM buffer [mem 0xc9e85000-0xcbffffff]
> [    2.227926] e820: reserve RAM buffer [mem 0x202f380000-0x202fffffff]
> [    2.227927] e820: reserve RAM buffer [mem 0x402ff80000-0x402fffffff]
> [    2.227928] e820: reserve RAM buffer [mem 0x602ff80000-0x602fffffff]
> [    2.227929] e820: reserve RAM buffer [mem 0x802ff80000-0x802fffffff]
> [    2.227930] e820: reserve RAM buffer [mem 0xa02ff80000-0xa02fffffff]
> [    2.227930] e820: reserve RAM buffer [mem 0xc02ff80000-0xc02fffffff]
> [    2.227931] e820: reserve RAM buffer [mem 0xe02ff80000-0xe02fffffff]
> [    2.227932] e820: reserve RAM buffer [mem 0x1002ff80000-0x1002fffffff]
> [    2.228233] hpet0: at MMIO 0xfed00000, IRQs 2, 8, 0
> [    2.234739] hpet0: 3 comparators, 32-bit 14.318180 MHz counter
> [    2.243156] clocksource: Switched to clocksource tsc-early
> [    2.264686] VFS: Disk quotas dquot_6.6.0
> [    2.268819] VFS: Dquot-cache hash table entries: 512 (order 0, 4096 bytes)
> [    2.276030] FS-Cache: Loaded
> [    2.279159] CacheFiles: Loaded
> [    2.282358] pnp: PnP ACPI init
> [    2.285863] system 00:00: [mem 0xf0000000-0xf7ffffff] has been reserved
> [    2.292619] system 00:00: Plug and Play ACPI device, IDs PNP0c01 (active)
> [    2.292879] pnp 00:01: Plug and Play ACPI device, IDs PNP0b00 (active)
> [    2.293202] system 00:02: [io  0x0a00-0x0a0f] has been reserved
> [    2.299263] system 00:02: [io  0x0a10-0x0a1f] has been reserved
> [    2.305323] system 00:02: [io  0x0a20-0x0a2f] has been reserved
> [    2.311381] system 00:02: [io  0x0a30-0x0a3f] has been reserved
> [    2.317441] system 00:02: [io  0x0a40-0x0a4f] has been reserved
> [    2.323505] system 00:02: Plug and Play ACPI device, IDs PNP0c02 (active)
> [    2.323744] pnp 00:03: [dma 0 disabled]
> [    2.323789] pnp 00:03: Plug and Play ACPI device, IDs PNP0501 (active)
> [    2.324008] pnp 00:04: [dma 0 disabled]
> [    2.324052] pnp 00:04: Plug and Play ACPI device, IDs PNP0501 (active)
> [    2.324436] system 00:05: [io  0x04d0-0x04d1] has been reserved
> [    2.330495] system 00:05: [io  0x040b] has been reserved
> [    2.335947] system 00:05: [io  0x04d6] has been reserved
> [    2.341397] system 00:05: [io  0x0c00-0x0c01] has been reserved
> [    2.347458] system 00:05: [io  0x0c14] has been reserved
> [    2.352908] system 00:05: [io  0x0c50-0x0c51] has been reserved
> [    2.358967] system 00:05: [io  0x0c52] has been reserved
> [    2.364412] system 00:05: [io  0x0c6c] has been reserved
> [    2.369863] system 00:05: [io  0x0c6f] has been reserved
> [    2.375315] system 00:05: [io  0x0cd0-0x0cd1] has been reserved
> [    2.381374] system 00:05: [io  0x0cd2-0x0cd3] has been reserved
> [    2.387433] system 00:05: [io  0x0cd4-0x0cd5] has been reserved
> [    2.393493] system 00:05: [io  0x0cd6-0x0cd7] has been reserved
> [    2.399549] system 00:05: [io  0x0cd8-0x0cdf] has been reserved
> [    2.405608] system 00:05: [io  0x0800-0x089f] has been reserved
> [    2.411668] system 00:05: [io  0x0b00-0x0b0f] has been reserved
> [    2.417725] system 00:05: [io  0x0b20-0x0b3f] has been reserved
> [    2.423794] system 00:05: [io  0x0900-0x090f] has been reserved
> [    2.429853] system 00:05: [io  0x0910-0x091f] has been reserved
> [    2.435913] system 00:05: [io  0xfe00-0xfefe] has been reserved
> [    2.441970] system 00:05: [mem 0xfec00000-0xfec00fff] could not be reserved
> [    2.449068] system 00:05: [mem 0xfec01000-0xfec01fff] has been reserved
> [    2.455822] system 00:05: [mem 0xfedc0000-0xfedc0fff] has been reserved
> [    2.462573] system 00:05: [mem 0xfee00000-0xfee00fff] has been reserved
> [    2.469326] system 00:05: [mem 0xfed80000-0xfed8ffff] could not be reserved
> [    2.476426] system 00:05: [mem 0xfed61000-0xfed70fff] has been reserved
> [    2.483178] system 00:05: [mem 0xfec10000-0xfec10fff] has been reserved
> [    2.489930] system 00:05: [mem 0xff000000-0xffffffff] has been reserved
> [    2.496685] system 00:05: Plug and Play ACPI device, IDs PNP0c02 (active)
> [    2.498456] pnp: PnP ACPI: found 6 devices
> [    2.508589] clocksource: acpi_pm: mask: 0xffffff max_cycles: 0xffffff, max_idle_ns: 2085701024 ns
> [    2.517716] pci 0000:00:01.3: PCI bridge to [bus 01]
> [    2.522834] pci 0000:00:01.3:   bridge window [mem 0xef800000-0xef8fffff]
> [    2.529769] pci 0000:00:01.4: PCI bridge to [bus 02]
> [    2.534872] pci 0000:00:01.4:   bridge window [mem 0xef700000-0xef7fffff]
> [    2.541802] pci 0000:03:00.0: PCI bridge to [bus 04]
> [    2.546903] pci 0000:03:00.0:   bridge window [io  0x1000-0x1fff]
> [    2.553138] pci 0000:03:00.0:   bridge window [mem 0xee000000-0xef0fffff]
> [    2.560075] pci 0000:00:01.6: PCI bridge to [bus 03-04]
> [    2.565433] pci 0000:00:01.6:   bridge window [io  0x1000-0x1fff]
> [    2.571667] pci 0000:00:01.6:   bridge window [mem 0xee000000-0xef0fffff]
> [    2.578605] pci 0000:00:07.1: PCI bridge to [bus 05]
> [    2.583705] pci 0000:00:07.1:   bridge window [mem 0xef200000-0xef4fffff]
> [    2.590642] pci 0000:00:08.1: PCI bridge to [bus 06]
> [    2.595761] pci 0000:00:08.1:   bridge window [mem 0xef500000-0xef6fffff]
> [    2.602697] pci_bus 0000:00: resource 4 [io  0x0000-0x02ff window]
> [    2.602699] pci_bus 0000:00: resource 5 [io  0x0300-0x03af window]
> [    2.602700] pci_bus 0000:00: resource 6 [io  0x03e0-0x0cf7 window]
> [    2.602702] pci_bus 0000:00: resource 7 [io  0x03b0-0x03df window]
> [    2.602703] pci_bus 0000:00: resource 8 [io  0x0d00-0x1fff window]
> [    2.602705] pci_bus 0000:00: resource 9 [mem 0x000a0000-0x000bffff window]
> [    2.602707] pci_bus 0000:00: resource 10 [mem 0x000c0000-0x000dffff window]
> [    2.602708] pci_bus 0000:00: resource 11 [mem 0xec000000-0xefffffff window]
> [    2.602709] pci_bus 0000:00: resource 12 [mem 0x1e006000000-0x1ffffffffff window]
> [    2.602711] pci_bus 0000:01: resource 1 [mem 0xef800000-0xef8fffff]
> [    2.602712] pci_bus 0000:02: resource 1 [mem 0xef700000-0xef7fffff]
> [    2.602714] pci_bus 0000:03: resource 0 [io  0x1000-0x1fff]
> [    2.602715] pci_bus 0000:03: resource 1 [mem 0xee000000-0xef0fffff]
> [    2.602717] pci_bus 0000:04: resource 0 [io  0x1000-0x1fff]
> [    2.602718] pci_bus 0000:04: resource 1 [mem 0xee000000-0xef0fffff]
> [    2.602719] pci_bus 0000:05: resource 1 [mem 0xef200000-0xef4fffff]
> [    2.602721] pci_bus 0000:06: resource 1 [mem 0xef500000-0xef6fffff]
> [    2.602764] pci 0000:10:01.1: bridge window [mem 0x00100000-0x000fffff 64bit pref] to [bus 11] add_size 100000 add_align 100000
> [    2.602789] pci 0000:10:01.1: BAR 15: assigned [mem 0x1c00c000000-0x1c00c0fffff 64bit pref]
> [    2.611352] pci 0000:11:00.0: BAR 7: assigned [mem 0x1c00c000000-0x1c00c01ffff 64bit pref]
> [    2.619939] pci 0000:11:00.0: BAR 10: assigned [mem 0x1c00c020000-0x1c00c03ffff 64bit pref]
> [    2.628606] pci 0000:11:00.1: BAR 7: assigned [mem 0x1c00c040000-0x1c00c05ffff 64bit pref]
> [    2.637196] pci 0000:11:00.1: BAR 10: assigned [mem 0x1c00c060000-0x1c00c07ffff 64bit pref]
> [    2.645865] pci 0000:11:00.2: BAR 7: assigned [mem 0x1c00c080000-0x1c00c09ffff 64bit pref]
> [    2.654455] pci 0000:11:00.2: BAR 10: assigned [mem 0x1c00c0a0000-0x1c00c0bffff 64bit pref]
> [    2.663128] pci 0000:11:00.3: BAR 7: assigned [mem 0x1c00c0c0000-0x1c00c0dffff 64bit pref]
> [    2.671709] pci 0000:11:00.3: BAR 10: assigned [mem 0x1c00c0e0000-0x1c00c0fffff 64bit pref]
> [    2.680381] pci 0000:10:01.1: PCI bridge to [bus 11]
> [    2.685484] pci 0000:10:01.1:   bridge window [io  0x3000-0x3fff]
> [    2.691715] pci 0000:10:01.1:   bridge window [mem 0xeb900000-0xebbfffff]
> [    2.698649] pci 0000:10:01.1:   bridge window [mem 0x1c00c000000-0x1c00c0fffff 64bit pref]
> [    2.707130] pci 0000:10:07.1: PCI bridge to [bus 12]
> [    2.712234] pci 0000:10:07.1:   bridge window [mem 0xebe00000-0xebffffff]
> [    2.719163] pci 0000:10:08.1: PCI bridge to [bus 13]
> [    2.724265] pci 0000:10:08.1:   bridge window [mem 0xebc00000-0xebdfffff]
> [    2.731193] pci_bus 0000:10: resource 4 [io  0x2000-0x3fff window]
> [    2.731194] pci_bus 0000:10: resource 5 [mem 0xe9900000-0xebffffff window]
> [    2.731195] pci_bus 0000:10: resource 6 [mem 0x1c00c000000-0x1e005ffffff window]
> [    2.731197] pci_bus 0000:11: resource 0 [io  0x3000-0x3fff]
> [    2.731198] pci_bus 0000:11: resource 1 [mem 0xeb900000-0xebbfffff]
> [    2.731199] pci_bus 0000:11: resource 2 [mem 0x1c00c000000-0x1c00c0fffff 64bit pref]
> [    2.731200] pci_bus 0000:12: resource 1 [mem 0xebe00000-0xebffffff]
> [    2.731201] pci_bus 0000:13: resource 1 [mem 0xebc00000-0xebdfffff]
> [    2.731250] pci 0000:20:07.1: PCI bridge to [bus 21]
> [    2.736357] pci 0000:20:07.1:   bridge window [mem 0xe9700000-0xe98fffff]
> [    2.743289] pci 0000:20:08.1: PCI bridge to [bus 22]
> [    2.748396] pci 0000:20:08.1:   bridge window [mem 0xe9500000-0xe96fffff]
> [    2.755324] pci_bus 0000:20: resource 4 [io  0x4000-0x5fff window]
> [    2.755326] pci_bus 0000:20: resource 5 [mem 0xe7500000-0xe98fffff window]
> [    2.755327] pci_bus 0000:20: resource 6 [mem 0x1a012000000-0x1c00bffffff window]
> [    2.755328] pci_bus 0000:21: resource 1 [mem 0xe9700000-0xe98fffff]
> [    2.755329] pci_bus 0000:22: resource 1 [mem 0xe9500000-0xe96fffff]
> [    2.755355] pci 0000:30:07.1: PCI bridge to [bus 31]
> [    2.760459] pci 0000:30:07.1:   bridge window [mem 0xe7300000-0xe74fffff]
> [    2.767389] pci 0000:30:08.1: PCI bridge to [bus 32]
> [    2.772491] pci 0000:30:08.1:   bridge window [mem 0xe7100000-0xe72fffff]
> [    2.779420] pci_bus 0000:30: resource 4 [io  0x6000-0x7fff window]
> [    2.779421] pci_bus 0000:30: resource 5 [mem 0xe5100000-0xe74fffff window]
> [    2.779422] pci_bus 0000:30: resource 6 [mem 0x18018000000-0x1a011ffffff window]
> [    2.779424] pci_bus 0000:31: resource 1 [mem 0xe7300000-0xe74fffff]
> [    2.779425] pci_bus 0000:32: resource 1 [mem 0xe7100000-0xe72fffff]
> [    2.779452] pci 0000:40:07.1: PCI bridge to [bus 41]
> [    2.784558] pci 0000:40:07.1:   bridge window [mem 0xe4f00000-0xe50fffff]
> [    2.791486] pci 0000:40:08.1: PCI bridge to [bus 42]
> [    2.796589] pci 0000:40:08.1:   bridge window [mem 0xe4d00000-0xe4efffff]
> [    2.803515] pci_bus 0000:40: resource 4 [io  0x8000-0x9fff window]
> [    2.803517] pci_bus 0000:40: resource 5 [mem 0xe2d00000-0xe50fffff window]
> [    2.803518] pci_bus 0000:40: resource 6 [mem 0x1601e000000-0x18017ffffff window]
> [    2.803519] pci_bus 0000:41: resource 1 [mem 0xe4f00000-0xe50fffff]
> [    2.803521] pci_bus 0000:42: resource 1 [mem 0xe4d00000-0xe4efffff]
> [    2.803545] pci 0000:50:07.1: PCI bridge to [bus 51]
> [    2.808644] pci 0000:50:07.1:   bridge window [mem 0xe2b00000-0xe2cfffff]
> [    2.815584] pci 0000:50:08.1: PCI bridge to [bus 52]
> [    2.820684] pci 0000:50:08.1:   bridge window [mem 0xe2900000-0xe2afffff]
> [    2.827621] pci_bus 0000:50: resource 4 [io  0xa000-0xbfff window]
> [    2.827623] pci_bus 0000:50: resource 5 [mem 0xe0900000-0xe2cfffff window]
> [    2.827624] pci_bus 0000:50: resource 6 [mem 0x14024000000-0x1601dffffff window]
> [    2.827626] pci_bus 0000:51: resource 1 [mem 0xe2b00000-0xe2cfffff]
> [    2.827628] pci_bus 0000:52: resource 1 [mem 0xe2900000-0xe2afffff]
> [    2.827661] pci 0000:61:00.0: BAR 7: no space for [mem size 0x00100000 64bit]
> [    2.834933] pci 0000:61:00.0: BAR 7: failed to assign [mem size 0x00100000 64bit]
> [    2.842624] pci 0000:61:00.0: BAR 10: no space for [mem size 0x00100000 64bit]
> [    2.850057] pci 0000:61:00.0: BAR 10: failed to assign [mem size 0x00100000 64bit]
> [    2.857834] pci 0000:61:00.1: BAR 7: no space for [mem size 0x00100000 64bit]
> [    2.865115] pci 0000:61:00.1: BAR 7: failed to assign [mem size 0x00100000 64bit]
> [    2.872805] pci 0000:61:00.1: BAR 10: no space for [mem size 0x00100000 64bit]
> [    2.880229] pci 0000:61:00.1: BAR 10: failed to assign [mem size 0x00100000 64bit]
> [    2.888004] pci 0000:60:03.1: PCI bridge to [bus 61]
> [    2.893102] pci 0000:60:03.1:   bridge window [io  0xd000-0xdfff]
> [    2.899336] pci 0000:60:03.1:   bridge window [mem 0xe0200000-0xe04fffff]
> [    2.906272] pci 0000:60:07.1: PCI bridge to [bus 62]
> [    2.911377] pci 0000:60:07.1:   bridge window [mem 0xe0700000-0xe08fffff]
> [    2.918313] pci 0000:60:08.1: PCI bridge to [bus 63]
> [    2.923414] pci 0000:60:08.1:   bridge window [mem 0xe0500000-0xe06fffff]
> [    2.930344] pci_bus 0000:60: Some PCI device resources are unassigned, try booting with pci=realloc
> [    2.939596] pci_bus 0000:60: resource 4 [io  0xc000-0xdfff window]
> [    2.939598] pci_bus 0000:60: resource 5 [mem 0xde200000-0xe08fffff window]
> [    2.939600] pci_bus 0000:60: resource 6 [mem 0x1202a000000-0x14023ffffff window]
> [    2.939601] pci_bus 0000:61: resource 0 [io  0xd000-0xdfff]
> [    2.939602] pci_bus 0000:61: resource 1 [mem 0xe0200000-0xe04fffff]
> [    2.939603] pci_bus 0000:62: resource 1 [mem 0xe0700000-0xe08fffff]
> [    2.939605] pci_bus 0000:63: resource 1 [mem 0xe0500000-0xe06fffff]
> [    2.939631] pci 0000:70:07.1: PCI bridge to [bus 71]
> [    2.944740] pci 0000:70:07.1:   bridge window [mem 0xde000000-0xde1fffff]
> [    2.951683] pci 0000:70:08.1: PCI bridge to [bus 72]
> [    2.956785] pci 0000:70:08.1:   bridge window [mem 0xdde00000-0xddffffff]
> [    2.963714] pci_bus 0000:70: resource 4 [io  0xe000-0xffff window]
> [    2.963715] pci_bus 0000:70: resource 5 [mem 0xdbe00000-0xde1fffff window]
> [    2.963717] pci_bus 0000:70: resource 6 [mem 0x10030000000-0x12029ffffff window]
> [    2.963719] pci_bus 0000:71: resource 1 [mem 0xde000000-0xde1fffff]
> [    2.963721] pci_bus 0000:72: resource 1 [mem 0xdde00000-0xddffffff]
> [    2.964067] NET: Registered protocol family 2
> [    2.969097] tcp_listen_portaddr_hash hash table entries: 65536 (order: 8, 1048576 bytes)
> [    2.977782] TCP established hash table entries: 524288 (order: 10, 4194304 bytes)
> [    2.986284] TCP bind hash table entries: 65536 (order: 8, 1048576 bytes)
> [    2.993312] TCP: Hash tables configured (established 524288 bind 65536)
> [    3.000304] UDP hash table entries: 65536 (order: 9, 2097152 bytes)
> [    3.007160] UDP-Lite hash table entries: 65536 (order: 9, 2097152 bytes)
> [    3.015202] pci 0000:04:00.0: Video device with shadowed ROM at [mem 0x000c0000-0x000dffff]
> [    3.024255] PCI: CLS 64 bytes, default 64
> [    3.024307] Trying to unpack rootfs image as initramfs...
> [    3.113260] Freeing initrd memory: 5136K
> [    3.117326] PCI-DMA: Using software bounce buffering for IO (SWIOTLB)
> [    3.123912] software IO TLB: mapped [mem 0xc5d5f000-0xc9d5f000] (64MB)
> [    3.130752] amd_uncore: AMD NB counters detected
> [    3.135642] amd_uncore: AMD LLC counters detected
> [    3.147712] workingset: timestamp_bits=40 max_order=28 bucket_order=0
> [    3.156615] SGI XFS with ACLs, security attributes, realtime, no debug enabled
> [    3.166360] Block layer SCSI generic (bsg) driver version 0.4 loaded (major 249)
> [    3.174285] io scheduler noop registered
> [    3.178342] io scheduler deadline registered
> [    3.182795] io scheduler cfq registered (default)
> [    3.187634] io scheduler mq-deadline registered
> [    3.192305] io scheduler kyber registered
> [    3.212474] pcieport 0000:00:01.3: Signaling PME with IRQ 25
> [    3.218396] pcieport 0000:00:01.4: Signaling PME with IRQ 26
> [    3.224394] pcieport 0000:00:01.6: Signaling PME with IRQ 27
> [    3.230405] pcieport 0000:00:07.1: Signaling PME with IRQ 28
> [    3.236398] pcieport 0000:00:08.1: Signaling PME with IRQ 30
> [    3.242257] pcieport 0000:10:01.1: Signaling PME with IRQ 31
> [    3.248096] pcieport 0000:10:07.1: Signaling PME with IRQ 33
> [    3.253956] pcieport 0000:10:08.1: Signaling PME with IRQ 35
> [    3.260052] pcieport 0000:20:07.1: Signaling PME with IRQ 37
> [    3.266039] pcieport 0000:20:08.1: Signaling PME with IRQ 39
> [    3.272386] pcieport 0000:30:07.1: Signaling PME with IRQ 41
> [    3.278238] pcieport 0000:30:08.1: Signaling PME with IRQ 43
> [    3.284294] pcieport 0000:40:07.1: Signaling PME with IRQ 45
> [    3.290295] pcieport 0000:40:08.1: Signaling PME with IRQ 47
> [    3.296224] pcieport 0000:50:07.1: Signaling PME with IRQ 49
> [    3.302227] pcieport 0000:50:08.1: Signaling PME with IRQ 51
> [    3.308073] pcieport 0000:60:03.1: Signaling PME with IRQ 52
> [    3.314002] pcieport 0000:60:07.1: Signaling PME with IRQ 54
> [    3.320013] pcieport 0000:60:08.1: Signaling PME with IRQ 56
> [    3.325996] pcieport 0000:70:07.1: Signaling PME with IRQ 58
> [    3.331995] pcieport 0000:70:08.1: Signaling PME with IRQ 60
> [    3.337829] version 39.2
> [    3.340503] ipmi device interface
> [    3.343983] IPMI System Interface driver.
> [    3.348136] ipmi_si dmi-ipmi-si.0: ipmi_platform: probing via SMBIOS
> [    3.355961] ipmi_si: SMBIOS: io 0xca2 regsize 1 spacing 1 irq 0
> [    3.362021] ipmi_si: Adding SMBIOS-specified kcs state machine
> [    3.368007] ipmi_si IPI0001:00: ipmi_platform: probing via ACPI
> [    3.374095] ipmi_si IPI0001:00: [io  0x0ca4] regsize 1 spacing 1 irq 0
> [    3.380771] ipmi_si: Adding ACPI-specified kcs state machine
> [    3.386610] ipmi_si: Trying SMBIOS-specified kcs state machine at i/o address 0xca2, slave address 0x20, irq 0
> [    3.465821] ipmi_si dmi-ipmi-si.0: The BMC does not support clearing the recv irq bit, compensating, but the BMC needs to be fixed.
> [    3.494712] ipmi_si dmi-ipmi-si.0: Found new BMC (man_id: 0x002a7c, prod_id: 0x0963, dev_id: 0x20)
> [    3.508563] ipmi_si dmi-ipmi-si.0: IPMI kcs interface initialized
> [    3.515705] IPMI Watchdog: driver initialized
> [    3.520216] Copyright (C) 2004 MontaVista Software - IPMI Powerdown via sys_reboot.
> [    3.528573] IPMI poweroff: ATCA Detect mfg 0x2A7C prod 0x963
> [    3.534371] IPMI poweroff: Found a chassis style poweroff function
> [    3.540909] input: Power Button as /devices/LNXSYSTM:00/LNXSYBUS:00/PNP0C0C:00/input/input0
> [    3.549477] ACPI: Power Button [PWRB]
> [    3.553328] input: Power Button as /devices/LNXSYSTM:00/LNXPWRBN:00/input/input1
> [    3.560998] ACPI: Power Button [PWRF]
> [    3.564850] Monitor-Mwait will be used to enter C-1 state
> [    3.586705] Serial: 8250/16550 driver, 4 ports, IRQ sharing disabled
> [    3.615117] 00:03: ttyS0 at I/O 0x3f8 (irq = 4, base_baud = 115200) is a 16550A
> [    3.644456] 00:04: ttyS1 at I/O 0x2f8 (irq = 3, base_baud = 115200) is a 16550A
> [    3.653153] lp: driver loaded but no devices found
> [    3.658500] Linux agpgart interface v0.103
