Return-Path: <linux-kernel-owner@vger.kernel.org>
X-Original-To: lists+linux-kernel@lfdr.de
Delivered-To: lists+linux-kernel@lfdr.de
Received: from vger.kernel.org (vger.kernel.org [209.132.180.67])
	by mail.lfdr.de (Postfix) with ESMTP id C61E089A0B
	for <lists+linux-kernel@lfdr.de>; Mon, 12 Aug 2019 11:43:07 +0200 (CEST)
Received: (majordomo@vger.kernel.org) by vger.kernel.org via listexpand
        id S1727448AbfHLJmo (ORCPT <rfc822;lists+linux-kernel@lfdr.de>);
        Mon, 12 Aug 2019 05:42:44 -0400
Received: from mx3.molgen.mpg.de ([141.14.17.11]:43593 "EHLO mx1.molgen.mpg.de"
        rhost-flags-OK-OK-OK-FAIL) by vger.kernel.org with ESMTP
        id S1727054AbfHLJmn (ORCPT <rfc822;linux-kernel@vger.kernel.org>);
        Mon, 12 Aug 2019 05:42:43 -0400
Received: from rabammel.molgen.mpg.de (rabammel.molgen.mpg.de [141.14.30.220])
        (using TLSv1.2 with cipher ECDHE-RSA-AES128-GCM-SHA256 (128/128 bits))
        (No client certificate requested)
        (Authenticated sender: pmenzel)
        by mx.molgen.mpg.de (Postfix) with ESMTPSA id BE9ED2000C0B2;
        Mon, 12 Aug 2019 11:42:34 +0200 (CEST)
To:     =?UTF-8?B?SsO2cmcgUsO2ZGVs?= <joro@8bytes.org>
Cc:     iommu@lists.linux-foundation.org, linux-pci@vger.kernel.org,
        "x86@kernel.org" <x86@kernel.org>, kexec@lists.infradead.org,
        Linux Kernel Mailing List <linux-kernel@vger.kernel.org>,
        Donald Buczek <buczek@molgen.mpg.de>
From:   Paul Menzel <pmenzel@molgen.mpg.de>
Subject: Crash kernel with 256 MB reserved memory runs into OOM condition
Message-ID: <d65e4a42-1962-78c6-1b5a-65cb70529d62@molgen.mpg.de>
Date:   Mon, 12 Aug 2019 11:42:33 +0200
User-Agent: Mozilla/5.0 (X11; Linux x86_64; rv:60.0) Gecko/20100101
 Thunderbird/60.8.0
MIME-Version: 1.0
Content-Type: multipart/signed; protocol="application/pkcs7-signature"; micalg=sha-256; boundary="------------ms050606000201000303030004"
Sender: linux-kernel-owner@vger.kernel.org
Precedence: bulk
List-ID: <linux-kernel.vger.kernel.org>
X-Mailing-List: linux-kernel@vger.kernel.org

This is a cryptographically signed message in MIME format.

--------------ms050606000201000303030004
Content-Type: multipart/mixed;
 boundary="------------ECD0E31B99966CE0B8D4CC98"
Content-Language: en-US

This is a multi-part message in MIME format.
--------------ECD0E31B99966CE0B8D4CC98
Content-Type: text/plain; charset=utf-8
Content-Transfer-Encoding: quoted-printable

Dear Linux folks,


On a Dell PowerEdge R7425 with two AMD EPYC 7601 (total 128 threads) and
1 TB RAM, the crash kernel with 256 MB of space reserved crashes.

Please find the messages of the normal and the crash kernel attached.

```
[=E2=80=A6]
[    4.319253] iommu: Adding device 0000:06:00.2 to group 5
[    4.325869] iommu: Adding device 0000:20:01.0 to group 15
[    4.332648] iommu: Adding device 0000:20:02.0 to group 16
[    4.338946] swapper/0 invoked oom-killer: gfp_mask=3D0x6040c0(GFP_KERN=
EL|__GFP_COMP), nodemask=3D(null), order=3D0, oom_score_adj=3D0
[    4.350251] swapper/0 cpuset=3D/ mems_allowed=3D0
[    4.354618] CPU: 0 PID: 1 Comm: swapper/0 Not tainted 4.19.57.mx64.282=
 #1
[    4.355612] Hardware name: Dell Inc. PowerEdge R7425/08V001, BIOS 1.9.=
3 06/25/2019
[    4.355612] Call Trace:
[    4.355612]  dump_stack+0x46/0x5b
[    4.355612]  dump_header+0x6b/0x289
[    4.355612]  ? try_to_free_pages+0xcf/0x1c0
[    4.355612]  out_of_memory+0x470/0x4c0
[    4.355612]  __alloc_pages_nodemask+0x970/0x1030
[    4.355612]  cache_grow_begin+0x7d/0x520
[    4.355612]  fallback_alloc+0x148/0x200
[    4.355612]  kmem_cache_alloc_trace+0xac/0x1f0
[    4.355612]  init_iova_domain+0x112/0x170
[    4.355612]  amd_iommu_domain_alloc+0x138/0x1a0
[    4.355612]  iommu_group_get_for_dev+0xc4/0x1a0
[    4.355612]  amd_iommu_add_device+0x13a/0x610
[    4.355612]  ? iommu_group_alloc+0x180/0x180
[    4.355612]  ? set_debug_rodata+0x11/0x11
[    4.355612]  add_iommu_group+0x20/0x30
[    4.355612]  bus_for_each_dev+0x76/0xc0
[    4.355612]  ? down_write+0xe/0x40
[    4.355612]  bus_set_iommu+0xb6/0xf0
[    4.355612]  amd_iommu_init_api+0x112/0x132
[    4.355612]  state_next+0xfb1/0x1165
[    4.355612]  ? set_debug_rodata+0x11/0x11
[    4.355612]  amd_iommu_init+0x1f/0x67
[    4.355612]  ? e820__memblock_setup+0x60/0x60
[    4.355612]  pci_iommu_init+0x16/0x3f
[    4.355612]  do_one_initcall+0x4f/0x1d0
[    4.355612]  ? set_debug_rodata+0x11/0x11
[    4.355612]  kernel_init_freeable+0x1ee/0x27f
[    4.355612]  ? rest_init+0xb0/0xb0
[    4.355612]  kernel_init+0xa/0x110
[    4.355612]  ret_from_fork+0x22/0x40
[    4.489484] Mem-Info:
[    4.491778] active_anon:0 inactive_anon:0 isolated_anon:0
[    4.491778]  active_file:0 inactive_file:0 isolated_file:0
[    4.491778]  unevictable:3930 dirty:0 writeback:0 unstable:0
[    4.491778]  slab_reclaimable:2367 slab_unreclaimable:17814
[    4.491778]  mapped:0 shmem:0 pagetables:0 bounce:0
[    4.491778]  free:472 free_pcp:53 free_cma:0
[    4.522929] Node 0 active_anon:0kB inactive_anon:0kB active_file:0kB i=
nactive_file:0kB unevictable:15720kB isolated(anon):0kB isolated(file):0k=
B mapped:0kB dirty:0kB writeback:0kB shmem:0kB shmem_thp: 0kB shmem_pmdma=
pped: 0kB anon_thp: 0kB writeback_tmp:0kB unstable:0kB all_unreclaimable?=
 no
[    4.548703] Node 0 DMA free:484kB min:4kB low:4kB high:4kB active_anon=
:0kB inactive_anon:0kB active_file:0kB inactive_file:0kB unevictable:0kB =
writepending:0kB present:568kB managed:484kB mlocked:0kB kernel_stack:0kB=
 pagetables:0kB bounce:0kB free_pcp:0kB local_pcp:0kB free_cma:0kB
[    4.573612] lowmem_reserve[]: 0 125 125 125
[    4.577799] Node 0 DMA32 free:1404kB min:1428kB low:1784kB high:2140kB=
 active_anon:0kB inactive_anon:0kB active_file:0kB inactive_file:0kB unev=
ictable:15720kB writepending:0kB present:261560kB managed:133752kB mlocke=
d:0kB kernel_stack:2496kB pagetables:0kB bounce:0kB free_pcp:212kB local_=
pcp:212kB free_cma:0kB
[    4.605221] lowmem_reserve[]: 0 0 0 0
[    4.608887] Node 0 DMA: 1*4kB (U) 0*8kB 0*16kB 1*32kB (U) 1*64kB (U) 1=
*128kB (U) 1*256kB (U) 0*512kB 0*1024kB 0*2048kB 0*4096kB =3D 484kB
[    4.621056] Node 0 DMA32: 9*4kB (UM) 1*8kB (U) 15*16kB (UM) 1*32kB (M)=
 17*64kB (UM) 0*128kB 0*256kB 0*512kB 0*1024kB 0*2048kB 0*4096kB =3D 1404=
kB
[    4.633918] Node 0 hugepages_total=3D0 hugepages_free=3D0 hugepages_su=
rp=3D0 hugepages_size=3D2048kB
[    4.642350] 3943 total pagecache pages
[    4.646106] 0 pages in swap cache
[    4.649424] Swap cache stats: add 0, delete 0, find 0/0
[    4.654651] Free swap  =3D 0kB
[    4.657536] Total swap =3D 0kB
[    4.660422] 65532 pages RAM
[    4.663219] 0 pages HighMem/MovableOnly
[    4.667061] 31973 pages reserved
[    4.670295] Unreclaimable slab info:
[    4.673874] Name                      Used          Total
[    4.679277] tcp_bind_bucket           29KB         32KB
[    4.684514] RAW                      240KB        240KB
[    4.689752] hugetlbfs_inode_cache          0KB          3KB
[    4.695333] biovec-max                32KB         32KB
[    4.700565] uid_cache                  0KB          3KB
[    4.705799] skbuff_head_cache          3KB          4KB
[    4.711033] shmem_inode_cache         56KB         59KB
[    4.716267] proc_dir_entry            40KB         43KB
[    4.721502] kernfs_node_cache       2420KB       2424KB
[    4.726737] mnt_cache                  4KB          7KB
[    4.731970] filp                       1KB          4KB
[    4.737197] names_cache              420KB        440KB
[    4.742425] fs_cache                   8KB         11KB
[    4.747656] files_cache               88KB         90KB
[    4.752887] signal_cache             166KB        171KB
[    4.758118] sighand_cache            321KB        321KB
[    4.763346] task_struct              516KB        516KB
[    4.768571] cred_jar                  29KB         31KB
[    4.773796] anon_vma_chain             9KB         12KB
[    4.779026] pid                        3KB          4KB
[    4.784261] Acpi-Operand             527KB        531KB
[    4.789494] Acpi-Parse                26KB         31KB
[    4.794721] Acpi-State                37KB         43KB
[    4.799946] Acpi-Namespace            98KB        100KB
[    4.805173] numa_policy                3KB          3KB
[    4.810399] trace_event_file         145KB        146KB
[    4.815626] ftrace_event_field        151KB        151KB
[    4.820948] pool_workqueue             4KB          4KB
[    4.826202] kmalloc-262144           256KB        256KB
[    4.831433] kmalloc-65536            128KB        128KB
[    4.836659] kmalloc-32768             64KB         64KB
[    4.841885] kmalloc-16384             48KB         48KB
[    4.847112] kmalloc-8192              80KB         80KB
[    4.852339] kmalloc-4096            2700KB       2700KB
[    4.857565] kmalloc-2048           59164KB      59164KB
[    4.862793] kmalloc-1024             705KB        708KB
[    4.868026] kmalloc-512              185KB        188KB
[    4.873251] kmalloc-256               84KB         88KB
[    4.878479] kmalloc-192              255KB        255KB
[    4.883706] kmalloc-96               177KB        180KB
[    4.888939] kmalloc-64               519KB        520KB
[    4.894165] kmalloc-32               230KB        232KB
[    4.899391] kmalloc-128              871KB        872KB
[    4.904617] kmem_cache                32KB         33KB
[    4.909842] Tasks state (memory values in pages):
[    4.914547] [  pid  ]   uid  tgid total_vm      rss pgtables_bytes swa=
pents oom_score_adj name
[    4.923156] Out of memory and no killable processes...
[=E2=80=A6]
```

Is on big server systems really more reserved memory needed, or is that
maybe something which can be fixed in the Linux kernel?


Kind regards,

Paul


PS: No idea, if the output below is helpful.

```
$ lspci -nn
00:00.0 Host bridge [0600]: Advanced Micro Devices, Inc. [AMD] Family 17h=
 (Models 00h-0fh) Root Complex [1022:1450]
00:00.2 IOMMU [0806]: Advanced Micro Devices, Inc. [AMD] Family 17h (Mode=
ls 00h-0fh) I/O Memory Management Unit [1022:1451]
00:01.0 Host bridge [0600]: Advanced Micro Devices, Inc. [AMD] Family 17h=
 (Models 00h-0fh) PCIe Dummy Host Bridge [1022:1452]
00:01.1 PCI bridge [0604]: Advanced Micro Devices, Inc. [AMD] Family 17h =
(Models 00h-0fh) PCIe GPP Bridge [1022:1453]
00:01.3 PCI bridge [0604]: Advanced Micro Devices, Inc. [AMD] Family 17h =
(Models 00h-0fh) PCIe GPP Bridge [1022:1453]
00:01.4 PCI bridge [0604]: Advanced Micro Devices, Inc. [AMD] Family 17h =
(Models 00h-0fh) PCIe GPP Bridge [1022:1453]
00:02.0 Host bridge [0600]: Advanced Micro Devices, Inc. [AMD] Family 17h=
 (Models 00h-0fh) PCIe Dummy Host Bridge [1022:1452]
00:03.0 Host bridge [0600]: Advanced Micro Devices, Inc. [AMD] Family 17h=
 (Models 00h-0fh) PCIe Dummy Host Bridge [1022:1452]
00:04.0 Host bridge [0600]: Advanced Micro Devices, Inc. [AMD] Family 17h=
 (Models 00h-0fh) PCIe Dummy Host Bridge [1022:1452]
00:07.0 Host bridge [0600]: Advanced Micro Devices, Inc. [AMD] Family 17h=
 (Models 00h-0fh) PCIe Dummy Host Bridge [1022:1452]
00:07.1 PCI bridge [0604]: Advanced Micro Devices, Inc. [AMD] Family 17h =
(Models 00h-0fh) Internal PCIe GPP Bridge 0 to Bus B [1022:1454]
00:08.0 Host bridge [0600]: Advanced Micro Devices, Inc. [AMD] Family 17h=
 (Models 00h-0fh) PCIe Dummy Host Bridge [1022:1452]
00:08.1 PCI bridge [0604]: Advanced Micro Devices, Inc. [AMD] Family 17h =
(Models 00h-0fh) Internal PCIe GPP Bridge 0 to Bus B [1022:1454]
00:14.0 SMBus [0c05]: Advanced Micro Devices, Inc. [AMD] FCH SMBus Contro=
ller [1022:790b] (rev 59)
00:14.3 ISA bridge [0601]: Advanced Micro Devices, Inc. [AMD] FCH LPC Bri=
dge [1022:790e] (rev 51)
00:18.0 Host bridge [0600]: Advanced Micro Devices, Inc. [AMD] Family 17h=
 (Models 00h-0fh) Data Fabric: Device 18h; Function 0 [1022:1460]
00:18.1 Host bridge [0600]: Advanced Micro Devices, Inc. [AMD] Family 17h=
 (Models 00h-0fh) Data Fabric: Device 18h; Function 1 [1022:1461]
00:18.2 Host bridge [0600]: Advanced Micro Devices, Inc. [AMD] Family 17h=
 (Models 00h-0fh) Data Fabric: Device 18h; Function 2 [1022:1462]
00:18.3 Host bridge [0600]: Advanced Micro Devices, Inc. [AMD] Family 17h=
 (Models 00h-0fh) Data Fabric: Device 18h; Function 3 [1022:1463]
00:18.4 Host bridge [0600]: Advanced Micro Devices, Inc. [AMD] Family 17h=
 (Models 00h-0fh) Data Fabric: Device 18h; Function 4 [1022:1464]
00:18.5 Host bridge [0600]: Advanced Micro Devices, Inc. [AMD] Family 17h=
 (Models 00h-0fh) Data Fabric: Device 18h; Function 5 [1022:1465]
00:18.6 Host bridge [0600]: Advanced Micro Devices, Inc. [AMD] Family 17h=
 (Models 00h-0fh) Data Fabric Device 18h Function 6 [1022:1466]
00:18.7 Host bridge [0600]: Advanced Micro Devices, Inc. [AMD] Family 17h=
 (Models 00h-0fh) Data Fabric: Device 18h; Function 7 [1022:1467]
00:19.0 Host bridge [0600]: Advanced Micro Devices, Inc. [AMD] Family 17h=
 (Models 00h-0fh) Data Fabric: Device 18h; Function 0 [1022:1460]
00:19.1 Host bridge [0600]: Advanced Micro Devices, Inc. [AMD] Family 17h=
 (Models 00h-0fh) Data Fabric: Device 18h; Function 1 [1022:1461]
00:19.2 Host bridge [0600]: Advanced Micro Devices, Inc. [AMD] Family 17h=
 (Models 00h-0fh) Data Fabric: Device 18h; Function 2 [1022:1462]
00:19.3 Host bridge [0600]: Advanced Micro Devices, Inc. [AMD] Family 17h=
 (Models 00h-0fh) Data Fabric: Device 18h; Function 3 [1022:1463]
00:19.4 Host bridge [0600]: Advanced Micro Devices, Inc. [AMD] Family 17h=
 (Models 00h-0fh) Data Fabric: Device 18h; Function 4 [1022:1464]
00:19.5 Host bridge [0600]: Advanced Micro Devices, Inc. [AMD] Family 17h=
 (Models 00h-0fh) Data Fabric: Device 18h; Function 5 [1022:1465]
00:19.6 Host bridge [0600]: Advanced Micro Devices, Inc. [AMD] Family 17h=
 (Models 00h-0fh) Data Fabric Device 18h Function 6 [1022:1466]
00:19.7 Host bridge [0600]: Advanced Micro Devices, Inc. [AMD] Family 17h=
 (Models 00h-0fh) Data Fabric: Device 18h; Function 7 [1022:1467]
00:1a.0 Host bridge [0600]: Advanced Micro Devices, Inc. [AMD] Family 17h=
 (Models 00h-0fh) Data Fabric: Device 18h; Function 0 [1022:1460]
00:1a.1 Host bridge [0600]: Advanced Micro Devices, Inc. [AMD] Family 17h=
 (Models 00h-0fh) Data Fabric: Device 18h; Function 1 [1022:1461]
00:1a.2 Host bridge [0600]: Advanced Micro Devices, Inc. [AMD] Family 17h=
 (Models 00h-0fh) Data Fabric: Device 18h; Function 2 [1022:1462]
00:1a.3 Host bridge [0600]: Advanced Micro Devices, Inc. [AMD] Family 17h=
 (Models 00h-0fh) Data Fabric: Device 18h; Function 3 [1022:1463]
00:1a.4 Host bridge [0600]: Advanced Micro Devices, Inc. [AMD] Family 17h=
 (Models 00h-0fh) Data Fabric: Device 18h; Function 4 [1022:1464]
00:1a.5 Host bridge [0600]: Advanced Micro Devices, Inc. [AMD] Family 17h=
 (Models 00h-0fh) Data Fabric: Device 18h; Function 5 [1022:1465]
00:1a.6 Host bridge [0600]: Advanced Micro Devices, Inc. [AMD] Family 17h=
 (Models 00h-0fh) Data Fabric Device 18h Function 6 [1022:1466]
00:1a.7 Host bridge [0600]: Advanced Micro Devices, Inc. [AMD] Family 17h=
 (Models 00h-0fh) Data Fabric: Device 18h; Function 7 [1022:1467]
00:1b.0 Host bridge [0600]: Advanced Micro Devices, Inc. [AMD] Family 17h=
 (Models 00h-0fh) Data Fabric: Device 18h; Function 0 [1022:1460]
00:1b.1 Host bridge [0600]: Advanced Micro Devices, Inc. [AMD] Family 17h=
 (Models 00h-0fh) Data Fabric: Device 18h; Function 1 [1022:1461]
00:1b.2 Host bridge [0600]: Advanced Micro Devices, Inc. [AMD] Family 17h=
 (Models 00h-0fh) Data Fabric: Device 18h; Function 2 [1022:1462]
00:1b.3 Host bridge [0600]: Advanced Micro Devices, Inc. [AMD] Family 17h=
 (Models 00h-0fh) Data Fabric: Device 18h; Function 3 [1022:1463]
00:1b.4 Host bridge [0600]: Advanced Micro Devices, Inc. [AMD] Family 17h=
 (Models 00h-0fh) Data Fabric: Device 18h; Function 4 [1022:1464]
00:1b.5 Host bridge [0600]: Advanced Micro Devices, Inc. [AMD] Family 17h=
 (Models 00h-0fh) Data Fabric: Device 18h; Function 5 [1022:1465]
00:1b.6 Host bridge [0600]: Advanced Micro Devices, Inc. [AMD] Family 17h=
 (Models 00h-0fh) Data Fabric Device 18h Function 6 [1022:1466]
00:1b.7 Host bridge [0600]: Advanced Micro Devices, Inc. [AMD] Family 17h=
 (Models 00h-0fh) Data Fabric: Device 18h; Function 7 [1022:1467]
00:1c.0 Host bridge [0600]: Advanced Micro Devices, Inc. [AMD] Family 17h=
 (Models 00h-0fh) Data Fabric: Device 18h; Function 0 [1022:1460]
00:1c.1 Host bridge [0600]: Advanced Micro Devices, Inc. [AMD] Family 17h=
 (Models 00h-0fh) Data Fabric: Device 18h; Function 1 [1022:1461]
00:1c.2 Host bridge [0600]: Advanced Micro Devices, Inc. [AMD] Family 17h=
 (Models 00h-0fh) Data Fabric: Device 18h; Function 2 [1022:1462]
00:1c.3 Host bridge [0600]: Advanced Micro Devices, Inc. [AMD] Family 17h=
 (Models 00h-0fh) Data Fabric: Device 18h; Function 3 [1022:1463]
00:1c.4 Host bridge [0600]: Advanced Micro Devices, Inc. [AMD] Family 17h=
 (Models 00h-0fh) Data Fabric: Device 18h; Function 4 [1022:1464]
00:1c.5 Host bridge [0600]: Advanced Micro Devices, Inc. [AMD] Family 17h=
 (Models 00h-0fh) Data Fabric: Device 18h; Function 5 [1022:1465]
00:1c.6 Host bridge [0600]: Advanced Micro Devices, Inc. [AMD] Family 17h=
 (Models 00h-0fh) Data Fabric Device 18h Function 6 [1022:1466]
00:1c.7 Host bridge [0600]: Advanced Micro Devices, Inc. [AMD] Family 17h=
 (Models 00h-0fh) Data Fabric: Device 18h; Function 7 [1022:1467]
00:1d.0 Host bridge [0600]: Advanced Micro Devices, Inc. [AMD] Family 17h=
 (Models 00h-0fh) Data Fabric: Device 18h; Function 0 [1022:1460]
00:1d.1 Host bridge [0600]: Advanced Micro Devices, Inc. [AMD] Family 17h=
 (Models 00h-0fh) Data Fabric: Device 18h; Function 1 [1022:1461]
00:1d.2 Host bridge [0600]: Advanced Micro Devices, Inc. [AMD] Family 17h=
 (Models 00h-0fh) Data Fabric: Device 18h; Function 2 [1022:1462]
00:1d.3 Host bridge [0600]: Advanced Micro Devices, Inc. [AMD] Family 17h=
 (Models 00h-0fh) Data Fabric: Device 18h; Function 3 [1022:1463]
00:1d.4 Host bridge [0600]: Advanced Micro Devices, Inc. [AMD] Family 17h=
 (Models 00h-0fh) Data Fabric: Device 18h; Function 4 [1022:1464]
00:1d.5 Host bridge [0600]: Advanced Micro Devices, Inc. [AMD] Family 17h=
 (Models 00h-0fh) Data Fabric: Device 18h; Function 5 [1022:1465]
00:1d.6 Host bridge [0600]: Advanced Micro Devices, Inc. [AMD] Family 17h=
 (Models 00h-0fh) Data Fabric Device 18h Function 6 [1022:1466]
00:1d.7 Host bridge [0600]: Advanced Micro Devices, Inc. [AMD] Family 17h=
 (Models 00h-0fh) Data Fabric: Device 18h; Function 7 [1022:1467]
00:1e.0 Host bridge [0600]: Advanced Micro Devices, Inc. [AMD] Family 17h=
 (Models 00h-0fh) Data Fabric: Device 18h; Function 0 [1022:1460]
00:1e.1 Host bridge [0600]: Advanced Micro Devices, Inc. [AMD] Family 17h=
 (Models 00h-0fh) Data Fabric: Device 18h; Function 1 [1022:1461]
00:1e.2 Host bridge [0600]: Advanced Micro Devices, Inc. [AMD] Family 17h=
 (Models 00h-0fh) Data Fabric: Device 18h; Function 2 [1022:1462]
00:1e.3 Host bridge [0600]: Advanced Micro Devices, Inc. [AMD] Family 17h=
 (Models 00h-0fh) Data Fabric: Device 18h; Function 3 [1022:1463]
00:1e.4 Host bridge [0600]: Advanced Micro Devices, Inc. [AMD] Family 17h=
 (Models 00h-0fh) Data Fabric: Device 18h; Function 4 [1022:1464]
00:1e.5 Host bridge [0600]: Advanced Micro Devices, Inc. [AMD] Family 17h=
 (Models 00h-0fh) Data Fabric: Device 18h; Function 5 [1022:1465]
00:1e.6 Host bridge [0600]: Advanced Micro Devices, Inc. [AMD] Family 17h=
 (Models 00h-0fh) Data Fabric Device 18h Function 6 [1022:1466]
00:1e.7 Host bridge [0600]: Advanced Micro Devices, Inc. [AMD] Family 17h=
 (Models 00h-0fh) Data Fabric: Device 18h; Function 7 [1022:1467]
00:1f.0 Host bridge [0600]: Advanced Micro Devices, Inc. [AMD] Family 17h=
 (Models 00h-0fh) Data Fabric: Device 18h; Function 0 [1022:1460]
00:1f.1 Host bridge [0600]: Advanced Micro Devices, Inc. [AMD] Family 17h=
 (Models 00h-0fh) Data Fabric: Device 18h; Function 1 [1022:1461]
00:1f.2 Host bridge [0600]: Advanced Micro Devices, Inc. [AMD] Family 17h=
 (Models 00h-0fh) Data Fabric: Device 18h; Function 2 [1022:1462]
00:1f.3 Host bridge [0600]: Advanced Micro Devices, Inc. [AMD] Family 17h=
 (Models 00h-0fh) Data Fabric: Device 18h; Function 3 [1022:1463]
00:1f.4 Host bridge [0600]: Advanced Micro Devices, Inc. [AMD] Family 17h=
 (Models 00h-0fh) Data Fabric: Device 18h; Function 4 [1022:1464]
00:1f.5 Host bridge [0600]: Advanced Micro Devices, Inc. [AMD] Family 17h=
 (Models 00h-0fh) Data Fabric: Device 18h; Function 5 [1022:1465]
00:1f.6 Host bridge [0600]: Advanced Micro Devices, Inc. [AMD] Family 17h=
 (Models 00h-0fh) Data Fabric Device 18h Function 6 [1022:1466]
00:1f.7 Host bridge [0600]: Advanced Micro Devices, Inc. [AMD] Family 17h=
 (Models 00h-0fh) Data Fabric: Device 18h; Function 7 [1022:1467]
01:00.0 Ethernet controller [0200]: Intel Corporation 82599ES 10-Gigabit =
SFI/SFP+ Network Connection [8086:10fb] (rev 01)
01:00.1 Ethernet controller [0200]: Intel Corporation 82599ES 10-Gigabit =
SFI/SFP+ Network Connection [8086:10fb] (rev 01)
02:00.0 PCI bridge [0604]: PLDA Device [1556:be00] (rev 02)
03:00.0 VGA compatible controller [0300]: Matrox Electronics Systems Ltd.=
 Integrated Matrox G200eW3 Graphics Controller [102b:0536] (rev 04)
04:00.0 Ethernet controller [0200]: Intel Corporation I350 Gigabit Networ=
k Connection [8086:1521] (rev 01)
04:00.1 Ethernet controller [0200]: Intel Corporation I350 Gigabit Networ=
k Connection [8086:1521] (rev 01)
05:00.0 Non-Essential Instrumentation [1300]: Advanced Micro Devices, Inc=
=2E [AMD] Device [1022:145a]
05:00.2 Encryption controller [1080]: Advanced Micro Devices, Inc. [AMD] =
Family 17h (Models 00h-0fh) Platform Security Processor [1022:1456]
05:00.3 USB controller [0c03]: Advanced Micro Devices, Inc. [AMD] USB 3.0=
 Host controller [1022:145f]
06:00.0 Non-Essential Instrumentation [1300]: Advanced Micro Devices, Inc=
=2E [AMD] Device [1022:1455]
06:00.1 Encryption controller [1080]: Advanced Micro Devices, Inc. [AMD] =
Device [1022:1468]
06:00.2 SATA controller [0106]: Advanced Micro Devices, Inc. [AMD] FCH SA=
TA Controller [AHCI mode] [1022:7901] (rev 51)
20:00.0 Host bridge [0600]: Advanced Micro Devices, Inc. [AMD] Family 17h=
 (Models 00h-0fh) Root Complex [1022:1450]
20:00.2 IOMMU [0806]: Advanced Micro Devices, Inc. [AMD] Family 17h (Mode=
ls 00h-0fh) I/O Memory Management Unit [1022:1451]
20:01.0 Host bridge [0600]: Advanced Micro Devices, Inc. [AMD] Family 17h=
 (Models 00h-0fh) PCIe Dummy Host Bridge [1022:1452]
20:02.0 Host bridge [0600]: Advanced Micro Devices, Inc. [AMD] Family 17h=
 (Models 00h-0fh) PCIe Dummy Host Bridge [1022:1452]
20:03.0 Host bridge [0600]: Advanced Micro Devices, Inc. [AMD] Family 17h=
 (Models 00h-0fh) PCIe Dummy Host Bridge [1022:1452]
20:04.0 Host bridge [0600]: Advanced Micro Devices, Inc. [AMD] Family 17h=
 (Models 00h-0fh) PCIe Dummy Host Bridge [1022:1452]
20:07.0 Host bridge [0600]: Advanced Micro Devices, Inc. [AMD] Family 17h=
 (Models 00h-0fh) PCIe Dummy Host Bridge [1022:1452]
20:07.1 PCI bridge [0604]: Advanced Micro Devices, Inc. [AMD] Family 17h =
(Models 00h-0fh) Internal PCIe GPP Bridge 0 to Bus B [1022:1454]
20:08.0 Host bridge [0600]: Advanced Micro Devices, Inc. [AMD] Family 17h=
 (Models 00h-0fh) PCIe Dummy Host Bridge [1022:1452]
20:08.1 PCI bridge [0604]: Advanced Micro Devices, Inc. [AMD] Family 17h =
(Models 00h-0fh) Internal PCIe GPP Bridge 0 to Bus B [1022:1454]
21:00.0 Non-Essential Instrumentation [1300]: Advanced Micro Devices, Inc=
=2E [AMD] Device [1022:145a]
21:00.2 Encryption controller [1080]: Advanced Micro Devices, Inc. [AMD] =
Family 17h (Models 00h-0fh) Platform Security Processor [1022:1456]
21:00.3 USB controller [0c03]: Advanced Micro Devices, Inc. [AMD] USB 3.0=
 Host controller [1022:145f]
22:00.0 Non-Essential Instrumentation [1300]: Advanced Micro Devices, Inc=
=2E [AMD] Device [1022:1455]
22:00.1 Encryption controller [1080]: Advanced Micro Devices, Inc. [AMD] =
Device [1022:1468]
40:00.0 Host bridge [0600]: Advanced Micro Devices, Inc. [AMD] Family 17h=
 (Models 00h-0fh) Root Complex [1022:1450]
40:00.2 IOMMU [0806]: Advanced Micro Devices, Inc. [AMD] Family 17h (Mode=
ls 00h-0fh) I/O Memory Management Unit [1022:1451]
40:01.0 Host bridge [0600]: Advanced Micro Devices, Inc. [AMD] Family 17h=
 (Models 00h-0fh) PCIe Dummy Host Bridge [1022:1452]
40:02.0 Host bridge [0600]: Advanced Micro Devices, Inc. [AMD] Family 17h=
 (Models 00h-0fh) PCIe Dummy Host Bridge [1022:1452]
40:03.0 Host bridge [0600]: Advanced Micro Devices, Inc. [AMD] Family 17h=
 (Models 00h-0fh) PCIe Dummy Host Bridge [1022:1452]
40:04.0 Host bridge [0600]: Advanced Micro Devices, Inc. [AMD] Family 17h=
 (Models 00h-0fh) PCIe Dummy Host Bridge [1022:1452]
40:07.0 Host bridge [0600]: Advanced Micro Devices, Inc. [AMD] Family 17h=
 (Models 00h-0fh) PCIe Dummy Host Bridge [1022:1452]
40:07.1 PCI bridge [0604]: Advanced Micro Devices, Inc. [AMD] Family 17h =
(Models 00h-0fh) Internal PCIe GPP Bridge 0 to Bus B [1022:1454]
40:08.0 Host bridge [0600]: Advanced Micro Devices, Inc. [AMD] Family 17h=
 (Models 00h-0fh) PCIe Dummy Host Bridge [1022:1452]
40:08.1 PCI bridge [0604]: Advanced Micro Devices, Inc. [AMD] Family 17h =
(Models 00h-0fh) Internal PCIe GPP Bridge 0 to Bus B [1022:1454]
41:00.0 Non-Essential Instrumentation [1300]: Advanced Micro Devices, Inc=
=2E [AMD] Device [1022:145a]
41:00.2 Encryption controller [1080]: Advanced Micro Devices, Inc. [AMD] =
Family 17h (Models 00h-0fh) Platform Security Processor [1022:1456]
42:00.0 Non-Essential Instrumentation [1300]: Advanced Micro Devices, Inc=
=2E [AMD] Device [1022:1455]
42:00.1 Encryption controller [1080]: Advanced Micro Devices, Inc. [AMD] =
Device [1022:1468]
60:00.0 Host bridge [0600]: Advanced Micro Devices, Inc. [AMD] Family 17h=
 (Models 00h-0fh) Root Complex [1022:1450]
60:00.2 IOMMU [0806]: Advanced Micro Devices, Inc. [AMD] Family 17h (Mode=
ls 00h-0fh) I/O Memory Management Unit [1022:1451]
60:01.0 Host bridge [0600]: Advanced Micro Devices, Inc. [AMD] Family 17h=
 (Models 00h-0fh) PCIe Dummy Host Bridge [1022:1452]
60:02.0 Host bridge [0600]: Advanced Micro Devices, Inc. [AMD] Family 17h=
 (Models 00h-0fh) PCIe Dummy Host Bridge [1022:1452]
60:03.0 Host bridge [0600]: Advanced Micro Devices, Inc. [AMD] Family 17h=
 (Models 00h-0fh) PCIe Dummy Host Bridge [1022:1452]
60:03.1 PCI bridge [0604]: Advanced Micro Devices, Inc. [AMD] Family 17h =
(Models 00h-0fh) PCIe GPP Bridge [1022:1453]
60:04.0 Host bridge [0600]: Advanced Micro Devices, Inc. [AMD] Family 17h=
 (Models 00h-0fh) PCIe Dummy Host Bridge [1022:1452]
60:07.0 Host bridge [0600]: Advanced Micro Devices, Inc. [AMD] Family 17h=
 (Models 00h-0fh) PCIe Dummy Host Bridge [1022:1452]
60:07.1 PCI bridge [0604]: Advanced Micro Devices, Inc. [AMD] Family 17h =
(Models 00h-0fh) Internal PCIe GPP Bridge 0 to Bus B [1022:1454]
60:08.0 Host bridge [0600]: Advanced Micro Devices, Inc. [AMD] Family 17h=
 (Models 00h-0fh) PCIe Dummy Host Bridge [1022:1452]
60:08.1 PCI bridge [0604]: Advanced Micro Devices, Inc. [AMD] Family 17h =
(Models 00h-0fh) Internal PCIe GPP Bridge 0 to Bus B [1022:1454]
61:00.0 Serial Attached SCSI controller [0107]: LSI Logic / Symbios Logic=
 MegaRAID Tri-Mode SAS3508 [1000:0016] (rev 01)
62:00.0 Non-Essential Instrumentation [1300]: Advanced Micro Devices, Inc=
=2E [AMD] Device [1022:145a]
62:00.2 Encryption controller [1080]: Advanced Micro Devices, Inc. [AMD] =
Family 17h (Models 00h-0fh) Platform Security Processor [1022:1456]
63:00.0 Non-Essential Instrumentation [1300]: Advanced Micro Devices, Inc=
=2E [AMD] Device [1022:1455]
63:00.1 Encryption controller [1080]: Advanced Micro Devices, Inc. [AMD] =
Device [1022:1468]
80:00.0 Host bridge [0600]: Advanced Micro Devices, Inc. [AMD] Family 17h=
 (Models 00h-0fh) Root Complex [1022:1450]
80:00.2 IOMMU [0806]: Advanced Micro Devices, Inc. [AMD] Family 17h (Mode=
ls 00h-0fh) I/O Memory Management Unit [1022:1451]
80:01.0 Host bridge [0600]: Advanced Micro Devices, Inc. [AMD] Family 17h=
 (Models 00h-0fh) PCIe Dummy Host Bridge [1022:1452]
80:02.0 Host bridge [0600]: Advanced Micro Devices, Inc. [AMD] Family 17h=
 (Models 00h-0fh) PCIe Dummy Host Bridge [1022:1452]
80:03.0 Host bridge [0600]: Advanced Micro Devices, Inc. [AMD] Family 17h=
 (Models 00h-0fh) PCIe Dummy Host Bridge [1022:1452]
80:04.0 Host bridge [0600]: Advanced Micro Devices, Inc. [AMD] Family 17h=
 (Models 00h-0fh) PCIe Dummy Host Bridge [1022:1452]
80:07.0 Host bridge [0600]: Advanced Micro Devices, Inc. [AMD] Family 17h=
 (Models 00h-0fh) PCIe Dummy Host Bridge [1022:1452]
80:07.1 PCI bridge [0604]: Advanced Micro Devices, Inc. [AMD] Family 17h =
(Models 00h-0fh) Internal PCIe GPP Bridge 0 to Bus B [1022:1454]
80:08.0 Host bridge [0600]: Advanced Micro Devices, Inc. [AMD] Family 17h=
 (Models 00h-0fh) PCIe Dummy Host Bridge [1022:1452]
80:08.1 PCI bridge [0604]: Advanced Micro Devices, Inc. [AMD] Family 17h =
(Models 00h-0fh) Internal PCIe GPP Bridge 0 to Bus B [1022:1454]
81:00.0 Non-Essential Instrumentation [1300]: Advanced Micro Devices, Inc=
=2E [AMD] Device [1022:145a]
81:00.2 Encryption controller [1080]: Advanced Micro Devices, Inc. [AMD] =
Family 17h (Models 00h-0fh) Platform Security Processor [1022:1456]
82:00.0 Non-Essential Instrumentation [1300]: Advanced Micro Devices, Inc=
=2E [AMD] Device [1022:1455]
82:00.1 Encryption controller [1080]: Advanced Micro Devices, Inc. [AMD] =
Device [1022:1468]
a0:00.0 Host bridge [0600]: Advanced Micro Devices, Inc. [AMD] Family 17h=
 (Models 00h-0fh) Root Complex [1022:1450]
a0:00.2 IOMMU [0806]: Advanced Micro Devices, Inc. [AMD] Family 17h (Mode=
ls 00h-0fh) I/O Memory Management Unit [1022:1451]
a0:01.0 Host bridge [0600]: Advanced Micro Devices, Inc. [AMD] Family 17h=
 (Models 00h-0fh) PCIe Dummy Host Bridge [1022:1452]
a0:02.0 Host bridge [0600]: Advanced Micro Devices, Inc. [AMD] Family 17h=
 (Models 00h-0fh) PCIe Dummy Host Bridge [1022:1452]
a0:03.0 Host bridge [0600]: Advanced Micro Devices, Inc. [AMD] Family 17h=
 (Models 00h-0fh) PCIe Dummy Host Bridge [1022:1452]
a0:04.0 Host bridge [0600]: Advanced Micro Devices, Inc. [AMD] Family 17h=
 (Models 00h-0fh) PCIe Dummy Host Bridge [1022:1452]
a0:07.0 Host bridge [0600]: Advanced Micro Devices, Inc. [AMD] Family 17h=
 (Models 00h-0fh) PCIe Dummy Host Bridge [1022:1452]
a0:07.1 PCI bridge [0604]: Advanced Micro Devices, Inc. [AMD] Family 17h =
(Models 00h-0fh) Internal PCIe GPP Bridge 0 to Bus B [1022:1454]
a0:08.0 Host bridge [0600]: Advanced Micro Devices, Inc. [AMD] Family 17h=
 (Models 00h-0fh) PCIe Dummy Host Bridge [1022:1452]
a0:08.1 PCI bridge [0604]: Advanced Micro Devices, Inc. [AMD] Family 17h =
(Models 00h-0fh) Internal PCIe GPP Bridge 0 to Bus B [1022:1454]
a1:00.0 Non-Essential Instrumentation [1300]: Advanced Micro Devices, Inc=
=2E [AMD] Device [1022:145a]
a1:00.2 Encryption controller [1080]: Advanced Micro Devices, Inc. [AMD] =
Family 17h (Models 00h-0fh) Platform Security Processor [1022:1456]
a2:00.0 Non-Essential Instrumentation [1300]: Advanced Micro Devices, Inc=
=2E [AMD] Device [1022:1455]
a2:00.1 Encryption controller [1080]: Advanced Micro Devices, Inc. [AMD] =
Device [1022:1468]
c0:00.0 Host bridge [0600]: Advanced Micro Devices, Inc. [AMD] Family 17h=
 (Models 00h-0fh) Root Complex [1022:1450]
c0:00.2 IOMMU [0806]: Advanced Micro Devices, Inc. [AMD] Family 17h (Mode=
ls 00h-0fh) I/O Memory Management Unit [1022:1451]
c0:01.0 Host bridge [0600]: Advanced Micro Devices, Inc. [AMD] Family 17h=
 (Models 00h-0fh) PCIe Dummy Host Bridge [1022:1452]
c0:02.0 Host bridge [0600]: Advanced Micro Devices, Inc. [AMD] Family 17h=
 (Models 00h-0fh) PCIe Dummy Host Bridge [1022:1452]
c0:03.0 Host bridge [0600]: Advanced Micro Devices, Inc. [AMD] Family 17h=
 (Models 00h-0fh) PCIe Dummy Host Bridge [1022:1452]
c0:04.0 Host bridge [0600]: Advanced Micro Devices, Inc. [AMD] Family 17h=
 (Models 00h-0fh) PCIe Dummy Host Bridge [1022:1452]
c0:07.0 Host bridge [0600]: Advanced Micro Devices, Inc. [AMD] Family 17h=
 (Models 00h-0fh) PCIe Dummy Host Bridge [1022:1452]
c0:07.1 PCI bridge [0604]: Advanced Micro Devices, Inc. [AMD] Family 17h =
(Models 00h-0fh) Internal PCIe GPP Bridge 0 to Bus B [1022:1454]
c0:08.0 Host bridge [0600]: Advanced Micro Devices, Inc. [AMD] Family 17h=
 (Models 00h-0fh) PCIe Dummy Host Bridge [1022:1452]
c0:08.1 PCI bridge [0604]: Advanced Micro Devices, Inc. [AMD] Family 17h =
(Models 00h-0fh) Internal PCIe GPP Bridge 0 to Bus B [1022:1454]
c1:00.0 Non-Essential Instrumentation [1300]: Advanced Micro Devices, Inc=
=2E [AMD] Device [1022:145a]
c1:00.2 Encryption controller [1080]: Advanced Micro Devices, Inc. [AMD] =
Family 17h (Models 00h-0fh) Platform Security Processor [1022:1456]
c2:00.0 Non-Essential Instrumentation [1300]: Advanced Micro Devices, Inc=
=2E [AMD] Device [1022:1455]
c2:00.1 Encryption controller [1080]: Advanced Micro Devices, Inc. [AMD] =
Device [1022:1468]
e0:00.0 Host bridge [0600]: Advanced Micro Devices, Inc. [AMD] Family 17h=
 (Models 00h-0fh) Root Complex [1022:1450]
e0:00.2 IOMMU [0806]: Advanced Micro Devices, Inc. [AMD] Family 17h (Mode=
ls 00h-0fh) I/O Memory Management Unit [1022:1451]
e0:01.0 Host bridge [0600]: Advanced Micro Devices, Inc. [AMD] Family 17h=
 (Models 00h-0fh) PCIe Dummy Host Bridge [1022:1452]
e0:02.0 Host bridge [0600]: Advanced Micro Devices, Inc. [AMD] Family 17h=
 (Models 00h-0fh) PCIe Dummy Host Bridge [1022:1452]
e0:03.0 Host bridge [0600]: Advanced Micro Devices, Inc. [AMD] Family 17h=
 (Models 00h-0fh) PCIe Dummy Host Bridge [1022:1452]
e0:04.0 Host bridge [0600]: Advanced Micro Devices, Inc. [AMD] Family 17h=
 (Models 00h-0fh) PCIe Dummy Host Bridge [1022:1452]
e0:07.0 Host bridge [0600]: Advanced Micro Devices, Inc. [AMD] Family 17h=
 (Models 00h-0fh) PCIe Dummy Host Bridge [1022:1452]
e0:07.1 PCI bridge [0604]: Advanced Micro Devices, Inc. [AMD] Family 17h =
(Models 00h-0fh) Internal PCIe GPP Bridge 0 to Bus B [1022:1454]
e0:08.0 Host bridge [0600]: Advanced Micro Devices, Inc. [AMD] Family 17h=
 (Models 00h-0fh) PCIe Dummy Host Bridge [1022:1452]
e0:08.1 PCI bridge [0604]: Advanced Micro Devices, Inc. [AMD] Family 17h =
(Models 00h-0fh) Internal PCIe GPP Bridge 0 to Bus B [1022:1454]
e1:00.0 Non-Essential Instrumentation [1300]: Advanced Micro Devices, Inc=
=2E [AMD] Device [1022:145a]
e1:00.2 Encryption controller [1080]: Advanced Micro Devices, Inc. [AMD] =
Family 17h (Models 00h-0fh) Platform Security Processor [1022:1456]
e2:00.0 Non-Essential Instrumentation [1300]: Advanced Micro Devices, Inc=
=2E [AMD] Device [1022:1455]
e2:00.1 Encryption controller [1080]: Advanced Micro Devices, Inc. [AMD] =
Device [1022:1468]
```

--------------ECD0E31B99966CE0B8D4CC98
Content-Type: text/x-log;
 name="ttyS0.log"
Content-Transfer-Encoding: quoted-printable
Content-Disposition: attachment;
 filename="ttyS0.log"

Linux version 4.19.57.mx64.282 (root@theinternet.molgen.mpg.de) (gcc vers=
ion 7.3.0 (GCC)) #1 SMP Thu Aug 1 13:01:42 CEST 2019
[    0.000000] Command line: BOOT_IMAGE=3D/boot/bzImage-4.19.57.mx64.282 =
crashkernel=3D256M root=3DLABEL=3Droot ro console=3DttyS1,115200n8 consol=
e=3Dtty0 init=3D/bin/systemd audit=3D0
[    0.000000] x86/fpu: Supporting XSAVE feature 0x001: 'x87 floating poi=
nt registers'
[    0.000000] x86/fpu: Supporting XSAVE feature 0x002: 'SSE registers'
[    0.000000] x86/fpu: Supporting XSAVE feature 0x004: 'AVX registers'
[    0.000000] x86/fpu: xstate_offset[2]:  576, xstate_sizes[2]:  256
[    0.000000] x86/fpu: Enabled xstate features 0x7, context size is 832 =
bytes, using 'compacted' format.
[    0.000000] BIOS-provided physical RAM map:
[    0.000000] BIOS-e820: [mem 0x0000000000000000-0x000000000008efff] usa=
ble
[    0.000000] BIOS-e820: [mem 0x000000000008f000-0x000000000008ffff] ACP=
I NVS
[    0.000000] BIOS-e820: [mem 0x0000000000090000-0x000000000009ffff] usa=
ble
[    0.000000] BIOS-e820: [mem 0x0000000000100000-0x000000006cacefff] usa=
ble
[    0.000000] BIOS-e820: [mem 0x000000006cacf000-0x000000006cbcefff] res=
erved
[    0.000000] BIOS-e820: [mem 0x000000006cbcf000-0x000000006cdcefff] typ=
e 20
[    0.000000] BIOS-e820: [mem 0x000000006cdcf000-0x000000006efcefff] res=
erved
[    0.000000] BIOS-e820: [mem 0x000000006efcf000-0x000000006fdfefff] ACP=
I NVS
[    0.000000] BIOS-e820: [mem 0x000000006fdff000-0x000000006fffefff] ACP=
I data
[    0.000000] BIOS-e820: [mem 0x000000006ffff000-0x000000006fffffff] usa=
ble
[    0.000000] BIOS-e820: [mem 0x0000000070000000-0x000000008fffffff] res=
erved
[    0.000000] BIOS-e820: [mem 0x00000000fec10000-0x00000000fec10fff] res=
erved
[    0.000000] BIOS-e820: [mem 0x00000000fed80000-0x00000000fed80fff] res=
erved
[    0.000000] BIOS-e820: [mem 0x0000000100000000-0x000000207f37ffff] usa=
ble
[    0.000000] BIOS-e820: [mem 0x000000207f380000-0x000000207fffffff] res=
erved
[    0.000000] BIOS-e820: [mem 0x0000002080000000-0x000000407ff7ffff] usa=
ble
[    0.000000] BIOS-e820: [mem 0x000000407ff80000-0x000000407fffffff] res=
erved
[    0.000000] BIOS-e820: [mem 0x0000004080000000-0x000000607ff7ffff] usa=
ble
[    0.000000] BIOS-e820: [mem 0x000000607ff80000-0x000000607fffffff] res=
erved
[    0.000000] BIOS-e820: [mem 0x0000006080000000-0x000000807ff7ffff] usa=
ble
[    0.000000] BIOS-e820: [mem 0x000000807ff80000-0x000000807fffffff] res=
erved
[    0.000000] BIOS-e820: [mem 0x0000008080000000-0x000000a07ff7ffff] usa=
ble
[    0.000000] BIOS-e820: [mem 0x000000a07ff80000-0x000000a07fffffff] res=
erved
[    0.000000] BIOS-e820: [mem 0x000000a080000000-0x000000c07ff7ffff] usa=
ble
[    0.000000] BIOS-e820: [mem 0x000000c07ff80000-0x000000c07fffffff] res=
erved
[    0.000000] BIOS-e820: [mem 0x000000c080000000-0x000000e07ff7ffff] usa=
ble
[    0.000000] BIOS-e820: [mem 0x000000e07ff80000-0x000000e07fffffff] res=
erved
[    0.000000] BIOS-e820: [mem 0x000000e080000000-0x000000fcffffffff] usa=
ble
[    0.000000] BIOS-e820: [mem 0x000000fd00000000-0x000000fdffffffff] res=
erved
[    0.000000] BIOS-e820: [mem 0x000000fe00000000-0x000001007ff7ffff] usa=
ble
[    0.000000] BIOS-e820: [mem 0x000001007ff80000-0x000001007fffffff] res=
erved
[    0.000000] NX (Execute Disable) protection: active
[    0.000000] efi: EFI v2.50 by Dell Inc.
[    0.000000] efi:  ACPI=3D0x6fffe000  ACPI 2.0=3D0x6fffe014  SMBIOS=3D0=
x6eab2000  SMBIOS 3.0=3D0x6eab0000=20
[    0.000000] SMBIOS 3.2.0 present.
[    0.000000] DMI: Dell Inc. PowerEdge R7425/08V001, BIOS 1.9.3 06/25/20=
19
[    0.000000] tsc: Fast TSC calibration using PIT
[    0.000000] tsc: Detected 2195.834 MHz processor
[    0.000046] last_pfn =3D 0x1007ff80 max_arch_pfn =3D 0x400000000
[    0.000724] x86/PAT: Configuration [0-7]: WB  WC  UC- UC  WB  WP  UC- =
WT =20
[    0.001011] last_pfn =3D 0x70000 max_arch_pfn =3D 0x400000000
[    0.006203] Using GB pages for direct mapping
[    0.007074] Secure boot could not be determined
[    0.007076] RAMDISK: [mem 0x375e7000-0x37aeafff]
[    0.007083] ACPI: Early table checksum verification disabled
[    0.007088] ACPI: RSDP 0x000000006FFFE014 000024 (v02 DELL  )
[    0.007092] ACPI: XSDT 0x000000006FFFD0E8 0000AC (v01 DELL   PE_SC3   =
00000002 DELL 00000001)
[    0.007099] ACPI: FACP 0x000000006FFEB000 000114 (v06 DELL   PE_SC3   =
00000002 DELL 00000001)
[    0.007105] ACPI: DSDT 0x000000006FFDA000 00D6D3 (v02 DELL   PE_SC3   =
00000002 DELL 00000001)
[    0.007109] ACPI: FACS 0x000000006FDC8000 000040
[    0.007112] ACPI: SSDT 0x000000006FFFC000 0000D2 (v02 DELL   PE_SC3   =
00000002 MSFT 04000000)
[    0.007115] ACPI: BERT 0x000000006FFFB000 000030 (v01 DELL   BERT     =
00000001 DELL 00000001)
[    0.007118] ACPI: HEST 0x000000006FFFA000 0006DC (v01 DELL   HEST     =
00000001 DELL 00000001)
[    0.007121] ACPI: SSDT 0x000000006FFF9000 0006A4 (v01 DELL   PE_SC3   =
00000001 AMD  00000001)
[    0.007124] ACPI: SRAT 0x000000006FFF8000 0009C0 (v03 DELL   PE_SC3   =
00000001 AMD  00000001)
[    0.007127] ACPI: MSCT 0x000000006FFF7000 00004E (v01 DELL   PE_SC3   =
00000000 AMD  00000001)
[    0.007130] ACPI: SLIT 0x000000006FFF6000 00006C (v01 DELL   PE_SC3   =
00000001 AMD  00000001)
[    0.007133] ACPI: CRAT 0x000000006FFEE000 007700 (v01 DELL   PE_SC3   =
00000001 AMD  00000001)
[    0.007136] ACPI: EINJ 0x000000006FFED000 000150 (v01 DELL   PE_SC3   =
00000001 AMD  00000001)
[    0.007138] ACPI: SLIC 0x000000006FFEC000 000024 (v01 DELL   PE_SC3   =
00000002 DELL 00000001)
[    0.007142] ACPI: HPET 0x000000006FFEA000 000038 (v01 DELL   PE_SC3   =
00000002 DELL 00000001)
[    0.007144] ACPI: APIC 0x000000006FFE9000 0004B2 (v03 DELL   PE_SC3   =
00000002 DELL 00000001)
[    0.007147] ACPI: MCFG 0x000000006FFE8000 00003C (v01 DELL   PE_SC3   =
00000002 DELL 00000001)
[    0.007150] ACPI: SSDT 0x000000006FFD9000 0005CA (v02 DELL   xhc_port =
00000001 INTL 20170119)
[    0.007153] ACPI: IVRS 0x000000006FFD8000 000370 (v02 DELL   PE_SC3   =
00000001 AMD  00000000)
[    0.007156] ACPI: SSDT 0x000000006FFD6000 001658 (v01 AMD    CPMCMN   =
00000001 INTL 20170119)
[    0.007209] SRAT: PXM 0 -> APIC 0x00 -> Node 0
[    0.007210] SRAT: PXM 0 -> APIC 0x01 -> Node 0
[    0.007211] SRAT: PXM 0 -> APIC 0x02 -> Node 0
[    0.007212] SRAT: PXM 0 -> APIC 0x03 -> Node 0
[    0.007213] SRAT: PXM 0 -> APIC 0x04 -> Node 0
[    0.007214] SRAT: PXM 0 -> APIC 0x05 -> Node 0
[    0.007214] SRAT: PXM 0 -> APIC 0x06 -> Node 0
[    0.007215] SRAT: PXM 0 -> APIC 0x07 -> Node 0
[    0.007216] SRAT: PXM 0 -> APIC 0x08 -> Node 0
[    0.007217] SRAT: PXM 0 -> APIC 0x09 -> Node 0
[    0.007218] SRAT: PXM 0 -> APIC 0x0a -> Node 0
[    0.007218] SRAT: PXM 0 -> APIC 0x0b -> Node 0
[    0.007219] SRAT: PXM 0 -> APIC 0x0c -> Node 0
[    0.007220] SRAT: PXM 0 -> APIC 0x0d -> Node 0
[    0.007221] SRAT: PXM 0 -> APIC 0x0e -> Node 0
[    0.007222] SRAT: PXM 0 -> APIC 0x0f -> Node 0
[    0.007222] SRAT: PXM 1 -> APIC 0x10 -> Node 1
[    0.007223] SRAT: PXM 1 -> APIC 0x11 -> Node 1
[    0.007224] SRAT: PXM 1 -> APIC 0x12 -> Node 1
[    0.007225] SRAT: PXM 1 -> APIC 0x13 -> Node 1
[    0.007226] SRAT: PXM 1 -> APIC 0x14 -> Node 1
[    0.007227] SRAT: PXM 1 -> APIC 0x15 -> Node 1
[    0.007227] SRAT: PXM 1 -> APIC 0x16 -> Node 1
[    0.007228] SRAT: PXM 1 -> APIC 0x17 -> Node 1
[    0.007229] SRAT: PXM 1 -> APIC 0x18 -> Node 1
[    0.007230] SRAT: PXM 1 -> APIC 0x19 -> Node 1
[    0.007230] SRAT: PXM 1 -> APIC 0x1a -> Node 1
[    0.007231] SRAT: PXM 1 -> APIC 0x1b -> Node 1
[    0.007232] SRAT: PXM 1 -> APIC 0x1c -> Node 1
[    0.007233] SRAT: PXM 1 -> APIC 0x1d -> Node 1
[    0.007234] SRAT: PXM 1 -> APIC 0x1e -> Node 1
[    0.007234] SRAT: PXM 1 -> APIC 0x1f -> Node 1
[    0.007235] SRAT: PXM 2 -> APIC 0x20 -> Node 2
[    0.007236] SRAT: PXM 2 -> APIC 0x21 -> Node 2
[    0.007237] SRAT: PXM 2 -> APIC 0x22 -> Node 2
[    0.007238] SRAT: PXM 2 -> APIC 0x23 -> Node 2
[    0.007238] SRAT: PXM 2 -> APIC 0x24 -> Node 2
[    0.007239] SRAT: PXM 2 -> APIC 0x25 -> Node 2
[    0.007240] SRAT: PXM 2 -> APIC 0x26 -> Node 2
[    0.007241] SRAT: PXM 2 -> APIC 0x27 -> Node 2
[    0.007241] SRAT: PXM 2 -> APIC 0x28 -> Node 2
[    0.007242] SRAT: PXM 2 -> APIC 0x29 -> Node 2
[    0.007243] SRAT: PXM 2 -> APIC 0x2a -> Node 2
[    0.007244] SRAT: PXM 2 -> APIC 0x2b -> Node 2
[    0.007245] SRAT: PXM 2 -> APIC 0x2c -> Node 2
[    0.007245] SRAT: PXM 2 -> APIC 0x2d -> Node 2
[    0.007246] SRAT: PXM 2 -> APIC 0x2e -> Node 2
[    0.007247] SRAT: PXM 2 -> APIC 0x2f -> Node 2
[    0.007248] SRAT: PXM 3 -> APIC 0x30 -> Node 3
[    0.007249] SRAT: PXM 3 -> APIC 0x31 -> Node 3
[    0.007249] SRAT: PXM 3 -> APIC 0x32 -> Node 3
[    0.007250] SRAT: PXM 3 -> APIC 0x33 -> Node 3
[    0.007251] SRAT: PXM 3 -> APIC 0x34 -> Node 3
[    0.007252] SRAT: PXM 3 -> APIC 0x35 -> Node 3
[    0.007252] SRAT: PXM 3 -> APIC 0x36 -> Node 3
[    0.007253] SRAT: PXM 3 -> APIC 0x37 -> Node 3
[    0.007254] SRAT: PXM 3 -> APIC 0x38 -> Node 3
[    0.007255] SRAT: PXM 3 -> APIC 0x39 -> Node 3
[    0.007256] SRAT: PXM 3 -> APIC 0x3a -> Node 3
[    0.007256] SRAT: PXM 3 -> APIC 0x3b -> Node 3
[    0.007257] SRAT: PXM 3 -> APIC 0x3c -> Node 3
[    0.007258] SRAT: PXM 3 -> APIC 0x3d -> Node 3
[    0.007259] SRAT: PXM 3 -> APIC 0x3e -> Node 3
[    0.007259] SRAT: PXM 3 -> APIC 0x3f -> Node 3
[    0.007260] SRAT: PXM 4 -> APIC 0x40 -> Node 4
[    0.007261] SRAT: PXM 4 -> APIC 0x41 -> Node 4
[    0.007262] SRAT: PXM 4 -> APIC 0x42 -> Node 4
[    0.007263] SRAT: PXM 4 -> APIC 0x43 -> Node 4
[    0.007263] SRAT: PXM 4 -> APIC 0x44 -> Node 4
[    0.007264] SRAT: PXM 4 -> APIC 0x45 -> Node 4
[    0.007265] SRAT: PXM 4 -> APIC 0x46 -> Node 4
[    0.007266] SRAT: PXM 4 -> APIC 0x47 -> Node 4
[    0.007267] SRAT: PXM 4 -> APIC 0x48 -> Node 4
[    0.007267] SRAT: PXM 4 -> APIC 0x49 -> Node 4
[    0.007268] SRAT: PXM 4 -> APIC 0x4a -> Node 4
[    0.007269] SRAT: PXM 4 -> APIC 0x4b -> Node 4
[    0.007270] SRAT: PXM 4 -> APIC 0x4c -> Node 4
[    0.007270] SRAT: PXM 4 -> APIC 0x4d -> Node 4
[    0.007271] SRAT: PXM 4 -> APIC 0x4e -> Node 4
[    0.007272] SRAT: PXM 4 -> APIC 0x4f -> Node 4
[    0.007273] SRAT: PXM 5 -> APIC 0x50 -> Node 5
[    0.007274] SRAT: PXM 5 -> APIC 0x51 -> Node 5
[    0.007274] SRAT: PXM 5 -> APIC 0x52 -> Node 5
[    0.007275] SRAT: PXM 5 -> APIC 0x53 -> Node 5
[    0.007276] SRAT: PXM 5 -> APIC 0x54 -> Node 5
[    0.007277] SRAT: PXM 5 -> APIC 0x55 -> Node 5
[    0.007278] SRAT: PXM 5 -> APIC 0x56 -> Node 5
[    0.007278] SRAT: PXM 5 -> APIC 0x57 -> Node 5
[    0.007279] SRAT: PXM 5 -> APIC 0x58 -> Node 5
[    0.007280] SRAT: PXM 5 -> APIC 0x59 -> Node 5
[    0.007281] SRAT: PXM 5 -> APIC 0x5a -> Node 5
[    0.007281] SRAT: PXM 5 -> APIC 0x5b -> Node 5
[    0.007282] SRAT: PXM 5 -> APIC 0x5c -> Node 5
[    0.007283] SRAT: PXM 5 -> APIC 0x5d -> Node 5
[    0.007284] SRAT: PXM 5 -> APIC 0x5e -> Node 5
[    0.007285] SRAT: PXM 5 -> APIC 0x5f -> Node 5
[    0.007285] SRAT: PXM 6 -> APIC 0x60 -> Node 6
[    0.007286] SRAT: PXM 6 -> APIC 0x61 -> Node 6
[    0.007287] SRAT: PXM 6 -> APIC 0x62 -> Node 6
[    0.007288] SRAT: PXM 6 -> APIC 0x63 -> Node 6
[    0.007289] SRAT: PXM 6 -> APIC 0x64 -> Node 6
[    0.007289] SRAT: PXM 6 -> APIC 0x65 -> Node 6
[    0.007290] SRAT: PXM 6 -> APIC 0x66 -> Node 6
[    0.007291] SRAT: PXM 6 -> APIC 0x67 -> Node 6
[    0.007292] SRAT: PXM 6 -> APIC 0x68 -> Node 6
[    0.007292] SRAT: PXM 6 -> APIC 0x69 -> Node 6
[    0.007293] SRAT: PXM 6 -> APIC 0x6a -> Node 6
[    0.007294] SRAT: PXM 6 -> APIC 0x6b -> Node 6
[    0.007295] SRAT: PXM 6 -> APIC 0x6c -> Node 6
[    0.007296] SRAT: PXM 6 -> APIC 0x6d -> Node 6
[    0.007296] SRAT: PXM 6 -> APIC 0x6e -> Node 6
[    0.007297] SRAT: PXM 6 -> APIC 0x6f -> Node 6
[    0.007298] SRAT: PXM 7 -> APIC 0x70 -> Node 7
[    0.007299] SRAT: PXM 7 -> APIC 0x71 -> Node 7
[    0.007300] SRAT: PXM 7 -> APIC 0x72 -> Node 7
[    0.007300] SRAT: PXM 7 -> APIC 0x73 -> Node 7
[    0.007301] SRAT: PXM 7 -> APIC 0x74 -> Node 7
[    0.007302] SRAT: PXM 7 -> APIC 0x75 -> Node 7
[    0.007303] SRAT: PXM 7 -> APIC 0x76 -> Node 7
[    0.007303] SRAT: PXM 7 -> APIC 0x77 -> Node 7
[    0.007304] SRAT: PXM 7 -> APIC 0x78 -> Node 7
[    0.007305] SRAT: PXM 7 -> APIC 0x79 -> Node 7
[    0.007306] SRAT: PXM 7 -> APIC 0x7a -> Node 7
[    0.007307] SRAT: PXM 7 -> APIC 0x7b -> Node 7
[    0.007307] SRAT: PXM 7 -> APIC 0x7c -> Node 7
[    0.007308] SRAT: PXM 7 -> APIC 0x7d -> Node 7
[    0.007309] SRAT: PXM 7 -> APIC 0x7e -> Node 7
[    0.007310] SRAT: PXM 7 -> APIC 0x7f -> Node 7
[    0.007313] ACPI: SRAT: Node 0 PXM 0 [mem 0x00000000-0x0009ffff]
[    0.007314] ACPI: SRAT: Node 0 PXM 0 [mem 0x00100000-0x7fffffff]
[    0.007315] ACPI: SRAT: Node 0 PXM 0 [mem 0x100000000-0x207fffffff]
[    0.007317] ACPI: SRAT: Node 1 PXM 1 [mem 0x2080000000-0x407fffffff]
[    0.007318] ACPI: SRAT: Node 2 PXM 2 [mem 0x4080000000-0x607fffffff]
[    0.007319] ACPI: SRAT: Node 3 PXM 3 [mem 0x6080000000-0x807fffffff]
[    0.007320] ACPI: SRAT: Node 4 PXM 4 [mem 0x8080000000-0xa07fffffff]
[    0.007321] ACPI: SRAT: Node 5 PXM 5 [mem 0xa080000000-0xc07fffffff]
[    0.007322] ACPI: SRAT: Node 6 PXM 6 [mem 0xc080000000-0xe07fffffff]
[    0.007323] ACPI: SRAT: Node 7 PXM 7 [mem 0xe080000000-0x1007fffffff]
[    0.007331] NUMA: Node 0 [mem 0x00000000-0x0009ffff] + [mem 0x00100000=
-0x7fffffff] -> [mem 0x00000000-0x7fffffff]
[    0.007332] NUMA: Node 0 [mem 0x00000000-0x7fffffff] + [mem 0x10000000=
0-0x207fffffff] -> [mem 0x00000000-0x207fffffff]
[    0.007346] NODE_DATA(0) allocated [mem 0x207f37c000-0x207f37ffff]
[    0.007350] NODE_DATA(1) allocated [mem 0x407ff7c000-0x407ff7ffff]
[    0.007355] NODE_DATA(2) allocated [mem 0x607ff7c000-0x607ff7ffff]
[    0.007359] NODE_DATA(3) allocated [mem 0x807ff7c000-0x807ff7ffff]
[    0.007364] NODE_DATA(4) allocated [mem 0xa07ff7c000-0xa07ff7ffff]
[    0.007370] NODE_DATA(5) allocated [mem 0xc07ff7c000-0xc07ff7ffff]
[    0.007376] NODE_DATA(6) allocated [mem 0xe07ff7c000-0xe07ff7ffff]
[    0.007382] NODE_DATA(7) allocated [mem 0x1007ff7b000-0x1007ff7efff]
[    0.007398] Reserving 256MB of memory at 624MB for crashkernel (System=
 RAM: 1044154MB)
[    0.008195] Zone ranges:
[    0.008197]   DMA      [mem 0x0000000000001000-0x0000000000ffffff]
[    0.008199]   DMA32    [mem 0x0000000001000000-0x00000000ffffffff]
[    0.008200]   Normal   [mem 0x0000000100000000-0x000001007ff7ffff]
[    0.008202] Movable zone start for each node
[    0.008203] Early memory node ranges
[    0.008204]   node   0: [mem 0x0000000000001000-0x000000000008efff]
[    0.008205]   node   0: [mem 0x0000000000090000-0x000000000009ffff]
[    0.008206]   node   0: [mem 0x0000000000100000-0x000000006cacefff]
[    0.008207]   node   0: [mem 0x000000006ffff000-0x000000006fffffff]
[    0.008208]   node   0: [mem 0x0000000100000000-0x000000207f37ffff]
[    0.008209]   node   1: [mem 0x0000002080000000-0x000000407ff7ffff]
[    0.008209]   node   2: [mem 0x0000004080000000-0x000000607ff7ffff]
[    0.008210]   node   3: [mem 0x0000006080000000-0x000000807ff7ffff]
[    0.008211]   node   4: [mem 0x0000008080000000-0x000000a07ff7ffff]
[    0.008212]   node   5: [mem 0x000000a080000000-0x000000c07ff7ffff]
[    0.008213]   node   6: [mem 0x000000c080000000-0x000000e07ff7ffff]
[    0.008214]   node   7: [mem 0x000000e080000000-0x000000fcffffffff]
[    0.008214]   node   7: [mem 0x000000fe00000000-0x000001007ff7ffff]
[    0.008220] Reserved but unavailable: 97 pages
[    0.008221] Initmem setup node 0 [mem 0x0000000000001000-0x000000207f3=
7ffff]
[    0.680857] Initmem setup node 1 [mem 0x0000002080000000-0x000000407ff=
7ffff]
[    1.357331] Initmem setup node 2 [mem 0x0000004080000000-0x000000607ff=
7ffff]
[    2.033602] Initmem setup node 3 [mem 0x0000006080000000-0x000000807ff=
7ffff]
[    2.709948] Initmem setup node 4 [mem 0x0000008080000000-0x000000a07ff=
7ffff]
[    3.405894] Initmem setup node 5 [mem 0x000000a080000000-0x000000c07ff=
7ffff]
[    4.101292] Initmem setup node 6 [mem 0x000000c080000000-0x000000e07ff=
7ffff]
[    4.786316] Initmem setup node 7 [mem 0x000000e080000000-0x000001007ff=
7ffff]
[    5.462442] ACPI: PM-Timer IO Port: 0x408
[    5.462469] ACPI: LAPIC_NMI (acpi_id[0xff] high edge lint[0x1])
[    5.462498] IOAPIC[0]: apic_id 128, version 33, address 0xfec00000, GS=
I 0-23
[    5.462503] IOAPIC[1]: apic_id 129, version 33, address 0xfd880000, GS=
I 24-55
[    5.462509] IOAPIC[2]: apic_id 130, version 33, address 0xea900000, GS=
I 56-87
[    5.462515] IOAPIC[3]: apic_id 131, version 33, address 0xdd900000, GS=
I 88-119
[    5.462520] IOAPIC[4]: apic_id 132, version 33, address 0xd0900000, GS=
I 120-151
[    5.462527] IOAPIC[5]: apic_id 133, version 33, address 0xc3900000, GS=
I 152-183
[    5.462534] IOAPIC[6]: apic_id 134, version 33, address 0xb6900000, GS=
I 184-215
[    5.462540] IOAPIC[7]: apic_id 135, version 33, address 0xa9900000, GS=
I 216-247
[    5.462547] IOAPIC[8]: apic_id 136, version 33, address 0x9c900000, GS=
I 248-279
[    5.462550] ACPI: INT_SRC_OVR (bus 0 bus_irq 0 global_irq 2 dfl dfl)
[    5.462553] ACPI: INT_SRC_OVR (bus 0 bus_irq 9 global_irq 9 low level)=

[    5.462558] Using ACPI (MADT) for SMP configuration information
[    5.462560] ACPI: HPET id: 0x10228201 base: 0xfed00000
[    5.462569] smpboot: Allowing 128 CPUs, 0 hotplug CPUs
[    5.462640] [mem 0x90000000-0xfec0ffff] available for PCI devices
[    5.462647] clocksource: refined-jiffies: mask: 0xffffffff max_cycles:=
 0xffffffff, max_idle_ns: 1910969940391419 ns
[    5.618760] random: get_random_bytes called from start_kernel+0x90/0x4=
ae with crng_init=3D0
[    5.618772] setup_percpu: NR_CPUS:256 nr_cpumask_bits:256 nr_cpu_ids:1=
28 nr_node_ids:8
[    5.627920] percpu: Embedded 43 pages/cpu s136536 r8192 d31400 u262144=

[    5.628106] Built 8 zonelists, mobility grouping on.  Total pages: 263=
109401
[    5.628108] Policy zone: Normal
[    5.628111] Kernel command line: BOOT_IMAGE=3D/boot/bzImage-4.19.57.mx=
64.282 crashkernel=3D256M root=3DLABEL=3Droot ro console=3DttyS1,115200n8=
 console=3Dtty0 init=3D/bin/systemd audit=3D0
[    5.628244] audit: disabled (until reboot)
[    5.628245] log_buf_len individual max cpu contribution: 4096 bytes
[    5.628246] log_buf_len total cpu_extra contributions: 520192 bytes
[    5.628247] log_buf_len min size: 131072 bytes
[    5.628482] log_buf_len: 1048576 bytes
[    5.628483] early log buf free: 108116(82%)
[    8.972056] Memory: 1051967552K/1069214136K available (14348K kernel c=
ode, 1414K rwdata, 3376K rodata, 1576K init, 1124K bss, 17246584K reserve=
d, 0K cma-reserved)
[    8.973978] ftrace: allocating 42115 entries in 165 pages
[    8.993596] rcu: Hierarchical RCU implementation.
[    8.993598] rcu: 	RCU event tracing is enabled.
[    8.993599] rcu: 	RCU restricting CPUs from NR_CPUS=3D256 to nr_cpu_id=
s=3D128.
[    8.993600] rcu: Adjusting geometry for rcu_fanout_leaf=3D16, nr_cpu_i=
ds=3D128
[    8.995692] NR_IRQS: 16640, nr_irqs: 5800, preallocated irqs: 16
[    9.001353] Console: colour dummy device 80x25
[    9.001755] console [tty0] enabled
[   10.664588] console [ttyS1] enabled
[   10.669058] ACPI: Core revision 20180810
[   10.673841] clocksource: hpet: mask: 0xffffffff max_cycles: 0xffffffff=
, max_idle_ns: 133484873504 ns
[   10.683008] APIC: Switch to symmetric I/O mode setup
[   10.687991] Switched APIC routing to physical flat.
[   10.695781] ..TIMER: vector=3D0x30 apic1=3D0 pin1=3D2 apic2=3D-1 pin2=3D=
-1
[   10.706028] clocksource: tsc-early: mask: 0xffffffffffffffff max_cycle=
s: 0x1fa6d33d5b6, max_idle_ns: 440795244173 ns
[   10.716549] Calibrating delay loop (skipped), value calculated using t=
imer frequency.. 4391.66 BogoMIPS (lpj=3D2195834)
[   10.717549] pid_max: default: 131072 minimum: 1024
[   10.795449] Dentry cache hash table entries: 33554432 (order: 16, 2684=
35456 bytes)
[   10.832165] Inode-cache hash table entries: 16777216 (order: 15, 13421=
7728 bytes)
[   10.833907] Mount-cache hash table entries: 524288 (order: 10, 4194304=
 bytes)
[   10.836081] Mountpoint-cache hash table entries: 524288 (order: 10, 41=
94304 bytes)
[   10.837976] LVT offset 2 assigned for vector 0xf4
[   10.838559] Last level iTLB entries: 4KB 1024, 2MB 1024, 4MB 512
[   10.839548] Last level dTLB entries: 4KB 1536, 2MB 1536, 4MB 768, 1GB =
0
[   10.840550] Spectre V2 : Mitigation: Full AMD retpoline
[   10.841549] Spectre V2 : Spectre v2 / SpectreRSB mitigation: Filling R=
SB on context switch
[   10.842549] Spectre V2 : mitigation: Enabling conditional Indirect Bra=
nch Prediction Barrier
[   10.843548] Spectre V2 : User space: Vulnerable
[   10.844549] Speculative Store Bypass: Mitigation: Speculative Store By=
pass disabled via prctl and seccomp
[   10.858473] Freeing SMP alternatives memory: 44K
[   10.862547] random: fast init done
[   10.862547] APIC calibration not consistent with PM-Timer: 101ms inste=
ad of 100ms
[   10.862547] APIC delta adjusted to PM-Timer: 623827 (636297)
[   10.862583] smpboot: CPU0: AMD EPYC 7601 32-Core Processor (family: 0x=
17, model: 0x1, stepping: 0x2)
[   10.863790] Performance Events: Fam17h core perfctr, AMD PMU driver.
[   10.864551] ... version:                0
[   10.865548] ... bit width:              48
[   10.866548] ... generic registers:      6
[   10.867548] ... value mask:             0000ffffffffffff
[   10.868548] ... max period:             00007fffffffffff
[   10.869548] ... fixed-purpose events:   0
[   10.870548] ... event mask:             000000000000003f
[   10.872659] rcu: Hierarchical SRCU implementation.
[   10.874646] MCE: In-kernel MCE decoding enabled.
[   10.877585] smp: Bringing up secondary CPUs ...
[   10.878805] x86: Booting SMP configuration:
[   10.879549] .... node  #4, CPUs:          #1
[    1.709859] do_IRQ: 1.55 No irq handler for vector
[   10.901165] .... node  #1, CPUs:     #2
[   10.903550] .... node  #5, CPUs:     #3
[   10.905551] .... node  #2, CPUs:     #4
[   10.908550] .... node  #6, CPUs:     #5
[   10.910551] .... node  #3, CPUs:     #6
[   10.913551] .... node  #7, CPUs:     #7
[   10.915552] .... node  #0, CPUs:     #8
[   10.918551] .... node  #4, CPUs:     #9
[   10.920551] .... node  #1, CPUs:    #10
[   10.923550] .... node  #5, CPUs:    #11
[   10.926552] .... node  #2, CPUs:    #12
[   10.929550] .... node  #6, CPUs:    #13
[   10.932551] .... node  #3, CPUs:    #14
[   10.934551] .... node  #7, CPUs:    #15
[   10.937551] .... node  #0, CPUs:    #16
[   10.940549] .... node  #4, CPUs:    #17
[   10.942551] .... node  #1, CPUs:    #18
[   10.945550] .... node  #5, CPUs:    #19
[   10.948552] .... node  #2, CPUs:    #20
[   10.950551] .... node  #6, CPUs:    #21
[   10.953551] .... node  #3, CPUs:    #22
[   10.955552] .... node  #7, CPUs:    #23
[   10.958552] .... node  #0, CPUs:    #24
[   10.961551] .... node  #4, CPUs:    #25
[   10.963551] .... node  #1, CPUs:    #26
[   10.966550] .... node  #5, CPUs:    #27
[   10.968552] .... node  #2, CPUs:    #28
[   10.971551] .... node  #6, CPUs:    #29
[   10.973551] .... node  #3, CPUs:    #30
[   10.976550] .... node  #7, CPUs:    #31
[   10.979551] .... node  #0, CPUs:    #32
[   10.982549] .... node  #4, CPUs:    #33
[   10.985551] .... node  #1, CPUs:    #34
[   10.988550] .... node  #5, CPUs:    #35
[   10.991551] .... node  #2, CPUs:    #36
[   10.993551] .... node  #6, CPUs:    #37
[   10.996551] .... node  #3, CPUs:    #38
[   10.998552] .... node  #7, CPUs:    #39
[   11.001551] .... node  #0, CPUs:    #40
[   11.003551] .... node  #4, CPUs:    #41
[   11.006551] .... node  #1, CPUs:    #42
[   11.008551] .... node  #5, CPUs:    #43
[   11.011551] .... node  #2, CPUs:    #44
[   11.013551] .... node  #6, CPUs:    #45
[   11.016551] .... node  #3, CPUs:    #46
[   11.018552] .... node  #7, CPUs:    #47
[   11.021551] .... node  #0, CPUs:    #48
[   11.023551] .... node  #4, CPUs:    #49
[   11.026551] .... node  #1, CPUs:    #50
[   11.029550] .... node  #5, CPUs:    #51
[   11.032552] .... node  #2, CPUs:    #52
[   11.035551] .... node  #6, CPUs:    #53
[   11.038551] .... node  #3, CPUs:    #54
[   11.041550] .... node  #7, CPUs:    #55
[   11.043551] .... node  #0, CPUs:    #56
[   11.046550] .... node  #4, CPUs:    #57
[   11.048552] .... node  #1, CPUs:    #58
[   11.051550] .... node  #5, CPUs:    #59
[   11.053552] .... node  #2, CPUs:    #60
[   11.056551] .... node  #6, CPUs:    #61
[   11.059550] .... node  #3, CPUs:    #62
[   11.062552] .... node  #7, CPUs:    #63
[   11.065551] .... node  #0, CPUs:    #64
[   11.067552] .... node  #4, CPUs:    #65
[   11.070550] .... node  #1, CPUs:    #66
[   11.072551] .... node  #5, CPUs:    #67
[   11.075550] .... node  #2, CPUs:    #68
[   11.077551] .... node  #6, CPUs:    #69
[   11.080550] .... node  #3, CPUs:    #70
[   11.082551] .... node  #7, CPUs:    #71
[   11.085551] .... node  #0, CPUs:    #72
[   11.087551] .... node  #4, CPUs:    #73
[   11.090551] .... node  #1, CPUs:    #74
[   11.092551] .... node  #5, CPUs:    #75
[   11.095551] .... node  #2, CPUs:    #76
[   11.097551] .... node  #6, CPUs:    #77
[   11.100550] .... node  #3, CPUs:    #78
[   11.102551] .... node  #7, CPUs:    #79
[   11.105551] .... node  #0, CPUs:    #80
[   11.107551] .... node  #4, CPUs:    #81
[   11.110550] .... node  #1, CPUs:    #82
[   11.113550] .... node  #5, CPUs:    #83
[   11.115551] .... node  #2, CPUs:    #84
[   11.118550] .... node  #6, CPUs:    #85
[   11.121551] .... node  #3, CPUs:    #86
[   11.124550] .... node  #7, CPUs:    #87
[   11.127550] .... node  #0, CPUs:    #88
[   11.130549] .... node  #4, CPUs:    #89
[   11.132550] .... node  #1, CPUs:    #90
[   11.135550] .... node  #5, CPUs:    #91
[   11.137551] .... node  #2, CPUs:    #92
[   11.140550] .... node  #6, CPUs:    #93
[   11.142551] .... node  #3, CPUs:    #94
[   11.145550] .... node  #7, CPUs:    #95
[   11.147551] .... node  #0, CPUs:    #96
[   11.150550] .... node  #4, CPUs:    #97
[   11.153551] .... node  #1, CPUs:    #98
[   11.155551] .... node  #5, CPUs:    #99
[   11.158550] .... node  #2, CPUs:   #100
[   11.161550] .... node  #6, CPUs:   #101
[   11.164551] .... node  #3, CPUs:   #102
[   11.167550] .... node  #7, CPUs:   #103
[   11.169551] .... node  #0, CPUs:   #104
[   11.172550] .... node  #4, CPUs:   #105
[   11.174552] .... node  #1, CPUs:   #106
[   11.177550] .... node  #5, CPUs:   #107
[   11.180551] .... node  #2, CPUs:   #108
[   11.183550] .... node  #6, CPUs:   #109
[   11.186551] .... node  #3, CPUs:   #110
[   11.188551] .... node  #7, CPUs:   #111
[   11.191551] .... node  #0, CPUs:   #112
[   11.194550] .... node  #4, CPUs:   #113
[   11.196550] .... node  #1, CPUs:   #114
[   11.199551] .... node  #5, CPUs:   #115
[   11.202551] .... node  #2, CPUs:   #116
[   11.205550] .... node  #6, CPUs:   #117
[   11.208551] .... node  #3, CPUs:   #118
[   11.210550] .... node  #7, CPUs:   #119
[   11.213551] .... node  #0, CPUs:   #120
[   11.216549] .... node  #4, CPUs:   #121
[   11.218550] .... node  #1, CPUs:   #122
[   11.221550] .... node  #5, CPUs:   #123
[   11.224551] .... node  #2, CPUs:   #124
[   11.227550] .... node  #6, CPUs:   #125
[   11.230551] .... node  #3, CPUs:   #126
[   11.232551] .... node  #7, CPUs:   #127
[   11.235016] smp: Brought up 8 nodes, 128 CPUs
[   11.236550] smpboot: Max logical packages: 2
[   11.237569] smpboot: Total of 128 processors activated (561036.54 Bogo=
MIPS)
[   11.293879] devtmpfs: initialized
[   11.295629] PM: Registering ACPI NVS region [mem 0x0008f000-0x0008ffff=
] (4096 bytes)
[   11.296550] PM: Registering ACPI NVS region [mem 0x6efcf000-0x6fdfefff=
] (14876672 bytes)
[   11.299395] clocksource: jiffies: mask: 0xffffffff max_cycles: 0xfffff=
fff, max_idle_ns: 1911260446275000 ns
[   11.299668] futex hash table entries: 32768 (order: 9, 2097152 bytes)
[   11.302077] xor: automatically using best checksumming function   avx =
     =20
[   11.305037] NET: Registered protocol family 16
[   11.307467] cpuidle: using governor ladder
[   11.313156] ACPI FADT declares the system doesn't support PCIe ASPM, s=
o disable it
[   11.320551] ACPI: bus type PCI registered
[   11.324597] PCI: MMCONFIG for domain 0000 [bus 00-ff] at [mem 0x800000=
00-0x8fffffff] (base 0x80000000)
[   11.334354] PCI: MMCONFIG at [mem 0x80000000-0x8fffffff] reserved in E=
820
[   11.340565] PCI: Using configuration type 1 for base access
[   11.346566] PCI: Dell System detected, enabling pci=3Dbfsort.
[   11.360763] HugeTLB registered 2.00 MiB page size, pre-allocated 0 pag=
es
[   11.385997] raid6: sse2x1   gen()  6156 MB/s
[   11.406997] raid6: sse2x1   xor()  5921 MB/s
[   11.428000] raid6: sse2x2   gen() 13000 MB/s
[   11.448997] raid6: sse2x2   xor()  8162 MB/s
[   11.469997] raid6: sse2x4   gen() 13062 MB/s
[   11.490999] raid6: sse2x4   xor()  6451 MB/s
[   11.511998] raid6: avx2x1   gen() 15128 MB/s
[   11.532998] raid6: avx2x1   xor() 10982 MB/s
[   11.553997] raid6: avx2x2   gen() 19648 MB/s
[   11.574999] raid6: avx2x2   xor() 11886 MB/s
[   11.595999] raid6: avx2x4   gen() 19949 MB/s
[   11.616998] raid6: avx2x4   xor()  8347 MB/s
[   11.621549] raid6: using algorithm avx2x4 gen() 19949 MB/s
[   11.626551] raid6: .... xor() 8347 MB/s, rmw enabled
[   11.631550] raid6: using avx2x2 recovery algorithm
[   11.637549] ACPI: Added _OSI(Module Device)
[   11.641550] ACPI: Added _OSI(Processor Device)
[   11.645548] ACPI: Added _OSI(3.0 _SCP Extensions)
[   11.650549] ACPI: Added _OSI(Processor Aggregator Device)
[   11.655549] ACPI: Added _OSI(Linux-Dell-Video)
[   11.660549] ACPI: Added _OSI(Linux-Lenovo-NV-HDMI-Audio)
[   11.674102] ACPI: 5 ACPI AML tables successfully acquired and loaded
[   11.685625] ACPI: Interpreter enabled
[   11.689561] ACPI: (supports S0 S5)
[   11.692550] ACPI: Using IOAPIC for interrupt routing
[   11.697838] PCI: Using host bridge windows from ACPI; if necessary, us=
e "pci=3Dnocrs" and report a bug
[   11.707885] ACPI: Enabled 2 GPEs in block 00 to 1F
[   11.726055] ACPI: PCI Interrupt Link [LNKA] (IRQs 4 5 7 10 11 14 15) *=
0
[   11.732595] ACPI: PCI Interrupt Link [LNKB] (IRQs 4 5 7 10 11 14 15) *=
0
[   11.739599] ACPI: PCI Interrupt Link [LNKC] (IRQs 4 5 7 10 11 14 15) *=
0
[   11.746596] ACPI: PCI Interrupt Link [LNKD] (IRQs 4 5 7 10 11 14 15) *=
0
[   11.752598] ACPI: PCI Interrupt Link [LNKE] (IRQs 4 5 7 10 11 14 15) *=
0
[   11.759597] ACPI: PCI Interrupt Link [LNKF] (IRQs 4 5 7 10 11 14 15) *=
0
[   11.766596] ACPI: PCI Interrupt Link [LNKG] (IRQs 4 5 7 10 11 14 15) *=
0
[   11.772596] ACPI: PCI Interrupt Link [LNKH] (IRQs 4 5 7 10 11 14 15) *=
0
[   11.779567] ACPI: PCI Root Bridge [PC00] (domain 0000 [bus 00-1f])
[   11.785553] acpi PNP0A08:00: _OSC: OS supports [ExtendedConfig ASPM Cl=
ockPM Segments MSI]
[   11.793673] acpi PNP0A08:00: _OSC: platform does not support [AER LTR]=

[   11.800659] acpi PNP0A08:00: _OSC: OS now controls [PME PCIeCapability=
]
[   11.807549] acpi PNP0A08:00: FADT indicates ASPM is unsupported, using=
 BIOS configuration
[   11.815739] PCI host bridge to bus 0000:00
[   11.819551] pci_bus 0000:00: root bus resource [io  0x0000-0x03af wind=
ow]
[   11.826549] pci_bus 0000:00: root bus resource [io  0x03e0-0x0cf7 wind=
ow]
[   11.833549] pci_bus 0000:00: root bus resource [io  0x03b0-0x03df wind=
ow]
[   11.840549] pci_bus 0000:00: root bus resource [mem 0x000a0000-0x000bf=
fff window]
[   11.847549] pci_bus 0000:00: root bus resource [mem 0x000c0000-0x000c3=
fff window]
[   11.855549] pci_bus 0000:00: root bus resource [mem 0x000c4000-0x000c7=
fff window]
[   11.862549] pci_bus 0000:00: root bus resource [mem 0x000c8000-0x000cb=
fff window]
[   11.870549] pci_bus 0000:00: root bus resource [mem 0x000cc000-0x000cf=
fff window]
[   11.877549] pci_bus 0000:00: root bus resource [mem 0x000d0000-0x000d3=
fff window]
[   11.885551] pci_bus 0000:00: root bus resource [mem 0x000d4000-0x000d7=
fff window]
[   11.892550] pci_bus 0000:00: root bus resource [mem 0x000d8000-0x000db=
fff window]
[   11.900549] pci_bus 0000:00: root bus resource [mem 0x000dc000-0x000df=
fff window]
[   11.907549] pci_bus 0000:00: root bus resource [mem 0x000e0000-0x000e3=
fff window]
[   11.915550] pci_bus 0000:00: root bus resource [mem 0x000e4000-0x000e7=
fff window]
[   11.922549] pci_bus 0000:00: root bus resource [mem 0x000e8000-0x000eb=
fff window]
[   11.929549] pci_bus 0000:00: root bus resource [mem 0x000ec000-0x000ef=
fff window]
[   11.937549] pci_bus 0000:00: root bus resource [mem 0x000f0000-0x000ff=
fff window]
[   11.944550] pci_bus 0000:00: root bus resource [io  0x0d00-0x1fff wind=
ow]
[   11.951549] pci_bus 0000:00: root bus resource [mem 0xeb000000-0xfebff=
fff window]
[   11.959549] pci_bus 0000:00: root bus resource [mem 0x10080000000-0x1e=
00fffffff window]
[   11.967549] pci_bus 0000:00: root bus resource [bus 00-1f]
[   11.975551] pci 0000:00:07.1: enabling Extended Tags
[   11.981552] pci 0000:00:08.1: enabling Extended Tags
[   11.991742] pci 0000:01:00.0: VF(n) BAR0 space: [mem 0x00000000-0x000f=
ffff 64bit pref] (contains BAR0 for 64 VFs)
[   12.002566] pci 0000:01:00.0: VF(n) BAR3 space: [mem 0x00000000-0x000f=
ffff 64bit pref] (contains BAR3 for 64 VFs)
[   12.012969] pci 0000:01:00.1: VF(n) BAR0 space: [mem 0x00000000-0x000f=
ffff 64bit pref] (contains BAR0 for 64 VFs)
[   12.023566] pci 0000:01:00.1: VF(n) BAR3 space: [mem 0x00000000-0x000f=
ffff 64bit pref] (contains BAR3 for 64 VFs)
[   12.033815] pci 0000:00:01.1: PCI bridge to [bus 01]
[   12.042564] pci 0000:00:01.3: PCI bridge to [bus 02-03]
[   12.047586] pci_bus 0000:03: extended config space not accessible
[   12.053734] pci 0000:02:00.0: PCI bridge to [bus 03]
[   12.059843] pci 0000:04:00.0: 8.000 Gb/s available PCIe bandwidth, lim=
ited by 5 GT/s x2 link at 0000:00:01.4 (capable of 16.000 Gb/s with 5 GT/=
s x4 link)
[   12.073930] pci 0000:00:01.4: PCI bridge to [bus 04]
[   12.079631] pci 0000:05:00.0: enabling Extended Tags
[   12.084665] pci 0000:05:00.2: enabling Extended Tags
[   12.089665] pci 0000:05:00.3: enabling Extended Tags
[   12.094649] pci 0000:00:07.1: PCI bridge to [bus 05]
[   12.100632] pci 0000:06:00.0: enabling Extended Tags
[   12.105672] pci 0000:06:00.1: enabling Extended Tags
[   12.110678] pci 0000:06:00.2: enabling Extended Tags
[   12.115658] pci 0000:00:08.1: PCI bridge to [bus 06]
[   12.121005] ACPI: PCI Root Bridge [PC01] (domain 0000 [bus 20-3f])
[   12.127551] acpi PNP0A08:01: _OSC: OS supports [ExtendedConfig ASPM Cl=
ockPM Segments MSI]
[   12.135668] acpi PNP0A08:01: _OSC: platform does not support [AER LTR]=

[   12.142658] acpi PNP0A08:01: _OSC: OS now controls [PME PCIeCapability=
]
[   12.148549] acpi PNP0A08:01: FADT indicates ASPM is unsupported, using=
 BIOS configuration
[   12.156803] PCI host bridge to bus 0000:20
[   12.161550] pci_bus 0000:20: root bus resource [io  0x2000-0x3fff wind=
ow]
[   12.168550] pci_bus 0000:20: root bus resource [mem 0xde000000-0xeafff=
fff window]
[   12.175549] pci_bus 0000:20: root bus resource [mem 0x1e010000000-0x2b=
f9fffffff window]
[   12.183549] pci_bus 0000:20: root bus resource [bus 20-3f]
[   12.190075] pci 0000:20:07.1: enabling Extended Tags
[   12.195331] pci 0000:20:08.1: enabling Extended Tags
[   12.200671] pci 0000:21:00.0: enabling Extended Tags
[   12.205674] pci 0000:21:00.2: enabling Extended Tags
[   12.210675] pci 0000:21:00.3: enabling Extended Tags
[   12.215658] pci 0000:20:07.1: PCI bridge to [bus 21]
[   12.221121] pci 0000:22:00.0: enabling Extended Tags
[   12.226658] pci 0000:22:00.1: enabling Extended Tags
[   12.231650] pci 0000:20:08.1: PCI bridge to [bus 22]
[   12.236833] ACPI: PCI Root Bridge [PC02] (domain 0000 [bus 40-5f])
[   12.243551] acpi PNP0A08:02: _OSC: OS supports [ExtendedConfig ASPM Cl=
ockPM Segments MSI]
[   12.251665] acpi PNP0A08:02: _OSC: platform does not support [AER LTR]=

[   12.257651] acpi PNP0A08:02: _OSC: OS now controls [PME PCIeCapability=
]
[   12.264549] acpi PNP0A08:02: FADT indicates ASPM is unsupported, using=
 BIOS configuration
[   12.272795] PCI host bridge to bus 0000:40
[   12.277550] pci_bus 0000:40: root bus resource [io  0x4000-0x5fff wind=
ow]
[   12.283549] pci_bus 0000:40: root bus resource [mem 0xd1000000-0xddfff=
fff window]
[   12.291549] pci_bus 0000:40: root bus resource [mem 0x2bfa0000000-0x39=
f2fffffff window]
[   12.299552] pci_bus 0000:40: root bus resource [bus 40-5f]
[   12.305552] pci 0000:40:07.1: enabling Extended Tags
[   12.310832] pci 0000:40:08.1: enabling Extended Tags
[   12.316639] pci 0000:41:00.0: enabling Extended Tags
[   12.321672] pci 0000:41:00.2: enabling Extended Tags
[   12.327648] pci 0000:40:07.1: PCI bridge to [bus 41]
[   12.332671] pci 0000:42:00.0: enabling Extended Tags
[   12.337680] pci 0000:42:00.1: enabling Extended Tags
[   12.342660] pci 0000:40:08.1: PCI bridge to [bus 42]
[   12.347644] ACPI: PCI Root Bridge [PC03] (domain 0000 [bus 60-7f])
[   12.353551] acpi PNP0A08:03: _OSC: OS supports [ExtendedConfig ASPM Cl=
ockPM Segments MSI]
[   12.362658] acpi PNP0A08:03: _OSC: platform does not support [AER LTR]=

[   12.368652] acpi PNP0A08:03: _OSC: OS now controls [PME PCIeCapability=
]
[   12.375549] acpi PNP0A08:03: FADT indicates ASPM is unsupported, using=
 BIOS configuration
[   12.383767] PCI host bridge to bus 0000:60
[   12.387549] pci_bus 0000:60: root bus resource [io  0x6000-0x7fff wind=
ow]
[   12.394550] pci_bus 0000:60: root bus resource [mem 0xc4000000-0xd0fff=
fff window]
[   12.402550] pci_bus 0000:60: root bus resource [mem 0x39f30000000-0x47=
ebfffffff window]
[   12.410549] pci_bus 0000:60: root bus resource [bus 60-7f]
[   12.416928] pci 0000:60:07.1: enabling Extended Tags
[   12.422720] pci 0000:60:08.1: enabling Extended Tags
[   12.428047] pci 0000:60:03.1: PCI bridge to [bus 61]
[   12.433635] pci 0000:62:00.0: enabling Extended Tags
[   12.438672] pci 0000:62:00.2: enabling Extended Tags
[   12.443648] pci 0000:60:07.1: PCI bridge to [bus 62]
[   12.448675] pci 0000:63:00.0: enabling Extended Tags
[   12.454682] pci 0000:63:00.1: enabling Extended Tags
[   12.459657] pci 0000:60:08.1: PCI bridge to [bus 63]
[   12.464801] ACPI: PCI Root Bridge [PC04] (domain 0000 [bus 80-9f])
[   12.470829] acpi PNP0A08:04: _OSC: OS supports [ExtendedConfig ASPM Cl=
ockPM Segments MSI]
[   12.478661] acpi PNP0A08:04: _OSC: platform does not support [AER LTR]=

[   12.485653] acpi PNP0A08:04: _OSC: OS now controls [PME PCIeCapability=
]
[   12.492549] acpi PNP0A08:04: FADT indicates ASPM is unsupported, using=
 BIOS configuration
[   12.500804] PCI host bridge to bus 0000:80
[   12.504550] pci_bus 0000:80: root bus resource [io  0x8000-0x9fff wind=
ow]
[   12.511550] pci_bus 0000:80: root bus resource [mem 0xb7000000-0xc3fff=
fff window]
[   12.519549] pci_bus 0000:80: root bus resource [mem 0x47ec0000000-0x55=
e4fffffff window]
[   12.527550] pci_bus 0000:80: root bus resource [bus 80-9f]
[   12.533359] pci 0000:80:07.1: enabling Extended Tags
[   12.539474] pci 0000:80:08.1: enabling Extended Tags
[   12.545573] pci 0000:81:00.0: enabling Extended Tags
[   12.550690] pci 0000:81:00.2: enabling Extended Tags
[   12.555668] pci 0000:80:07.1: PCI bridge to [bus 81]
[   12.561611] pci 0000:82:00.0: enabling Extended Tags
[   12.566706] pci 0000:82:00.1: enabling Extended Tags
[   12.571675] pci 0000:80:08.1: PCI bridge to [bus 82]
[   12.576799] ACPI: PCI Root Bridge [PC05] (domain 0000 [bus a0-bf])
[   12.583551] acpi PNP0A08:05: _OSC: OS supports [ExtendedConfig ASPM Cl=
ockPM Segments MSI]
[   12.591654] acpi PNP0A08:05: _OSC: platform does not support [AER LTR]=

[   12.597646] acpi PNP0A08:05: _OSC: OS now controls [PME PCIeCapability=
]
[   12.604549] acpi PNP0A08:05: FADT indicates ASPM is unsupported, using=
 BIOS configuration
[   12.612771] PCI host bridge to bus 0000:a0
[   12.617550] pci_bus 0000:a0: root bus resource [io  0xa000-0xbfff wind=
ow]
[   12.623549] pci_bus 0000:a0: root bus resource [mem 0xaa000000-0xb6fff=
fff window]
[   12.631549] pci_bus 0000:a0: root bus resource [mem 0x55e50000000-0x63=
ddfffffff window]
[   12.639550] pci_bus 0000:a0: root bus resource [bus a0-bf]
[   12.646027] pci 0000:a0:07.1: enabling Extended Tags
[   12.650861] pci 0000:a0:08.1: enabling Extended Tags
[   12.656650] pci 0000:a1:00.0: enabling Extended Tags
[   12.661697] pci 0000:a1:00.2: enabling Extended Tags
[   12.667672] pci 0000:a0:07.1: PCI bridge to [bus a1]
[   12.672687] pci 0000:a2:00.0: enabling Extended Tags
[   12.677648] pci 0000:a2:00.1: enabling Extended Tags
[   12.682672] pci 0000:a0:08.1: PCI bridge to [bus a2]
[   12.687829] ACPI: PCI Root Bridge [PC06] (domain 0000 [bus c0-df])
[   12.693551] acpi PNP0A08:06: _OSC: OS supports [ExtendedConfig ASPM Cl=
ockPM Segments MSI]
[   12.702653] acpi PNP0A08:06: _OSC: platform does not support [AER LTR]=

[   12.708645] acpi PNP0A08:06: _OSC: OS now controls [PME PCIeCapability=
]
[   12.715549] acpi PNP0A08:06: FADT indicates ASPM is unsupported, using=
 BIOS configuration
[   12.723771] PCI host bridge to bus 0000:c0
[   12.727551] pci_bus 0000:c0: root bus resource [io  0xc000-0xdfff wind=
ow]
[   12.734550] pci_bus 0000:c0: root bus resource [mem 0x9d000000-0xa9fff=
fff window]
[   12.742549] pci_bus 0000:c0: root bus resource [mem 0x63de0000000-0x71=
d6fffffff window]
[   12.750549] pci_bus 0000:c0: root bus resource [bus c0-df]
[   12.756137] pci 0000:c0:07.1: enabling Extended Tags
[   12.761713] pci 0000:c0:08.1: enabling Extended Tags
[   12.767860] pci 0000:c1:00.0: enabling Extended Tags
[   12.772685] pci 0000:c1:00.2: enabling Extended Tags
[   12.777660] pci 0000:c0:07.1: PCI bridge to [bus c1]
[   12.783063] pci 0000:c2:00.0: enabling Extended Tags
[   12.788693] pci 0000:c2:00.1: enabling Extended Tags
[   12.793671] pci 0000:c0:08.1: PCI bridge to [bus c2]
[   12.798666] ACPI: PCI Root Bridge [PC07] (domain 0000 [bus e0-ff])
[   12.804551] acpi PNP0A08:07: _OSC: OS supports [ExtendedConfig ASPM Cl=
ockPM Segments MSI]
[   12.812654] acpi PNP0A08:07: _OSC: platform does not support [AER LTR]=

[   12.819647] acpi PNP0A08:07: _OSC: OS now controls [PME PCIeCapability=
]
[   12.826549] acpi PNP0A08:07: FADT indicates ASPM is unsupported, using=
 BIOS configuration
[   12.834745] acpi PNP0A08:07: host bridge window [mem 0x71d70000000-0xf=
fffffffffff window] ([0x80000000000-0xffffffffffff] ignored, not CPU addr=
essable)
[   12.848579] PCI host bridge to bus 0000:e0
[   12.852549] pci_bus 0000:e0: root bus resource [io  0xe000-0xffff wind=
ow]
[   12.859551] pci_bus 0000:e0: root bus resource [mem 0x90000000-0x9cfff=
fff window]
[   12.866549] pci_bus 0000:e0: root bus resource [mem 0x71d70000000-0x7f=
fffffffff window]
[   12.874549] pci_bus 0000:e0: root bus resource [bus e0-ff]
[   12.880794] pci 0000:e0:07.1: enabling Extended Tags
[   12.885854] pci 0000:e0:08.1: enabling Extended Tags
[   12.891649] pci 0000:e1:00.0: enabling Extended Tags
[   12.896693] pci 0000:e1:00.2: enabling Extended Tags
[   12.901666] pci 0000:e0:07.1: PCI bridge to [bus e1]
[   12.906683] pci 0000:e2:00.0: enabling Extended Tags
[   12.911704] pci 0000:e2:00.1: enabling Extended Tags
[   12.917676] pci 0000:e0:08.1: PCI bridge to [bus e2]
[   12.926257] pci 0000:03:00.0: vgaarb: setting as boot VGA device
[   12.926547] pci 0000:03:00.0: vgaarb: VGA device added: decodes=3Dio+m=
em,owns=3Dio+mem,locks=3Dnone
[   12.940565] pci 0000:03:00.0: vgaarb: bridge control possible
[   12.946549] vgaarb: loaded
[   12.949636] SCSI subsystem initialized
[   12.953566] ACPI: bus type USB registered
[   12.957576] usbcore: registered new interface driver usbfs
[   12.962557] usbcore: registered new interface driver hub
[   12.969447] usbcore: registered new device driver usb
[   12.974570] pps_core: LinuxPPS API ver. 1 registered
[   12.978550] pps_core: Software ver. 5.3.6 - Copyright 2005-2007 Rodolf=
o Giometti <giometti@linux.it>
[   12.988554] PTP clock support registered
[   12.993076] EDAC MC: Ver: 3.0.0
[   12.996834] Registered efivars operations
[   13.033095] Advanced Linux Sound Architecture Driver Initialized.
[   13.038561] PCI: Using ACPI for IRQ routing
[   13.063455] hpet0: at MMIO 0xfed00000, IRQs 2, 8, 0
[   13.068550] hpet0: 3 comparators, 32-bit 14.318180 MHz counter
[   13.076917] clocksource: Switched to clocksource tsc-early
[   13.098582] VFS: Disk quotas dquot_6.6.0
[   13.102612] VFS: Dquot-cache hash table entries: 512 (order 0, 4096 by=
tes)
[   13.109722] FS-Cache: Loaded
[   13.112731] CacheFiles: Loaded
[   13.115813] pnp: PnP ACPI init
[   13.119289] system 00:00: [mem 0x80000000-0x8fffffff] has been reserve=
d
[   13.126977] pnp: PnP ACPI: found 4 devices
[   13.136942] clocksource: acpi_pm: mask: 0xffffff max_cycles: 0xffffff,=
 max_idle_ns: 2085701024 ns
[   13.145822] pci 0000:01:00.0: can't claim BAR 6 [mem 0xfff80000-0xffff=
ffff pref]: no compatible bridge window
[   13.155732] pci 0000:01:00.1: can't claim BAR 6 [mem 0xfff80000-0xffff=
ffff pref]: no compatible bridge window
[   13.165648] pci 0000:04:00.0: can't claim BAR 6 [mem 0xfff80000-0xffff=
ffff pref]: no compatible bridge window
[   13.175561] pci 0000:04:00.1: can't claim BAR 6 [mem 0xfff80000-0xffff=
ffff pref]: no compatible bridge window
[   13.185498] pci 0000:61:00.0: can't claim BAR 6 [mem 0xfff00000-0xffff=
ffff pref]: no compatible bridge window
[   13.195466] pci 0000:00:01.1: BAR 15: assigned [mem 0x10080000000-0x10=
0803fffff 64bit pref]
[   13.203818] pci 0000:01:00.0: BAR 6: assigned [mem 0xfa280000-0xfa2fff=
ff pref]
[   13.211042] pci 0000:01:00.1: BAR 6: no space for [mem size 0x00080000=
 pref]
[   13.218089] pci 0000:01:00.1: BAR 6: failed to assign [mem size 0x0008=
0000 pref]
[   13.225480] pci 0000:01:00.0: BAR 7: assigned [mem 0x10080000000-0x100=
800fffff 64bit pref]
[   13.233744] pci 0000:01:00.0: BAR 10: assigned [mem 0x10080100000-0x10=
0801fffff 64bit pref]
[   13.242097] pci 0000:01:00.1: BAR 7: assigned [mem 0x10080200000-0x100=
802fffff 64bit pref]
[   13.250365] pci 0000:01:00.1: BAR 10: assigned [mem 0x10080300000-0x10=
0803fffff 64bit pref]
[   13.258722] pci 0000:00:01.1: PCI bridge to [bus 01]
[   13.263694] pci 0000:00:01.1:   bridge window [io  0x1000-0x1fff]
[   13.269788] pci 0000:00:01.1:   bridge window [mem 0xfa000000-0xfa2fff=
ff]
[   13.276580] pci 0000:00:01.1:   bridge window [mem 0x10080000000-0x100=
803fffff 64bit pref]
[   13.284844] pci 0000:02:00.0: PCI bridge to [bus 03]
[   13.289820] pci 0000:02:00.0:   bridge window [mem 0xf9000000-0xf98fff=
ff]
[   13.296617] pci 0000:02:00.0:   bridge window [mem 0xeb000000-0xebffff=
ff 64bit pref]
[   13.304361] pci 0000:00:01.3: PCI bridge to [bus 02-03]
[   13.309592] pci 0000:00:01.3:   bridge window [mem 0xf9000000-0xf98fff=
ff]
[   13.316378] pci 0000:00:01.3:   bridge window [mem 0xeb000000-0xebffff=
ff 64bit pref]
[   13.324131] pci 0000:04:00.0: BAR 6: assigned [mem 0xf9f80000-0xf9ffff=
ff pref]
[   13.331356] pci 0000:04:00.1: BAR 6: no space for [mem size 0x00080000=
 pref]
[   13.338409] pci 0000:04:00.1: BAR 6: failed to assign [mem size 0x0008=
0000 pref]
[   13.345802] pci 0000:00:01.4: PCI bridge to [bus 04]
[   13.350769] pci 0000:00:01.4:   bridge window [mem 0xf9e00000-0xf9ffff=
ff]
[   13.357561] pci 0000:00:07.1: PCI bridge to [bus 05]
[   13.362530] pci 0000:00:07.1:   bridge window [mem 0xf9b00000-0xf9dfff=
ff]
[   13.369319] pci 0000:00:08.1: PCI bridge to [bus 06]
[   13.374291] pci 0000:00:08.1:   bridge window [mem 0xf9900000-0xf9afff=
ff]
[   13.381161] pci 0000:20:07.1: PCI bridge to [bus 21]
[   13.386132] pci 0000:20:07.1:   bridge window [mem 0xe8200000-0xe84fff=
ff]
[   13.392927] pci 0000:20:08.1: PCI bridge to [bus 22]
[   13.397900] pci 0000:20:08.1:   bridge window [mem 0xe8000000-0xe81fff=
ff]
[   13.404731] pci 0000:40:07.1: PCI bridge to [bus 41]
[   13.409704] pci 0000:40:07.1:   bridge window [mem 0xdb200000-0xdb3fff=
ff]
[   13.416493] pci 0000:40:08.1: PCI bridge to [bus 42]
[   13.421464] pci 0000:40:08.1:   bridge window [mem 0xdb000000-0xdb1fff=
ff]
[   13.428291] pci 0000:61:00.0: BAR 6: no space for [mem size 0x00100000=
 pref]
[   13.435339] pci 0000:61:00.0: BAR 6: failed to assign [mem size 0x0010=
0000 pref]
[   13.442730] pci 0000:60:03.1: PCI bridge to [bus 61]
[   13.447697] pci 0000:60:03.1:   bridge window [io  0x6000-0x6fff]
[   13.453790] pci 0000:60:03.1:   bridge window [mem 0xce400000-0xce4fff=
ff]
[   13.460576] pci 0000:60:03.1:   bridge window [mem 0xc4000000-0xc41fff=
ff 64bit pref]
[   13.468319] pci 0000:60:07.1: PCI bridge to [bus 62]
[   13.473292] pci 0000:60:07.1:   bridge window [mem 0xce200000-0xce3fff=
ff]
[   13.480079] pci 0000:60:08.1: PCI bridge to [bus 63]
[   13.485052] pci 0000:60:08.1:   bridge window [mem 0xce000000-0xce1fff=
ff]
[   13.491874] pci 0000:80:07.1: PCI bridge to [bus 81]
[   13.496840] pci 0000:80:07.1:   bridge window [mem 0xc1200000-0xc13fff=
ff]
[   13.503637] pci 0000:80:08.1: PCI bridge to [bus 82]
[   13.508610] pci 0000:80:08.1:   bridge window [mem 0xc1000000-0xc11fff=
ff]
[   13.515433] pci 0000:a0:07.1: PCI bridge to [bus a1]
[   13.520407] pci 0000:a0:07.1:   bridge window [mem 0xb4200000-0xb43fff=
ff]
[   13.527203] pci 0000:a0:08.1: PCI bridge to [bus a2]
[   13.532173] pci 0000:a0:08.1:   bridge window [mem 0xb4000000-0xb41fff=
ff]
[   13.538999] pci 0000:c0:07.1: PCI bridge to [bus c1]
[   13.543970] pci 0000:c0:07.1:   bridge window [mem 0xa7200000-0xa73fff=
ff]
[   13.550768] pci 0000:c0:08.1: PCI bridge to [bus c2]
[   13.555738] pci 0000:c0:08.1:   bridge window [mem 0xa7000000-0xa71fff=
ff]
[   13.562557] pci 0000:e0:07.1: PCI bridge to [bus e1]
[   13.567526] pci 0000:e0:07.1:   bridge window [mem 0x9a200000-0x9a3fff=
ff]
[   13.574324] pci 0000:e0:08.1: PCI bridge to [bus e2]
[   13.579297] pci 0000:e0:08.1:   bridge window [mem 0x9a000000-0x9a1fff=
ff]
[   13.586405] NET: Registered protocol family 2
[   13.591299] tcp_listen_portaddr_hash hash table entries: 65536 (order:=
 8, 1048576 bytes)
[   13.599766] TCP established hash table entries: 524288 (order: 10, 419=
4304 bytes)
[   13.608071] TCP bind hash table entries: 65536 (order: 8, 1048576 byte=
s)
[   13.614954] TCP: Hash tables configured (established 524288 bind 65536=
)
[   13.621830] UDP hash table entries: 65536 (order: 9, 2097152 bytes)
[   13.628530] UDP-Lite hash table entries: 65536 (order: 9, 2097152 byte=
s)
[   13.636123] pci 0000:03:00.0: Video device with shadowed ROM at [mem 0=
x000c0000-0x000dffff]
[   13.645085] Trying to unpack rootfs image as initramfs...
[   13.734111] Freeing initrd memory: 5136K
[   14.524188] AMD-Vi: IOMMU performance counters supported
[   14.529604] AMD-Vi: IOMMU performance counters supported
[   14.534971] AMD-Vi: IOMMU performance counters supported
[   14.540332] AMD-Vi: IOMMU performance counters supported
[   14.545699] AMD-Vi: IOMMU performance counters supported
[   14.551059] AMD-Vi: IOMMU performance counters supported
[   14.556420] AMD-Vi: IOMMU performance counters supported
[   14.561793] AMD-Vi: IOMMU performance counters supported
[   14.569855] iommu: Adding device 0000:00:01.0 to group 0
[   14.575217] iommu: Adding device 0000:00:01.1 to group 0
[   14.580578] iommu: Adding device 0000:00:01.3 to group 0
[   14.585933] iommu: Adding device 0000:00:01.4 to group 0
[   14.592478] iommu: Adding device 0000:00:02.0 to group 1
[   14.599109] iommu: Adding device 0000:00:03.0 to group 2
[   14.605667] iommu: Adding device 0000:00:04.0 to group 3
[   14.612327] iommu: Adding device 0000:00:07.0 to group 4
[   14.617688] iommu: Adding device 0000:00:07.1 to group 4
[   14.624358] iommu: Adding device 0000:00:08.0 to group 5
[   14.629715] iommu: Adding device 0000:00:08.1 to group 5
[   14.636257] iommu: Adding device 0000:00:14.0 to group 6
[   14.641614] iommu: Adding device 0000:00:14.3 to group 6
[   14.648436] iommu: Adding device 0000:00:18.0 to group 7
[   14.653792] iommu: Adding device 0000:00:18.1 to group 7
[   14.659146] iommu: Adding device 0000:00:18.2 to group 7
[   14.664499] iommu: Adding device 0000:00:18.3 to group 7
[   14.669846] iommu: Adding device 0000:00:18.4 to group 7
[   14.675195] iommu: Adding device 0000:00:18.5 to group 7
[   14.680539] iommu: Adding device 0000:00:18.6 to group 7
[   14.685888] iommu: Adding device 0000:00:18.7 to group 7
[   14.692575] iommu: Adding device 0000:00:19.0 to group 8
[   14.697932] iommu: Adding device 0000:00:19.1 to group 8
[   14.703281] iommu: Adding device 0000:00:19.2 to group 8
[   14.708629] iommu: Adding device 0000:00:19.3 to group 8
[   14.713978] iommu: Adding device 0000:00:19.4 to group 8
[   14.719326] iommu: Adding device 0000:00:19.5 to group 8
[   14.724674] iommu: Adding device 0000:00:19.6 to group 8
[   14.730029] iommu: Adding device 0000:00:19.7 to group 8
[   14.736899] iommu: Adding device 0000:00:1a.0 to group 9
[   14.742251] iommu: Adding device 0000:00:1a.1 to group 9
[   14.747610] iommu: Adding device 0000:00:1a.2 to group 9
[   14.752961] iommu: Adding device 0000:00:1a.3 to group 9
[   14.758309] iommu: Adding device 0000:00:1a.4 to group 9
[   14.763656] iommu: Adding device 0000:00:1a.5 to group 9
[   14.769003] iommu: Adding device 0000:00:1a.6 to group 9
[   14.774352] iommu: Adding device 0000:00:1a.7 to group 9
[   14.781049] iommu: Adding device 0000:00:1b.0 to group 10
[   14.786490] iommu: Adding device 0000:00:1b.1 to group 10
[   14.791928] iommu: Adding device 0000:00:1b.2 to group 10
[   14.797372] iommu: Adding device 0000:00:1b.3 to group 10
[   14.802814] iommu: Adding device 0000:00:1b.4 to group 10
[   14.808257] iommu: Adding device 0000:00:1b.5 to group 10
[   14.813700] iommu: Adding device 0000:00:1b.6 to group 10
[   14.819141] iommu: Adding device 0000:00:1b.7 to group 10
[   14.826038] iommu: Adding device 0000:00:1c.0 to group 11
[   14.831484] iommu: Adding device 0000:00:1c.1 to group 11
[   14.836927] iommu: Adding device 0000:00:1c.2 to group 11
[   14.842370] iommu: Adding device 0000:00:1c.3 to group 11
[   14.847813] iommu: Adding device 0000:00:1c.4 to group 11
[   14.853257] iommu: Adding device 0000:00:1c.5 to group 11
[   14.858697] iommu: Adding device 0000:00:1c.6 to group 11
[   14.864143] iommu: Adding device 0000:00:1c.7 to group 11
[   14.870937] iommu: Adding device 0000:00:1d.0 to group 12
[   14.876382] iommu: Adding device 0000:00:1d.1 to group 12
[   14.881823] iommu: Adding device 0000:00:1d.2 to group 12
[   14.887267] iommu: Adding device 0000:00:1d.3 to group 12
[   14.892707] iommu: Adding device 0000:00:1d.4 to group 12
[   14.898150] iommu: Adding device 0000:00:1d.5 to group 12
[   14.903595] iommu: Adding device 0000:00:1d.6 to group 12
[   14.909037] iommu: Adding device 0000:00:1d.7 to group 12
[   14.915908] iommu: Adding device 0000:00:1e.0 to group 13
[   14.921357] iommu: Adding device 0000:00:1e.1 to group 13
[   14.926797] iommu: Adding device 0000:00:1e.2 to group 13
[   14.932240] iommu: Adding device 0000:00:1e.3 to group 13
[   14.937682] iommu: Adding device 0000:00:1e.4 to group 13
[   14.943123] iommu: Adding device 0000:00:1e.5 to group 13
[   14.948569] iommu: Adding device 0000:00:1e.6 to group 13
[   14.954009] iommu: Adding device 0000:00:1e.7 to group 13
[   14.960904] iommu: Adding device 0000:00:1f.0 to group 14
[   14.966356] iommu: Adding device 0000:00:1f.1 to group 14
[   14.971804] iommu: Adding device 0000:00:1f.2 to group 14
[   14.977258] iommu: Adding device 0000:00:1f.3 to group 14
[   14.982697] iommu: Adding device 0000:00:1f.4 to group 14
[   14.988141] iommu: Adding device 0000:00:1f.5 to group 14
[   14.993591] iommu: Adding device 0000:00:1f.6 to group 14
[   14.999034] iommu: Adding device 0000:00:1f.7 to group 14
[   15.004458] iommu: Adding device 0000:01:00.0 to group 0
[   15.009792] iommu: Adding device 0000:01:00.1 to group 0
[   15.015124] iommu: Adding device 0000:02:00.0 to group 0
[   15.020445] iommu: Adding device 0000:03:00.0 to group 0
[   15.025780] iommu: Adding device 0000:04:00.0 to group 0
[   15.031117] iommu: Adding device 0000:04:00.1 to group 0
[   15.036452] iommu: Adding device 0000:05:00.0 to group 4
[   15.041778] iommu: Adding device 0000:05:00.2 to group 4
[   15.047111] iommu: Adding device 0000:05:00.3 to group 4
[   15.052442] iommu: Adding device 0000:06:00.0 to group 5
[   15.057770] iommu: Adding device 0000:06:00.1 to group 5
[   15.063100] iommu: Adding device 0000:06:00.2 to group 5
[   15.069669] iommu: Adding device 0000:20:01.0 to group 15
[   15.076403] iommu: Adding device 0000:20:02.0 to group 16
[   15.083025] iommu: Adding device 0000:20:03.0 to group 17
[   15.089791] iommu: Adding device 0000:20:04.0 to group 18
[   15.096439] iommu: Adding device 0000:20:07.0 to group 19
[   15.101891] iommu: Adding device 0000:20:07.1 to group 19
[   15.108658] iommu: Adding device 0000:20:08.0 to group 20
[   15.114114] iommu: Adding device 0000:20:08.1 to group 20
[   15.119533] iommu: Adding device 0000:21:00.0 to group 19
[   15.124956] iommu: Adding device 0000:21:00.2 to group 19
[   15.130371] iommu: Adding device 0000:21:00.3 to group 19
[   15.135789] iommu: Adding device 0000:22:00.0 to group 20
[   15.141207] iommu: Adding device 0000:22:00.1 to group 20
[   15.147871] iommu: Adding device 0000:40:01.0 to group 21
[   15.154760] iommu: Adding device 0000:40:02.0 to group 22
[   15.161415] iommu: Adding device 0000:40:03.0 to group 23
[   15.168224] iommu: Adding device 0000:40:04.0 to group 24
[   15.174958] iommu: Adding device 0000:40:07.0 to group 25
[   15.180413] iommu: Adding device 0000:40:07.1 to group 25
[   15.187085] iommu: Adding device 0000:40:08.0 to group 26
[   15.192544] iommu: Adding device 0000:40:08.1 to group 26
[   15.197965] iommu: Adding device 0000:41:00.0 to group 25
[   15.203382] iommu: Adding device 0000:41:00.2 to group 25
[   15.208800] iommu: Adding device 0000:42:00.0 to group 26
[   15.214217] iommu: Adding device 0000:42:00.1 to group 26
[   15.220954] iommu: Adding device 0000:60:01.0 to group 27
[   15.227642] iommu: Adding device 0000:60:02.0 to group 28
[   15.234440] iommu: Adding device 0000:60:03.0 to group 29
[   15.239904] iommu: Adding device 0000:60:03.1 to group 29
[   15.246570] iommu: Adding device 0000:60:04.0 to group 30
[   15.253383] iommu: Adding device 0000:60:07.0 to group 31
[   15.258843] iommu: Adding device 0000:60:07.1 to group 31
[   15.265500] iommu: Adding device 0000:60:08.0 to group 32
[   15.270964] iommu: Adding device 0000:60:08.1 to group 32
[   15.276391] iommu: Adding device 0000:61:00.0 to group 29
[   15.281809] iommu: Adding device 0000:62:00.0 to group 31
[   15.287225] iommu: Adding device 0000:62:00.2 to group 31
[   15.292641] iommu: Adding device 0000:63:00.0 to group 32
[   15.298054] iommu: Adding device 0000:63:00.1 to group 32
[   15.304843] iommu: Adding device 0000:80:01.0 to group 33
[   15.311495] iommu: Adding device 0000:80:02.0 to group 34
[   15.318296] iommu: Adding device 0000:80:03.0 to group 35
[   15.324917] iommu: Adding device 0000:80:04.0 to group 36
[   15.331681] iommu: Adding device 0000:80:07.0 to group 37
[   15.337144] iommu: Adding device 0000:80:07.1 to group 37
[   15.343784] iommu: Adding device 0000:80:08.0 to group 38
[   15.349244] iommu: Adding device 0000:80:08.1 to group 38
[   15.354663] iommu: Adding device 0000:81:00.0 to group 37
[   15.360077] iommu: Adding device 0000:81:00.2 to group 37
[   15.365496] iommu: Adding device 0000:82:00.0 to group 38
[   15.370912] iommu: Adding device 0000:82:00.1 to group 38
[   15.377681] iommu: Adding device 0000:a0:01.0 to group 39
[   15.384295] iommu: Adding device 0000:a0:02.0 to group 40
[   15.391063] iommu: Adding device 0000:a0:03.0 to group 41
[   15.397735] iommu: Adding device 0000:a0:04.0 to group 42
[   15.404515] iommu: Adding device 0000:a0:07.0 to group 43
[   15.409978] iommu: Adding device 0000:a0:07.1 to group 43
[   15.416658] iommu: Adding device 0000:a0:08.0 to group 44
[   15.422121] iommu: Adding device 0000:a0:08.1 to group 44
[   15.427542] iommu: Adding device 0000:a1:00.0 to group 43
[   15.432957] iommu: Adding device 0000:a1:00.2 to group 43
[   15.438377] iommu: Adding device 0000:a2:00.0 to group 44
[   15.443803] iommu: Adding device 0000:a2:00.1 to group 44
[   15.450531] iommu: Adding device 0000:c0:01.0 to group 45
[   15.457287] iommu: Adding device 0000:c0:02.0 to group 46
[   15.463937] iommu: Adding device 0000:c0:03.0 to group 47
[   15.470635] iommu: Adding device 0000:c0:04.0 to group 48
[   15.477301] iommu: Adding device 0000:c0:07.0 to group 49
[   15.482764] iommu: Adding device 0000:c0:07.1 to group 49
[   15.489501] iommu: Adding device 0000:c0:08.0 to group 50
[   15.494966] iommu: Adding device 0000:c0:08.1 to group 50
[   15.500385] iommu: Adding device 0000:c1:00.0 to group 49
[   15.505800] iommu: Adding device 0000:c1:00.2 to group 49
[   15.511219] iommu: Adding device 0000:c2:00.0 to group 50
[   15.516633] iommu: Adding device 0000:c2:00.1 to group 50
[   15.523294] iommu: Adding device 0000:e0:01.0 to group 51
[   15.530010] iommu: Adding device 0000:e0:02.0 to group 52
[   15.536657] iommu: Adding device 0000:e0:03.0 to group 53
[   15.543468] iommu: Adding device 0000:e0:04.0 to group 54
[   15.550252] iommu: Adding device 0000:e0:07.0 to group 55
[   15.555717] iommu: Adding device 0000:e0:07.1 to group 55
[   15.562374] iommu: Adding device 0000:e0:08.0 to group 56
[   15.567840] iommu: Adding device 0000:e0:08.1 to group 56
[   15.573265] iommu: Adding device 0000:e1:00.0 to group 55
[   15.578682] iommu: Adding device 0000:e1:00.2 to group 55
[   15.584098] iommu: Adding device 0000:e2:00.0 to group 56
[   15.589512] iommu: Adding device 0000:e2:00.1 to group 56
[   15.595104] AMD-Vi: Found IOMMU at 0000:00:00.2 cap 0x40
[   15.600416] AMD-Vi: Extended features (0xf77ef22294ada):
[   15.605728]  PPR NX GT IA GA PC GA_vAPIC
[   15.609656] AMD-Vi: Found IOMMU at 0000:20:00.2 cap 0x40
[   15.614968] AMD-Vi: Extended features (0xf77ef22294ada):
[   15.620280]  PPR NX GT IA GA PC GA_vAPIC
[   15.624207] AMD-Vi: Found IOMMU at 0000:40:00.2 cap 0x40
[   15.629522] AMD-Vi: Extended features (0xf77ef22294ada):
[   15.634833]  PPR NX GT IA GA PC GA_vAPIC
[   15.638758] AMD-Vi: Found IOMMU at 0000:60:00.2 cap 0x40
[   15.644072] AMD-Vi: Extended features (0xf77ef22294ada):
[   15.649384]  PPR NX GT IA GA PC GA_vAPIC
[   15.653310] AMD-Vi: Found IOMMU at 0000:80:00.2 cap 0x40
[   15.658622] AMD-Vi: Extended features (0xf77ef22294ada):
[   15.663935]  PPR NX GT IA GA PC GA_vAPIC
[   15.667862] AMD-Vi: Found IOMMU at 0000:a0:00.2 cap 0x40
[   15.673175] AMD-Vi: Extended features (0xf77ef22294ada):
[   15.678486]  PPR NX GT IA GA PC GA_vAPIC
[   15.682413] AMD-Vi: Found IOMMU at 0000:c0:00.2 cap 0x40
[   15.687725] AMD-Vi: Extended features (0xf77ef22294ada):
[   15.693038]  PPR NX GT IA GA PC GA_vAPIC
[   15.696964] AMD-Vi: Found IOMMU at 0000:e0:00.2 cap 0x40
[   15.702278] AMD-Vi: Extended features (0xf77ef22294ada):
[   15.707591]  PPR NX GT IA GA PC GA_vAPIC
[   15.712549] AMD-Vi: Lazy IO/TLB flushing enabled
[   15.718153] amd_uncore: AMD NB counters detected
[   15.722794] amd_uncore: AMD LLC counters detected
[   15.731772] perf/amd_iommu: Detected AMD IOMMU #0 (2 banks, 4 counters=
/bank).
[   15.738922] perf/amd_iommu: Detected AMD IOMMU #1 (2 banks, 4 counters=
/bank).
[   15.746074] perf/amd_iommu: Detected AMD IOMMU #2 (2 banks, 4 counters=
/bank).
[   15.753233] perf/amd_iommu: Detected AMD IOMMU #3 (2 banks, 4 counters=
/bank).
[   15.760388] perf/amd_iommu: Detected AMD IOMMU #4 (2 banks, 4 counters=
/bank).
[   15.767538] perf/amd_iommu: Detected AMD IOMMU #5 (2 banks, 4 counters=
/bank).
[   15.774722] perf/amd_iommu: Detected AMD IOMMU #6 (2 banks, 4 counters=
/bank).
[   15.781899] perf/amd_iommu: Detected AMD IOMMU #7 (2 banks, 4 counters=
/bank).
[   15.791935] workingset: timestamp_bits=3D40 max_order=3D28 bucket_orde=
r=3D0
[   15.800209] SGI XFS with ACLs, security attributes, realtime, no debug=
 enabled
[   15.810982] Block layer SCSI generic (bsg) driver version 0.4 loaded (=
major 249)
[   15.818801] io scheduler noop registered
[   15.822732] io scheduler deadline registered
[   15.827066] io scheduler cfq registered (default)
[   15.831778] io scheduler mq-deadline registered
[   15.836311] io scheduler kyber registered
[   15.855323] pcieport 0000:00:01.1: Signaling PME with IRQ 34
[   15.861307] pcieport 0000:00:01.3: Signaling PME with IRQ 35
[   15.867337] pcieport 0000:00:01.4: Signaling PME with IRQ 36
[   15.873332] pcieport 0000:00:07.1: Signaling PME with IRQ 37
[   15.879361] pcieport 0000:00:08.1: Signaling PME with IRQ 39
[   15.885392] pcieport 0000:20:07.1: Signaling PME with IRQ 40
[   15.891408] pcieport 0000:20:08.1: Signaling PME with IRQ 42
[   15.897127] pcieport 0000:40:07.1: Signaling PME with IRQ 44
[   15.902849] pcieport 0000:40:08.1: Signaling PME with IRQ 46
[   15.908572] pcieport 0000:60:03.1: Signaling PME with IRQ 47
[   15.914382] pcieport 0000:60:07.1: Signaling PME with IRQ 49
[   15.920386] pcieport 0000:60:08.1: Signaling PME with IRQ 51
[   15.926799] pcieport 0000:80:07.1: Signaling PME with IRQ 53
[   15.932818] pcieport 0000:80:08.1: Signaling PME with IRQ 55
[   15.938545] pcieport 0000:a0:07.1: Signaling PME with IRQ 57
