Return-Path: <linux-kernel-owner@vger.kernel.org>
X-Original-To: lists+linux-kernel@lfdr.de
Delivered-To: lists+linux-kernel@lfdr.de
Received: from vger.kernel.org (vger.kernel.org [209.132.180.67])
	by mail.lfdr.de (Postfix) with ESMTP id 52F1F91204
	for <lists+linux-kernel@lfdr.de>; Sat, 17 Aug 2019 19:00:30 +0200 (CEST)
Received: (majordomo@vger.kernel.org) by vger.kernel.org via listexpand
        id S1726082AbfHQQ7l (ORCPT <rfc822;lists+linux-kernel@lfdr.de>);
        Sat, 17 Aug 2019 12:59:41 -0400
Received: from mail-ot1-f67.google.com ([209.85.210.67]:43090 "EHLO
        mail-ot1-f67.google.com" rhost-flags-OK-OK-OK-OK) by vger.kernel.org
        with ESMTP id S1725937AbfHQQ7l (ORCPT
        <rfc822;linux-kernel@vger.kernel.org>);
        Sat, 17 Aug 2019 12:59:41 -0400
Received: by mail-ot1-f67.google.com with SMTP id e12so12354074otp.10
        for <linux-kernel@vger.kernel.org>; Sat, 17 Aug 2019 09:59:40 -0700 (PDT)
DKIM-Signature: v=1; a=rsa-sha256; c=relaxed/relaxed;
        d=intel-com.20150623.gappssmtp.com; s=20150623;
        h=mime-version:references:in-reply-to:from:date:message-id:subject:to
         :cc:content-transfer-encoding;
        bh=4ctyW3Vi5Ibh5x2BY4buy9E2tmdYqlztCCfXF658lFw=;
        b=IpKtW8Cqml+i67WZioOBoS6hJ3Dk8T2l5C48IQHH7rT1sBA07Wda3g+B+J25rzmOed
         9Qx2i000i+5Sq8rRYp2vbAoHZE02XNiTKcz/Au13aqzY9/pa7rFnoBfLd7B9nuB26GLq
         Y+BS4/6zRbLUvO1tOztSOjj4MBm4CQPn594UOZNJLi7bFtGBP1rj9+VwthDzYY8VVyOR
         UjPwA88/cVR/IQrgHEBKjDnQnFfVVKXL+DJl9I8Xuyb3TQxcwwobRlwgCjpm8tFraLxG
         77Qi/VbdlEFve00vn0i/pN1lTppPcFegYQlKHrgYu35UQxOCShgs1a8NfxLtFqTSool1
         L+8w==
X-Google-DKIM-Signature: v=1; a=rsa-sha256; c=relaxed/relaxed;
        d=1e100.net; s=20161025;
        h=x-gm-message-state:mime-version:references:in-reply-to:from:date
         :message-id:subject:to:cc:content-transfer-encoding;
        bh=4ctyW3Vi5Ibh5x2BY4buy9E2tmdYqlztCCfXF658lFw=;
        b=iuAjPeKNUjX6J8YcIClysrJgm1P+6rDgIjN8//O6WPLsdiWslQSA/wgs8fpgtqGdO3
         cQh9pb7xyyP2JB6utfyiUG6tq8d1Rnks2Ab7RDNqKTbIMPm0rgoNQIH2cdVJl2BuhnHv
         Kgzdg84qqym/mWbCt4EhztBZK2OcWRz/BE6hXVZlcRl7PXL492RT5JzrUrMRkUjhaq4Q
         4rvNxA7+OiZWqyctUC6whxgcnQ155etZFYSuVLtQ39C6GHKTkmYot0qgjVpBztx47u6W
         e58thOJTP2QMiQ+7kNrS4OHobzBRbvzQXvAW+5YhN9OPt+CXKdkyYINJhkyS+4/ZVKgS
         K2kg==
X-Gm-Message-State: APjAAAUU/d+RECaIPzcSrSoi7r/Wc+dVsXKAmMJbmhByzrxjna+DgL0D
        JKP14/J0rNiVsHFgZ5dGrgWLYJtG24LmxIlldIiXVw==
X-Google-Smtp-Source: APXvYqwHO8+aAVXPABURvgARXdHStxxHwkXAid2VAmlQqyuHa2oaAaLpAIKTgUvAj3/gNFVxCv21xdrPhnmQrGwBvxA=
X-Received: by 2002:a05:6830:1e05:: with SMTP id s5mr11126021otr.247.1566061179762;
 Sat, 17 Aug 2019 09:59:39 -0700 (PDT)
MIME-Version: 1.0
References: <1565991345.8572.28.camel@lca.pw> <CAPcyv4i9VFLSrU75U0gQH6K2sz8AZttqvYidPdDcS7sU2SFaCA@mail.gmail.com>
 <0FB85A78-C2EE-4135-9E0F-D5623CE6EA47@lca.pw> <CAPcyv4h9Y7wSdF+jnNzLDRobnjzLfkGLpJsML2XYLUZZZUPsQA@mail.gmail.com>
 <E7A04694-504D-4FB3-9864-03C2CBA3898E@lca.pw>
In-Reply-To: <E7A04694-504D-4FB3-9864-03C2CBA3898E@lca.pw>
From:   Dan Williams <dan.j.williams@intel.com>
Date:   Sat, 17 Aug 2019 09:59:27 -0700
Message-ID: <CAPcyv4gofF-Xf0KTLH4EUkxuXdRO3ha-w+GoxgmiW7gOdS2nXQ@mail.gmail.com>
Subject: Re: devm_memremap_pages() triggers a kasan_add_zero_shadow() warning
To:     Qian Cai <cai@lca.pw>
Cc:     Linux MM <linux-mm@kvack.org>,
        linux-nvdimm <linux-nvdimm@lists.01.org>,
        Linux Kernel Mailing List <linux-kernel@vger.kernel.org>,
        Andrey Ryabinin <aryabinin@virtuozzo.com>,
        kasan-dev@googlegroups.com
Content-Type: text/plain; charset="UTF-8"
Content-Transfer-Encoding: quoted-printable
Sender: linux-kernel-owner@vger.kernel.org
Precedence: bulk
List-ID: <linux-kernel.vger.kernel.org>
X-Mailing-List: linux-kernel@vger.kernel.org

On Sat, Aug 17, 2019 at 4:13 AM Qian Cai <cai@lca.pw> wrote:
>
>
>
> > On Aug 16, 2019, at 11:57 PM, Dan Williams <dan.j.williams@intel.com> w=
rote:
> >
> > On Fri, Aug 16, 2019 at 8:34 PM Qian Cai <cai@lca.pw> wrote:
> >>
> >>
> >>
> >>> On Aug 16, 2019, at 5:48 PM, Dan Williams <dan.j.williams@intel.com> =
wrote:
> >>>
> >>> On Fri, Aug 16, 2019 at 2:36 PM Qian Cai <cai@lca.pw> wrote:
> >>>>
> >>>> Every so often recently, booting Intel CPU server on linux-next trig=
gers this
> >>>> warning. Trying to figure out if  the commit 7cc7867fb061
> >>>> ("mm/devm_memremap_pages: enable sub-section remap") is the culprit =
here.
> >>>>
> >>>> # ./scripts/faddr2line vmlinux devm_memremap_pages+0x894/0xc70
> >>>> devm_memremap_pages+0x894/0xc70:
> >>>> devm_memremap_pages at mm/memremap.c:307
> >>>
> >>> Previously the forced section alignment in devm_memremap_pages() woul=
d
> >>> cause the implementation to never violate the KASAN_SHADOW_SCALE_SIZE
> >>> (12K on x86) constraint.
> >>>
> >>> Can you provide a dump of /proc/iomem? I'm curious what resource is
> >>> triggering such a small alignment granularity.
> >>
> >> This is with memmap=3D4G!4G ,
> >>
> >> # cat /proc/iomem
> > [..]
> >> 100000000-155dfffff : Persistent Memory (legacy)
> >>  100000000-155dfffff : namespace0.0
> >> 155e00000-15982bfff : System RAM
> >>  155e00000-156a00fa0 : Kernel code
> >>  156a00fa1-15765d67f : Kernel data
> >>  157837000-1597fffff : Kernel bss
> >> 15982c000-1ffffffff : Persistent Memory (legacy)
> >> 200000000-87fffffff : System RAM
> >
> > Ok, looks like 4G is bad choice to land the pmem emulation on this
> > system because it collides with where the kernel is deployed and gets
> > broken into tiny pieces that violate kasan's. This is a known problem
> > with memmap=3D. You need to pick an memory range that does not collide
> > with anything else. See:
> >
> >    https://nvdimm.wiki.kernel.org/how_to_choose_the_correct_memmap_kern=
el_parameter_for_pmem_on_your_system
> >
> > ...for more info.
>
> Well, it seems I did exactly follow the information in that link,
>
> [    0.000000] BIOS-provided physical RAM map:
> [    0.000000] BIOS-e820: [mem 0x0000000000000000-0x0000000000093fff] usa=
ble
> [    0.000000] BIOS-e820: [mem 0x0000000000094000-0x000000000009ffff] res=
erved
> [    0.000000] BIOS-e820: [mem 0x00000000000e0000-0x00000000000fffff] res=
erved
> [    0.000000] BIOS-e820: [mem 0x0000000000100000-0x000000005a7a0fff] usa=
ble
> [    0.000000] BIOS-e820: [mem 0x000000005a7a1000-0x000000005b5e0fff] res=
erved
> [    0.000000] BIOS-e820: [mem 0x000000005b5e1000-0x00000000790fefff] usa=
ble
> [    0.000000] BIOS-e820: [mem 0x00000000790ff000-0x00000000791fefff] res=
erved
> [    0.000000] BIOS-e820: [mem 0x00000000791ff000-0x000000007b5fefff] ACP=
I NVS
> [    0.000000] BIOS-e820: [mem 0x000000007b5ff000-0x000000007b7fefff] ACP=
I data
> [    0.000000] BIOS-e820: [mem 0x000000007b7ff000-0x000000007b7fffff] usa=
ble
> [    0.000000] BIOS-e820: [mem 0x000000007b800000-0x000000008fffffff] res=
erved
> [    0.000000] BIOS-e820: [mem 0x00000000ff800000-0x00000000ffffffff] res=
erved
> [    0.000000] BIOS-e820: [mem 0x0000000100000000-0x000000087fffffff] usa=
ble
>
> Where 4G is good. Then,
>
> [    0.000000] user-defined physical RAM map:
> [    0.000000] user: [mem 0x0000000000000000-0x0000000000093fff] usable
> [    0.000000] user: [mem 0x0000000000094000-0x000000000009ffff] reserved
> [    0.000000] user: [mem 0x00000000000e0000-0x00000000000fffff] reserved
> [    0.000000] user: [mem 0x0000000000100000-0x000000005a7a0fff] usable
> [    0.000000] user: [mem 0x000000005a7a1000-0x000000005b5e0fff] reserved
> [    0.000000] user: [mem 0x000000005b5e1000-0x00000000790fefff] usable
> [    0.000000] user: [mem 0x00000000790ff000-0x00000000791fefff] reserved
> [    0.000000] user: [mem 0x00000000791ff000-0x000000007b5fefff] ACPI NVS
> [    0.000000] user: [mem 0x000000007b5ff000-0x000000007b7fefff] ACPI dat=
a
> [    0.000000] user: [mem 0x000000007b7ff000-0x000000007b7fffff] usable
> [    0.000000] user: [mem 0x000000007b800000-0x000000008fffffff] reserved
> [    0.000000] user: [mem 0x00000000ff800000-0x00000000ffffffff] reserved
> [    0.000000] user: [mem 0x0000000100000000-0x00000001ffffffff] persiste=
nt (type 12)
> [    0.000000] user: [mem 0x0000000200000000-0x000000087fffffff] usable
>
> The doc did mention that =E2=80=9CThere seems to be an issue with CONFIG_=
KSAN at the moment however.=E2=80=9D
> without more detail though.

Does disabling CONFIG_RANDOMIZE_BASE help? Maybe that workaround has
regressed. Effectively we need to find what is causing the kernel to
sometimes be placed in the middle of a custom reserved memmap=3D range.
